Archive member included to satisfy reference by file (symbol)

e:/st/stm32cubeide_1.7.0/stm32cubeide/plugins/com.st.stm32cube.ide.mcu.externaltools.gnu-tools-for-stm32.9-2020-q2-update.win32_2.0.0.202105311346/tools/bin/../lib/gcc/arm-none-eabi/9.3.1/../../../../arm-none-eabi/lib/thumb/v7e-m+dp/hard\libc_nano.a(lib_a-errno.o)
                              ./Src/syscalls.o (__errno)
e:/st/stm32cubeide_1.7.0/stm32cubeide/plugins/com.st.stm32cube.ide.mcu.externaltools.gnu-tools-for-stm32.9-2020-q2-update.win32_2.0.0.202105311346/tools/bin/../lib/gcc/arm-none-eabi/9.3.1/../../../../arm-none-eabi/lib/thumb/v7e-m+dp/hard\libc_nano.a(lib_a-exit.o)
                              e:/st/stm32cubeide_1.7.0/stm32cubeide/plugins/com.st.stm32cube.ide.mcu.externaltools.gnu-tools-for-stm32.9-2020-q2-update.win32_2.0.0.202105311346/tools/bin/../lib/gcc/arm-none-eabi/9.3.1/../../../../arm-none-eabi/lib/thumb/v7e-m+dp/hard/crt0.o (exit)
e:/st/stm32cubeide_1.7.0/stm32cubeide/plugins/com.st.stm32cube.ide.mcu.externaltools.gnu-tools-for-stm32.9-2020-q2-update.win32_2.0.0.202105311346/tools/bin/../lib/gcc/arm-none-eabi/9.3.1/../../../../arm-none-eabi/lib/thumb/v7e-m+dp/hard\libc_nano.a(lib_a-impure.o)
                              e:/st/stm32cubeide_1.7.0/stm32cubeide/plugins/com.st.stm32cube.ide.mcu.externaltools.gnu-tools-for-stm32.9-2020-q2-update.win32_2.0.0.202105311346/tools/bin/../lib/gcc/arm-none-eabi/9.3.1/../../../../arm-none-eabi/lib/thumb/v7e-m+dp/hard\libc_nano.a(lib_a-exit.o) (_global_impure_ptr)
e:/st/stm32cubeide_1.7.0/stm32cubeide/plugins/com.st.stm32cube.ide.mcu.externaltools.gnu-tools-for-stm32.9-2020-q2-update.win32_2.0.0.202105311346/tools/bin/../lib/gcc/arm-none-eabi/9.3.1/../../../../arm-none-eabi/lib/thumb/v7e-m+dp/hard\libc_nano.a(lib_a-init.o)
                              e:/st/stm32cubeide_1.7.0/stm32cubeide/plugins/com.st.stm32cube.ide.mcu.externaltools.gnu-tools-for-stm32.9-2020-q2-update.win32_2.0.0.202105311346/tools/bin/../lib/gcc/arm-none-eabi/9.3.1/../../../../arm-none-eabi/lib/thumb/v7e-m+dp/hard/crt0.o (__libc_init_array)
e:/st/stm32cubeide_1.7.0/stm32cubeide/plugins/com.st.stm32cube.ide.mcu.externaltools.gnu-tools-for-stm32.9-2020-q2-update.win32_2.0.0.202105311346/tools/bin/../lib/gcc/arm-none-eabi/9.3.1/../../../../arm-none-eabi/lib/thumb/v7e-m+dp/hard\libc_nano.a(lib_a-malloc.o)
                              ./Src/Uart_new.o (malloc)
e:/st/stm32cubeide_1.7.0/stm32cubeide/plugins/com.st.stm32cube.ide.mcu.externaltools.gnu-tools-for-stm32.9-2020-q2-update.win32_2.0.0.202105311346/tools/bin/../lib/gcc/arm-none-eabi/9.3.1/../../../../arm-none-eabi/lib/thumb/v7e-m+dp/hard\libc_nano.a(lib_a-memset.o)
                              e:/st/stm32cubeide_1.7.0/stm32cubeide/plugins/com.st.stm32cube.ide.mcu.externaltools.gnu-tools-for-stm32.9-2020-q2-update.win32_2.0.0.202105311346/tools/bin/../lib/gcc/arm-none-eabi/9.3.1/../../../../arm-none-eabi/lib/thumb/v7e-m+dp/hard/crt0.o (memset)
e:/st/stm32cubeide_1.7.0/stm32cubeide/plugins/com.st.stm32cube.ide.mcu.externaltools.gnu-tools-for-stm32.9-2020-q2-update.win32_2.0.0.202105311346/tools/bin/../lib/gcc/arm-none-eabi/9.3.1/../../../../arm-none-eabi/lib/thumb/v7e-m+dp/hard\libc_nano.a(lib_a-nano-freer.o)
                              e:/st/stm32cubeide_1.7.0/stm32cubeide/plugins/com.st.stm32cube.ide.mcu.externaltools.gnu-tools-for-stm32.9-2020-q2-update.win32_2.0.0.202105311346/tools/bin/../lib/gcc/arm-none-eabi/9.3.1/../../../../arm-none-eabi/lib/thumb/v7e-m+dp/hard\libc_nano.a(lib_a-malloc.o) (_free_r)
e:/st/stm32cubeide_1.7.0/stm32cubeide/plugins/com.st.stm32cube.ide.mcu.externaltools.gnu-tools-for-stm32.9-2020-q2-update.win32_2.0.0.202105311346/tools/bin/../lib/gcc/arm-none-eabi/9.3.1/../../../../arm-none-eabi/lib/thumb/v7e-m+dp/hard\libc_nano.a(lib_a-nano-mallocr.o)
                              e:/st/stm32cubeide_1.7.0/stm32cubeide/plugins/com.st.stm32cube.ide.mcu.externaltools.gnu-tools-for-stm32.9-2020-q2-update.win32_2.0.0.202105311346/tools/bin/../lib/gcc/arm-none-eabi/9.3.1/../../../../arm-none-eabi/lib/thumb/v7e-m+dp/hard\libc_nano.a(lib_a-malloc.o) (_malloc_r)
e:/st/stm32cubeide_1.7.0/stm32cubeide/plugins/com.st.stm32cube.ide.mcu.externaltools.gnu-tools-for-stm32.9-2020-q2-update.win32_2.0.0.202105311346/tools/bin/../lib/gcc/arm-none-eabi/9.3.1/../../../../arm-none-eabi/lib/thumb/v7e-m+dp/hard\libc_nano.a(lib_a-sbrkr.o)
                              e:/st/stm32cubeide_1.7.0/stm32cubeide/plugins/com.st.stm32cube.ide.mcu.externaltools.gnu-tools-for-stm32.9-2020-q2-update.win32_2.0.0.202105311346/tools/bin/../lib/gcc/arm-none-eabi/9.3.1/../../../../arm-none-eabi/lib/thumb/v7e-m+dp/hard\libc_nano.a(lib_a-nano-mallocr.o) (_sbrk_r)
e:/st/stm32cubeide_1.7.0/stm32cubeide/plugins/com.st.stm32cube.ide.mcu.externaltools.gnu-tools-for-stm32.9-2020-q2-update.win32_2.0.0.202105311346/tools/bin/../lib/gcc/arm-none-eabi/9.3.1/../../../../arm-none-eabi/lib/thumb/v7e-m+dp/hard\libc_nano.a(lib_a-strcat.o)
                              ./Src/Bluetooh.o (strcat)
[...]
Memory Configuration

Name             Origin             Length             Attributes
RAM_D1           0x0000000024000000 0x0000000000080000 xrw
FLASH            0x0000000008000000 0x0000000000100000 xr
DTCMRAM          0x0000000020000000 0x0000000000020000 xrw
RAM_D2           0x0000000030000000 0x0000000000048000 xrw
RAM_D3           0x0000000038000000 0x0000000000010000 xrw
ITCMRAM          0x0000000000000000 0x0000000000010000 xrw
*default*        0x0000000000000000 0xffffffffffffffff

Linker script and memory map

LOAD e:/st/stm32cubeide_1.7.0/stm32cubeide/plugins/com.st.stm32cube.ide.mcu.externaltools.gnu-tools-for-stm32.9-2020-q2-update.win32_2.0.0.202105311346/tools/bin/../lib/gcc/arm-none-eabi/9.3.1/thumb/v7e-m+dp/hard/crti.o
LOAD e:/st/stm32cubeide_1.7.0/stm32cubeide/plugins/com.st.stm32cube.ide.mcu.externaltools.gnu-tools-for-stm32.9-2020-q2-update.win32_2.0.0.202105311346/tools/bin/../lib/gcc/arm-none-eabi/9.3.1/thumb/v7e-m+dp/hard/crtbegin.o
LOAD e:/st/stm32cubeide_1.7.0/stm32cubeide/plugins/com.st.stm32cube.ide.mcu.externaltools.gnu-tools-for-stm32.9-2020-q2-update.win32_2.0.0.202105311346/tools/bin/../lib/gcc/arm-none-eabi/9.3.1/../../../../arm-none-eabi/lib/thumb/v7e-m+dp/hard/crt0.o
LOAD ./Src/Bluetooh.o
LOAD ./Src/Clock.o
LOAD ./Src/Control.o
LOAD ./Src/Gpio.o
LOAD ./Src/Systick.o
LOAD ./Src/Uart_new.o
LOAD ./Src/User_led.o
LOAD ./Src/main.o
LOAD ./Src/syscalls.o
LOAD ./Src/sysmem.o
LOAD ./Startup/startup_stm32h745zitx.o
START GROUP
LOAD e:/st/stm32cubeide_1.7.0/stm32cubeide/plugins/com.st.stm32cube.ide.mcu.externaltools.gnu-tools-for-stm32.9-2020-q2-update.win32_2.0.0.202105311346/tools/bin/../lib/gcc/arm-none-eabi/9.3.1/../../../../arm-none-eabi/lib/thumb/v7e-m+dp/hard\libc_nano.a
LOAD e:/st/stm32cubeide_1.7.0/stm32cubeide/plugins/com.st.stm32cube.ide.mcu.externaltools.gnu-tools-for-stm32.9-2020-q2-update.win32_2.0.0.202105311346/tools/bin/../lib/gcc/arm-none-eabi/9.3.1/../../../../arm-none-eabi/lib/thumb/v7e-m+dp/hard\libm.a
END GROUP
START GROUP
LOAD e:/st/stm32cubeide_1.7.0/stm32cubeide/plugins/com.st.stm32cube.ide.mcu.externaltools.gnu-tools-for-stm32.9-2020-q2-update.win32_2.0.0.202105311346/tools/bin/../lib/gcc/arm-none-eabi/9.3.1/thumb/v7e-m+dp/hard\libgcc.a
LOAD e:/st/stm32cubeide_1.7.0/stm32cubeide/plugins/com.st.stm32cube.ide.mcu.externaltools.gnu-tools-for-stm32.9-2020-q2-update.win32_2.0.0.202105311346/tools/bin/../lib/gcc/arm-none-eabi/9.3.1/../../../../arm-none-eabi/lib/thumb/v7e-m+dp/hard\libc_nano.a
END GROUP
START GROUP
LOAD e:/st/stm32cubeide_1.7.0/stm32cubeide/plugins/com.st.stm32cube.ide.mcu.externaltools.gnu-tools-for-stm32.9-2020-q2-update.win32_2.0.0.202105311346/tools/bin/../lib/gcc/arm-none-eabi/9.3.1/thumb/v7e-m+dp/hard\libgcc.a
LOAD e:/st/stm32cubeide_1.7.0/stm32cubeide/plugins/com.st.stm32cube.ide.mcu.externaltools.gnu-tools-for-stm32.9-2020-q2-update.win32_2.0.0.202105311346/tools/bin/../lib/gcc/arm-none-eabi/9.3.1/../../../../arm-none-eabi/lib/thumb/v7e-m+dp/hard\libc_nano.a
LOAD e:/st/stm32cubeide_1.7.0/stm32cubeide/plugins/com.st.stm32cube.ide.mcu.externaltools.gnu-tools-for-stm32.9-2020-q2-update.win32_2.0.0.202105311346/tools/bin/../lib/gcc/arm-none-eabi/9.3.1/../../../../arm-none-eabi/lib/thumb/v7e-m+dp/hard\libnosys.a
END GROUP
START GROUP
LOAD e:/st/stm32cubeide_1.7.0/stm32cubeide/plugins/com.st.stm32cube.ide.mcu.externaltools.gnu-tools-for-stm32.9-2020-q2-update.win32_2.0.0.202105311346/tools/bin/../lib/gcc/arm-none-eabi/9.3.1/thumb/v7e-m+dp/hard\libgcc.a
LOAD e:/st/stm32cubeide_1.7.0/stm32cubeide/plugins/com.st.stm32cube.ide.mcu.externaltools.gnu-tools-for-stm32.9-2020-q2-update.win32_2.0.0.202105311346/tools/bin/../lib/gcc/arm-none-eabi/9.3.1/../../../../arm-none-eabi/lib/thumb/v7e-m+dp/hard\libc_nano.a
LOAD e:/st/stm32cubeide_1.7.0/stm32cubeide/plugins/com.st.stm32cube.ide.mcu.externaltools.gnu-tools-for-stm32.9-2020-q2-update.win32_2.0.0.202105311346/tools/bin/../lib/gcc/arm-none-eabi/9.3.1/../../../../arm-none-eabi/lib/thumb/v7e-m+dp/hard\libnosys.a
END GROUP
LOAD e:/st/stm32cubeide_1.7.0/stm32cubeide/plugins/com.st.stm32cube.ide.mcu.externaltools.gnu-tools-for-stm32.9-2020-q2-update.win32_2.0.0.202105311346/tools/bin/../lib/gcc/arm-none-eabi/9.3.1/thumb/v7e-m+dp/hard/crtend.o
LOAD e:/st/stm32cubeide_1.7.0/stm32cubeide/plugins/com.st.stm32cube.ide.mcu.externaltools.gnu-tools-for-stm32.9-2020-q2-update.win32_2.0.0.202105311346/tools/bin/../lib/gcc/arm-none-eabi/9.3.1/thumb/v7e-m+dp/hard/crtn.o
                0x0000000024080000                _estack = (ORIGIN (RAM_D1) + LENGTH (RAM_D1))
                0x0000000000000200                _Min_Heap_Size = 0x200
                0x0000000000000400                _Min_Stack_Size = 0x400

.isr_vector     0x0000000008000000      0x298
                0x0000000008000000                . = ALIGN (0x4)
 *(.isr_vector)
 .isr_vector    0x0000000008000000      0x298 ./Startup/startup_stm32h745zitx.o
                0x0000000008000000                g_pfnVectors
                0x0000000008000298                . = ALIGN (0x4)

.text           0x00000000080002a0     0x3edc
                0x00000000080002a0                . = ALIGN (0x4)
 *(.text)
 .text          0x00000000080002a0       0x40 e:/st/stm32cubeide_1.7.0/stm32cubeide/plugins/com.st.stm32cube.ide.mcu.externaltools.gnu-tools-for-stm32.9-2020-q2-update.win32_2.0.0.202105311346/tools/bin/../lib/gcc/arm-none-eabi/9.3.1/thumb/v7e-m+dp/hard/crtbegin.o
 .text          0x00000000080002e0       0x10 e:/st/stm32cubeide_1.7.0/stm32cubeide/plugins/com.st.stm32cube.ide.mcu.externaltools.gnu-tools-for-stm32.9-2020-q2-update.win32_2.0.0.202105311346/tools/bin/../lib/gcc/arm-none-eabi/9.3.1/../../../../arm-none-eabi/lib/thumb/v7e-m+dp/hard\libc_nano.a(lib_a-strlen.o)
                0x00000000080002e0                strlen
 .text          0x00000000080002f0       0xa0 e:/st/stm32cubeide_1.7.0/stm32cubeide/plugins/com.st.stm32cube.ide.mcu.externaltools.gnu-tools-for-stm32.9-2020-q2-update.win32_2.0.0.202105311346/tools/bin/../lib/gcc/arm-none-eabi/9.3.1/../../../../arm-none-eabi/lib/thumb/v7e-m+dp/hard\libc_nano.a(lib_a-memchr.o)
                0x00000000080002f0                memchr
 *(.text*)
 .text.init_Bluetooh
                0x0000000008000390       0x20 ./Src/Bluetooh.o
                0x0000000008000390                init_Bluetooh
 .text.get_Version
                0x00000000080003b0       0xb4 ./Src/Bluetooh.o
                0x00000000080003b0                get_Version
 .text.get_BLEAddr
                0x0000000008000464       0xd0 ./Src/Bluetooh.o
                0x0000000008000464                get_BLEAddr
 .text.get_Name
                0x0000000008000534       0xd0 ./Src/Bluetooh.o
                0x0000000008000534                get_Name
 .text.set_Name
                0x0000000008000604       0xdc ./Src/Bluetooh.o
                0x0000000008000604                set_Name
 .text.get_Pin  0x00000000080006e0       0xd0 ./Src/Bluetooh.o
                0x00000000080006e0                get_Pin
 .text.set_Pin  0x00000000080007b0       0xe4 ./Src/Bluetooh.o
                0x00000000080007b0                set_Pin
 .text.get_Broadcast_Interval
                0x0000000008000894      0x120 ./Src/Bluetooh.o
                0x0000000008000894                get_Broadcast_Interval
 .text.get_Authentication_type
                0x00000000080009b4       0xf8 ./Src/Bluetooh.o
                0x00000000080009b4                get_Authentication_type
 .text.get_Baud_Rate
                0x0000000008000aac      0x130 ./Src/Bluetooh.o
                0x0000000008000aac                get_Baud_Rate
 .text.set_Baud_Rate
                0x0000000008000bdc       0xe4 ./Src/Bluetooh.o
                0x0000000008000bdc                set_Baud_Rate
 .text.decimalToBinary
                0x0000000008000cc0       0x5a ./Src/Clock.o
                0x0000000008000cc0                decimalToBinary
 *fill*         0x0000000008000d1a        0x2 
 .text.PLLSRC_Select
                0x0000000008000d1c       0x98 ./Src/Clock.o
                0x0000000008000d1c                PLLSRC_Select
 .text.DIVM1    0x0000000008000db4       0x98 ./Src/Clock.o
                0x0000000008000db4                DIVM1
 .text.SystemClockStatus
                0x0000000008000e4c      0x150 ./Src/Clock.o
                0x0000000008000e4c                SystemClockStatus
 .text.PLL1DIVR
                0x0000000008000f9c      0x1a4 ./Src/Clock.o
                0x0000000008000f9c                PLL1DIVR
 .text.input_frequency_range
                0x0000000008001140       0xb8 ./Src/Clock.o
                0x0000000008001140                input_frequency_range
 .text.PLL1VCOSEL
                0x00000000080011f8       0x3c ./Src/Clock.o
                0x00000000080011f8                PLL1VCOSEL
 .text.enable_PLL1_OutputDividers
                0x0000000008001234       0x38 ./Src/Clock.o
                0x0000000008001234                enable_PLL1_OutputDividers
 .text.enable_PLL1_FractionalDivider
                0x000000000800126c       0x20 ./Src/Clock.o
                0x000000000800126c                enable_PLL1_FractionalDivider
 .text.StartPLL1
                0x000000000800128c       0x30 ./Src/Clock.o
                0x000000000800128c                StartPLL1
 .text.D1CFGR_D1CPRE
                0x00000000080012bc      0x244 ./Src/Clock.o
                0x00000000080012bc                D1CFGR_D1CPRE
 .text.D1CFGR_HPRE
                0x0000000008001500      0x244 ./Src/Clock.o
                0x0000000008001500                D1CFGR_HPRE
 .text.D1PPRE   0x0000000008001744      0x118 ./Src/Clock.o
                0x0000000008001744                D1PPRE
 .text.D2PPRE1  0x000000000800185c      0x118 ./Src/Clock.o
                0x000000000800185c                D2PPRE1
 .text.D3PPRE   0x0000000008001974      0x118 ./Src/Clock.o
                0x0000000008001974                D3PPRE
 .text.SysClockConfig
                0x0000000008001a8c       0x80 ./Src/Clock.o
                0x0000000008001a8c                SysClockConfig
 .text.get_SYSCLK
                0x0000000008001b0c       0x30 ./Src/Clock.o
                0x0000000008001b0c                get_SYSCLK
 .text.SysClockAfter_D1Prescaler
                0x0000000008001b3c       0x28 ./Src/Clock.o
                0x0000000008001b3c                SysClockAfter_D1Prescaler
 .text.get_CPU1_Systick_Clock
                0x0000000008001b64       0x16 ./Src/Clock.o
                0x0000000008001b64                get_CPU1_Systick_Clock
 .text.get_SysClock_AfterHPRE_Prescaler
                0x0000000008001b7a       0x28 ./Src/Clock.o
                0x0000000008001b7a                get_SysClock_AfterHPRE_Prescaler
 .text.get_APB1_Preipheral_Clock
                0x0000000008001ba2       0x28 ./Src/Clock.o
                0x0000000008001ba2                get_APB1_Preipheral_Clock
 .text.get_APB2_Preipheral_Clock
                0x0000000008001bca       0x28 ./Src/Clock.o
                0x0000000008001bca                get_APB2_Preipheral_Clock
 *fill*         0x0000000008001bf2        0x2 
 .text.enablePORT
                0x0000000008001bf4      0x210 ./Src/Gpio.o
                0x0000000008001bf4                enablePORT
 .text.Set_GPIO_MODER
                0x0000000008001e04       0xdc ./Src/Gpio.o
                0x0000000008001e04                Set_GPIO_MODER
 .text.Set_GPIO_BSRR
                0x0000000008001ee0       0x4e ./Src/Gpio.o
                0x0000000008001ee0                Set_GPIO_BSRR
 *fill*         0x0000000008001f2e        0x2 
 .text.Set_GPIO_AFR
                0x0000000008001f30      0x39c ./Src/Gpio.o
                0x0000000008001f30                Set_GPIO_AFR
 .text.systickDelayMs
                0x00000000080022cc       0x60 ./Src/Systick.o
                0x00000000080022cc                systickDelayMs
 .text.__NVIC_EnableIRQ
                0x000000000800232c       0x3c ./Src/Uart_new.o
 .text.Uart_init
                0x0000000008002368       0xdc ./Src/Uart_new.o
                0x0000000008002368                Uart_init
 .text.get_PerihCLK
                0x0000000008002444       0x38 ./Src/Uart_new.o
                0x0000000008002444                get_PerihCLK
 .text.sampling_mode_and_FIFO
                0x000000000800247c       0x66 ./Src/Uart_new.o
                0x000000000800247c                sampling_mode_and_FIFO
 *fill*         0x00000000080024e2        0x2 
 .text.enable_USART1
                0x00000000080024e4       0x24 ./Src/Uart_new.o
                0x00000000080024e4                enable_USART1
 .text.enable_USART2
                0x0000000008002508       0x24 ./Src/Uart_new.o
                0x0000000008002508                enable_USART2
 .text.enable_USART3
                0x000000000800252c       0x24 ./Src/Uart_new.o
                0x000000000800252c                enable_USART3
 .text.enable_USART4
                0x0000000008002550       0x24 ./Src/Uart_new.o
                0x0000000008002550                enable_USART4
 .text.enable_USART5
                0x0000000008002574       0x24 ./Src/Uart_new.o
                0x0000000008002574                enable_USART5
 .text.enable_USART6
                0x0000000008002598       0x24 ./Src/Uart_new.o
                0x0000000008002598                enable_USART6
 .text.enable_USART7
                0x00000000080025bc       0x24 ./Src/Uart_new.o
                0x00000000080025bc                enable_USART7
 .text.enable_USART8
                0x00000000080025e0       0x24 ./Src/Uart_new.o
                0x00000000080025e0                enable_USART8
 .text.selectedUART_enable
                0x0000000008002604       0xdc ./Src/Uart_new.o
                0x0000000008002604                selectedUART_enable
 .text.set_baudRate
                0x00000000080026e0       0x24 ./Src/Uart_new.o
                0x00000000080026e0                set_baudRate
 .text.uart_set_baudrate
                0x0000000008002704       0x6a ./Src/Uart_new.o
 .text.compute_uart_bd
                0x000000000800276e       0x26 ./Src/Uart_new.o
 .text.uart_send_string
                0x0000000008002794       0x78 ./Src/Uart_new.o
                0x0000000008002794                uart_send_string
 .text.uart_get_buffer
                0x000000000800280c       0x6e ./Src/Uart_new.o
                0x000000000800280c                uart_get_buffer
 .text.uart_get_buffer_BYTE
                0x000000000800287a       0x4a ./Src/Uart_new.o
                0x000000000800287a                uart_get_buffer_BYTE
 .text.UART1_rx_interrupt
                0x00000000080028c4       0x44 ./Src/Uart_new.o
                0x00000000080028c4                UART1_rx_interrupt
 .text.get_current_loc_Buffer
                0x0000000008002908       0xd0 ./Src/Uart_new.o
                0x0000000008002908                get_current_loc_Buffer
 .text.init_Buffer
                0x00000000080029d8      0x110 ./Src/Uart_new.o
                0x00000000080029d8                init_Buffer
 .text.get_Buffer
                0x0000000008002ae8       0xcc ./Src/Uart_new.o
                0x0000000008002ae8                get_Buffer
 .text.decrease_Buffer
                0x0000000008002bb4       0xf4 ./Src/Uart_new.o
                0x0000000008002bb4                decrease_Buffer
 .text.error    0x0000000008002ca8       0x18 ./Src/Uart_new.o
                0x0000000008002ca8                error
 .text.ld1_init
                0x0000000008002cc0       0x1c ./Src/User_led.o
                0x0000000008002cc0                ld1_init
 .text.ld2_init
                0x0000000008002cdc       0x1c ./Src/User_led.o
                0x0000000008002cdc                ld2_init
 .text.ld3_init
                0x0000000008002cf8       0x1c ./Src/User_led.o
                0x0000000008002cf8                ld3_init
 .text.ld1_on   0x0000000008002d14       0x18 ./Src/User_led.o
                0x0000000008002d14                ld1_on
 .text.ld2_on   0x0000000008002d2c       0x18 ./Src/User_led.o
                0x0000000008002d2c                ld2_on
 .text.ld3_on   0x0000000008002d44       0x18 ./Src/User_led.o
                0x0000000008002d44                ld3_on
 .text.ld1_off  0x0000000008002d5c       0x18 ./Src/User_led.o
                0x0000000008002d5c                ld1_off
 .text.ld2_off  0x0000000008002d74       0x18 ./Src/User_led.o
                0x0000000008002d74                ld2_off
 .text.ld3_off  0x0000000008002d8c       0x18 ./Src/User_led.o
                0x0000000008002d8c                ld3_off
 .text.using_as_error_driver_UART
                0x0000000008002da4       0x2e ./Src/User_led.o
                0x0000000008002da4                using_as_error_driver_UART
 *fill*         0x0000000008002dd2        0x2 
 .text.main     0x0000000008002dd4       0xc0 ./Src/main.o
                0x0000000008002dd4                main
 .text.USART1_IRQHandler
                0x0000000008002e94       0x20 ./Src/main.o
                0x0000000008002e94                USART1_IRQHandler
 .text._getpid  0x0000000008002eb4       0x10 ./Src/syscalls.o
                0x0000000008002eb4                _getpid
 .text._kill    0x0000000008002ec4       0x20 ./Src/syscalls.o
                0x0000000008002ec4                _kill
 .text._exit    0x0000000008002ee4       0x14 ./Src/syscalls.o
                0x0000000008002ee4                _exit
 .text._read    0x0000000008002ef8       0x3a ./Src/syscalls.o
                0x0000000008002ef8                _read
 .text._write   0x0000000008002f32       0x38 ./Src/syscalls.o
                0x0000000008002f32                _write
 .text._close   0x0000000008002f6a       0x18 ./Src/syscalls.o
                0x0000000008002f6a                _close
 .text._fstat   0x0000000008002f82       0x20 ./Src/syscalls.o
                0x0000000008002f82                _fstat
 .text._isatty  0x0000000008002fa2       0x16 ./Src/syscalls.o
                0x0000000008002fa2                _isatty
 .text._lseek   0x0000000008002fb8       0x1a ./Src/syscalls.o
                0x0000000008002fb8                _lseek
 *fill*         0x0000000008002fd2        0x2 
 .text._sbrk    0x0000000008002fd4       0x6c ./Src/sysmem.o
                0x0000000008002fd4                _sbrk
 .text.Reset_Handler
                0x0000000008003040       0x50 ./Startup/startup_stm32h745zitx.o
                0x0000000008003040                Reset_Handler
 .text.Default_Handler
                0x0000000008003090        0x2 ./Startup/startup_stm32h745zitx.o
                0x0000000008003090                EXTI2_IRQHandler
                0x0000000008003090                TIM8_CC_IRQHandler
                0x0000000008003090                DMA_STR2_IRQHandler
                0x0000000008003090                DebugMon_Handler
                0x0000000008003090                UART8_IRQHandler
                0x0000000008003090                SPI4_IRQHandler
                0x0000000008003090                HRTIM1_MST_IRQHandler
                0x0000000008003090                HardFault_Handler
                0x0000000008003090                DMA_STR5_IRQHandler
                0x0000000008003090                HRTIM1_FLT_IRQHandler
                0x0000000008003090                JPEG_IRQHandler
                0x0000000008003090                SysTick_Handler
                0x0000000008003090                DMA2_STR1_IRQHandler
                0x0000000008003090                DMA2_STR5_IRQHandler
                0x0000000008003090                HRTIM1_TIMD_IRQHandler
                0x0000000008003090                PendSV_Handler
                0x0000000008003090                NMI_Handler
                0x0000000008003090                EXTI3_IRQHandler
                0x0000000008003090                LPTIM4_IRQHandler
                0x0000000008003090                TIM8_TRG_COM_TIM14_IRQHandler
                0x0000000008003090                LPTIM2_IRQHandler
                0x0000000008003090                DFSDM1_FLT1_IRQHandler
                0x0000000008003090                DMAMUX2_OVR_IRQHandler
                0x0000000008003090                TIM8_UP_TIM13_IRQHandler
                0x0000000008003090                I2C3_ER_IRQHandler
                0x0000000008003090                DFSDM1_FLT2_IRQHandler
                0x0000000008003090                MDMA_IRQHandler
                0x0000000008003090                LPTIM3_IRQHandler
                0x0000000008003090                EXTI0_IRQHandler
                0x0000000008003090                I2C2_EV_IRQHandler
                0x0000000008003090                FPU_IRQHandler
                0x0000000008003090                DMA_STR1_IRQHandler
                0x0000000008003090                OTG_HS_WKUP_IRQHandler
                0x0000000008003090                FDCAN1_IT1_IRQHandler
                0x0000000008003090                UsageFault_Handler
                0x0000000008003090                LTDC_ER_IRQHandler
                0x0000000008003090                ADC1_2_IRQHandler
                0x0000000008003090                SPI1_IRQHandler
                0x0000000008003090                BDMA_CH2_IRQHandler
                0x0000000008003090                TIM6_DAC_IRQHandler
                0x0000000008003090                DCMI_IRQHandler
                0x0000000008003090                HRTIM1_TIMC_IRQHandler
                0x0000000008003090                SDMMC_IRQHandler
                0x0000000008003090                RTC_ALARM_IRQHandler
                0x0000000008003090                DMA_STR0_IRQHandler
                0x0000000008003090                SAI2_IRQHandler
                0x0000000008003090                DMA2_STR3_IRQHandler
                0x0000000008003090                DFSDM1_FLT3_IRQHandler
                0x0000000008003090                USART6_IRQHandler
                0x0000000008003090                BDMA_CH5_IRQHandler
                0x0000000008003090                TIM17_IRQHandler
                0x0000000008003090                BDMA_CH6_IRQHandler
                0x0000000008003090                USART3_IRQHandler
                0x0000000008003090                WKUP_IRQHandler
                0x0000000008003090                BDMA_CH3_IRQHandler
                0x0000000008003090                LPTIM5_IRQHandler
                0x0000000008003090                LPUART_IRQHandler
                0x0000000008003090                UART5_IRQHandler
                0x0000000008003090                ADC3_IRQHandler
                0x0000000008003090                DMA_STR6_IRQHandler
                0x0000000008003090                TIM4_IRQHandler
                0x0000000008003090                QUADSPI_IRQHandler
                0x0000000008003090                I2C1_EV_IRQHandler
                0x0000000008003090                DMA1_STR7_IRQHandler
                0x0000000008003090                TIM16_IRQHandler
                0x0000000008003090                UART4_IRQHandler
                0x0000000008003090                TIM3_IRQHandler
                0x0000000008003090                RCC_IRQHandler
                0x0000000008003090                TIM8_BRK_TIM12_IRQHandler
                0x0000000008003090                TIM1_TRG_COM_IRQHandler
                0x0000000008003090                Default_Handler
                0x0000000008003090                HRTIM_TIMB_IRQHandler
                0x0000000008003090                CEC_IRQHandler
                0x0000000008003090                EXTI15_10_IRQHandler
                0x0000000008003090                BDMA_CH4_IRQHandler
                0x0000000008003090                DMA_STR3_IRQHandler
                0x0000000008003090                HRTIM_TIME_IRQHandler
                0x0000000008003090                HRTIM1_TIMA_IRQHandler
                0x0000000008003090                SPI5_IRQHandler
                0x0000000008003090                TIM7_IRQHandler
                0x0000000008003090                SDMMC1_IRQHandler
                0x0000000008003090                TIM5_IRQHandler
                0x0000000008003090                SPDIF_IRQHandler
                0x0000000008003090                TIM15_IRQHandler
                0x0000000008003090                I2C3_EV_IRQHandler
                0x0000000008003090                EXTI9_5_IRQHandler
                0x0000000008003090                DMA2_STR4_IRQHandler
                0x0000000008003090                RTC_WKUP_IRQHandler
                0x0000000008003090                DMA2_STR6_IRQHandler
                0x0000000008003090                LTDC_IRQHandler
                0x0000000008003090                SAI3_IRQHandler
                0x0000000008003090                ETH_WKUP_IRQHandler
                0x0000000008003090                PVD_PVM_IRQHandler
                0x0000000008003090                SPI2_IRQHandler
                0x0000000008003090                OTG_HS_EP1_IN_IRQHandler
                0x0000000008003090                MemManage_Handler
                0x0000000008003090                DMA2_STR0_IRQHandler
                0x0000000008003090                SVC_Handler
                0x0000000008003090                CRS_IRQHandler
                0x0000000008003090                EXTI4_IRQHandler
                0x0000000008003090                DMAMUX1_OV_IRQHandler
                0x0000000008003090                FDCAN2_IT1_IRQHandler
                0x0000000008003090                DMA_STR4_IRQHandler
                0x0000000008003090                COMP_IRQHandler
                0x0000000008003090                DMA2_STR2_IRQHandler
                0x0000000008003090                ETH_IRQHandler
                0x0000000008003090                TIM1_UP_IRQHandler
                0x0000000008003090                DMA2_STR7_IRQHandler
                0x0000000008003090                OTG_HS_EP1_OUT_IRQHandler
                0x0000000008003090                SPI6_IRQHandler
                0x0000000008003090                MDIOS_IRQHandler
                0x0000000008003090                I2C4_EV_IRQHandler
                0x0000000008003090                FDCAN2_IT0_IRQHandler
                0x0000000008003090                BDMA_CH7_IRQHandler
                0x0000000008003090                FDCAN1_IT0_IRQHandler
                0x0000000008003090                TIM2_IRQHandler
                0x0000000008003090                HSEM0_IRQHandler
                0x0000000008003090                OTG_FS_WKUP_IRQHandler
                0x0000000008003090                OTG_HS_IRQHandler
                0x0000000008003090                DMA2D_IRQHandler
                0x0000000008003090                TIM1_BRK_IRQHandler
                0x0000000008003090                EXTI1_IRQHandler
                0x0000000008003090                WWDG2_RST_IRQHandler
                0x0000000008003090                OTG_FS_EP1_OUT_IRQHandler
                0x0000000008003090                HOLD_CORE_IRQHandler
                0x0000000008003090                UART7_IRQHandler
                0x0000000008003090                MDIOS_WKUP_IRQHandler
                0x0000000008003090                USART2_IRQHandler
                0x0000000008003090                DFSDM1_FLT0_IRQHandler
                0x0000000008003090                SAI4_IRQHandler
                0x0000000008003090                I2C2_ER_IRQHandler
                0x0000000008003090                FLASH_IRQHandler
                0x0000000008003090                WWDG1_IRQHandler
                0x0000000008003090                BusFault_Handler
                0x0000000008003090                OTG_FS_IRQHandler
                0x0000000008003090                SPI3_IRQHandler
                0x0000000008003090                OTG_FS_EP1_IN_IRQHandler
                0x0000000008003090                I2C1_ER_IRQHandler
                0x0000000008003090                FMC_IRQHandler
                0x0000000008003090                BDMA_CH1_IRQHandler
                0x0000000008003090                FDCAN_CAL_IRQHandler
                0x0000000008003090                SWPMI1_IRQHandler
                0x0000000008003090                LPTIM1_IRQHandler
                0x0000000008003090                BDMA_CH8_IRQHandler
                0x0000000008003090                cm4_sev_it_IRQHandler
                0x0000000008003090                TIM_CC_IRQHandler
                0x0000000008003090                I2C4_ER_IRQHandler
                0x0000000008003090                SAI1_IRQHandler
                0x0000000008003090                RTC_TAMP_STAMP_CSS_LSE_IRQHandler
 *fill*         0x0000000008003092        0x2 
 .text.__errno  0x0000000008003094        0xc e:/st/stm32cubeide_1.7.0/stm32cubeide/plugins/com.st.stm32cube.ide.mcu.externaltools.gnu-tools-for-stm32.9-2020-q2-update.win32_2.0.0.202105311346/tools/bin/../lib/gcc/arm-none-eabi/9.3.1/../../../../arm-none-eabi/lib/thumb/v7e-m+dp/hard\libc_nano.a(lib_a-errno.o)
                0x0000000008003094                __errno
 .text.__libc_init_array
                0x00000000080030a0       0x48 e:/st/stm32cubeide_1.7.0/stm32cubeide/plugins/com.st.stm32cube.ide.mcu.externaltools.gnu-tools-for-stm32.9-2020-q2-update.win32_2.0.0.202105311346/tools/bin/../lib/gcc/arm-none-eabi/9.3.1/../../../../arm-none-eabi/lib/thumb/v7e-m+dp/hard\libc_nano.a(lib_a-init.o)
                0x00000000080030a0                __libc_init_array
 .text.malloc   0x00000000080030e8       0x10 e:/st/stm32cubeide_1.7.0/stm32cubeide/plugins/com.st.stm32cube.ide.mcu.externaltools.gnu-tools-for-stm32.9-2020-q2-update.win32_2.0.0.202105311346/tools/bin/../lib/gcc/arm-none-eabi/9.3.1/../../../../arm-none-eabi/lib/thumb/v7e-m+dp/hard\libc_nano.a(lib_a-malloc.o)
                0x00000000080030e8                malloc
 .text.memset   0x00000000080030f8       0x10 e:/st/stm32cubeide_1.7.0/stm32cubeide/plugins/com.st.stm32cube.ide.mcu.externaltools.gnu-tools-for-stm32.9-2020-q2-update.win32_2.0.0.202105311346/tools/bin/../lib/gcc/arm-none-eabi/9.3.1/../../../../arm-none-eabi/lib/thumb/v7e-m+dp/hard\libc_nano.a(lib_a-memset.o)
                0x00000000080030f8                memset
 .text._free_r  0x0000000008003108       0xa0 e:/st/stm32cubeide_1.7.0/stm32cubeide/plugins/com.st.stm32cube.ide.mcu.externaltools.gnu-tools-for-stm32.9-2020-q2-update.win32_2.0.0.202105311346/tools/bin/../lib/gcc/arm-none-eabi/9.3.1/../../../../arm-none-eabi/lib/thumb/v7e-m+dp/hard\libc_nano.a(lib_a-nano-freer.o)
                0x0000000008003108                _free_r
 .text._malloc_r
                0x00000000080031a8       0xb4 e:/st/stm32cubeide_1.7.0/stm32cubeide/plugins/com.st.stm32cube.ide.mcu.externaltools.gnu-tools-for-stm32.9-2020-q2-update.win32_2.0.0.202105311346/tools/bin/../lib/gcc/arm-none-eabi/9.3.1/../../../../arm-none-eabi/lib/thumb/v7e-m+dp/hard\libc_nano.a(lib_a-nano-mallocr.o)
                0x00000000080031a8                _malloc_r
 .text._sbrk_r  0x000000000800325c       0x20 e:/st/stm32cubeide_1.7.0/stm32cubeide/plugins/com.st.stm32cube.ide.mcu.externaltools.gnu-tools-for-stm32.9-2020-q2-update.win32_2.0.0.202105311346/tools/bin/../lib/gcc/arm-none-eabi/9.3.1/../../../../arm-none-eabi/lib/thumb/v7e-m+dp/hard\libc_nano.a(lib_a-sbrkr.o)
                0x000000000800325c                _sbrk_r
 .text.strcat   0x000000000800327c       0x1e e:/st/stm32cubeide_1.7.0/stm32cubeide/plugins/com.st.stm32cube.ide.mcu.externaltools.gnu-tools-for-stm32.9-2020-q2-update.win32_2.0.0.202105311346/tools/bin/../lib/gcc/arm-none-eabi/9.3.1/../../../../arm-none-eabi/lib/thumb/v7e-m+dp/hard\libc_nano.a(lib_a-strcat.o)
                0x000000000800327c                strcat
 .text.strcpy   0x000000000800329a       0x10 e:/st/stm32cubeide_1.7.0/stm32cubeide/plugins/com.st.stm32cube.ide.mcu.externaltools.gnu-tools-for-stm32.9-2020-q2-update.win32_2.0.0.202105311346/tools/bin/../lib/gcc/arm-none-eabi/9.3.1/../../../../arm-none-eabi/lib/thumb/v7e-m+dp/hard\libc_nano.a(lib_a-strcpy.o)
                0x000000000800329a                strcpy
 *fill*         0x00000000080032aa        0x2 
 .text.strtok   0x00000000080032ac       0x68 e:/st/stm32cubeide_1.7.0/stm32cubeide/plugins/com.st.stm32cube.ide.mcu.externaltools.gnu-tools-for-stm32.9-2020-q2-update.win32_2.0.0.202105311346/tools/bin/../lib/gcc/arm-none-eabi/9.3.1/../../../../arm-none-eabi/lib/thumb/v7e-m+dp/hard\libc_nano.a(lib_a-strtok.o)
                0x00000000080032ac                strtok
 .text.__strtok_r
                0x0000000008003314       0x50 e:/st/stm32cubeide_1.7.0/stm32cubeide/plugins/com.st.stm32cube.ide.mcu.externaltools.gnu-tools-for-stm32.9-2020-q2-update.win32_2.0.0.202105311346/tools/bin/../lib/gcc/arm-none-eabi/9.3.1/../../../../arm-none-eabi/lib/thumb/v7e-m+dp/hard\libc_nano.a(lib_a-strtok_r.o)
                0x0000000008003314                __strtok_r
 .text.__assert_func
                0x0000000008003364       0x3c e:/st/stm32cubeide_1.7.0/stm32cubeide/plugins/com.st.stm32cube.ide.mcu.externaltools.gnu-tools-for-stm32.9-2020-q2-update.win32_2.0.0.202105311346/tools/bin/../lib/gcc/arm-none-eabi/9.3.1/../../../../arm-none-eabi/lib/thumb/v7e-m+dp/hard\libc_nano.a(lib_a-assert.o)
                0x0000000008003364                __assert_func
 .text.fprintf  0x00000000080033a0       0x24 e:/st/stm32cubeide_1.7.0/stm32cubeide/plugins/com.st.stm32cube.ide.mcu.externaltools.gnu-tools-for-stm32.9-2020-q2-update.win32_2.0.0.202105311346/tools/bin/../lib/gcc/arm-none-eabi/9.3.1/../../../../arm-none-eabi/lib/thumb/v7e-m+dp/hard\libc_nano.a(lib_a-fprintf.o)
                0x00000000080033a0                fiprintf
                0x00000000080033a0                fprintf
 .text.__malloc_lock
                0x00000000080033c4        0xc e:/st/stm32cubeide_1.7.0/stm32cubeide/plugins/com.st.stm32cube.ide.mcu.externaltools.gnu-tools-for-stm32.9-2020-q2-update.win32_2.0.0.202105311346/tools/bin/../lib/gcc/arm-none-eabi/9.3.1/../../../../arm-none-eabi/lib/thumb/v7e-m+dp/hard\libc_nano.a(lib_a-mlock.o)
                0x00000000080033c4                __malloc_lock
 .text.__malloc_unlock
                0x00000000080033d0        0xc e:/st/stm32cubeide_1.7.0/stm32cubeide/plugins/com.st.stm32cube.ide.mcu.externaltools.gnu-tools-for-stm32.9-2020-q2-update.win32_2.0.0.202105311346/tools/bin/../lib/gcc/arm-none-eabi/9.3.1/../../../../arm-none-eabi/lib/thumb/v7e-m+dp/hard\libc_nano.a(lib_a-mlock.o)
                0x00000000080033d0                __malloc_unlock
 .text.__sfputc_r
                0x00000000080033dc       0x2e e:/st/stm32cubeide_1.7.0/stm32cubeide/plugins/com.st.stm32cube.ide.mcu.externaltools.gnu-tools-for-stm32.9-2020-q2-update.win32_2.0.0.202105311346/tools/bin/../lib/gcc/arm-none-eabi/9.3.1/../../../../arm-none-eabi/lib/thumb/v7e-m+dp/hard\libc_nano.a(lib_a-nano-vfprintf.o)
 .text.__sfputs_r
                0x000000000800340a       0x24 e:/st/stm32cubeide_1.7.0/stm32cubeide/plugins/com.st.stm32cube.ide.mcu.externaltools.gnu-tools-for-stm32.9-2020-q2-update.win32_2.0.0.202105311346/tools/bin/../lib/gcc/arm-none-eabi/9.3.1/../../../../arm-none-eabi/lib/thumb/v7e-m+dp/hard\libc_nano.a(lib_a-nano-vfprintf.o)
                0x000000000800340a                __sfputs_r
 *fill*         0x000000000800342e        0x2 
 .text._vfprintf_r
                0x0000000008003430      0x260 e:/st/stm32cubeide_1.7.0/stm32cubeide/plugins/com.st.stm32cube.ide.mcu.externaltools.gnu-tools-for-stm32.9-2020-q2-update.win32_2.0.0.202105311346/tools/bin/../lib/gcc/arm-none-eabi/9.3.1/../../../../arm-none-eabi/lib/thumb/v7e-m+dp/hard\libc_nano.a(lib_a-nano-vfprintf.o)
                0x0000000008003430                _vfprintf_r
                0x0000000008003430                _vfiprintf_r
 .text._printf_common
                0x0000000008003690       0xda e:/st/stm32cubeide_1.7.0/stm32cubeide/plugins/com.st.stm32cube.ide.mcu.externaltools.gnu-tools-for-stm32.9-2020-q2-update.win32_2.0.0.202105311346/tools/bin/../lib/gcc/arm-none-eabi/9.3.1/../../../../arm-none-eabi/lib/thumb/v7e-m+dp/hard\libc_nano.a(lib_a-nano-vfprintf_i.o)
                0x0000000008003690                _printf_common
 *fill*         0x000000000800376a        0x2 
 .text._printf_i
                0x000000000800376c      0x24c e:/st/stm32cubeide_1.7.0/stm32cubeide/plugins/com.st.stm32cube.ide.mcu.externaltools.gnu-tools-for-stm32.9-2020-q2-update.win32_2.0.0.202105311346/tools/bin/../lib/gcc/arm-none-eabi/9.3.1/../../../../arm-none-eabi/lib/thumb/v7e-m+dp/hard\libc_nano.a(lib_a-nano-vfprintf_i.o)
                0x000000000800376c                _printf_i
 .text.__swbuf_r
                0x00000000080039b8       0xa4 e:/st/stm32cubeide_1.7.0/stm32cubeide/plugins/com.st.stm32cube.ide.mcu.externaltools.gnu-tools-for-stm32.9-2020-q2-update.win32_2.0.0.202105311346/tools/bin/../lib/gcc/arm-none-eabi/9.3.1/../../../../arm-none-eabi/lib/thumb/v7e-m+dp/hard\libc_nano.a(lib_a-wbuf.o)
                0x00000000080039b8                __swbuf_r
 .text.__swsetup_r
                0x0000000008003a5c       0xdc e:/st/stm32cubeide_1.7.0/stm32cubeide/plugins/com.st.stm32cube.ide.mcu.externaltools.gnu-tools-for-stm32.9-2020-q2-update.win32_2.0.0.202105311346/tools/bin/../lib/gcc/arm-none-eabi/9.3.1/../../../../arm-none-eabi/lib/thumb/v7e-m+dp/hard\libc_nano.a(lib_a-wsetup.o)
                0x0000000008003a5c                __swsetup_r
 .text.abort    0x0000000008003b38        0xe e:/st/stm32cubeide_1.7.0/stm32cubeide/plugins/com.st.stm32cube.ide.mcu.externaltools.gnu-tools-for-stm32.9-2020-q2-update.win32_2.0.0.202105311346/tools/bin/../lib/gcc/arm-none-eabi/9.3.1/../../../../arm-none-eabi/lib/thumb/v7e-m+dp/hard\libc_nano.a(lib_a-abort.o)
                0x0000000008003b38                abort
 *fill*         0x0000000008003b46        0x2 
 .text.__sflush_r
                0x0000000008003b48      0x10c e:/st/stm32cubeide_1.7.0/stm32cubeide/plugins/com.st.stm32cube.ide.mcu.externaltools.gnu-tools-for-stm32.9-2020-q2-update.win32_2.0.0.202105311346/tools/bin/../lib/gcc/arm-none-eabi/9.3.1/../../../../arm-none-eabi/lib/thumb/v7e-m+dp/hard\libc_nano.a(lib_a-fflush.o)
                0x0000000008003b48                __sflush_r
 .text._fflush_r
                0x0000000008003c54       0x78 e:/st/stm32cubeide_1.7.0/stm32cubeide/plugins/com.st.stm32cube.ide.mcu.externaltools.gnu-tools-for-stm32.9-2020-q2-update.win32_2.0.0.202105311346/tools/bin/../lib/gcc/arm-none-eabi/9.3.1/../../../../arm-none-eabi/lib/thumb/v7e-m+dp/hard\libc_nano.a(lib_a-fflush.o)
                0x0000000008003c54                _fflush_r
 .text.std      0x0000000008003ccc       0x48 e:/st/stm32cubeide_1.7.0/stm32cubeide/plugins/com.st.stm32cube.ide.mcu.externaltools.gnu-tools-for-stm32.9-2020-q2-update.win32_2.0.0.202105311346/tools/bin/../lib/gcc/arm-none-eabi/9.3.1/../../../../arm-none-eabi/lib/thumb/v7e-m+dp/hard\libc_nano.a(lib_a-findfp.o)
 .text._cleanup_r
                0x0000000008003d14        0xc e:/st/stm32cubeide_1.7.0/stm32cubeide/plugins/com.st.stm32cube.ide.mcu.externaltools.gnu-tools-for-stm32.9-2020-q2-update.win32_2.0.0.202105311346/tools/bin/../lib/gcc/arm-none-eabi/9.3.1/../../../../arm-none-eabi/lib/thumb/v7e-m+dp/hard\libc_nano.a(lib_a-findfp.o)
                0x0000000008003d14                _cleanup_r
 .text.__sfmoreglue
                0x0000000008003d20       0x2c e:/st/stm32cubeide_1.7.0/stm32cubeide/plugins/com.st.stm32cube.ide.mcu.externaltools.gnu-tools-for-stm32.9-2020-q2-update.win32_2.0.0.202105311346/tools/bin/../lib/gcc/arm-none-eabi/9.3.1/../../../../arm-none-eabi/lib/thumb/v7e-m+dp/hard\libc_nano.a(lib_a-findfp.o)
                0x0000000008003d20                __sfmoreglue
 .text.__sfp_lock_acquire
                0x0000000008003d4c        0xc e:/st/stm32cubeide_1.7.0/stm32cubeide/plugins/com.st.stm32cube.ide.mcu.externaltools.gnu-tools-for-stm32.9-2020-q2-update.win32_2.0.0.202105311346/tools/bin/../lib/gcc/arm-none-eabi/9.3.1/../../../../arm-none-eabi/lib/thumb/v7e-m+dp/hard\libc_nano.a(lib_a-findfp.o)
                0x0000000008003d4c                __sfp_lock_acquire
 .text.__sfp_lock_release
                0x0000000008003d58        0xc e:/st/stm32cubeide_1.7.0/stm32cubeide/plugins/com.st.stm32cube.ide.mcu.externaltools.gnu-tools-for-stm32.9-2020-q2-update.win32_2.0.0.202105311346/tools/bin/../lib/gcc/arm-none-eabi/9.3.1/../../../../arm-none-eabi/lib/thumb/v7e-m+dp/hard\libc_nano.a(lib_a-findfp.o)
                0x0000000008003d58                __sfp_lock_release
 .text.__sinit_lock_acquire
                0x0000000008003d64        0xc e:/st/stm32cubeide_1.7.0/stm32cubeide/plugins/com.st.stm32cube.ide.mcu.externaltools.gnu-tools-for-stm32.9-2020-q2-update.win32_2.0.0.202105311346/tools/bin/../lib/gcc/arm-none-eabi/9.3.1/../../../../arm-none-eabi/lib/thumb/v7e-m+dp/hard\libc_nano.a(lib_a-findfp.o)
                0x0000000008003d64                __sinit_lock_acquire
 .text.__sinit_lock_release
                0x0000000008003d70        0xc e:/st/stm32cubeide_1.7.0/stm32cubeide/plugins/com.st.stm32cube.ide.mcu.externaltools.gnu-tools-for-stm32.9-2020-q2-update.win32_2.0.0.202105311346/tools/bin/../lib/gcc/arm-none-eabi/9.3.1/../../../../arm-none-eabi/lib/thumb/v7e-m+dp/hard\libc_nano.a(lib_a-findfp.o)
                0x0000000008003d70                __sinit_lock_release
 .text.__sinit  0x0000000008003d7c       0x70 e:/st/stm32cubeide_1.7.0/stm32cubeide/plugins/com.st.stm32cube.ide.mcu.externaltools.gnu-tools-for-stm32.9-2020-q2-update.win32_2.0.0.202105311346/tools/bin/../lib/gcc/arm-none-eabi/9.3.1/../../../../arm-none-eabi/lib/thumb/v7e-m+dp/hard\libc_nano.a(lib_a-findfp.o)
                0x0000000008003d7c                __sinit
 .text.__sfp    0x0000000008003dec       0x8c e:/st/stm32cubeide_1.7.0/stm32cubeide/plugins/com.st.stm32cube.ide.mcu.externaltools.gnu-tools-for-stm32.9-2020-q2-update.win32_2.0.0.202105311346/tools/bin/../lib/gcc/arm-none-eabi/9.3.1/../../../../arm-none-eabi/lib/thumb/v7e-m+dp/hard\libc_nano.a(lib_a-findfp.o)
                0x0000000008003dec                __sfp
 .text._fwalk_reent
                0x0000000008003e78       0x3e e:/st/stm32cubeide_1.7.0/stm32cubeide/plugins/com.st.stm32cube.ide.mcu.externaltools.gnu-tools-for-stm32.9-2020-q2-update.win32_2.0.0.202105311346/tools/bin/../lib/gcc/arm-none-eabi/9.3.1/../../../../arm-none-eabi/lib/thumb/v7e-m+dp/hard\libc_nano.a(lib_a-fwalk.o)
                0x0000000008003e78                _fwalk_reent
 .text.__retarget_lock_init_recursive
                0x0000000008003eb6        0x2 e:/st/stm32cubeide_1.7.0/stm32cubeide/plugins/com.st.stm32cube.ide.mcu.externaltools.gnu-tools-for-stm32.9-2020-q2-update.win32_2.0.0.202105311346/tools/bin/../lib/gcc/arm-none-eabi/9.3.1/../../../../arm-none-eabi/lib/thumb/v7e-m+dp/hard\libc_nano.a(lib_a-lock.o)
                0x0000000008003eb6                __retarget_lock_init_recursive
 .text.__retarget_lock_acquire_recursive
                0x0000000008003eb8        0x2 e:/st/stm32cubeide_1.7.0/stm32cubeide/plugins/com.st.stm32cube.ide.mcu.externaltools.gnu-tools-for-stm32.9-2020-q2-update.win32_2.0.0.202105311346/tools/bin/../lib/gcc/arm-none-eabi/9.3.1/../../../../arm-none-eabi/lib/thumb/v7e-m+dp/hard\libc_nano.a(lib_a-lock.o)
                0x0000000008003eb8                __retarget_lock_acquire_recursive
 .text.__retarget_lock_release_recursive
                0x0000000008003eba        0x2 e:/st/stm32cubeide_1.7.0/stm32cubeide/plugins/com.st.stm32cube.ide.mcu.externaltools.gnu-tools-for-stm32.9-2020-q2-update.win32_2.0.0.202105311346/tools/bin/../lib/gcc/arm-none-eabi/9.3.1/../../../../arm-none-eabi/lib/thumb/v7e-m+dp/hard\libc_nano.a(lib_a-lock.o)
                0x0000000008003eba                __retarget_lock_release_recursive
 .text.__swhatbuf_r
                0x0000000008003ebc       0x48 e:/st/stm32cubeide_1.7.0/stm32cubeide/plugins/com.st.stm32cube.ide.mcu.externaltools.gnu-tools-for-stm32.9-2020-q2-update.win32_2.0.0.202105311346/tools/bin/../lib/gcc/arm-none-eabi/9.3.1/../../../../arm-none-eabi/lib/thumb/v7e-m+dp/hard\libc_nano.a(lib_a-makebuf.o)
                0x0000000008003ebc                __swhatbuf_r
 .text.__smakebuf_r
                0x0000000008003f04       0x80 e:/st/stm32cubeide_1.7.0/stm32cubeide/plugins/com.st.stm32cube.ide.mcu.externaltools.gnu-tools-for-stm32.9-2020-q2-update.win32_2.0.0.202105311346/tools/bin/../lib/gcc/arm-none-eabi/9.3.1/../../../../arm-none-eabi/lib/thumb/v7e-m+dp/hard\libc_nano.a(lib_a-makebuf.o)
                0x0000000008003f04                __smakebuf_r
 .text._raise_r
                0x0000000008003f84       0x50 e:/st/stm32cubeide_1.7.0/stm32cubeide/plugins/com.st.stm32cube.ide.mcu.externaltools.gnu-tools-for-stm32.9-2020-q2-update.win32_2.0.0.202105311346/tools/bin/../lib/gcc/arm-none-eabi/9.3.1/../../../../arm-none-eabi/lib/thumb/v7e-m+dp/hard\libc_nano.a(lib_a-signal.o)
                0x0000000008003f84                _raise_r
 .text.raise    0x0000000008003fd4       0x10 e:/st/stm32cubeide_1.7.0/stm32cubeide/plugins/com.st.stm32cube.ide.mcu.externaltools.gnu-tools-for-stm32.9-2020-q2-update.win32_2.0.0.202105311346/tools/bin/../lib/gcc/arm-none-eabi/9.3.1/../../../../arm-none-eabi/lib/thumb/v7e-m+dp/hard\libc_nano.a(lib_a-signal.o)
                0x0000000008003fd4                raise
 .text._kill_r  0x0000000008003fe4       0x24 e:/st/stm32cubeide_1.7.0/stm32cubeide/plugins/com.st.stm32cube.ide.mcu.externaltools.gnu-tools-for-stm32.9-2020-q2-update.win32_2.0.0.202105311346/tools/bin/../lib/gcc/arm-none-eabi/9.3.1/../../../../arm-none-eabi/lib/thumb/v7e-m+dp/hard\libc_nano.a(lib_a-signalr.o)
                0x0000000008003fe4                _kill_r
 .text._getpid_r
                0x0000000008004008        0x4 e:/st/stm32cubeide_1.7.0/stm32cubeide/plugins/com.st.stm32cube.ide.mcu.externaltools.gnu-tools-for-stm32.9-2020-q2-update.win32_2.0.0.202105311346/tools/bin/../lib/gcc/arm-none-eabi/9.3.1/../../../../arm-none-eabi/lib/thumb/v7e-m+dp/hard\libc_nano.a(lib_a-signalr.o)
                0x0000000008004008                _getpid_r
 .text.__sread  0x000000000800400c       0x22 e:/st/stm32cubeide_1.7.0/stm32cubeide/plugins/com.st.stm32cube.ide.mcu.externaltools.gnu-tools-for-stm32.9-2020-q2-update.win32_2.0.0.202105311346/tools/bin/../lib/gcc/arm-none-eabi/9.3.1/../../../../arm-none-eabi/lib/thumb/v7e-m+dp/hard\libc_nano.a(lib_a-stdio.o)
                0x000000000800400c                __sread
 .text.__swrite
                0x000000000800402e       0x38 e:/st/stm32cubeide_1.7.0/stm32cubeide/plugins/com.st.stm32cube.ide.mcu.externaltools.gnu-tools-for-stm32.9-2020-q2-update.win32_2.0.0.202105311346/tools/bin/../lib/gcc/arm-none-eabi/9.3.1/../../../../arm-none-eabi/lib/thumb/v7e-m+dp/hard\libc_nano.a(lib_a-stdio.o)
                0x000000000800402e                __swrite
 .text.__sseek  0x0000000008004066       0x24 e:/st/stm32cubeide_1.7.0/stm32cubeide/plugins/com.st.stm32cube.ide.mcu.externaltools.gnu-tools-for-stm32.9-2020-q2-update.win32_2.0.0.202105311346/tools/bin/../lib/gcc/arm-none-eabi/9.3.1/../../../../arm-none-eabi/lib/thumb/v7e-m+dp/hard\libc_nano.a(lib_a-stdio.o)
                0x0000000008004066                __sseek
 .text.__sclose
                0x000000000800408a        0x8 e:/st/stm32cubeide_1.7.0/stm32cubeide/plugins/com.st.stm32cube.ide.mcu.externaltools.gnu-tools-for-stm32.9-2020-q2-update.win32_2.0.0.202105311346/tools/bin/../lib/gcc/arm-none-eabi/9.3.1/../../../../arm-none-eabi/lib/thumb/v7e-m+dp/hard\libc_nano.a(lib_a-stdio.o)
                0x000000000800408a                __sclose
 *fill*         0x0000000008004092        0x2 
 .text._write_r
                0x0000000008004094       0x24 e:/st/stm32cubeide_1.7.0/stm32cubeide/plugins/com.st.stm32cube.ide.mcu.externaltools.gnu-tools-for-stm32.9-2020-q2-update.win32_2.0.0.202105311346/tools/bin/../lib/gcc/arm-none-eabi/9.3.1/../../../../arm-none-eabi/lib/thumb/v7e-m+dp/hard\libc_nano.a(lib_a-writer.o)
                0x0000000008004094                _write_r
 .text._close_r
                0x00000000080040b8       0x20 e:/st/stm32cubeide_1.7.0/stm32cubeide/plugins/com.st.stm32cube.ide.mcu.externaltools.gnu-tools-for-stm32.9-2020-q2-update.win32_2.0.0.202105311346/tools/bin/../lib/gcc/arm-none-eabi/9.3.1/../../../../arm-none-eabi/lib/thumb/v7e-m+dp/hard\libc_nano.a(lib_a-closer.o)
                0x00000000080040b8                _close_r
 .text._fstat_r
                0x00000000080040d8       0x24 e:/st/stm32cubeide_1.7.0/stm32cubeide/plugins/com.st.stm32cube.ide.mcu.externaltools.gnu-tools-for-stm32.9-2020-q2-update.win32_2.0.0.202105311346/tools/bin/../lib/gcc/arm-none-eabi/9.3.1/../../../../arm-none-eabi/lib/thumb/v7e-m+dp/hard\libc_nano.a(lib_a-fstatr.o)
                0x00000000080040d8                _fstat_r
 .text._isatty_r
                0x00000000080040fc       0x20 e:/st/stm32cubeide_1.7.0/stm32cubeide/plugins/com.st.stm32cube.ide.mcu.externaltools.gnu-tools-for-stm32.9-2020-q2-update.win32_2.0.0.202105311346/tools/bin/../lib/gcc/arm-none-eabi/9.3.1/../../../../arm-none-eabi/lib/thumb/v7e-m+dp/hard\libc_nano.a(lib_a-isattyr.o)
                0x00000000080040fc                _isatty_r
 .text._lseek_r
                0x000000000800411c       0x24 e:/st/stm32cubeide_1.7.0/stm32cubeide/plugins/com.st.stm32cube.ide.mcu.externaltools.gnu-tools-for-stm32.9-2020-q2-update.win32_2.0.0.202105311346/tools/bin/../lib/gcc/arm-none-eabi/9.3.1/../../../../arm-none-eabi/lib/thumb/v7e-m+dp/hard\libc_nano.a(lib_a-lseekr.o)
                0x000000000800411c                _lseek_r
 .text._read_r  0x0000000008004140       0x24 e:/st/stm32cubeide_1.7.0/stm32cubeide/plugins/com.st.stm32cube.ide.mcu.externaltools.gnu-tools-for-stm32.9-2020-q2-update.win32_2.0.0.202105311346/tools/bin/../lib/gcc/arm-none-eabi/9.3.1/../../../../arm-none-eabi/lib/thumb/v7e-m+dp/hard\libc_nano.a(lib_a-readr.o)
                0x0000000008004140                _read_r
 *(.glue_7)
 .glue_7        0x0000000008004164        0x0 linker stubs
 *(.glue_7t)
 .glue_7t       0x0000000008004164        0x0 linker stubs
 *(.eh_frame)
 .eh_frame      0x0000000008004164        0x0 e:/st/stm32cubeide_1.7.0/stm32cubeide/plugins/com.st.stm32cube.ide.mcu.externaltools.gnu-tools-for-stm32.9-2020-q2-update.win32_2.0.0.202105311346/tools/bin/../lib/gcc/arm-none-eabi/9.3.1/thumb/v7e-m+dp/hard/crtbegin.o
 *(.init)
 .init          0x0000000008004164        0x4 e:/st/stm32cubeide_1.7.0/stm32cubeide/plugins/com.st.stm32cube.ide.mcu.externaltools.gnu-tools-for-stm32.9-2020-q2-update.win32_2.0.0.202105311346/tools/bin/../lib/gcc/arm-none-eabi/9.3.1/thumb/v7e-m+dp/hard/crti.o
                0x0000000008004164                _init
 .init          0x0000000008004168        0x8 e:/st/stm32cubeide_1.7.0/stm32cubeide/plugins/com.st.stm32cube.ide.mcu.externaltools.gnu-tools-for-stm32.9-2020-q2-update.win32_2.0.0.202105311346/tools/bin/../lib/gcc/arm-none-eabi/9.3.1/thumb/v7e-m+dp/hard/crtn.o
 *(.fini)
 .fini          0x0000000008004170        0x4 e:/st/stm32cubeide_1.7.0/stm32cubeide/plugins/com.st.stm32cube.ide.mcu.externaltools.gnu-tools-for-stm32.9-2020-q2-update.win32_2.0.0.202105311346/tools/bin/../lib/gcc/arm-none-eabi/9.3.1/thumb/v7e-m+dp/hard/crti.o
                0x0000000008004170                _fini
 .fini          0x0000000008004174        0x8 e:/st/stm32cubeide_1.7.0/stm32cubeide/plugins/com.st.stm32cube.ide.mcu.externaltools.gnu-tools-for-stm32.9-2020-q2-update.win32_2.0.0.202105311346/tools/bin/../lib/gcc/arm-none-eabi/9.3.1/thumb/v7e-m+dp/hard/crtn.o
                0x000000000800417c                . = ALIGN (0x4)
                0x000000000800417c                _etext = .

.vfp11_veneer   0x000000000800417c        0x0
 .vfp11_veneer  0x000000000800417c        0x0 linker stubs

.v4_bx          0x000000000800417c        0x0
 .v4_bx         0x000000000800417c        0x0 linker stubs

.iplt           0x000000000800417c        0x0
 .iplt          0x000000000800417c        0x0 e:/st/stm32cubeide_1.7.0/stm32cubeide/plugins/com.st.stm32cube.ide.mcu.externaltools.gnu-tools-for-stm32.9-2020-q2-update.win32_2.0.0.202105311346/tools/bin/../lib/gcc/arm-none-eabi/9.3.1/thumb/v7e-m+dp/hard/crtbegin.o

.rodata         0x000000000800417c      0x4a8
                0x000000000800417c                . = ALIGN (0x4)
 *(.rodata)
 .rodata        0x000000000800417c      0x2a2 ./Src/Bluetooh.o
 *fill*         0x000000000800441e        0x2 
 .rodata        0x0000000008004420       0xa5 ./Src/Uart_new.o
 *fill*         0x00000000080044c5        0x3 
 .rodata        0x00000000080044c8        0xf ./Src/main.o
 *(.rodata*)
 *fill*         0x00000000080044d7        0x1 
 .rodata._global_impure_ptr
                0x00000000080044d8        0x4 e:/st/stm32cubeide_1.7.0/stm32cubeide/plugins/com.st.stm32cube.ide.mcu.externaltools.gnu-tools-for-stm32.9-2020-q2-update.win32_2.0.0.202105311346/tools/bin/../lib/gcc/arm-none-eabi/9.3.1/../../../../arm-none-eabi/lib/thumb/v7e-m+dp/hard\libc_nano.a(lib_a-impure.o)
                0x00000000080044d8                _global_impure_ptr
 .rodata.strtok.str1.1
                0x00000000080044dc       0x78 e:/st/stm32cubeide_1.7.0/stm32cubeide/plugins/com.st.stm32cube.ide.mcu.externaltools.gnu-tools-for-stm32.9-2020-q2-update.win32_2.0.0.202105311346/tools/bin/../lib/gcc/arm-none-eabi/9.3.1/../../../../arm-none-eabi/lib/thumb/v7e-m+dp/hard\libc_nano.a(lib_a-strtok.o)
 .rodata.__assert_func.str1.1
                0x0000000008004554       0x3c e:/st/stm32cubeide_1.7.0/stm32cubeide/plugins/com.st.stm32cube.ide.mcu.externaltools.gnu-tools-for-stm32.9-2020-q2-update.win32_2.0.0.202105311346/tools/bin/../lib/gcc/arm-none-eabi/9.3.1/../../../../arm-none-eabi/lib/thumb/v7e-m+dp/hard\libc_nano.a(lib_a-assert.o)
                                         0x3d (size before relaxing)
 .rodata._vfprintf_r.str1.1
                0x0000000008004590       0x11 e:/st/stm32cubeide_1.7.0/stm32cubeide/plugins/com.st.stm32cube.ide.mcu.externaltools.gnu-tools-for-stm32.9-2020-q2-update.win32_2.0.0.202105311346/tools/bin/../lib/gcc/arm-none-eabi/9.3.1/../../../../arm-none-eabi/lib/thumb/v7e-m+dp/hard\libc_nano.a(lib_a-nano-vfprintf.o)
 .rodata._printf_i.str1.1
                0x00000000080045a1       0x22 e:/st/stm32cubeide_1.7.0/stm32cubeide/plugins/com.st.stm32cube.ide.mcu.externaltools.gnu-tools-for-stm32.9-2020-q2-update.win32_2.0.0.202105311346/tools/bin/../lib/gcc/arm-none-eabi/9.3.1/../../../../arm-none-eabi/lib/thumb/v7e-m+dp/hard\libc_nano.a(lib_a-nano-vfprintf_i.o)
 *fill*         0x00000000080045c3        0x1 
 .rodata.__sf_fake_stderr
                0x00000000080045c4       0x20 e:/st/stm32cubeide_1.7.0/stm32cubeide/plugins/com.st.stm32cube.ide.mcu.externaltools.gnu-tools-for-stm32.9-2020-q2-update.win32_2.0.0.202105311346/tools/bin/../lib/gcc/arm-none-eabi/9.3.1/../../../../arm-none-eabi/lib/thumb/v7e-m+dp/hard\libc_nano.a(lib_a-findfp.o)
                0x00000000080045c4                __sf_fake_stderr
 .rodata.__sf_fake_stdin
                0x00000000080045e4       0x20 e:/st/stm32cubeide_1.7.0/stm32cubeide/plugins/com.st.stm32cube.ide.mcu.externaltools.gnu-tools-for-stm32.9-2020-q2-update.win32_2.0.0.202105311346/tools/bin/../lib/gcc/arm-none-eabi/9.3.1/../../../../arm-none-eabi/lib/thumb/v7e-m+dp/hard\libc_nano.a(lib_a-findfp.o)
                0x00000000080045e4                __sf_fake_stdin
 .rodata.__sf_fake_stdout
                0x0000000008004604       0x20 e:/st/stm32cubeide_1.7.0/stm32cubeide/plugins/com.st.stm32cube.ide.mcu.externaltools.gnu-tools-for-stm32.9-2020-q2-update.win32_2.0.0.202105311346/tools/bin/../lib/gcc/arm-none-eabi/9.3.1/../../../../arm-none-eabi/lib/thumb/v7e-m+dp/hard\libc_nano.a(lib_a-findfp.o)
                0x0000000008004604                __sf_fake_stdout
                0x0000000008004624                . = ALIGN (0x4)

.rel.dyn        0x0000000008004624        0x0
 .rel.iplt      0x0000000008004624        0x0 e:/st/stm32cubeide_1.7.0/stm32cubeide/plugins/com.st.stm32cube.ide.mcu.externaltools.gnu-tools-for-stm32.9-2020-q2-update.win32_2.0.0.202105311346/tools/bin/../lib/gcc/arm-none-eabi/9.3.1/thumb/v7e-m+dp/hard/crtbegin.o

.ARM.extab      0x0000000008004624        0x0
                0x0000000008004624                . = ALIGN (0x4)
 *(.ARM.extab* .gnu.linkonce.armextab.*)
                0x0000000008004624                . = ALIGN (0x4)

.ARM            0x0000000008004624        0x0
                0x0000000008004624                . = ALIGN (0x4)
                0x0000000008004624                __exidx_start = .
 *(.ARM.exidx*)
                0x0000000008004624                __exidx_end = .
                0x0000000008004624                . = ALIGN (0x4)

.preinit_array  0x0000000008004624        0x0
                0x0000000008004624                . = ALIGN (0x4)
                0x0000000008004624                PROVIDE (__preinit_array_start = .)
 *(.preinit_array*)
                0x0000000008004624                PROVIDE (__preinit_array_end = .)
                0x0000000008004624                . = ALIGN (0x4)

.init_array     0x0000000008004624        0x4
                0x0000000008004624                . = ALIGN (0x4)
                0x0000000008004624                PROVIDE (__init_array_start = .)
 *(SORT_BY_NAME(.init_array.*))
 *(.init_array*)
 .init_array    0x0000000008004624        0x4 e:/st/stm32cubeide_1.7.0/stm32cubeide/plugins/com.st.stm32cube.ide.mcu.externaltools.gnu-tools-for-stm32.9-2020-q2-update.win32_2.0.0.202105311346/tools/bin/../lib/gcc/arm-none-eabi/9.3.1/thumb/v7e-m+dp/hard/crtbegin.o
                0x0000000008004628                PROVIDE (__init_array_end = .)
                0x0000000008004628                . = ALIGN (0x4)

.fini_array     0x0000000008004628        0x4
                0x0000000008004628                . = ALIGN (0x4)
                [!provide]                        PROVIDE (__fini_array_start = .)
 *(SORT_BY_NAME(.fini_array.*))
 *(.fini_array*)
 .fini_array    0x0000000008004628        0x4 e:/st/stm32cubeide_1.7.0/stm32cubeide/plugins/com.st.stm32cube.ide.mcu.externaltools.gnu-tools-for-stm32.9-2020-q2-update.win32_2.0.0.202105311346/tools/bin/../lib/gcc/arm-none-eabi/9.3.1/thumb/v7e-m+dp/hard/crtbegin.o
                [!provide]                        PROVIDE (__fini_array_end = .)
                0x000000000800462c                . = ALIGN (0x4)
                0x000000000800462c                _sidata = LOADADDR (.data)

.data           0x0000000024000000       0x64 load address 0x000000000800462c
                0x0000000024000000                . = ALIGN (0x4)
                0x0000000024000000                _sdata = .
 *(.data)
 *(.data*)
 .data._impure_ptr
                0x0000000024000000        0x4 e:/st/stm32cubeide_1.7.0/stm32cubeide/plugins/com.st.stm32cube.ide.mcu.externaltools.gnu-tools-for-stm32.9-2020-q2-update.win32_2.0.0.202105311346/tools/bin/../lib/gcc/arm-none-eabi/9.3.1/../../../../arm-none-eabi/lib/thumb/v7e-m+dp/hard\libc_nano.a(lib_a-impure.o)
                0x0000000024000000                _impure_ptr
 .data.impure_data
                0x0000000024000004       0x60 e:/st/stm32cubeide_1.7.0/stm32cubeide/plugins/com.st.stm32cube.ide.mcu.externaltools.gnu-tools-for-stm32.9-2020-q2-update.win32_2.0.0.202105311346/tools/bin/../lib/gcc/arm-none-eabi/9.3.1/../../../../arm-none-eabi/lib/thumb/v7e-m+dp/hard\libc_nano.a(lib_a-impure.o)
 *(.RamFunc)
 *(.RamFunc*)
                0x0000000024000064                . = ALIGN (0x4)
                0x0000000024000064                _edata = .

.igot.plt       0x0000000024000064        0x0 load address 0x0000000008004690
 .igot.plt      0x0000000024000064        0x0 e:/st/stm32cubeide_1.7.0/stm32cubeide/plugins/com.st.stm32cube.ide.mcu.externaltools.gnu-tools-for-stm32.9-2020-q2-update.win32_2.0.0.202105311346/tools/bin/../lib/gcc/arm-none-eabi/9.3.1/thumb/v7e-m+dp/hard/crtbegin.o
                0x0000000024000064                . = ALIGN (0x4)

.bss            0x0000000024000064       0xa4 load address 0x0000000008004690
                0x0000000024000064                _sbss = .
                0x0000000024000064                __bss_start__ = _sbss
 *(.bss)
 .bss           0x0000000024000064       0x1c e:/st/stm32cubeide_1.7.0/stm32cubeide/plugins/com.st.stm32cube.ide.mcu.externaltools.gnu-tools-for-stm32.9-2020-q2-update.win32_2.0.0.202105311346/tools/bin/../lib/gcc/arm-none-eabi/9.3.1/thumb/v7e-m+dp/hard/crtbegin.o
 *(.bss*)
 .bss.Bluetooh_USART
                0x0000000024000080        0x4 ./Src/Bluetooh.o
 .bss.current_loc_buffer_rx_UART1
                0x0000000024000084        0x4 ./Src/Uart_new.o
                0x0000000024000084                current_loc_buffer_rx_UART1
 .bss.current_loc_buffer_rx_UART2
                0x0000000024000088        0x4 ./Src/Uart_new.o
                0x0000000024000088                current_loc_buffer_rx_UART2
 .bss.current_loc_buffer_rx_UART3
                0x000000002400008c        0x4 ./Src/Uart_new.o
                0x000000002400008c                current_loc_buffer_rx_UART3
 .bss.current_loc_buffer_rx_UART4
                0x0000000024000090        0x4 ./Src/Uart_new.o
                0x0000000024000090                current_loc_buffer_rx_UART4
 .bss.current_loc_buffer_rx_UART5
                0x0000000024000094        0x4 ./Src/Uart_new.o
                0x0000000024000094                current_loc_buffer_rx_UART5
 .bss.current_loc_buffer_rx_UART6
                0x0000000024000098        0x4 ./Src/Uart_new.o
                0x0000000024000098                current_loc_buffer_rx_UART6
 .bss.current_loc_buffer_rx_UART7
                0x000000002400009c        0x4 ./Src/Uart_new.o
                0x000000002400009c                current_loc_buffer_rx_UART7
 .bss.current_loc_buffer_rx_UART8
                0x00000000240000a0        0x4 ./Src/Uart_new.o
                0x00000000240000a0                current_loc_buffer_rx_UART8
 .bss.__sbrk_heap_end
                0x00000000240000a4        0x4 ./Src/sysmem.o
 .bss.__malloc_free_list
                0x00000000240000a8        0x4 e:/st/stm32cubeide_1.7.0/stm32cubeide/plugins/com.st.stm32cube.ide.mcu.externaltools.gnu-tools-for-stm32.9-2020-q2-update.win32_2.0.0.202105311346/tools/bin/../lib/gcc/arm-none-eabi/9.3.1/../../../../arm-none-eabi/lib/thumb/v7e-m+dp/hard\libc_nano.a(lib_a-nano-mallocr.o)
                0x00000000240000a8                __malloc_free_list
 .bss.__malloc_sbrk_start
                0x00000000240000ac        0x4 e:/st/stm32cubeide_1.7.0/stm32cubeide/plugins/com.st.stm32cube.ide.mcu.externaltools.gnu-tools-for-stm32.9-2020-q2-update.win32_2.0.0.202105311346/tools/bin/../lib/gcc/arm-none-eabi/9.3.1/../../../../arm-none-eabi/lib/thumb/v7e-m+dp/hard\libc_nano.a(lib_a-nano-mallocr.o)
                0x00000000240000ac                __malloc_sbrk_start
 *(COMMON)
 COMMON         0x00000000240000b0       0x40 ./Src/Uart_new.o
                0x00000000240000b0                UART4Buffer
                0x00000000240000b4                UART5Buffer
                0x00000000240000b8                Uart3_Baud_Rate
                0x00000000240000bc                UART1Buffer
                0x00000000240000c0                UART6Buffer
                0x00000000240000c4                UART8Buffer
                0x00000000240000c8                UART7Buffer
                0x00000000240000cc                UART3Buffer
                0x00000000240000d0                Uart4_Baud_Rate
                0x00000000240000d4                Uart2_Baud_Rate
                0x00000000240000d8                Uart8_Baud_Rate
                0x00000000240000dc                UART2Buffer
                0x00000000240000e0                Uart6_Baud_Rate
                0x00000000240000e4                Uart1_Baud_Rate
                0x00000000240000e8                Uart5_Baud_Rate
                0x00000000240000ec                Uart7_Baud_Rate
 COMMON         0x00000000240000f0        0x8 ./Src/main.o
                0x00000000240000f0                count
                0x00000000240000f4                Buffer
 COMMON         0x00000000240000f8        0x4 e:/st/stm32cubeide_1.7.0/stm32cubeide/plugins/com.st.stm32cube.ide.mcu.externaltools.gnu-tools-for-stm32.9-2020-q2-update.win32_2.0.0.202105311346/tools/bin/../lib/gcc/arm-none-eabi/9.3.1/../../../../arm-none-eabi/lib/thumb/v7e-m+dp/hard\libc_nano.a(lib_a-reent.o)
                0x00000000240000f8                errno
 COMMON         0x00000000240000fc        0x9 e:/st/stm32cubeide_1.7.0/stm32cubeide/plugins/com.st.stm32cube.ide.mcu.externaltools.gnu-tools-for-stm32.9-2020-q2-update.win32_2.0.0.202105311346/tools/bin/../lib/gcc/arm-none-eabi/9.3.1/../../../../arm-none-eabi/lib/thumb/v7e-m+dp/hard\libc_nano.a(lib_a-lock.o)
                0x00000000240000fc                __lock___atexit_recursive_mutex
                0x00000000240000fd                __lock___arc4random_mutex
                0x00000000240000fe                __lock___env_recursive_mutex
                0x00000000240000ff                __lock___sinit_recursive_mutex
                0x0000000024000100                __lock___malloc_recursive_mutex
                0x0000000024000101                __lock___at_quick_exit_mutex
                0x0000000024000102                __lock___dd_hash_mutex
                0x0000000024000103                __lock___tz_mutex
                0x0000000024000104                __lock___sfp_recursive_mutex
                0x0000000024000108                . = ALIGN (0x4)
 *fill*         0x0000000024000105        0x3 
                0x0000000024000108                _ebss = .
                0x0000000024000108                __bss_end__ = _ebss

._user_heap_stack
                0x0000000024000108      0x600 load address 0x0000000008004690
                0x0000000024000108                . = ALIGN (0x8)
                [!provide]                        PROVIDE (end = .)
                0x0000000024000108                PROVIDE (_end = .)
                0x0000000024000308                . = (. + _Min_Heap_Size)
 *fill*         0x0000000024000108      0x200 
                0x0000000024000708                . = (. + _Min_Stack_Size)
 *fill*         0x0000000024000308      0x400 
                0x0000000024000708                . = ALIGN (0x8)

/DISCARD/
 libc.a(*)
 libm.a(*)
 libgcc.a(*)

.ARM.attributes
                0x0000000000000000       0x2e
 *(.ARM.attributes)
 .ARM.attributes
                0x0000000000000000       0x1e e:/st/stm32cubeide_1.7.0/stm32cubeide/plugins/com.st.stm32cube.ide.mcu.externaltools.gnu-tools-for-stm32.9-2020-q2-update.win32_2.0.0.202105311346/tools/bin/../lib/gcc/arm-none-eabi/9.3.1/thumb/v7e-m+dp/hard/crti.o
 .ARM.attributes
                0x000000000000001e       0x32 e:/st/stm32cubeide_1.7.0/stm32cubeide/plugins/com.st.stm32cube.ide.mcu.externaltools.gnu-tools-for-stm32.9-2020-q2-update.win32_2.0.0.202105311346/tools/bin/../lib/gcc/arm-none-eabi/9.3.1/thumb/v7e-m+dp/hard/crtbegin.o
 .ARM.attributes
                0x0000000000000050       0x32 ./Src/Bluetooh.o
 .ARM.attributes
                0x0000000000000082       0x32 ./Src/Clock.o
 .ARM.attributes
                0x00000000000000b4       0x32 ./Src/Gpio.o
 .ARM.attributes
                0x00000000000000e6       0x32 ./Src/Systick.o
 .ARM.attributes
                0x0000000000000118       0x32 ./Src/Uart_new.o
 .ARM.attributes
                0x000000000000014a       0x32 ./Src/User_led.o
 .ARM.attributes
                0x000000000000017c       0x32 ./Src/main.o
 .ARM.attributes
                0x00000000000001ae       0x32 ./Src/syscalls.o
 .ARM.attributes
                0x00000000000001e0       0x32 ./Src/sysmem.o
 .ARM.attributes
                0x0000000000000212       0x21 ./Startup/startup_stm32h745zitx.o
 .ARM.attributes
                0x0000000000000233       0x32 e:/st/stm32cubeide_1.7.0/stm32cubeide/plugins/com.st.stm32cube.ide.mcu.externaltools.gnu-tools-for-stm32.9-2020-q2-update.win32_2.0.0.202105311346/tools/bin/../lib/gcc/arm-none-eabi/9.3.1/../../../../arm-none-eabi/lib/thumb/v7e-m+dp/hard\libc_nano.a(lib_a-errno.o)
 .ARM.attributes
                0x0000000000000265       0x30 e:/st/stm32cubeide_1.7.0/stm32cubeide/plugins/com.st.stm32cube.ide.mcu.externaltools.gnu-tools-for-stm32.9-2020-q2-update.win32_2.0.0.202105311346/tools/bin/../lib/gcc/arm-none-eabi/9.3.1/../../../../arm-none-eabi/lib/thumb/v7e-m+dp/hard\libc_nano.a(lib_a-impure.o)
 .ARM.attributes
                0x0000000000000295       0x32 e:/st/stm32cubeide_1.7.0/stm32cubeide/plugins/com.st.stm32cube.ide.mcu.externaltools.gnu-tools-for-stm32.9-2020-q2-update.win32_2.0.0.202105311346/tools/bin/../lib/gcc/arm-none-eabi/9.3.1/../../../../arm-none-eabi/lib/thumb/v7e-m+dp/hard\libc_nano.a(lib_a-init.o)
 .ARM.attributes
                0x00000000000002c7       0x32 e:/st/stm32cubeide_1.7.0/stm32cubeide/plugins/com.st.stm32cube.ide.mcu.externaltools.gnu-tools-for-stm32.9-2020-q2-update.win32_2.0.0.202105311346/tools/bin/../lib/gcc/arm-none-eabi/9.3.1/../../../../arm-none-eabi/lib/thumb/v7e-m+dp/hard\libc_nano.a(lib_a-malloc.o)
 .ARM.attributes
                0x00000000000002f9       0x32 e:/st/stm32cubeide_1.7.0/stm32cubeide/plugins/com.st.stm32cube.ide.mcu.externaltools.gnu-tools-for-stm32.9-2020-q2-update.win32_2.0.0.202105311346/tools/bin/../lib/gcc/arm-none-eabi/9.3.1/../../../../arm-none-eabi/lib/thumb/v7e-m+dp/hard\libc_nano.a(lib_a-memset.o)
 .ARM.attributes
                0x000000000000032b       0x32 e:/st/stm32cubeide_1.7.0/stm32cubeide/plugins/com.st.stm32cube.ide.mcu.externaltools.gnu-tools-for-stm32.9-2020-q2-update.win32_2.0.0.202105311346/tools/bin/../lib/gcc/arm-none-eabi/9.3.1/../../../../arm-none-eabi/lib/thumb/v7e-m+dp/hard\libc_nano.a(lib_a-nano-freer.o)
 .ARM.attributes
                0x000000000000035d       0x32 e:/st/stm32cubeide_1.7.0/stm32cubeide/plugins/com.st.stm32cube.ide.mcu.externaltools.gnu-tools-for-stm32.9-2020-q2-update.win32_2.0.0.202105311346/tools/bin/../lib/gcc/arm-none-eabi/9.3.1/../../../../arm-none-eabi/lib/thumb/v7e-m+dp/hard\libc_nano.a(lib_a-nano-mallocr.o)
 .ARM.attributes
                0x000000000000038f       0x32 e:/st/stm32cubeide_1.7.0/stm32cubeide/plugins/com.st.stm32cube.ide.mcu.externaltools.gnu-tools-for-stm32.9-2020-q2-update.win32_2.0.0.202105311346/tools/bin/../lib/gcc/arm-none-eabi/9.3.1/../../../../arm-none-eabi/lib/thumb/v7e-m+dp/hard\libc_nano.a(lib_a-sbrkr.o)
 .ARM.attributes
                0x00000000000003c1       0x32 e:/st/stm32cubeide_1.7.0/stm32cubeide/plugins/com.st.stm32cube.ide.mcu.externaltools.gnu-tools-for-stm32.9-2020-q2-update.win32_2.0.0.202105311346/tools/bin/../lib/gcc/arm-none-eabi/9.3.1/../../../../arm-none-eabi/lib/thumb/v7e-m+dp/hard\libc_nano.a(lib_a-strcat.o)
 .ARM.attributes
                0x00000000000003f3       0x32 e:/st/stm32cubeide_1.7.0/stm32cubeide/plugins/com.st.stm32cube.ide.mcu.externaltools.gnu-tools-for-stm32.9-2020-q2-update.win32_2.0.0.202105311346/tools/bin/../lib/gcc/arm-none-eabi/9.3.1/../../../../arm-none-eabi/lib/thumb/v7e-m+dp/hard\libc_nano.a(lib_a-strcpy.o)
 .ARM.attributes
                0x0000000000000425       0x17 e:/st/stm32cubeide_1.7.0/stm32cubeide/plugins/com.st.stm32cube.ide.mcu.externaltools.gnu-tools-for-stm32.9-2020-q2-update.win32_2.0.0.202105311346/tools/bin/../lib/gcc/arm-none-eabi/9.3.1/../../../../arm-none-eabi/lib/thumb/v7e-m+dp/hard\libc_nano.a(lib_a-strlen.o)
 .ARM.attributes
                0x000000000000043c       0x32 e:/st/stm32cubeide_1.7.0/stm32cubeide/plugins/com.st.stm32cube.ide.mcu.externaltools.gnu-tools-for-stm32.9-2020-q2-update.win32_2.0.0.202105311346/tools/bin/../lib/gcc/arm-none-eabi/9.3.1/../../../../arm-none-eabi/lib/thumb/v7e-m+dp/hard\libc_nano.a(lib_a-strtok.o)
 .ARM.attributes
                0x000000000000046e       0x32 e:/st/stm32cubeide_1.7.0/stm32cubeide/plugins/com.st.stm32cube.ide.mcu.externaltools.gnu-tools-for-stm32.9-2020-q2-update.win32_2.0.0.202105311346/tools/bin/../lib/gcc/arm-none-eabi/9.3.1/../../../../arm-none-eabi/lib/thumb/v7e-m+dp/hard\libc_nano.a(lib_a-strtok_r.o)
 .ARM.attributes
                0x00000000000004a0       0x32 e:/st/stm32cubeide_1.7.0/stm32cubeide/plugins/com.st.stm32cube.ide.mcu.externaltools.gnu-tools-for-stm32.9-2020-q2-update.win32_2.0.0.202105311346/tools/bin/../lib/gcc/arm-none-eabi/9.3.1/../../../../arm-none-eabi/lib/thumb/v7e-m+dp/hard\libc_nano.a(lib_a-assert.o)
 .ARM.attributes
                0x00000000000004d2       0x32 e:/st/stm32cubeide_1.7.0/stm32cubeide/plugins/com.st.stm32cube.ide.mcu.externaltools.gnu-tools-for-stm32.9-2020-q2-update.win32_2.0.0.202105311346/tools/bin/../lib/gcc/arm-none-eabi/9.3.1/../../../../arm-none-eabi/lib/thumb/v7e-m+dp/hard\libc_nano.a(lib_a-fprintf.o)
 .ARM.attributes
                0x0000000000000504       0x32 e:/st/stm32cubeide_1.7.0/stm32cubeide/plugins/com.st.stm32cube.ide.mcu.externaltools.gnu-tools-for-stm32.9-2020-q2-update.win32_2.0.0.202105311346/tools/bin/../lib/gcc/arm-none-eabi/9.3.1/../../../../arm-none-eabi/lib/thumb/v7e-m+dp/hard\libc_nano.a(lib_a-mlock.o)
 .ARM.attributes
                0x0000000000000536       0x32 e:/st/stm32cubeide_1.7.0/stm32cubeide/plugins/com.st.stm32cube.ide.mcu.externaltools.gnu-tools-for-stm32.9-2020-q2-update.win32_2.0.0.202105311346/tools/bin/../lib/gcc/arm-none-eabi/9.3.1/../../../../arm-none-eabi/lib/thumb/v7e-m+dp/hard\libc_nano.a(lib_a-nano-vfprintf.o)
 .ARM.attributes
                0x0000000000000568       0x32 e:/st/stm32cubeide_1.7.0/stm32cubeide/plugins/com.st.stm32cube.ide.mcu.externaltools.gnu-tools-for-stm32.9-2020-q2-update.win32_2.0.0.202105311346/tools/bin/../lib/gcc/arm-none-eabi/9.3.1/../../../../arm-none-eabi/lib/thumb/v7e-m+dp/hard\libc_nano.a(lib_a-nano-vfprintf_i.o)
 .ARM.attributes
                0x000000000000059a       0x32 e:/st/stm32cubeide_1.7.0/stm32cubeide/plugins/com.st.stm32cube.ide.mcu.externaltools.gnu-tools-for-stm32.9-2020-q2-update.win32_2.0.0.202105311346/tools/bin/../lib/gcc/arm-none-eabi/9.3.1/../../../../arm-none-eabi/lib/thumb/v7e-m+dp/hard\libc_nano.a(lib_a-reent.o)
 .ARM.attributes
                0x00000000000005cc       0x32 e:/st/stm32cubeide_1.7.0/stm32cubeide/plugins/com.st.stm32cube.ide.mcu.externaltools.gnu-tools-for-stm32.9-2020-q2-update.win32_2.0.0.202105311346/tools/bin/../lib/gcc/arm-none-eabi/9.3.1/../../../../arm-none-eabi/lib/thumb/v7e-m+dp/hard\libc_nano.a(lib_a-wbuf.o)
 .ARM.attributes
                0x00000000000005fe       0x32 e:/st/stm32cubeide_1.7.0/stm32cubeide/plugins/com.st.stm32cube.ide.mcu.externaltools.gnu-tools-for-stm32.9-2020-q2-update.win32_2.0.0.202105311346/tools/bin/../lib/gcc/arm-none-eabi/9.3.1/../../../../arm-none-eabi/lib/thumb/v7e-m+dp/hard\libc_nano.a(lib_a-wsetup.o)
 .ARM.attributes
                0x0000000000000630       0x32 e:/st/stm32cubeide_1.7.0/stm32cubeide/plugins/com.st.stm32cube.ide.mcu.externaltools.gnu-tools-for-stm32.9-2020-q2-update.win32_2.0.0.202105311346/tools/bin/../lib/gcc/arm-none-eabi/9.3.1/../../../../arm-none-eabi/lib/thumb/v7e-m+dp/hard\libc_nano.a(lib_a-abort.o)
 .ARM.attributes
                0x0000000000000662       0x32 e:/st/stm32cubeide_1.7.0/stm32cubeide/plugins/com.st.stm32cube.ide.mcu.externaltools.gnu-tools-for-stm32.9-2020-q2-update.win32_2.0.0.202105311346/tools/bin/../lib/gcc/arm-none-eabi/9.3.1/../../../../arm-none-eabi/lib/thumb/v7e-m+dp/hard\libc_nano.a(lib_a-fflush.o)
 .ARM.attributes
                0x0000000000000694       0x32 e:/st/stm32cubeide_1.7.0/stm32cubeide/plugins/com.st.stm32cube.ide.mcu.externaltools.gnu-tools-for-stm32.9-2020-q2-update.win32_2.0.0.202105311346/tools/bin/../lib/gcc/arm-none-eabi/9.3.1/../../../../arm-none-eabi/lib/thumb/v7e-m+dp/hard\libc_nano.a(lib_a-findfp.o)
 .ARM.attributes
                0x00000000000006c6       0x32 e:/st/stm32cubeide_1.7.0/stm32cubeide/plugins/com.st.stm32cube.ide.mcu.externaltools.gnu-tools-for-stm32.9-2020-q2-update.win32_2.0.0.202105311346/tools/bin/../lib/gcc/arm-none-eabi/9.3.1/../../../../arm-none-eabi/lib/thumb/v7e-m+dp/hard\libc_nano.a(lib_a-fwalk.o)
 .ARM.attributes
                0x00000000000006f8       0x32 e:/st/stm32cubeide_1.7.0/stm32cubeide/plugins/com.st.stm32cube.ide.mcu.externaltools.gnu-tools-for-stm32.9-2020-q2-update.win32_2.0.0.202105311346/tools/bin/../lib/gcc/arm-none-eabi/9.3.1/../../../../arm-none-eabi/lib/thumb/v7e-m+dp/hard\libc_nano.a(lib_a-lock.o)
 .ARM.attributes
                0x000000000000072a       0x32 e:/st/stm32cubeide_1.7.0/stm32cubeide/plugins/com.st.stm32cube.ide.mcu.externaltools.gnu-tools-for-stm32.9-2020-q2-update.win32_2.0.0.202105311346/tools/bin/../lib/gcc/arm-none-eabi/9.3.1/../../../../arm-none-eabi/lib/thumb/v7e-m+dp/hard\libc_nano.a(lib_a-makebuf.o)
 .ARM.attributes
                0x000000000000075c       0x1c e:/st/stm32cubeide_1.7.0/stm32cubeide/plugins/com.st.stm32cube.ide.mcu.externaltools.gnu-tools-for-stm32.9-2020-q2-update.win32_2.0.0.202105311346/tools/bin/../lib/gcc/arm-none-eabi/9.3.1/../../../../arm-none-eabi/lib/thumb/v7e-m+dp/hard\libc_nano.a(lib_a-memchr.o)
 .ARM.attributes
                0x0000000000000778       0x32 e:/st/stm32cubeide_1.7.0/stm32cubeide/plugins/com.st.stm32cube.ide.mcu.externaltools.gnu-tools-for-stm32.9-2020-q2-update.win32_2.0.0.202105311346/tools/bin/../lib/gcc/arm-none-eabi/9.3.1/../../../../arm-none-eabi/lib/thumb/v7e-m+dp/hard\libc_nano.a(lib_a-signal.o)
 .ARM.attributes
                0x00000000000007aa       0x32 e:/st/stm32cubeide_1.7.0/stm32cubeide/plugins/com.st.stm32cube.ide.mcu.externaltools.gnu-tools-for-stm32.9-2020-q2-update.win32_2.0.0.202105311346/tools/bin/../lib/gcc/arm-none-eabi/9.3.1/../../../../arm-none-eabi/lib/thumb/v7e-m+dp/hard\libc_nano.a(lib_a-signalr.o)
 .ARM.attributes
                0x00000000000007dc       0x32 e:/st/stm32cubeide_1.7.0/stm32cubeide/plugins/com.st.stm32cube.ide.mcu.externaltools.gnu-tools-for-stm32.9-2020-q2-update.win32_2.0.0.202105311346/tools/bin/../lib/gcc/arm-none-eabi/9.3.1/../../../../arm-none-eabi/lib/thumb/v7e-m+dp/hard\libc_nano.a(lib_a-stdio.o)
 .ARM.attributes
                0x000000000000080e       0x32 e:/st/stm32cubeide_1.7.0/stm32cubeide/plugins/com.st.stm32cube.ide.mcu.externaltools.gnu-tools-for-stm32.9-2020-q2-update.win32_2.0.0.202105311346/tools/bin/../lib/gcc/arm-none-eabi/9.3.1/../../../../arm-none-eabi/lib/thumb/v7e-m+dp/hard\libc_nano.a(lib_a-writer.o)
 .ARM.attributes
                0x0000000000000840       0x32 e:/st/stm32cubeide_1.7.0/stm32cubeide/plugins/com.st.stm32cube.ide.mcu.externaltools.gnu-tools-for-stm32.9-2020-q2-update.win32_2.0.0.202105311346/tools/bin/../lib/gcc/arm-none-eabi/9.3.1/../../../../arm-none-eabi/lib/thumb/v7e-m+dp/hard\libc_nano.a(lib_a-closer.o)
 .ARM.attributes
                0x0000000000000872       0x32 e:/st/stm32cubeide_1.7.0/stm32cubeide/plugins/com.st.stm32cube.ide.mcu.externaltools.gnu-tools-for-stm32.9-2020-q2-update.win32_2.0.0.202105311346/tools/bin/../lib/gcc/arm-none-eabi/9.3.1/../../../../arm-none-eabi/lib/thumb/v7e-m+dp/hard\libc_nano.a(lib_a-fstatr.o)
 .ARM.attributes
                0x00000000000008a4       0x32 e:/st/stm32cubeide_1.7.0/stm32cubeide/plugins/com.st.stm32cube.ide.mcu.externaltools.gnu-tools-for-stm32.9-2020-q2-update.win32_2.0.0.202105311346/tools/bin/../lib/gcc/arm-none-eabi/9.3.1/../../../../arm-none-eabi/lib/thumb/v7e-m+dp/hard\libc_nano.a(lib_a-isattyr.o)
 .ARM.attributes
                0x00000000000008d6       0x32 e:/st/stm32cubeide_1.7.0/stm32cubeide/plugins/com.st.stm32cube.ide.mcu.externaltools.gnu-tools-for-stm32.9-2020-q2-update.win32_2.0.0.202105311346/tools/bin/../lib/gcc/arm-none-eabi/9.3.1/../../../../arm-none-eabi/lib/thumb/v7e-m+dp/hard\libc_nano.a(lib_a-lseekr.o)
 .ARM.attributes
                0x0000000000000908       0x32 e:/st/stm32cubeide_1.7.0/stm32cubeide/plugins/com.st.stm32cube.ide.mcu.externaltools.gnu-tools-for-stm32.9-2020-q2-update.win32_2.0.0.202105311346/tools/bin/../lib/gcc/arm-none-eabi/9.3.1/../../../../arm-none-eabi/lib/thumb/v7e-m+dp/hard\libc_nano.a(lib_a-readr.o)
 .ARM.attributes
                0x000000000000093a       0x1e e:/st/stm32cubeide_1.7.0/stm32cubeide/plugins/com.st.stm32cube.ide.mcu.externaltools.gnu-tools-for-stm32.9-2020-q2-update.win32_2.0.0.202105311346/tools/bin/../lib/gcc/arm-none-eabi/9.3.1/thumb/v7e-m+dp/hard/crtn.o
OUTPUT(driver_CM7.elf elf32-littlearm)
LOAD linker stubs
LOAD e:/st/stm32cubeide_1.7.0/stm32cubeide/plugins/com.st.stm32cube.ide.mcu.externaltools.gnu-tools-for-stm32.9-2020-q2-update.win32_2.0.0.202105311346/tools/bin/../lib/gcc/arm-none-eabi/9.3.1/../../../../arm-none-eabi/lib/thumb/v7e-m+dp/hard\libc.a
LOAD e:/st/stm32cubeide_1.7.0/stm32cubeide/plugins/com.st.stm32cube.ide.mcu.externaltools.gnu-tools-for-stm32.9-2020-q2-update.win32_2.0.0.202105311346/tools/bin/../lib/gcc/arm-none-eabi/9.3.1/../../../../arm-none-eabi/lib/thumb/v7e-m+dp/hard\libm.a
LOAD e:/st/stm32cubeide_1.7.0/stm32cubeide/plugins/com.st.stm32cube.ide.mcu.externaltools.gnu-tools-for-stm32.9-2020-q2-update.win32_2.0.0.202105311346/tools/bin/../lib/gcc/arm-none-eabi/9.3.1/thumb/v7e-m+dp/hard\libgcc.a

.debug_info     0x0000000000000000     0x79d8
 .debug_info    0x0000000000000000     0x12ca ./Src/Bluetooh.o
 .debug_info    0x00000000000012ca     0x1600 ./Src/Clock.o
 .debug_info    0x00000000000028ca      0xa1d ./Src/Gpio.o
 .debug_info    0x00000000000032e7      0x19b ./Src/Systick.o
 .debug_info    0x0000000000003482     0x1c42 ./Src/Uart_new.o
 .debug_info    0x00000000000050c4      0x298 ./Src/User_led.o
 .debug_info    0x000000000000535c      0xc8d ./Src/main.o
 .debug_info    0x0000000000005fe9      0xfa8 ./Src/syscalls.o
 .debug_info    0x0000000000006f91      0xa25 ./Src/sysmem.o
 .debug_info    0x00000000000079b6       0x22 ./Startup/startup_stm32h745zitx.o

.debug_abbrev   0x0000000000000000     0x14ce
 .debug_abbrev  0x0000000000000000      0x2c1 ./Src/Bluetooh.o
 .debug_abbrev  0x00000000000002c1      0x3a7 ./Src/Clock.o
 .debug_abbrev  0x0000000000000668      0x1df ./Src/Gpio.o
 .debug_abbrev  0x0000000000000847      0x107 ./Src/Systick.o
 .debug_abbrev  0x000000000000094e      0x38c ./Src/Uart_new.o
 .debug_abbrev  0x0000000000000cda      0x12a ./Src/User_led.o
 .debug_abbrev  0x0000000000000e04      0x273 ./Src/main.o
 .debug_abbrev  0x0000000000001077      0x286 ./Src/syscalls.o
 .debug_abbrev  0x00000000000012fd      0x1bf ./Src/sysmem.o
 .debug_abbrev  0x00000000000014bc       0x12 ./Startup/startup_stm32h745zitx.o

.debug_aranges  0x0000000000000000      0x510
 .debug_aranges
                0x0000000000000000       0x90 ./Src/Bluetooh.o
 .debug_aranges
                0x0000000000000090      0x148 ./Src/Clock.o
 .debug_aranges
                0x00000000000001d8       0x88 ./Src/Gpio.o
 .debug_aranges
                0x0000000000000260       0x20 ./Src/Systick.o
 .debug_aranges
                0x0000000000000280      0x108 ./Src/Uart_new.o
 .debug_aranges
                0x0000000000000388       0x68 ./Src/User_led.o
 .debug_aranges
                0x00000000000003f0       0x30 ./Src/main.o
 .debug_aranges
                0x0000000000000420       0xa8 ./Src/syscalls.o
 .debug_aranges
                0x00000000000004c8       0x20 ./Src/sysmem.o
 .debug_aranges
                0x00000000000004e8       0x28 ./Startup/startup_stm32h745zitx.o

.debug_ranges   0x0000000000000000      0x490
 .debug_ranges  0x0000000000000000       0x80 ./Src/Bluetooh.o
 .debug_ranges  0x0000000000000080      0x138 ./Src/Clock.o
 .debug_ranges  0x00000000000001b8       0x78 ./Src/Gpio.o
 .debug_ranges  0x0000000000000230       0x10 ./Src/Systick.o
 .debug_ranges  0x0000000000000240      0x110 ./Src/Uart_new.o
 .debug_ranges  0x0000000000000350       0x58 ./Src/User_led.o
 .debug_ranges  0x00000000000003a8       0x20 ./Src/main.o
 .debug_ranges  0x00000000000003c8       0x98 ./Src/syscalls.o
 .debug_ranges  0x0000000000000460       0x10 ./Src/sysmem.o
 .debug_ranges  0x0000000000000470       0x20 ./Startup/startup_stm32h745zitx.o

.debug_macro    0x0000000000000000    0x2b981
 .debug_macro   0x0000000000000000      0x1f3 ./Src/Bluetooh.o
 .debug_macro   0x00000000000001f3      0xad2 ./Src/Bluetooh.o
 .debug_macro   0x0000000000000cc5       0x10 ./Src/Bluetooh.o
 .debug_macro   0x0000000000000cd5       0x49 ./Src/Bluetooh.o
 .debug_macro   0x0000000000000d1e       0x22 ./Src/Bluetooh.o
 .debug_macro   0x0000000000000d40       0x8e ./Src/Bluetooh.o
 .debug_macro   0x0000000000000dce       0x51 ./Src/Bluetooh.o
 .debug_macro   0x0000000000000e1f      0x103 ./Src/Bluetooh.o
 .debug_macro   0x0000000000000f22       0x6a ./Src/Bluetooh.o
 .debug_macro   0x0000000000000f8c      0x1df ./Src/Bluetooh.o
 .debug_macro   0x000000000000116b       0x1c ./Src/Bluetooh.o
 .debug_macro   0x0000000000001187       0x22 ./Src/Bluetooh.o
 .debug_macro   0x00000000000011a9      0x101 ./Src/Bluetooh.o
 .debug_macro   0x00000000000012aa     0x1305 ./Src/Bluetooh.o
 .debug_macro   0x00000000000025af      0x11f ./Src/Bluetooh.o
 .debug_macro   0x00000000000026ce       0x27 ./Src/Bluetooh.o
 .debug_macro   0x00000000000026f5    0x26895 ./Src/Bluetooh.o
 .debug_macro   0x0000000000028f8a       0x22 ./Src/Bluetooh.o
 .debug_macro   0x0000000000028fac       0x16 ./Src/Bluetooh.o
 .debug_macro   0x0000000000028fc2       0x52 ./Src/Bluetooh.o
 .debug_macro   0x0000000000029014       0x17 ./Src/Bluetooh.o
 .debug_macro   0x000000000002902b       0x3c ./Src/Bluetooh.o
 .debug_macro   0x0000000000029067       0x34 ./Src/Bluetooh.o
 .debug_macro   0x000000000002909b      0x174 ./Src/Bluetooh.o
 .debug_macro   0x000000000002920f       0x16 ./Src/Bluetooh.o
 .debug_macro   0x0000000000029225       0x43 ./Src/Bluetooh.o
 .debug_macro   0x0000000000029268       0x34 ./Src/Bluetooh.o
 .debug_macro   0x000000000002929c       0x10 ./Src/Bluetooh.o
 .debug_macro   0x00000000000292ac       0x58 ./Src/Bluetooh.o
 .debug_macro   0x0000000000029304       0x71 ./Src/Bluetooh.o
 .debug_macro   0x0000000000029375       0x1c ./Src/Bluetooh.o
 .debug_macro   0x0000000000029391      0x12a ./Src/Bluetooh.o
 .debug_macro   0x00000000000294bb      0x333 ./Src/Bluetooh.o
 .debug_macro   0x00000000000297ee       0x10 ./Src/Bluetooh.o
 .debug_macro   0x00000000000297fe       0x35 ./Src/Bluetooh.o
 .debug_macro   0x0000000000029833       0x20 ./Src/Bluetooh.o
 .debug_macro   0x0000000000029853       0x16 ./Src/Bluetooh.o
 .debug_macro   0x0000000000029869       0x16 ./Src/Bluetooh.o
 .debug_macro   0x000000000002987f       0x29 ./Src/Bluetooh.o
 .debug_macro   0x00000000000298a8      0x27e ./Src/Clock.o
 .debug_macro   0x0000000000029b26       0x16 ./Src/Clock.o
 .debug_macro   0x0000000000029b3c       0x97 ./Src/Clock.o
 .debug_macro   0x0000000000029bd3       0xfd ./Src/Clock.o
 .debug_macro   0x0000000000029cd0       0x10 ./Src/Clock.o
 .debug_macro   0x0000000000029ce0       0x10 ./Src/Clock.o
 .debug_macro   0x0000000000029cf0       0x1c ./Src/Clock.o
 .debug_macro   0x0000000000029d0c       0x52 ./Src/Clock.o
 .debug_macro   0x0000000000029d5e       0x22 ./Src/Clock.o
 .debug_macro   0x0000000000029d80       0x10 ./Src/Clock.o
 .debug_macro   0x0000000000029d90       0x40 ./Src/Clock.o
 .debug_macro   0x0000000000029dd0       0xd5 ./Src/Clock.o
 .debug_macro   0x0000000000029ea5       0x1c ./Src/Clock.o
 .debug_macro   0x0000000000029ec1       0x3d ./Src/Clock.o
 .debug_macro   0x0000000000029efe       0x16 ./Src/Clock.o
 .debug_macro   0x0000000000029f14      0x145 ./Src/Clock.o
 .debug_macro   0x000000000002a059      0x118 ./Src/Gpio.o
 .debug_macro   0x000000000002a171       0xef ./Src/Systick.o
 .debug_macro   0x000000000002a260      0x25e ./Src/Uart_new.o
 .debug_macro   0x000000000002a4be       0xe0 ./Src/User_led.o
 .debug_macro   0x000000000002a59e      0x1d7 ./Src/main.o
 .debug_macro   0x000000000002a775      0x10e ./Src/main.o
 .debug_macro   0x000000000002a883       0x8d ./Src/main.o
 .debug_macro   0x000000000002a910      0x24c ./Src/syscalls.o
 .debug_macro   0x000000000002ab5c       0x4c ./Src/syscalls.o
 .debug_macro   0x000000000002aba8       0x94 ./Src/syscalls.o
 .debug_macro   0x000000000002ac3c       0x57 ./Src/syscalls.o
 .debug_macro   0x000000000002ac93      0x339 ./Src/syscalls.o
 .debug_macro   0x000000000002afcc       0x10 ./Src/syscalls.o
 .debug_macro   0x000000000002afdc       0x10 ./Src/syscalls.o
 .debug_macro   0x000000000002afec       0x10 ./Src/syscalls.o
 .debug_macro   0x000000000002affc       0x35 ./Src/syscalls.o
 .debug_macro   0x000000000002b031      0x12c ./Src/syscalls.o
 .debug_macro   0x000000000002b15d       0x10 ./Src/syscalls.o
 .debug_macro   0x000000000002b16d      0x241 ./Src/syscalls.o
 .debug_macro   0x000000000002b3ae       0x1c ./Src/syscalls.o
 .debug_macro   0x000000000002b3ca       0x10 ./Src/syscalls.o
 .debug_macro   0x000000000002b3da      0x189 ./Src/syscalls.o
 .debug_macro   0x000000000002b563       0x16 ./Src/syscalls.o
 .debug_macro   0x000000000002b579       0xce ./Src/syscalls.o
 .debug_macro   0x000000000002b647       0xff ./Src/sysmem.o
 .debug_macro   0x000000000002b746      0x23b ./Src/sysmem.o

.debug_line     0x0000000000000000     0x56bf
 .debug_line    0x0000000000000000      0xd2b ./Src/Bluetooh.o
 .debug_line    0x0000000000000d2b     0x1067 ./Src/Clock.o
 .debug_line    0x0000000000001d92      0xbcf ./Src/Gpio.o
 .debug_line    0x0000000000002961      0x547 ./Src/Systick.o
 .debug_line    0x0000000000002ea8      0xd63 ./Src/Uart_new.o
 .debug_line    0x0000000000003c0b      0x607 ./Src/User_led.o
 .debug_line    0x0000000000004212      0x739 ./Src/main.o
 .debug_line    0x000000000000494b      0x7fd ./Src/syscalls.o
 .debug_line    0x0000000000005148      0x4f3 ./Src/sysmem.o
 .debug_line    0x000000000000563b       0x84 ./Startup/startup_stm32h745zitx.o

.debug_str      0x0000000000000000    0xf26eb
 .debug_str     0x0000000000000000    0xee92a ./Src/Bluetooh.o
                                      0xeec6a (size before relaxing)
 .debug_str     0x00000000000ee92a     0x14ed ./Src/Clock.o
                                      0xefe6c (size before relaxing)
 .debug_str     0x00000000000efe17      0x1d4 ./Src/Gpio.o
                                      0xeb8b3 (size before relaxing)
 .debug_str     0x00000000000effeb       0xbe ./Src/Systick.o
                                      0xeb513 (size before relaxing)
 .debug_str     0x00000000000f00a9      0xe0d ./Src/Uart_new.o
                                      0xefc52 (size before relaxing)
 .debug_str     0x00000000000f0eb6       0x82 ./Src/User_led.o
                                      0xeb568 (size before relaxing)
 .debug_str     0x00000000000f0f38       0x69 ./Src/main.o
                                      0xeeb98 (size before relaxing)
 .debug_str     0x00000000000f0fa1     0x1670 ./Src/syscalls.o
                                       0x8f26 (size before relaxing)
 .debug_str     0x00000000000f2611       0x66 ./Src/sysmem.o
                                       0x62f9 (size before relaxing)
 .debug_str     0x00000000000f2677       0x74 ./Startup/startup_stm32h745zitx.o

.comment        0x0000000000000000       0x53
 .comment       0x0000000000000000       0x53 ./Src/Bluetooh.o
                                         0x54 (size before relaxing)
 .comment       0x0000000000000053       0x54 ./Src/Clock.o
 .comment       0x0000000000000053       0x54 ./Src/Gpio.o
 .comment       0x0000000000000053       0x54 ./Src/Systick.o
 .comment       0x0000000000000053       0x54 ./Src/Uart_new.o
 .comment       0x0000000000000053       0x54 ./Src/User_led.o
 .comment       0x0000000000000053       0x54 ./Src/main.o
 .comment       0x0000000000000053       0x54 ./Src/syscalls.o
 .comment       0x0000000000000053       0x54 ./Src/sysmem.o

.debug_frame    0x0000000000000000     0x1d78
 .debug_frame   0x0000000000000000      0x268 ./Src/Bluetooh.o
 .debug_frame   0x0000000000000268      0x578 ./Src/Clock.o
 .debug_frame   0x00000000000007e0      0x240 ./Src/Gpio.o
 .debug_frame   0x0000000000000a20       0x34 ./Src/Systick.o
 .debug_frame   0x0000000000000a54      0x448 ./Src/Uart_new.o
 .debug_frame   0x0000000000000e9c      0x12c ./Src/User_led.o
 .debug_frame   0x0000000000000fc8       0x74 ./Src/main.o
 .debug_frame   0x000000000000103c      0x2ac ./Src/syscalls.o
 .debug_frame   0x00000000000012e8       0x34 ./Src/sysmem.o
 .debug_frame   0x000000000000131c       0x20 e:/st/stm32cubeide_1.7.0/stm32cubeide/plugins/com.st.stm32cube.ide.mcu.externaltools.gnu-tools-for-stm32.9-2020-q2-update.win32_2.0.0.202105311346/tools/bin/../lib/gcc/arm-none-eabi/9.3.1/../../../../arm-none-eabi/lib/thumb/v7e-m+dp/hard\libc_nano.a(lib_a-errno.o)
 .debug_frame   0x000000000000133c       0x2c e:/st/stm32cubeide_1.7.0/stm32cubeide/plugins/com.st.stm32cube.ide.mcu.externaltools.gnu-tools-for-stm32.9-2020-q2-update.win32_2.0.0.202105311346/tools/bin/../lib/gcc/arm-none-eabi/9.3.1/../../../../arm-none-eabi/lib/thumb/v7e-m+dp/hard\libc_nano.a(lib_a-init.o)
 .debug_frame   0x0000000000001368       0x30 e:/st/stm32cubeide_1.7.0/stm32cubeide/plugins/com.st.stm32cube.ide.mcu.externaltools.gnu-tools-for-stm32.9-2020-q2-update.win32_2.0.0.202105311346/tools/bin/../lib/gcc/arm-none-eabi/9.3.1/../../../../arm-none-eabi/lib/thumb/v7e-m+dp/hard\libc_nano.a(lib_a-malloc.o)
 .debug_frame   0x0000000000001398       0x20 e:/st/stm32cubeide_1.7.0/stm32cubeide/plugins/com.st.stm32cube.ide.mcu.externaltools.gnu-tools-for-stm32.9-2020-q2-update.win32_2.0.0.202105311346/tools/bin/../lib/gcc/arm-none-eabi/9.3.1/../../../../arm-none-eabi/lib/thumb/v7e-m+dp/hard\libc_nano.a(lib_a-memset.o)
 .debug_frame   0x00000000000013b8       0x38 e:/st/stm32cubeide_1.7.0/stm32cubeide/plugins/com.st.stm32cube.ide.mcu.externaltools.gnu-tools-for-stm32.9-2020-q2-update.win32_2.0.0.202105311346/tools/bin/../lib/gcc/arm-none-eabi/9.3.1/../../../../arm-none-eabi/lib/thumb/v7e-m+dp/hard\libc_nano.a(lib_a-nano-freer.o)
 .debug_frame   0x00000000000013f0       0x30 e:/st/stm32cubeide_1.7.0/stm32cubeide/plugins/com.st.stm32cube.ide.mcu.externaltools.gnu-tools-for-stm32.9-2020-q2-update.win32_2.0.0.202105311346/tools/bin/../lib/gcc/arm-none-eabi/9.3.1/../../../../arm-none-eabi/lib/thumb/v7e-m+dp/hard\libc_nano.a(lib_a-nano-mallocr.o)
 .debug_frame   0x0000000000001420       0x2c e:/st/stm32cubeide_1.7.0/stm32cubeide/plugins/com.st.stm32cube.ide.mcu.externaltools.gnu-tools-for-stm32.9-2020-q2-update.win32_2.0.0.202105311346/tools/bin/../lib/gcc/arm-none-eabi/9.3.1/../../../../arm-none-eabi/lib/thumb/v7e-m+dp/hard\libc_nano.a(lib_a-sbrkr.o)