Archive member included to satisfy reference by file (symbol)

e:/st/stm32cubeide_1.7.0/stm32cubeide/plugins/com.st.stm32cube.ide.mcu.externaltools.gnu-tools-for-stm32.9-2020-q2-update.win32_2.0.0.202105311346/tools/bin/../lib/gcc/arm-none-eabi/9.3.1/../../../../arm-none-eabi/lib/thumb/v7e-m+dp/hard\libc_nano.a(lib_a-errno.o)
                              ./Src/syscalls.o (__errno)
e:/st/stm32cubeide_1.7.0/stm32cubeide/plugins/com.st.stm32cube.ide.mcu.externaltools.gnu-tools-for-stm32.9-2020-q2-update.win32_2.0.0.202105311346/tools/bin/../lib/gcc/arm-none-eabi/9.3.1/../../../../arm-none-eabi/lib/thumb/v7e-m+dp/hard\libc_nano.a(lib_a-exit.o)
                              e:/st/stm32cubeide_1.7.0/stm32cubeide/plugins/com.st.stm32cube.ide.mcu.externaltools.gnu-tools-for-stm32.9-2020-q2-update.win32_2.0.0.202105311346/tools/bin/../lib/gcc/arm-none-eabi/9.3.1/../../../../arm-none-eabi/lib/thumb/v7e-m+dp/hard/crt0.o (exit)
e:/st/stm32cubeide_1.7.0/stm32cubeide/plugins/com.st.stm32cube.ide.mcu.externaltools.gnu-tools-for-stm32.9-2020-q2-update.win32_2.0.0.202105311346/tools/bin/../lib/gcc/arm-none-eabi/9.3.1/../../../../arm-none-eabi/lib/thumb/v7e-m+dp/hard\libc_nano.a(lib_a-impure.o)
                              e:/st/stm32cubeide_1.7.0/stm32cubeide/plugins/com.st.stm32cube.ide.mcu.externaltools.gnu-tools-for-stm32.9-2020-q2-update.win32_2.0.0.202105311346/tools/bin/../lib/gcc/arm-none-eabi/9.3.1/../../../../arm-none-eabi/lib/thumb/v7e-m+dp/hard\libc_nano.a(lib_a-exit.o) (_global_impure_ptr)
e:/st/stm32cubeide_1.7.0/stm32cubeide/plugins/com.st.stm32cube.ide.mcu.externaltools.gnu-tools-for-stm32.9-2020-q2-update.win32_2.0.0.202105311346/tools/bin/../lib/gcc/arm-none-eabi/9.3.1/../../../../arm-none-eabi/lib/thumb/v7e-m+dp/hard\libc_nano.a(lib_a-init.o)
                              e:/st/stm32cubeide_1.7.0/stm32cubeide/plugins/com.st.stm32cube.ide.mcu.externaltools.gnu-tools-for-stm32.9-2020-q2-update.win32_2.0.0.202105311346/tools/bin/../lib/gcc/arm-none-eabi/9.3.1/../../../../arm-none-eabi/lib/thumb/v7e-m+dp/hard/crt0.o (__libc_init_array)
e:/st/stm32cubeide_1.7.0/stm32cubeide/plugins/com.st.stm32cube.ide.mcu.externaltools.gnu-tools-for-stm32.9-2020-q2-update.win32_2.0.0.202105311346/tools/bin/../lib/gcc/arm-none-eabi/9.3.1/../../../../arm-none-eabi/lib/thumb/v7e-m+dp/hard\libc_nano.a(lib_a-malloc.o)
                              ./Src/Uart_new.o (malloc)
e:/st/stm32cubeide_1.7.0/stm32cubeide/plugins/com.st.stm32cube.ide.mcu.externaltools.gnu-tools-for-stm32.9-2020-q2-update.win32_2.0.0.202105311346/tools/bin/../lib/gcc/arm-none-eabi/9.3.1/../../../../arm-none-eabi/lib/thumb/v7e-m+dp/hard\libc_nano.a(lib_a-memset.o)
                              e:/st/stm32cubeide_1.7.0/stm32cubeide/plugins/com.st.stm32cube.ide.mcu.externaltools.gnu-tools-for-stm32.9-2020-q2-update.win32_2.0.0.202105311346/tools/bin/../lib/gcc/arm-none-eabi/9.3.1/../../../../arm-none-eabi/lib/thumb/v7e-m+dp/hard/crt0.o (memset)
e:/st/stm32cubeide_1.7.0/stm32cubeide/plugins/com.st.stm32cube.ide.mcu.externaltools.gnu-tools-for-stm32.9-2020-q2-update.win32_2.0.0.202105311346/tools/bin/../lib/gcc/arm-none-eabi/9.3.1/../../../../arm-none-eabi/lib/thumb/v7e-m+dp/hard\libc_nano.a(lib_a-nano-freer.o)
                              e:/st/stm32cubeide_1.7.0/stm32cubeide/plugins/com.st.stm32cube.ide.mcu.externaltools.gnu-tools-for-stm32.9-2020-q2-update.win32_2.0.0.202105311346/tools/bin/../lib/gcc/arm-none-eabi/9.3.1/../../../../arm-none-eabi/lib/thumb/v7e-m+dp/hard\libc_nano.a(lib_a-malloc.o) (_free_r)
e:/st/stm32cubeide_1.7.0/stm32cubeide/plugins/com.st.stm32cube.ide.mcu.externaltools.gnu-tools-for-stm32.9-2020-q2-update.win32_2.0.0.202105311346/tools/bin/../lib/gcc/arm-none-eabi/9.3.1/../../../../arm-none-eabi/lib/thumb/v7e-m+dp/hard\libc_nano.a(lib_a-nano-mallocr.o)
                              e:/st/stm32cubeide_1.7.0/stm32cubeide/plugins/com.st.stm32cube.ide.mcu.externaltools.gnu-tools-for-stm32.9-2020-q2-update.win32_2.0.0.202105311346/tools/bin/../lib/gcc/arm-none-eabi/9.3.1/../../../../arm-none-eabi/lib/thumb/v7e-m+dp/hard\libc_nano.a(lib_a-malloc.o) (_malloc_r)
e:/st/stm32cubeide_1.7.0/stm32cubeide/plugins/com.st.stm32cube.ide.mcu.externaltools.gnu-tools-for-stm32.9-2020-q2-update.win32_2.0.0.202105311346/tools/bin/../lib/gcc/arm-none-eabi/9.3.1/../../../../arm-none-eabi/lib/thumb/v7e-m+dp/hard\libc_nano.a(lib_a-sbrkr.o)
                              e:/st/stm32cubeide_1.7.0/stm32cubeide/plugins/com.st.stm32cube.ide.mcu.externaltools.gnu-tools-for-stm32.9-2020-q2-update.win32_2.0.0.202105311346/tools/bin/../lib/gcc/arm-none-eabi/9.3.1/../../../../arm-none-eabi/lib/thumb/v7e-m+dp/hard\libc_nano.a(lib_a-nano-mallocr.o) (_sbrk_r)
e:/st/stm32cubeide_1.7.0/stm32cubeide/plugins/com.st.stm32cube.ide.mcu.externaltools.gnu-tools-for-stm32.9-2020-q2-update.win32_2.0.0.202105311346/tools/bin/../lib/gcc/arm-none-eabi/9.3.1/../../../../arm-none-eabi/lib/thumb/v7e-m+dp/hard\libc_nano.a(lib_a-strcpy.o)
                              ./Src/main.o (strcpy)
[...]
Memory Configuration

Name             Origin             Length             Attributes
RAM_D1           0x0000000024000000 0x0000000000080000 xrw
FLASH            0x0000000008000000 0x0000000000100000 xr
DTCMRAM          0x0000000020000000 0x0000000000020000 xrw
RAM_D2           0x0000000030000000 0x0000000000048000 xrw
RAM_D3           0x0000000038000000 0x0000000000010000 xrw
ITCMRAM          0x0000000000000000 0x0000000000010000 xrw
*default*        0x0000000000000000 0xffffffffffffffff

Linker script and memory map

LOAD e:/st/stm32cubeide_1.7.0/stm32cubeide/plugins/com.st.stm32cube.ide.mcu.externaltools.gnu-tools-for-stm32.9-2020-q2-update.win32_2.0.0.202105311346/tools/bin/../lib/gcc/arm-none-eabi/9.3.1/thumb/v7e-m+dp/hard/crti.o
LOAD e:/st/stm32cubeide_1.7.0/stm32cubeide/plugins/com.st.stm32cube.ide.mcu.externaltools.gnu-tools-for-stm32.9-2020-q2-update.win32_2.0.0.202105311346/tools/bin/../lib/gcc/arm-none-eabi/9.3.1/thumb/v7e-m+dp/hard/crtbegin.o
LOAD e:/st/stm32cubeide_1.7.0/stm32cubeide/plugins/com.st.stm32cube.ide.mcu.externaltools.gnu-tools-for-stm32.9-2020-q2-update.win32_2.0.0.202105311346/tools/bin/../lib/gcc/arm-none-eabi/9.3.1/../../../../arm-none-eabi/lib/thumb/v7e-m+dp/hard/crt0.o
LOAD ./Src/Clock.o
LOAD ./Src/Control.o
LOAD ./Src/Gpio.o
LOAD ./Src/Systick.o
LOAD ./Src/Uart_new.o
LOAD ./Src/User_led.o
LOAD ./Src/main.o
LOAD ./Src/syscalls.o
LOAD ./Src/sysmem.o
LOAD ./Startup/startup_stm32h745zitx.o
START GROUP
LOAD e:/st/stm32cubeide_1.7.0/stm32cubeide/plugins/com.st.stm32cube.ide.mcu.externaltools.gnu-tools-for-stm32.9-2020-q2-update.win32_2.0.0.202105311346/tools/bin/../lib/gcc/arm-none-eabi/9.3.1/../../../../arm-none-eabi/lib/thumb/v7e-m+dp/hard\libc_nano.a
LOAD e:/st/stm32cubeide_1.7.0/stm32cubeide/plugins/com.st.stm32cube.ide.mcu.externaltools.gnu-tools-for-stm32.9-2020-q2-update.win32_2.0.0.202105311346/tools/bin/../lib/gcc/arm-none-eabi/9.3.1/../../../../arm-none-eabi/lib/thumb/v7e-m+dp/hard\libm.a
END GROUP
START GROUP
LOAD e:/st/stm32cubeide_1.7.0/stm32cubeide/plugins/com.st.stm32cube.ide.mcu.externaltools.gnu-tools-for-stm32.9-2020-q2-update.win32_2.0.0.202105311346/tools/bin/../lib/gcc/arm-none-eabi/9.3.1/thumb/v7e-m+dp/hard\libgcc.a
LOAD e:/st/stm32cubeide_1.7.0/stm32cubeide/plugins/com.st.stm32cube.ide.mcu.externaltools.gnu-tools-for-stm32.9-2020-q2-update.win32_2.0.0.202105311346/tools/bin/../lib/gcc/arm-none-eabi/9.3.1/../../../../arm-none-eabi/lib/thumb/v7e-m+dp/hard\libc_nano.a
END GROUP
START GROUP
LOAD e:/st/stm32cubeide_1.7.0/stm32cubeide/plugins/com.st.stm32cube.ide.mcu.externaltools.gnu-tools-for-stm32.9-2020-q2-update.win32_2.0.0.202105311346/tools/bin/../lib/gcc/arm-none-eabi/9.3.1/thumb/v7e-m+dp/hard\libgcc.a
LOAD e:/st/stm32cubeide_1.7.0/stm32cubeide/plugins/com.st.stm32cube.ide.mcu.externaltools.gnu-tools-for-stm32.9-2020-q2-update.win32_2.0.0.202105311346/tools/bin/../lib/gcc/arm-none-eabi/9.3.1/../../../../arm-none-eabi/lib/thumb/v7e-m+dp/hard\libc_nano.a
LOAD e:/st/stm32cubeide_1.7.0/stm32cubeide/plugins/com.st.stm32cube.ide.mcu.externaltools.gnu-tools-for-stm32.9-2020-q2-update.win32_2.0.0.202105311346/tools/bin/../lib/gcc/arm-none-eabi/9.3.1/../../../../arm-none-eabi/lib/thumb/v7e-m+dp/hard\libnosys.a
END GROUP
START GROUP
LOAD e:/st/stm32cubeide_1.7.0/stm32cubeide/plugins/com.st.stm32cube.ide.mcu.externaltools.gnu-tools-for-stm32.9-2020-q2-update.win32_2.0.0.202105311346/tools/bin/../lib/gcc/arm-none-eabi/9.3.1/thumb/v7e-m+dp/hard\libgcc.a
LOAD e:/st/stm32cubeide_1.7.0/stm32cubeide/plugins/com.st.stm32cube.ide.mcu.externaltools.gnu-tools-for-stm32.9-2020-q2-update.win32_2.0.0.202105311346/tools/bin/../lib/gcc/arm-none-eabi/9.3.1/../../../../arm-none-eabi/lib/thumb/v7e-m+dp/hard\libc_nano.a
LOAD e:/st/stm32cubeide_1.7.0/stm32cubeide/plugins/com.st.stm32cube.ide.mcu.externaltools.gnu-tools-for-stm32.9-2020-q2-update.win32_2.0.0.202105311346/tools/bin/../lib/gcc/arm-none-eabi/9.3.1/../../../../arm-none-eabi/lib/thumb/v7e-m+dp/hard\libnosys.a
END GROUP
LOAD e:/st/stm32cubeide_1.7.0/stm32cubeide/plugins/com.st.stm32cube.ide.mcu.externaltools.gnu-tools-for-stm32.9-2020-q2-update.win32_2.0.0.202105311346/tools/bin/../lib/gcc/arm-none-eabi/9.3.1/thumb/v7e-m+dp/hard/crtend.o
LOAD e:/st/stm32cubeide_1.7.0/stm32cubeide/plugins/com.st.stm32cube.ide.mcu.externaltools.gnu-tools-for-stm32.9-2020-q2-update.win32_2.0.0.202105311346/tools/bin/../lib/gcc/arm-none-eabi/9.3.1/thumb/v7e-m+dp/hard/crtn.o
                0x0000000024080000                _estack = (ORIGIN (RAM_D1) + LENGTH (RAM_D1))
                0x0000000000000200                _Min_Heap_Size = 0x200
                0x0000000000000400                _Min_Stack_Size = 0x400

.isr_vector     0x0000000008000000      0x298
                0x0000000008000000                . = ALIGN (0x4)
 *(.isr_vector)
 .isr_vector    0x0000000008000000      0x298 ./Startup/startup_stm32h745zitx.o
                0x0000000008000000                g_pfnVectors
                0x0000000008000298                . = ALIGN (0x4)

.text           0x0000000008000298     0x22c0
                0x0000000008000298                . = ALIGN (0x4)
 *(.text)
 .text          0x0000000008000298       0x40 e:/st/stm32cubeide_1.7.0/stm32cubeide/plugins/com.st.stm32cube.ide.mcu.externaltools.gnu-tools-for-stm32.9-2020-q2-update.win32_2.0.0.202105311346/tools/bin/../lib/gcc/arm-none-eabi/9.3.1/thumb/v7e-m+dp/hard/crtbegin.o
 *(.text*)
 .text.decimalToBinary
                0x00000000080002d8       0x5a ./Src/Clock.o
                0x00000000080002d8                decimalToBinary
 *fill*         0x0000000008000332        0x2 
 .text.PLLSRC_Select
                0x0000000008000334       0x98 ./Src/Clock.o
                0x0000000008000334                PLLSRC_Select
 .text.DIVM1    0x00000000080003cc       0x98 ./Src/Clock.o
                0x00000000080003cc                DIVM1
 .text.SystemClockStatus
                0x0000000008000464      0x150 ./Src/Clock.o
                0x0000000008000464                SystemClockStatus
 .text.PLL1DIVR
                0x00000000080005b4      0x1a4 ./Src/Clock.o
                0x00000000080005b4                PLL1DIVR
 .text.input_frequency_range
                0x0000000008000758       0xb8 ./Src/Clock.o
                0x0000000008000758                input_frequency_range
 .text.PLL1VCOSEL
                0x0000000008000810       0x3c ./Src/Clock.o
                0x0000000008000810                PLL1VCOSEL
 .text.enable_PLL1_OutputDividers
                0x000000000800084c       0x38 ./Src/Clock.o
                0x000000000800084c                enable_PLL1_OutputDividers
 .text.enable_PLL1_FractionalDivider
                0x0000000008000884       0x20 ./Src/Clock.o
                0x0000000008000884                enable_PLL1_FractionalDivider
 .text.StartPLL1
                0x00000000080008a4       0x30 ./Src/Clock.o
                0x00000000080008a4                StartPLL1
 .text.D1CFGR_D1CPRE
                0x00000000080008d4      0x244 ./Src/Clock.o
                0x00000000080008d4                D1CFGR_D1CPRE
 .text.D1CFGR_HPRE
                0x0000000008000b18      0x244 ./Src/Clock.o
                0x0000000008000b18                D1CFGR_HPRE
 .text.D1PPRE   0x0000000008000d5c      0x118 ./Src/Clock.o
                0x0000000008000d5c                D1PPRE
 .text.D2PPRE1  0x0000000008000e74      0x118 ./Src/Clock.o
                0x0000000008000e74                D2PPRE1
 .text.D3PPRE   0x0000000008000f8c      0x118 ./Src/Clock.o
                0x0000000008000f8c                D3PPRE
 .text.SysClockConfig
                0x00000000080010a4       0x80 ./Src/Clock.o
                0x00000000080010a4                SysClockConfig
 .text.get_SYSCLK
                0x0000000008001124       0x30 ./Src/Clock.o
                0x0000000008001124                get_SYSCLK
 .text.SysClockAfter_D1Prescaler
                0x0000000008001154       0x28 ./Src/Clock.o
                0x0000000008001154                SysClockAfter_D1Prescaler
 .text.get_CPU1_Systick_Clock
                0x000000000800117c       0x16 ./Src/Clock.o
                0x000000000800117c                get_CPU1_Systick_Clock
 .text.get_SysClock_AfterHPRE_Prescaler
                0x0000000008001192       0x28 ./Src/Clock.o
                0x0000000008001192                get_SysClock_AfterHPRE_Prescaler
 .text.get_APB1_Preipheral_Clock
                0x00000000080011ba       0x28 ./Src/Clock.o
                0x00000000080011ba                get_APB1_Preipheral_Clock
 .text.get_APB2_Preipheral_Clock
                0x00000000080011e2       0x28 ./Src/Clock.o
                0x00000000080011e2                get_APB2_Preipheral_Clock
 *fill*         0x000000000800120a        0x2 
 .text.enablePORT
                0x000000000800120c      0x210 ./Src/Gpio.o
                0x000000000800120c                enablePORT
 .text.Set_GPIO_MODER
                0x000000000800141c       0xdc ./Src/Gpio.o
                0x000000000800141c                Set_GPIO_MODER
 .text.Get_GPIO_IDR
                0x00000000080014f8       0x32 ./Src/Gpio.o
                0x00000000080014f8                Get_GPIO_IDR
 *fill*         0x000000000800152a        0x2 
 .text.Set_GPIO_AFR
                0x000000000800152c      0x39c ./Src/Gpio.o
                0x000000000800152c                Set_GPIO_AFR
 .text.systickDelayMs
                0x00000000080018c8       0x60 ./Src/Systick.o
                0x00000000080018c8                systickDelayMs
 .text.__NVIC_EnableIRQ
                0x0000000008001928       0x3c ./Src/Uart_new.o
 .text.Uart_init
                0x0000000008001964       0xc8 ./Src/Uart_new.o
                0x0000000008001964                Uart_init
 .text.get_PerihCLK
                0x0000000008001a2c       0x38 ./Src/Uart_new.o
                0x0000000008001a2c                get_PerihCLK
 .text.sampling_mode_and_FIFO
                0x0000000008001a64       0x66 ./Src/Uart_new.o
                0x0000000008001a64                sampling_mode_and_FIFO
 *fill*         0x0000000008001aca        0x2 
 .text.enable_USART1
                0x0000000008001acc       0x24 ./Src/Uart_new.o
                0x0000000008001acc                enable_USART1
 .text.enable_USART2
                0x0000000008001af0       0x24 ./Src/Uart_new.o
                0x0000000008001af0                enable_USART2
 .text.enable_USART3
                0x0000000008001b14       0x24 ./Src/Uart_new.o
                0x0000000008001b14                enable_USART3
 .text.enable_USART4
                0x0000000008001b38       0x24 ./Src/Uart_new.o
                0x0000000008001b38                enable_USART4
 .text.enable_USART5
                0x0000000008001b5c       0x24 ./Src/Uart_new.o
                0x0000000008001b5c                enable_USART5
 .text.enable_USART6
                0x0000000008001b80       0x24 ./Src/Uart_new.o
                0x0000000008001b80                enable_USART6
 .text.enable_USART7
                0x0000000008001ba4       0x24 ./Src/Uart_new.o
                0x0000000008001ba4                enable_USART7
 .text.enable_USART8
                0x0000000008001bc8       0x24 ./Src/Uart_new.o
                0x0000000008001bc8                enable_USART8
 .text.selectedUART_enable
                0x0000000008001bec       0xdc ./Src/Uart_new.o
                0x0000000008001bec                selectedUART_enable
 .text.set_baudRate
                0x0000000008001cc8       0x24 ./Src/Uart_new.o
                0x0000000008001cc8                set_baudRate
 .text.uart_set_baudrate
                0x0000000008001cec       0x6a ./Src/Uart_new.o
 .text.compute_uart_bd
                0x0000000008001d56       0x26 ./Src/Uart_new.o
 .text.uart_send_string
                0x0000000008001d7c       0x4a ./Src/Uart_new.o
                0x0000000008001d7c                uart_send_string
 .text.uart_get_buffer
                0x0000000008001dc6       0x6e ./Src/Uart_new.o
                0x0000000008001dc6                uart_get_buffer
 .text.uart_get_buffer_BYTE
                0x0000000008001e34       0x4a ./Src/Uart_new.o
                0x0000000008001e34                uart_get_buffer_BYTE
 *fill*         0x0000000008001e7e        0x2 
 .text.UART3_rx_interrupt
                0x0000000008001e80       0x40 ./Src/Uart_new.o
                0x0000000008001e80                UART3_rx_interrupt
 .text.get_current_loc_Buffer
                0x0000000008001ec0       0xd0 ./Src/Uart_new.o
                0x0000000008001ec0                get_current_loc_Buffer
 .text.init_Buffer
                0x0000000008001f90      0x110 ./Src/Uart_new.o
                0x0000000008001f90                init_Buffer
 .text.get_Buffer
                0x00000000080020a0       0xcc ./Src/Uart_new.o
                0x00000000080020a0                get_Buffer
 .text.decrease_Buffer
                0x000000000800216c       0xf4 ./Src/Uart_new.o
                0x000000000800216c                decrease_Buffer
 .text.error    0x0000000008002260        0xa ./Src/Uart_new.o
                0x0000000008002260                error
 *fill*         0x000000000800226a        0x2 
 .text.main     0x000000000800226c       0x90 ./Src/main.o
                0x000000000800226c                main
 .text.USART3_IRQHandler
                0x00000000080022fc       0x20 ./Src/main.o
                0x00000000080022fc                USART3_IRQHandler
 .text._sbrk    0x000000000800231c       0x6c ./Src/sysmem.o
                0x000000000800231c                _sbrk
 .text.Reset_Handler
                0x0000000008002388       0x50 ./Startup/startup_stm32h745zitx.o
                0x0000000008002388                Reset_Handler
 .text.Default_Handler
                0x00000000080023d8        0x2 ./Startup/startup_stm32h745zitx.o
                0x00000000080023d8                EXTI2_IRQHandler
                0x00000000080023d8                TIM8_CC_IRQHandler
                0x00000000080023d8                DMA_STR2_IRQHandler
                0x00000000080023d8                DebugMon_Handler
                0x00000000080023d8                UART8_IRQHandler
                0x00000000080023d8                SPI4_IRQHandler
                0x00000000080023d8                HRTIM1_MST_IRQHandler
                0x00000000080023d8                HardFault_Handler
                0x00000000080023d8                DMA_STR5_IRQHandler
                0x00000000080023d8                HRTIM1_FLT_IRQHandler
                0x00000000080023d8                JPEG_IRQHandler
                0x00000000080023d8                SysTick_Handler
                0x00000000080023d8                DMA2_STR1_IRQHandler
                0x00000000080023d8                DMA2_STR5_IRQHandler
                0x00000000080023d8                HRTIM1_TIMD_IRQHandler
                0x00000000080023d8                PendSV_Handler
                0x00000000080023d8                NMI_Handler
                0x00000000080023d8                EXTI3_IRQHandler
                0x00000000080023d8                LPTIM4_IRQHandler
                0x00000000080023d8                TIM8_TRG_COM_TIM14_IRQHandler
                0x00000000080023d8                LPTIM2_IRQHandler
                0x00000000080023d8                DFSDM1_FLT1_IRQHandler
                0x00000000080023d8                DMAMUX2_OVR_IRQHandler
                0x00000000080023d8                TIM8_UP_TIM13_IRQHandler
                0x00000000080023d8                I2C3_ER_IRQHandler
                0x00000000080023d8                DFSDM1_FLT2_IRQHandler
                0x00000000080023d8                MDMA_IRQHandler
                0x00000000080023d8                LPTIM3_IRQHandler
                0x00000000080023d8                EXTI0_IRQHandler
                0x00000000080023d8                I2C2_EV_IRQHandler
                0x00000000080023d8                FPU_IRQHandler
                0x00000000080023d8                DMA_STR1_IRQHandler
                0x00000000080023d8                OTG_HS_WKUP_IRQHandler
                0x00000000080023d8                FDCAN1_IT1_IRQHandler
                0x00000000080023d8                UsageFault_Handler
                0x00000000080023d8                LTDC_ER_IRQHandler
                0x00000000080023d8                ADC1_2_IRQHandler
                0x00000000080023d8                SPI1_IRQHandler
                0x00000000080023d8                BDMA_CH2_IRQHandler
                0x00000000080023d8                TIM6_DAC_IRQHandler
                0x00000000080023d8                DCMI_IRQHandler
                0x00000000080023d8                HRTIM1_TIMC_IRQHandler
                0x00000000080023d8                SDMMC_IRQHandler
                0x00000000080023d8                RTC_ALARM_IRQHandler
                0x00000000080023d8                DMA_STR0_IRQHandler
                0x00000000080023d8                SAI2_IRQHandler
                0x00000000080023d8                DMA2_STR3_IRQHandler
                0x00000000080023d8                DFSDM1_FLT3_IRQHandler
                0x00000000080023d8                USART6_IRQHandler
                0x00000000080023d8                BDMA_CH5_IRQHandler
                0x00000000080023d8                TIM17_IRQHandler
                0x00000000080023d8                BDMA_CH6_IRQHandler
                0x00000000080023d8                WKUP_IRQHandler
                0x00000000080023d8                BDMA_CH3_IRQHandler
                0x00000000080023d8                LPTIM5_IRQHandler
                0x00000000080023d8                LPUART_IRQHandler
                0x00000000080023d8                UART5_IRQHandler
                0x00000000080023d8                ADC3_IRQHandler
                0x00000000080023d8                DMA_STR6_IRQHandler
                0x00000000080023d8                TIM4_IRQHandler
                0x00000000080023d8                QUADSPI_IRQHandler
                0x00000000080023d8                I2C1_EV_IRQHandler
                0x00000000080023d8                DMA1_STR7_IRQHandler
                0x00000000080023d8                TIM16_IRQHandler
                0x00000000080023d8                UART4_IRQHandler
                0x00000000080023d8                TIM3_IRQHandler
                0x00000000080023d8                RCC_IRQHandler
                0x00000000080023d8                TIM8_BRK_TIM12_IRQHandler
                0x00000000080023d8                TIM1_TRG_COM_IRQHandler
                0x00000000080023d8                Default_Handler
                0x00000000080023d8                HRTIM_TIMB_IRQHandler
                0x00000000080023d8                CEC_IRQHandler
                0x00000000080023d8                EXTI15_10_IRQHandler
                0x00000000080023d8                BDMA_CH4_IRQHandler
                0x00000000080023d8                DMA_STR3_IRQHandler
                0x00000000080023d8                HRTIM_TIME_IRQHandler
                0x00000000080023d8                HRTIM1_TIMA_IRQHandler
                0x00000000080023d8                SPI5_IRQHandler
                0x00000000080023d8                TIM7_IRQHandler
                0x00000000080023d8                SDMMC1_IRQHandler
                0x00000000080023d8                TIM5_IRQHandler
                0x00000000080023d8                SPDIF_IRQHandler
                0x00000000080023d8                TIM15_IRQHandler
                0x00000000080023d8                I2C3_EV_IRQHandler
                0x00000000080023d8                EXTI9_5_IRQHandler
                0x00000000080023d8                DMA2_STR4_IRQHandler
                0x00000000080023d8                RTC_WKUP_IRQHandler
                0x00000000080023d8                DMA2_STR6_IRQHandler
                0x00000000080023d8                LTDC_IRQHandler
                0x00000000080023d8                SAI3_IRQHandler
                0x00000000080023d8                ETH_WKUP_IRQHandler
                0x00000000080023d8                PVD_PVM_IRQHandler
                0x00000000080023d8                SPI2_IRQHandler
                0x00000000080023d8                OTG_HS_EP1_IN_IRQHandler
                0x00000000080023d8                MemManage_Handler
                0x00000000080023d8                DMA2_STR0_IRQHandler
                0x00000000080023d8                SVC_Handler
                0x00000000080023d8                CRS_IRQHandler
                0x00000000080023d8                EXTI4_IRQHandler
                0x00000000080023d8                DMAMUX1_OV_IRQHandler
                0x00000000080023d8                FDCAN2_IT1_IRQHandler
                0x00000000080023d8                DMA_STR4_IRQHandler
                0x00000000080023d8                COMP_IRQHandler
                0x00000000080023d8                DMA2_STR2_IRQHandler
                0x00000000080023d8                ETH_IRQHandler
                0x00000000080023d8                TIM1_UP_IRQHandler
                0x00000000080023d8                DMA2_STR7_IRQHandler
                0x00000000080023d8                OTG_HS_EP1_OUT_IRQHandler
                0x00000000080023d8                SPI6_IRQHandler
                0x00000000080023d8                MDIOS_IRQHandler
                0x00000000080023d8                I2C4_EV_IRQHandler
                0x00000000080023d8                FDCAN2_IT0_IRQHandler
                0x00000000080023d8                BDMA_CH7_IRQHandler
                0x00000000080023d8                FDCAN1_IT0_IRQHandler
                0x00000000080023d8                TIM2_IRQHandler
                0x00000000080023d8                HSEM0_IRQHandler
                0x00000000080023d8                OTG_FS_WKUP_IRQHandler
                0x00000000080023d8                OTG_HS_IRQHandler
                0x00000000080023d8                DMA2D_IRQHandler
                0x00000000080023d8                TIM1_BRK_IRQHandler
                0x00000000080023d8                EXTI1_IRQHandler
                0x00000000080023d8                WWDG2_RST_IRQHandler
                0x00000000080023d8                OTG_FS_EP1_OUT_IRQHandler
                0x00000000080023d8                HOLD_CORE_IRQHandler
                0x00000000080023d8                UART7_IRQHandler
                0x00000000080023d8                MDIOS_WKUP_IRQHandler
                0x00000000080023d8                USART2_IRQHandler
                0x00000000080023d8                DFSDM1_FLT0_IRQHandler
                0x00000000080023d8                SAI4_IRQHandler
                0x00000000080023d8                I2C2_ER_IRQHandler
                0x00000000080023d8                FLASH_IRQHandler
                0x00000000080023d8                WWDG1_IRQHandler
                0x00000000080023d8                BusFault_Handler
                0x00000000080023d8                USART1_IRQHandler
                0x00000000080023d8                OTG_FS_IRQHandler
                0x00000000080023d8                SPI3_IRQHandler
                0x00000000080023d8                OTG_FS_EP1_IN_IRQHandler
                0x00000000080023d8                I2C1_ER_IRQHandler
                0x00000000080023d8                FMC_IRQHandler
                0x00000000080023d8                BDMA_CH1_IRQHandler
                0x00000000080023d8                FDCAN_CAL_IRQHandler
                0x00000000080023d8                SWPMI1_IRQHandler
                0x00000000080023d8                LPTIM1_IRQHandler
                0x00000000080023d8                BDMA_CH8_IRQHandler
                0x00000000080023d8                cm4_sev_it_IRQHandler
                0x00000000080023d8                TIM_CC_IRQHandler
                0x00000000080023d8                I2C4_ER_IRQHandler
                0x00000000080023d8                SAI1_IRQHandler
                0x00000000080023d8                RTC_TAMP_STAMP_CSS_LSE_IRQHandler
 *fill*         0x00000000080023da        0x2 
 .text.__errno  0x00000000080023dc        0xc e:/st/stm32cubeide_1.7.0/stm32cubeide/plugins/com.st.stm32cube.ide.mcu.externaltools.gnu-tools-for-stm32.9-2020-q2-update.win32_2.0.0.202105311346/tools/bin/../lib/gcc/arm-none-eabi/9.3.1/../../../../arm-none-eabi/lib/thumb/v7e-m+dp/hard\libc_nano.a(lib_a-errno.o)
                0x00000000080023dc                __errno
 .text.__libc_init_array
                0x00000000080023e8       0x48 e:/st/stm32cubeide_1.7.0/stm32cubeide/plugins/com.st.stm32cube.ide.mcu.externaltools.gnu-tools-for-stm32.9-2020-q2-update.win32_2.0.0.202105311346/tools/bin/../lib/gcc/arm-none-eabi/9.3.1/../../../../arm-none-eabi/lib/thumb/v7e-m+dp/hard\libc_nano.a(lib_a-init.o)
                0x00000000080023e8                __libc_init_array
 .text.malloc   0x0000000008002430       0x10 e:/st/stm32cubeide_1.7.0/stm32cubeide/plugins/com.st.stm32cube.ide.mcu.externaltools.gnu-tools-for-stm32.9-2020-q2-update.win32_2.0.0.202105311346/tools/bin/../lib/gcc/arm-none-eabi/9.3.1/../../../../arm-none-eabi/lib/thumb/v7e-m+dp/hard\libc_nano.a(lib_a-malloc.o)
                0x0000000008002430                malloc
 .text._malloc_r
                0x0000000008002440       0xb4 e:/st/stm32cubeide_1.7.0/stm32cubeide/plugins/com.st.stm32cube.ide.mcu.externaltools.gnu-tools-for-stm32.9-2020-q2-update.win32_2.0.0.202105311346/tools/bin/../lib/gcc/arm-none-eabi/9.3.1/../../../../arm-none-eabi/lib/thumb/v7e-m+dp/hard\libc_nano.a(lib_a-nano-mallocr.o)
                0x0000000008002440                _malloc_r
 .text._sbrk_r  0x00000000080024f4       0x20 e:/st/stm32cubeide_1.7.0/stm32cubeide/plugins/com.st.stm32cube.ide.mcu.externaltools.gnu-tools-for-stm32.9-2020-q2-update.win32_2.0.0.202105311346/tools/bin/../lib/gcc/arm-none-eabi/9.3.1/../../../../arm-none-eabi/lib/thumb/v7e-m+dp/hard\libc_nano.a(lib_a-sbrkr.o)
                0x00000000080024f4                _sbrk_r
 .text.strcpy   0x0000000008002514       0x10 e:/st/stm32cubeide_1.7.0/stm32cubeide/plugins/com.st.stm32cube.ide.mcu.externaltools.gnu-tools-for-stm32.9-2020-q2-update.win32_2.0.0.202105311346/tools/bin/../lib/gcc/arm-none-eabi/9.3.1/../../../../arm-none-eabi/lib/thumb/v7e-m+dp/hard\libc_nano.a(lib_a-strcpy.o)
                0x0000000008002514                strcpy
 .text.__malloc_lock
                0x0000000008002524        0xc e:/st/stm32cubeide_1.7.0/stm32cubeide/plugins/com.st.stm32cube.ide.mcu.externaltools.gnu-tools-for-stm32.9-2020-q2-update.win32_2.0.0.202105311346/tools/bin/../lib/gcc/arm-none-eabi/9.3.1/../../../../arm-none-eabi/lib/thumb/v7e-m+dp/hard\libc_nano.a(lib_a-mlock.o)
                0x0000000008002524                __malloc_lock
 .text.__malloc_unlock
                0x0000000008002530        0xc e:/st/stm32cubeide_1.7.0/stm32cubeide/plugins/com.st.stm32cube.ide.mcu.externaltools.gnu-tools-for-stm32.9-2020-q2-update.win32_2.0.0.202105311346/tools/bin/../lib/gcc/arm-none-eabi/9.3.1/../../../../arm-none-eabi/lib/thumb/v7e-m+dp/hard\libc_nano.a(lib_a-mlock.o)
                0x0000000008002530                __malloc_unlock
 .text.__retarget_lock_acquire_recursive
                0x000000000800253c        0x2 e:/st/stm32cubeide_1.7.0/stm32cubeide/plugins/com.st.stm32cube.ide.mcu.externaltools.gnu-tools-for-stm32.9-2020-q2-update.win32_2.0.0.202105311346/tools/bin/../lib/gcc/arm-none-eabi/9.3.1/../../../../arm-none-eabi/lib/thumb/v7e-m+dp/hard\libc_nano.a(lib_a-lock.o)
                0x000000000800253c                __retarget_lock_acquire_recursive
 .text.__retarget_lock_release_recursive
                0x000000000800253e        0x2 e:/st/stm32cubeide_1.7.0/stm32cubeide/plugins/com.st.stm32cube.ide.mcu.externaltools.gnu-tools-for-stm32.9-2020-q2-update.win32_2.0.0.202105311346/tools/bin/../lib/gcc/arm-none-eabi/9.3.1/../../../../arm-none-eabi/lib/thumb/v7e-m+dp/hard\libc_nano.a(lib_a-lock.o)
                0x000000000800253e                __retarget_lock_release_recursive
 *(.glue_7)
 .glue_7        0x0000000008002540        0x0 linker stubs
 *(.glue_7t)
 .glue_7t       0x0000000008002540        0x0 linker stubs
 *(.eh_frame)
 .eh_frame      0x0000000008002540        0x0 e:/st/stm32cubeide_1.7.0/stm32cubeide/plugins/com.st.stm32cube.ide.mcu.externaltools.gnu-tools-for-stm32.9-2020-q2-update.win32_2.0.0.202105311346/tools/bin/../lib/gcc/arm-none-eabi/9.3.1/thumb/v7e-m+dp/hard/crtbegin.o
 *(.init)
 .init          0x0000000008002540        0x4 e:/st/stm32cubeide_1.7.0/stm32cubeide/plugins/com.st.stm32cube.ide.mcu.externaltools.gnu-tools-for-stm32.9-2020-q2-update.win32_2.0.0.202105311346/tools/bin/../lib/gcc/arm-none-eabi/9.3.1/thumb/v7e-m+dp/hard/crti.o
                0x0000000008002540                _init
 .init          0x0000000008002544        0x8 e:/st/stm32cubeide_1.7.0/stm32cubeide/plugins/com.st.stm32cube.ide.mcu.externaltools.gnu-tools-for-stm32.9-2020-q2-update.win32_2.0.0.202105311346/tools/bin/../lib/gcc/arm-none-eabi/9.3.1/thumb/v7e-m+dp/hard/crtn.o
 *(.fini)
 .fini          0x000000000800254c        0x4 e:/st/stm32cubeide_1.7.0/stm32cubeide/plugins/com.st.stm32cube.ide.mcu.externaltools.gnu-tools-for-stm32.9-2020-q2-update.win32_2.0.0.202105311346/tools/bin/../lib/gcc/arm-none-eabi/9.3.1/thumb/v7e-m+dp/hard/crti.o
                0x000000000800254c                _fini
 .fini          0x0000000008002550        0x8 e:/st/stm32cubeide_1.7.0/stm32cubeide/plugins/com.st.stm32cube.ide.mcu.externaltools.gnu-tools-for-stm32.9-2020-q2-update.win32_2.0.0.202105311346/tools/bin/../lib/gcc/arm-none-eabi/9.3.1/thumb/v7e-m+dp/hard/crtn.o
                0x0000000008002558                . = ALIGN (0x4)
                0x0000000008002558                _etext = .

.vfp11_veneer   0x0000000008002558        0x0
 .vfp11_veneer  0x0000000008002558        0x0 linker stubs

.v4_bx          0x0000000008002558        0x0
 .v4_bx         0x0000000008002558        0x0 linker stubs

.iplt           0x0000000008002558        0x0
 .iplt          0x0000000008002558        0x0 e:/st/stm32cubeide_1.7.0/stm32cubeide/plugins/com.st.stm32cube.ide.mcu.externaltools.gnu-tools-for-stm32.9-2020-q2-update.win32_2.0.0.202105311346/tools/bin/../lib/gcc/arm-none-eabi/9.3.1/thumb/v7e-m+dp/hard/crtbegin.o

.rodata         0x0000000008002558       0xa8
                0x0000000008002558                . = ALIGN (0x4)
 *(.rodata)
 .rodata        0x0000000008002558       0xa5 ./Src/Uart_new.o
 *(.rodata*)
                0x0000000008002600                . = ALIGN (0x4)
 *fill*         0x00000000080025fd        0x3 

.rel.dyn        0x0000000008002600        0x0
 .rel.iplt      0x0000000008002600        0x0 e:/st/stm32cubeide_1.7.0/stm32cubeide/plugins/com.st.stm32cube.ide.mcu.externaltools.gnu-tools-for-stm32.9-2020-q2-update.win32_2.0.0.202105311346/tools/bin/../lib/gcc/arm-none-eabi/9.3.1/thumb/v7e-m+dp/hard/crtbegin.o

.ARM.extab      0x0000000008002600        0x0
                0x0000000008002600                . = ALIGN (0x4)
 *(.ARM.extab* .gnu.linkonce.armextab.*)
                0x0000000008002600                . = ALIGN (0x4)

.ARM            0x0000000008002600        0x0
                0x0000000008002600                . = ALIGN (0x4)
                0x0000000008002600                __exidx_start = .
 *(.ARM.exidx*)
                0x0000000008002600                __exidx_end = .
                0x0000000008002600                . = ALIGN (0x4)

.preinit_array  0x0000000008002600        0x0
                0x0000000008002600                . = ALIGN (0x4)
                0x0000000008002600                PROVIDE (__preinit_array_start = .)
 *(.preinit_array*)
                0x0000000008002600                PROVIDE (__preinit_array_end = .)
                0x0000000008002600                . = ALIGN (0x4)

.init_array     0x0000000008002600        0x4
                0x0000000008002600                . = ALIGN (0x4)
                0x0000000008002600                PROVIDE (__init_array_start = .)
 *(SORT_BY_NAME(.init_array.*))
 *(.init_array*)
 .init_array    0x0000000008002600        0x4 e:/st/stm32cubeide_1.7.0/stm32cubeide/plugins/com.st.stm32cube.ide.mcu.externaltools.gnu-tools-for-stm32.9-2020-q2-update.win32_2.0.0.202105311346/tools/bin/../lib/gcc/arm-none-eabi/9.3.1/thumb/v7e-m+dp/hard/crtbegin.o
                0x0000000008002604                PROVIDE (__init_array_end = .)
                0x0000000008002604                . = ALIGN (0x4)

.fini_array     0x0000000008002604        0x4
                0x0000000008002604                . = ALIGN (0x4)
                [!provide]                        PROVIDE (__fini_array_start = .)
 *(SORT_BY_NAME(.fini_array.*))
 *(.fini_array*)
 .fini_array    0x0000000008002604        0x4 e:/st/stm32cubeide_1.7.0/stm32cubeide/plugins/com.st.stm32cube.ide.mcu.externaltools.gnu-tools-for-stm32.9-2020-q2-update.win32_2.0.0.202105311346/tools/bin/../lib/gcc/arm-none-eabi/9.3.1/thumb/v7e-m+dp/hard/crtbegin.o
                [!provide]                        PROVIDE (__fini_array_end = .)
                0x0000000008002608                . = ALIGN (0x4)
                0x0000000008002608                _sidata = LOADADDR (.data)

.data           0x0000000024000000       0x64 load address 0x0000000008002608
                0x0000000024000000                . = ALIGN (0x4)
                0x0000000024000000                _sdata = .
 *(.data)
 *(.data*)
 .data._impure_ptr
                0x0000000024000000        0x4 e:/st/stm32cubeide_1.7.0/stm32cubeide/plugins/com.st.stm32cube.ide.mcu.externaltools.gnu-tools-for-stm32.9-2020-q2-update.win32_2.0.0.202105311346/tools/bin/../lib/gcc/arm-none-eabi/9.3.1/../../../../arm-none-eabi/lib/thumb/v7e-m+dp/hard\libc_nano.a(lib_a-impure.o)
                0x0000000024000000                _impure_ptr
 .data.impure_data
                0x0000000024000004       0x60 e:/st/stm32cubeide_1.7.0/stm32cubeide/plugins/com.st.stm32cube.ide.mcu.externaltools.gnu-tools-for-stm32.9-2020-q2-update.win32_2.0.0.202105311346/tools/bin/../lib/gcc/arm-none-eabi/9.3.1/../../../../arm-none-eabi/lib/thumb/v7e-m+dp/hard\libc_nano.a(lib_a-impure.o)
 *(.RamFunc)
 *(.RamFunc*)
                0x0000000024000064                . = ALIGN (0x4)
                0x0000000024000064                _edata = .

.igot.plt       0x0000000024000064        0x0 load address 0x000000000800266c
 .igot.plt      0x0000000024000064        0x0 e:/st/stm32cubeide_1.7.0/stm32cubeide/plugins/com.st.stm32cube.ide.mcu.externaltools.gnu-tools-for-stm32.9-2020-q2-update.win32_2.0.0.202105311346/tools/bin/../lib/gcc/arm-none-eabi/9.3.1/thumb/v7e-m+dp/hard/crtbegin.o
                0x0000000024000064                . = ALIGN (0x4)

.bss            0x0000000024000064       0xa0 load address 0x000000000800266c
                0x0000000024000064                _sbss = .
                0x0000000024000064                __bss_start__ = _sbss
 *(.bss)
 .bss           0x0000000024000064       0x1c e:/st/stm32cubeide_1.7.0/stm32cubeide/plugins/com.st.stm32cube.ide.mcu.externaltools.gnu-tools-for-stm32.9-2020-q2-update.win32_2.0.0.202105311346/tools/bin/../lib/gcc/arm-none-eabi/9.3.1/thumb/v7e-m+dp/hard/crtbegin.o
 *(.bss*)
 .bss.current_loc_buffer_rx_UART1
                0x0000000024000080        0x4 ./Src/Uart_new.o
                0x0000000024000080                current_loc_buffer_rx_UART1
 .bss.current_loc_buffer_rx_UART2
                0x0000000024000084        0x4 ./Src/Uart_new.o
                0x0000000024000084                current_loc_buffer_rx_UART2
 .bss.current_loc_buffer_rx_UART3
                0x0000000024000088        0x4 ./Src/Uart_new.o
                0x0000000024000088                current_loc_buffer_rx_UART3
 .bss.current_loc_buffer_rx_UART4
                0x000000002400008c        0x4 ./Src/Uart_new.o
                0x000000002400008c                current_loc_buffer_rx_UART4
 .bss.current_loc_buffer_rx_UART5
                0x0000000024000090        0x4 ./Src/Uart_new.o
                0x0000000024000090                current_loc_buffer_rx_UART5
 .bss.current_loc_buffer_rx_UART6
                0x0000000024000094        0x4 ./Src/Uart_new.o
                0x0000000024000094                current_loc_buffer_rx_UART6
 .bss.current_loc_buffer_rx_UART7
                0x0000000024000098        0x4 ./Src/Uart_new.o
                0x0000000024000098                current_loc_buffer_rx_UART7
 .bss.current_loc_buffer_rx_UART8
                0x000000002400009c        0x4 ./Src/Uart_new.o
                0x000000002400009c                current_loc_buffer_rx_UART8
 .bss.__sbrk_heap_end
                0x00000000240000a0        0x4 ./Src/sysmem.o
 .bss.__malloc_free_list
                0x00000000240000a4        0x4 e:/st/stm32cubeide_1.7.0/stm32cubeide/plugins/com.st.stm32cube.ide.mcu.externaltools.gnu-tools-for-stm32.9-2020-q2-update.win32_2.0.0.202105311346/tools/bin/../lib/gcc/arm-none-eabi/9.3.1/../../../../arm-none-eabi/lib/thumb/v7e-m+dp/hard\libc_nano.a(lib_a-nano-mallocr.o)
                0x00000000240000a4                __malloc_free_list
 .bss.__malloc_sbrk_start
                0x00000000240000a8        0x4 e:/st/stm32cubeide_1.7.0/stm32cubeide/plugins/com.st.stm32cube.ide.mcu.externaltools.gnu-tools-for-stm32.9-2020-q2-update.win32_2.0.0.202105311346/tools/bin/../lib/gcc/arm-none-eabi/9.3.1/../../../../arm-none-eabi/lib/thumb/v7e-m+dp/hard\libc_nano.a(lib_a-nano-mallocr.o)
                0x00000000240000a8                __malloc_sbrk_start
 *(COMMON)
 COMMON         0x00000000240000ac       0x40 ./Src/Uart_new.o
                0x00000000240000ac                UART4Buffer
                0x00000000240000b0                UART5Buffer
                0x00000000240000b4                Uart3_Baud_Rate
                0x00000000240000b8                UART1Buffer
                0x00000000240000bc                UART6Buffer
                0x00000000240000c0                UART8Buffer
                0x00000000240000c4                UART7Buffer
                0x00000000240000c8                UART3Buffer
                0x00000000240000cc                Uart4_Baud_Rate
                0x00000000240000d0                Uart2_Baud_Rate
                0x00000000240000d4                Uart8_Baud_Rate
                0x00000000240000d8                UART2Buffer
                0x00000000240000dc                Uart6_Baud_Rate
                0x00000000240000e0                Uart1_Baud_Rate
                0x00000000240000e4                Uart5_Baud_Rate
                0x00000000240000e8                Uart7_Baud_Rate
 COMMON         0x00000000240000ec        0x8 ./Src/main.o
                0x00000000240000ec                count
                0x00000000240000f0                Buffer
 COMMON         0x00000000240000f4        0x4 e:/st/stm32cubeide_1.7.0/stm32cubeide/plugins/com.st.stm32cube.ide.mcu.externaltools.gnu-tools-for-stm32.9-2020-q2-update.win32_2.0.0.202105311346/tools/bin/../lib/gcc/arm-none-eabi/9.3.1/../../../../arm-none-eabi/lib/thumb/v7e-m+dp/hard\libc_nano.a(lib_a-reent.o)
                0x00000000240000f4                errno
 COMMON         0x00000000240000f8        0x9 e:/st/stm32cubeide_1.7.0/stm32cubeide/plugins/com.st.stm32cube.ide.mcu.externaltools.gnu-tools-for-stm32.9-2020-q2-update.win32_2.0.0.202105311346/tools/bin/../lib/gcc/arm-none-eabi/9.3.1/../../../../arm-none-eabi/lib/thumb/v7e-m+dp/hard\libc_nano.a(lib_a-lock.o)
                0x00000000240000f8                __lock___atexit_recursive_mutex
                0x00000000240000f9                __lock___arc4random_mutex
                0x00000000240000fa                __lock___env_recursive_mutex
                0x00000000240000fb                __lock___sinit_recursive_mutex
                0x00000000240000fc                __lock___malloc_recursive_mutex
                0x00000000240000fd                __lock___at_quick_exit_mutex
                0x00000000240000fe                __lock___dd_hash_mutex
                0x00000000240000ff                __lock___tz_mutex
                0x0000000024000100                __lock___sfp_recursive_mutex
                0x0000000024000104                . = ALIGN (0x4)
 *fill*         0x0000000024000101        0x3 
                0x0000000024000104                _ebss = .
                0x0000000024000104                __bss_end__ = _ebss

._user_heap_stack
                0x0000000024000104      0x604 load address 0x000000000800266c
                0x0000000024000108                . = ALIGN (0x8)
 *fill*         0x0000000024000104        0x4 
                [!provide]                        PROVIDE (end = .)
                0x0000000024000108                PROVIDE (_end = .)
                0x0000000024000308                . = (. + _Min_Heap_Size)
 *fill*         0x0000000024000108      0x200 
                0x0000000024000708                . = (. + _Min_Stack_Size)
 *fill*         0x0000000024000308      0x400 
                0x0000000024000708                . = ALIGN (0x8)

/DISCARD/
 libc.a(*)
 libm.a(*)
 libgcc.a(*)

.ARM.attributes
                0x0000000000000000       0x2e
 *(.ARM.attributes)
 .ARM.attributes
                0x0000000000000000       0x1e e:/st/stm32cubeide_1.7.0/stm32cubeide/plugins/com.st.stm32cube.ide.mcu.externaltools.gnu-tools-for-stm32.9-2020-q2-update.win32_2.0.0.202105311346/tools/bin/../lib/gcc/arm-none-eabi/9.3.1/thumb/v7e-m+dp/hard/crti.o
 .ARM.attributes
                0x000000000000001e       0x32 e:/st/stm32cubeide_1.7.0/stm32cubeide/plugins/com.st.stm32cube.ide.mcu.externaltools.gnu-tools-for-stm32.9-2020-q2-update.win32_2.0.0.202105311346/tools/bin/../lib/gcc/arm-none-eabi/9.3.1/thumb/v7e-m+dp/hard/crtbegin.o
 .ARM.attributes
                0x0000000000000050       0x32 ./Src/Clock.o
 .ARM.attributes
                0x0000000000000082       0x32 ./Src/Gpio.o
 .ARM.attributes
                0x00000000000000b4       0x32 ./Src/Systick.o
 .ARM.attributes
                0x00000000000000e6       0x32 ./Src/Uart_new.o
 .ARM.attributes
                0x0000000000000118       0x32 ./Src/main.o
 .ARM.attributes
                0x000000000000014a       0x32 ./Src/sysmem.o
 .ARM.attributes
                0x000000000000017c       0x21 ./Startup/startup_stm32h745zitx.o
 .ARM.attributes
                0x000000000000019d       0x32 e:/st/stm32cubeide_1.7.0/stm32cubeide/plugins/com.st.stm32cube.ide.mcu.externaltools.gnu-tools-for-stm32.9-2020-q2-update.win32_2.0.0.202105311346/tools/bin/../lib/gcc/arm-none-eabi/9.3.1/../../../../arm-none-eabi/lib/thumb/v7e-m+dp/hard\libc_nano.a(lib_a-errno.o)
 .ARM.attributes
                0x00000000000001cf       0x30 e:/st/stm32cubeide_1.7.0/stm32cubeide/plugins/com.st.stm32cube.ide.mcu.externaltools.gnu-tools-for-stm32.9-2020-q2-update.win32_2.0.0.202105311346/tools/bin/../lib/gcc/arm-none-eabi/9.3.1/../../../../arm-none-eabi/lib/thumb/v7e-m+dp/hard\libc_nano.a(lib_a-impure.o)
 .ARM.attributes
                0x00000000000001ff       0x32 e:/st/stm32cubeide_1.7.0/stm32cubeide/plugins/com.st.stm32cube.ide.mcu.externaltools.gnu-tools-for-stm32.9-2020-q2-update.win32_2.0.0.202105311346/tools/bin/../lib/gcc/arm-none-eabi/9.3.1/../../../../arm-none-eabi/lib/thumb/v7e-m+dp/hard\libc_nano.a(lib_a-init.o)
 .ARM.attributes
                0x0000000000000231       0x32 e:/st/stm32cubeide_1.7.0/stm32cubeide/plugins/com.st.stm32cube.ide.mcu.externaltools.gnu-tools-for-stm32.9-2020-q2-update.win32_2.0.0.202105311346/tools/bin/../lib/gcc/arm-none-eabi/9.3.1/../../../../arm-none-eabi/lib/thumb/v7e-m+dp/hard\libc_nano.a(lib_a-malloc.o)
 .ARM.attributes
                0x0000000000000263       0x32 e:/st/stm32cubeide_1.7.0/stm32cubeide/plugins/com.st.stm32cube.ide.mcu.externaltools.gnu-tools-for-stm32.9-2020-q2-update.win32_2.0.0.202105311346/tools/bin/../lib/gcc/arm-none-eabi/9.3.1/../../../../arm-none-eabi/lib/thumb/v7e-m+dp/hard\libc_nano.a(lib_a-nano-mallocr.o)
 .ARM.attributes
                0x0000000000000295       0x32 e:/st/stm32cubeide_1.7.0/stm32cubeide/plugins/com.st.stm32cube.ide.mcu.externaltools.gnu-tools-for-stm32.9-2020-q2-update.win32_2.0.0.202105311346/tools/bin/../lib/gcc/arm-none-eabi/9.3.1/../../../../arm-none-eabi/lib/thumb/v7e-m+dp/hard\libc_nano.a(lib_a-sbrkr.o)
 .ARM.attributes
                0x00000000000002c7       0x32 e:/st/stm32cubeide_1.7.0/stm32cubeide/plugins/com.st.stm32cube.ide.mcu.externaltools.gnu-tools-for-stm32.9-2020-q2-update.win32_2.0.0.202105311346/tools/bin/../lib/gcc/arm-none-eabi/9.3.1/../../../../arm-none-eabi/lib/thumb/v7e-m+dp/hard\libc_nano.a(lib_a-strcpy.o)
 .ARM.attributes
                0x00000000000002f9       0x32 e:/st/stm32cubeide_1.7.0/stm32cubeide/plugins/com.st.stm32cube.ide.mcu.externaltools.gnu-tools-for-stm32.9-2020-q2-update.win32_2.0.0.202105311346/tools/bin/../lib/gcc/arm-none-eabi/9.3.1/../../../../arm-none-eabi/lib/thumb/v7e-m+dp/hard\libc_nano.a(lib_a-mlock.o)
 .ARM.attributes
                0x000000000000032b       0x32 e:/st/stm32cubeide_1.7.0/stm32cubeide/plugins/com.st.stm32cube.ide.mcu.externaltools.gnu-tools-for-stm32.9-2020-q2-update.win32_2.0.0.202105311346/tools/bin/../lib/gcc/arm-none-eabi/9.3.1/../../../../arm-none-eabi/lib/thumb/v7e-m+dp/hard\libc_nano.a(lib_a-reent.o)
 .ARM.attributes
                0x000000000000035d       0x32 e:/st/stm32cubeide_1.7.0/stm32cubeide/plugins/com.st.stm32cube.ide.mcu.externaltools.gnu-tools-for-stm32.9-2020-q2-update.win32_2.0.0.202105311346/tools/bin/../lib/gcc/arm-none-eabi/9.3.1/../../../../arm-none-eabi/lib/thumb/v7e-m+dp/hard\libc_nano.a(lib_a-lock.o)
 .ARM.attributes
                0x000000000000038f       0x1e e:/st/stm32cubeide_1.7.0/stm32cubeide/plugins/com.st.stm32cube.ide.mcu.externaltools.gnu-tools-for-stm32.9-2020-q2-update.win32_2.0.0.202105311346/tools/bin/../lib/gcc/arm-none-eabi/9.3.1/thumb/v7e-m+dp/hard/crtn.o
OUTPUT(driver_CM7.elf elf32-littlearm)
LOAD linker stubs
LOAD e:/st/stm32cubeide_1.7.0/stm32cubeide/plugins/com.st.stm32cube.ide.mcu.externaltools.gnu-tools-for-stm32.9-2020-q2-update.win32_2.0.0.202105311346/tools/bin/../lib/gcc/arm-none-eabi/9.3.1/../../../../arm-none-eabi/lib/thumb/v7e-m+dp/hard\libc.a
LOAD e:/st/stm32cubeide_1.7.0/stm32cubeide/plugins/com.st.stm32cube.ide.mcu.externaltools.gnu-tools-for-stm32.9-2020-q2-update.win32_2.0.0.202105311346/tools/bin/../lib/gcc/arm-none-eabi/9.3.1/../../../../arm-none-eabi/lib/thumb/v7e-m+dp/hard\libm.a
LOAD e:/st/stm32cubeide_1.7.0/stm32cubeide/plugins/com.st.stm32cube.ide.mcu.externaltools.gnu-tools-for-stm32.9-2020-q2-update.win32_2.0.0.202105311346/tools/bin/../lib/gcc/arm-none-eabi/9.3.1/thumb/v7e-m+dp/hard\libgcc.a

.debug_info     0x0000000000000000     0x540d
 .debug_info    0x0000000000000000     0x1600 ./Src/Clock.o
 .debug_info    0x0000000000001600      0xa1d ./Src/Gpio.o
 .debug_info    0x000000000000201d      0x19b ./Src/Systick.o
 .debug_info    0x00000000000021b8     0x1bca ./Src/Uart_new.o
 .debug_info    0x0000000000003d82      0xc44 ./Src/main.o
 .debug_info    0x00000000000049c6      0xa25 ./Src/sysmem.o
 .debug_info    0x00000000000053eb       0x22 ./Startup/startup_stm32h745zitx.o

.debug_abbrev   0x0000000000000000      0xe48
 .debug_abbrev  0x0000000000000000      0x3a7 ./Src/Clock.o
 .debug_abbrev  0x00000000000003a7      0x1df ./Src/Gpio.o
 .debug_abbrev  0x0000000000000586      0x107 ./Src/Systick.o
 .debug_abbrev  0x000000000000068d      0x38c ./Src/Uart_new.o
 .debug_abbrev  0x0000000000000a19      0x25e ./Src/main.o
 .debug_abbrev  0x0000000000000c77      0x1bf ./Src/sysmem.o
 .debug_abbrev  0x0000000000000e36       0x12 ./Startup/startup_stm32h745zitx.o

.debug_aranges  0x0000000000000000      0x360
 .debug_aranges
                0x0000000000000000      0x148 ./Src/Clock.o
 .debug_aranges
                0x0000000000000148       0x88 ./Src/Gpio.o
 .debug_aranges
                0x00000000000001d0       0x20 ./Src/Systick.o
 .debug_aranges
                0x00000000000001f0       0xf8 ./Src/Uart_new.o
 .debug_aranges
                0x00000000000002e8       0x30 ./Src/main.o
 .debug_aranges
                0x0000000000000318       0x20 ./Src/sysmem.o
 .debug_aranges
                0x0000000000000338       0x28 ./Startup/startup_stm32h745zitx.o

.debug_ranges   0x0000000000000000      0x310
 .debug_ranges  0x0000000000000000      0x138 ./Src/Clock.o
 .debug_ranges  0x0000000000000138       0x78 ./Src/Gpio.o
 .debug_ranges  0x00000000000001b0       0x10 ./Src/Systick.o
 .debug_ranges  0x00000000000001c0      0x100 ./Src/Uart_new.o
 .debug_ranges  0x00000000000002c0       0x20 ./Src/main.o
 .debug_ranges  0x00000000000002e0       0x10 ./Src/sysmem.o
 .debug_ranges  0x00000000000002f0       0x20 ./Startup/startup_stm32h745zitx.o

.debug_macro    0x0000000000000000    0x2a947
 .debug_macro   0x0000000000000000      0x27e ./Src/Clock.o
 .debug_macro   0x000000000000027e      0xad2 ./Src/Clock.o
 .debug_macro   0x0000000000000d50       0x49 ./Src/Clock.o
 .debug_macro   0x0000000000000d99       0x22 ./Src/Clock.o
 .debug_macro   0x0000000000000dbb       0x8e ./Src/Clock.o
 .debug_macro   0x0000000000000e49       0x51 ./Src/Clock.o
 .debug_macro   0x0000000000000e9a      0x103 ./Src/Clock.o
 .debug_macro   0x0000000000000f9d       0x6a ./Src/Clock.o
 .debug_macro   0x0000000000001007      0x1df ./Src/Clock.o
 .debug_macro   0x00000000000011e6       0x1c ./Src/Clock.o
 .debug_macro   0x0000000000001202       0x22 ./Src/Clock.o
 .debug_macro   0x0000000000001224      0x101 ./Src/Clock.o
 .debug_macro   0x0000000000001325     0x1305 ./Src/Clock.o
 .debug_macro   0x000000000000262a      0x11f ./Src/Clock.o
 .debug_macro   0x0000000000002749       0x27 ./Src/Clock.o
 .debug_macro   0x0000000000002770    0x26895 ./Src/Clock.o
 .debug_macro   0x0000000000029005       0x22 ./Src/Clock.o
 .debug_macro   0x0000000000029027       0x52 ./Src/Clock.o
 .debug_macro   0x0000000000029079       0x17 ./Src/Clock.o
 .debug_macro   0x0000000000029090       0x3c ./Src/Clock.o
 .debug_macro   0x00000000000290cc       0x34 ./Src/Clock.o
 .debug_macro   0x0000000000029100       0x16 ./Src/Clock.o
 .debug_macro   0x0000000000029116       0x97 ./Src/Clock.o
 .debug_macro   0x00000000000291ad      0x333 ./Src/Clock.o
 .debug_macro   0x00000000000294e0       0xfd ./Src/Clock.o
 .debug_macro   0x00000000000295dd       0x10 ./Src/Clock.o
 .debug_macro   0x00000000000295ed       0x16 ./Src/Clock.o
 .debug_macro   0x0000000000029603       0x43 ./Src/Clock.o
 .debug_macro   0x0000000000029646       0x34 ./Src/Clock.o
 .debug_macro   0x000000000002967a       0x10 ./Src/Clock.o
 .debug_macro   0x000000000002968a       0x58 ./Src/Clock.o
 .debug_macro   0x00000000000296e2       0x71 ./Src/Clock.o
 .debug_macro   0x0000000000029753       0x1c ./Src/Clock.o
 .debug_macro   0x000000000002976f      0x12a ./Src/Clock.o
 .debug_macro   0x0000000000029899       0x10 ./Src/Clock.o
 .debug_macro   0x00000000000298a9       0x1c ./Src/Clock.o
 .debug_macro   0x00000000000298c5       0x52 ./Src/Clock.o
 .debug_macro   0x0000000000029917       0x22 ./Src/Clock.o
 .debug_macro   0x0000000000029939       0x10 ./Src/Clock.o
 .debug_macro   0x0000000000029949       0x40 ./Src/Clock.o
 .debug_macro   0x0000000000029989       0xd5 ./Src/Clock.o
 .debug_macro   0x0000000000029a5e       0x1c ./Src/Clock.o
 .debug_macro   0x0000000000029a7a       0x3d ./Src/Clock.o
 .debug_macro   0x0000000000029ab7       0x16 ./Src/Clock.o
 .debug_macro   0x0000000000029acd      0x145 ./Src/Clock.o
 .debug_macro   0x0000000000029c12      0x118 ./Src/Gpio.o
 .debug_macro   0x0000000000029d2a       0xef ./Src/Systick.o
 .debug_macro   0x0000000000029e19      0x254 ./Src/Uart_new.o
 .debug_macro   0x000000000002a06d       0x16 ./Src/Uart_new.o
 .debug_macro   0x000000000002a083      0x174 ./Src/Uart_new.o
 .debug_macro   0x000000000002a1f7       0x10 ./Src/Uart_new.o
 .debug_macro   0x000000000002a207       0x35 ./Src/Uart_new.o
 .debug_macro   0x000000000002a23c       0x20 ./Src/Uart_new.o
 .debug_macro   0x000000000002a25c       0x16 ./Src/Uart_new.o
 .debug_macro   0x000000000002a272       0x16 ./Src/Uart_new.o
 .debug_macro   0x000000000002a288       0x29 ./Src/Uart_new.o
 .debug_macro   0x000000000002a2b1      0x1c1 ./Src/main.o
 .debug_macro   0x000000000002a472      0x10e ./Src/main.o
 .debug_macro   0x000000000002a580       0x8d ./Src/main.o
 .debug_macro   0x000000000002a60d       0xff ./Src/sysmem.o
 .debug_macro   0x000000000002a70c      0x23b ./Src/sysmem.o

.debug_line     0x0000000000000000     0x3ab9
 .debug_line    0x0000000000000000     0x1067 ./Src/Clock.o
 .debug_line    0x0000000000001067      0xbcf ./Src/Gpio.o
 .debug_line    0x0000000000001c36      0x547 ./Src/Systick.o
 .debug_line    0x000000000000217d      0xcd5 ./Src/Uart_new.o
 .debug_line    0x0000000000002e52      0x6f0 ./Src/main.o
 .debug_line    0x0000000000003542      0x4f3 ./Src/sysmem.o
 .debug_line    0x0000000000003a35       0x84 ./Startup/startup_stm32h745zitx.o

.debug_str      0x0000000000000000    0xf12e9
 .debug_str     0x0000000000000000    0xefb39 ./Src/Clock.o
                                      0xefe6c (size before relaxing)
 .debug_str     0x00000000000efb39      0x1d9 ./Src/Gpio.o
                                      0xeb8b3 (size before relaxing)
 .debug_str     0x00000000000efd12       0xca ./Src/Systick.o
                                      0xeb513 (size before relaxing)
 .debug_str     0x00000000000efddc      0xfa6 ./Src/Uart_new.o
                                      0xefc25 (size before relaxing)
 .debug_str     0x00000000000f0d82       0x52 ./Src/main.o
                                      0xeeb21 (size before relaxing)
 .debug_str     0x00000000000f0dd4      0x4e4 ./Src/sysmem.o
                                       0x62f9 (size before relaxing)
 .debug_str     0x00000000000f12b8       0x31 ./Startup/startup_stm32h745zitx.o
                                         0x5e (size before relaxing)

.comment        0x0000000000000000       0x53
 .comment       0x0000000000000000       0x53 ./Src/Clock.o
                                         0x54 (size before relaxing)
 .comment       0x0000000000000053       0x54 ./Src/Gpio.o
 .comment       0x0000000000000053       0x54 ./Src/Systick.o
 .comment       0x0000000000000053       0x54 ./Src/Uart_new.o
 .comment       0x0000000000000053       0x54 ./Src/main.o
 .comment       0x0000000000000053       0x54 ./Src/sysmem.o

.debug_frame    0x0000000000000000      0xec0
 .debug_frame   0x0000000000000000      0x578 ./Src/Clock.o
 .debug_frame   0x0000000000000578      0x240 ./Src/Gpio.o
 .debug_frame   0x00000000000007b8       0x34 ./Src/Systick.o
 .debug_frame   0x00000000000007ec      0x3f8 ./Src/Uart_new.o
 .debug_frame   0x0000000000000be4       0x74 ./Src/main.o
 .debug_frame   0x0000000000000c58       0x34 ./Src/sysmem.o
 .debug_frame   0x0000000000000c8c       0x20 e:/st/stm32cubeide_1.7.0/stm32cubeide/plugins/com.st.stm32cube.ide.mcu.externaltools.gnu-tools-for-stm32.9-2020-q2-update.win32_2.0.0.202105311346/tools/bin/../lib/gcc/arm-none-eabi/9.3.1/../../../../arm-none-eabi/lib/thumb/v7e-m+dp/hard\libc_nano.a(lib_a-errno.o)
 .debug_frame   0x0000000000000cac       0x2c e:/st/stm32cubeide_1.7.0/stm32cubeide/plugins/com.st.stm32cube.ide.mcu.externaltools.gnu-tools-for-stm32.9-2020-q2-update.win32_2.0.0.202105311346/tools/bin/../lib/gcc/arm-none-eabi/9.3.1/../../../../arm-none-eabi/lib/thumb/v7e-m+dp/hard\libc_nano.a(lib_a-init.o)
 .debug_frame   0x0000000000000cd8       0x30 e:/st/stm32cubeide_1.7.0/stm32cubeide/plugins/com.st.stm32cube.ide.mcu.externaltools.gnu-tools-for-stm32.9-2020-q2-update.win32_2.0.0.202105311346/tools/bin/../lib/gcc/arm-none-eabi/9.3.1/../../../../arm-none-eabi/lib/thumb/v7e-m+dp/hard\libc_nano.a(lib_a-malloc.o)
 .debug_frame   0x0000000000000d08       0x30 e:/st/stm32cubeide_1.7.0/stm32cubeide/plugins/com.st.stm32cube.ide.mcu.externaltools.gnu-tools-for-stm32.9-2020-q2-update.win32_2.0.0.202105311346/tools/bin/../lib/gcc/arm-none-eabi/9.3.1/../../../../arm-none-eabi/lib/thumb/v7e-m+dp/hard\libc_nano.a(lib_a-nano-mallocr.o)
 .debug_frame   0x0000000000000d38       0x2c e:/st/stm32cubeide_1.7.0/stm32cubeide/plugins/com.st.stm32cube.ide.mcu.externaltools.gnu-tools-for-stm32.9-2020-q2-update.win32_2.0.0.202105311346/tools/bin/../lib/gcc/arm-none-eabi/9.3.1/../../../../arm-none-eabi/lib/thumb/v7e-m+dp/hard\libc_nano.a(lib_a-sbrkr.o)
 .debug_frame   0x0000000000000d64       0x20 e:/st/stm32cubeide_1.7.0/stm32cubeide/plugins/com.st.stm32cube.ide.mcu.externaltools.gnu-tools-for-stm32.9-2020-q2-update.win32_2.0.0.202105311346/tools/bin/../lib/gcc/arm-none-eabi/9.3.1/../../../../arm-none-eabi/lib/thumb/v7e-m+dp/hard\libc_nano.a(lib_a-strcpy.o)
 .debug_frame   0x0000000000000d84       0x30 e:/st/stm32cubeide_1.7.0/stm32cubeide/plugins/com.st.stm32cube.ide.mcu.externaltools.gnu-tools-for-stm32.9-2020-q2-update.win32_2.0.0.202105311346/tools/bin/../lib/gcc/arm-none-eabi/9.3.1/../../../../arm-none-eabi/lib/thumb/v7e-m+dp/hard\libc_nano.a(lib_a-mlock.o)
 .debug_frame   0x0000000000000db4       0x5c e:/st/stm32cubeide_1.7.0/stm32cubeide/plugins/com.st.stm32cube.ide.mcu.externaltools.gnu-tools-for-stm32.9-2020-q2-update.win32_2.0.0.202105311346/tools/bin/../lib/gcc/arm-none-eabi/9.3.1/../../../../arm-none-eabi/lib/thumb/v7e-m+dp/hard\libc_nano.a(lib_a-reent.o)
 .debug_frame   0x0000000000000e10       0xb0 e:/st/stm32cubeide_1.7.0/stm32cubeide/plugins/com.st.stm32cube.ide.mcu.externaltools.gnu-tools-for-stm32.9-2020-q2-update.win32_2.0.0.202105311346/tools/bin/../lib/gcc/arm-none-eabi/9.3.1/../../../../arm-none-eabi/lib/thumb/v7e-m+dp/hard\libc_nano.a(lib_a-lock.o)
