Archive member included to satisfy reference by file (symbol)

c:/st/stm32cubeide_1.7.0/stm32cubeide/plugins/com.st.stm32cube.ide.mcu.externaltools.gnu-tools-for-stm32.9-2020-q2-update.win32_2.0.0.202105311346/tools/bin/../lib/gcc/arm-none-eabi/9.3.1/../../../../arm-none-eabi/lib/thumb/v7e-m+dp/hard\libc_nano.a(lib_a-errno.o)
                              ./Src/syscalls.o (__errno)
c:/st/stm32cubeide_1.7.0/stm32cubeide/plugins/com.st.stm32cube.ide.mcu.externaltools.gnu-tools-for-stm32.9-2020-q2-update.win32_2.0.0.202105311346/tools/bin/../lib/gcc/arm-none-eabi/9.3.1/../../../../arm-none-eabi/lib/thumb/v7e-m+dp/hard\libc_nano.a(lib_a-exit.o)
                              c:/st/stm32cubeide_1.7.0/stm32cubeide/plugins/com.st.stm32cube.ide.mcu.externaltools.gnu-tools-for-stm32.9-2020-q2-update.win32_2.0.0.202105311346/tools/bin/../lib/gcc/arm-none-eabi/9.3.1/../../../../arm-none-eabi/lib/thumb/v7e-m+dp/hard/crt0.o (exit)
c:/st/stm32cubeide_1.7.0/stm32cubeide/plugins/com.st.stm32cube.ide.mcu.externaltools.gnu-tools-for-stm32.9-2020-q2-update.win32_2.0.0.202105311346/tools/bin/../lib/gcc/arm-none-eabi/9.3.1/../../../../arm-none-eabi/lib/thumb/v7e-m+dp/hard\libc_nano.a(lib_a-impure.o)
                              c:/st/stm32cubeide_1.7.0/stm32cubeide/plugins/com.st.stm32cube.ide.mcu.externaltools.gnu-tools-for-stm32.9-2020-q2-update.win32_2.0.0.202105311346/tools/bin/../lib/gcc/arm-none-eabi/9.3.1/../../../../arm-none-eabi/lib/thumb/v7e-m+dp/hard\libc_nano.a(lib_a-exit.o) (_global_impure_ptr)
c:/st/stm32cubeide_1.7.0/stm32cubeide/plugins/com.st.stm32cube.ide.mcu.externaltools.gnu-tools-for-stm32.9-2020-q2-update.win32_2.0.0.202105311346/tools/bin/../lib/gcc/arm-none-eabi/9.3.1/../../../../arm-none-eabi/lib/thumb/v7e-m+dp/hard\libc_nano.a(lib_a-init.o)
                              c:/st/stm32cubeide_1.7.0/stm32cubeide/plugins/com.st.stm32cube.ide.mcu.externaltools.gnu-tools-for-stm32.9-2020-q2-update.win32_2.0.0.202105311346/tools/bin/../lib/gcc/arm-none-eabi/9.3.1/../../../../arm-none-eabi/lib/thumb/v7e-m+dp/hard/crt0.o (__libc_init_array)
c:/st/stm32cubeide_1.7.0/stm32cubeide/plugins/com.st.stm32cube.ide.mcu.externaltools.gnu-tools-for-stm32.9-2020-q2-update.win32_2.0.0.202105311346/tools/bin/../lib/gcc/arm-none-eabi/9.3.1/../../../../arm-none-eabi/lib/thumb/v7e-m+dp/hard\libc_nano.a(lib_a-malloc.o)
                              ./Src/Uart_new.o (malloc)
c:/st/stm32cubeide_1.7.0/stm32cubeide/plugins/com.st.stm32cube.ide.mcu.externaltools.gnu-tools-for-stm32.9-2020-q2-update.win32_2.0.0.202105311346/tools/bin/../lib/gcc/arm-none-eabi/9.3.1/../../../../arm-none-eabi/lib/thumb/v7e-m+dp/hard\libc_nano.a(lib_a-memset.o)
                              c:/st/stm32cubeide_1.7.0/stm32cubeide/plugins/com.st.stm32cube.ide.mcu.externaltools.gnu-tools-for-stm32.9-2020-q2-update.win32_2.0.0.202105311346/tools/bin/../lib/gcc/arm-none-eabi/9.3.1/../../../../arm-none-eabi/lib/thumb/v7e-m+dp/hard/crt0.o (memset)
c:/st/stm32cubeide_1.7.0/stm32cubeide/plugins/com.st.stm32cube.ide.mcu.externaltools.gnu-tools-for-stm32.9-2020-q2-update.win32_2.0.0.202105311346/tools/bin/../lib/gcc/arm-none-eabi/9.3.1/../../../../arm-none-eabi/lib/thumb/v7e-m+dp/hard\libc_nano.a(lib_a-nano-freer.o)
                              c:/st/stm32cubeide_1.7.0/stm32cubeide/plugins/com.st.stm32cube.ide.mcu.externaltools.gnu-tools-for-stm32.9-2020-q2-update.win32_2.0.0.202105311346/tools/bin/../lib/gcc/arm-none-eabi/9.3.1/../../../../arm-none-eabi/lib/thumb/v7e-m+dp/hard\libc_nano.a(lib_a-malloc.o) (_free_r)
c:/st/stm32cubeide_1.7.0/stm32cubeide/plugins/com.st.stm32cube.ide.mcu.externaltools.gnu-tools-for-stm32.9-2020-q2-update.win32_2.0.0.202105311346/tools/bin/../lib/gcc/arm-none-eabi/9.3.1/../../../../arm-none-eabi/lib/thumb/v7e-m+dp/hard\libc_nano.a(lib_a-nano-mallocr.o)
                              c:/st/stm32cubeide_1.7.0/stm32cubeide/plugins/com.st.stm32cube.ide.mcu.externaltools.gnu-tools-for-stm32.9-2020-q2-update.win32_2.0.0.202105311346/tools/bin/../lib/gcc/arm-none-eabi/9.3.1/../../../../arm-none-eabi/lib/thumb/v7e-m+dp/hard\libc_nano.a(lib_a-malloc.o) (_malloc_r)
c:/st/stm32cubeide_1.7.0/stm32cubeide/plugins/com.st.stm32cube.ide.mcu.externaltools.gnu-tools-for-stm32.9-2020-q2-update.win32_2.0.0.202105311346/tools/bin/../lib/gcc/arm-none-eabi/9.3.1/../../../../arm-none-eabi/lib/thumb/v7e-m+dp/hard\libc_nano.a(lib_a-sbrkr.o)
                              c:/st/stm32cubeide_1.7.0/stm32cubeide/plugins/com.st.stm32cube.ide.mcu.externaltools.gnu-tools-for-stm32.9-2020-q2-update.win32_2.0.0.202105311346/tools/bin/../lib/gcc/arm-none-eabi/9.3.1/../../../../arm-none-eabi/lib/thumb/v7e-m+dp/hard\libc_nano.a(lib_a-nano-mallocr.o) (_sbrk_r)
c:/st/stm32cubeide_1.7.0/stm32cubeide/plugins/com.st.stm32cube.ide.mcu.externaltools.gnu-tools-for-stm32.9-2020-q2-update.win32_2.0.0.202105311346/tools/bin/../lib/gcc/arm-none-eabi/9.3.1/../../../../arm-none-eabi/lib/thumb/v7e-m+dp/hard\libc_nano.a(lib_a-strcat.o)
                              ./Src/Bluetooh.o (strcat)
[...]
Memory Configuration

Name             Origin             Length             Attributes
RAM_D1           0x0000000024000000 0x0000000000080000 xrw
FLASH            0x0000000008000000 0x0000000000100000 xr
DTCMRAM          0x0000000020000000 0x0000000000020000 xrw
RAM_D2           0x0000000030000000 0x0000000000048000 xrw
RAM_D3           0x0000000038000000 0x0000000000010000 xrw
ITCMRAM          0x0000000000000000 0x0000000000010000 xrw
*default*        0x0000000000000000 0xffffffffffffffff

Linker script and memory map

LOAD c:/st/stm32cubeide_1.7.0/stm32cubeide/plugins/com.st.stm32cube.ide.mcu.externaltools.gnu-tools-for-stm32.9-2020-q2-update.win32_2.0.0.202105311346/tools/bin/../lib/gcc/arm-none-eabi/9.3.1/thumb/v7e-m+dp/hard/crti.o
LOAD c:/st/stm32cubeide_1.7.0/stm32cubeide/plugins/com.st.stm32cube.ide.mcu.externaltools.gnu-tools-for-stm32.9-2020-q2-update.win32_2.0.0.202105311346/tools/bin/../lib/gcc/arm-none-eabi/9.3.1/thumb/v7e-m+dp/hard/crtbegin.o
LOAD c:/st/stm32cubeide_1.7.0/stm32cubeide/plugins/com.st.stm32cube.ide.mcu.externaltools.gnu-tools-for-stm32.9-2020-q2-update.win32_2.0.0.202105311346/tools/bin/../lib/gcc/arm-none-eabi/9.3.1/../../../../arm-none-eabi/lib/thumb/v7e-m+dp/hard/crt0.o
LOAD ./Src/Bluetooh.o
LOAD ./Src/Clock.o
LOAD ./Src/Control.o
LOAD ./Src/Gpio.o
LOAD ./Src/Systick.o
LOAD ./Src/Uart_new.o
LOAD ./Src/User_led.o
LOAD ./Src/main.o
LOAD ./Src/syscalls.o
LOAD ./Src/sysmem.o
LOAD ./Startup/startup_stm32h745zitx.o
START GROUP
LOAD c:/st/stm32cubeide_1.7.0/stm32cubeide/plugins/com.st.stm32cube.ide.mcu.externaltools.gnu-tools-for-stm32.9-2020-q2-update.win32_2.0.0.202105311346/tools/bin/../lib/gcc/arm-none-eabi/9.3.1/../../../../arm-none-eabi/lib/thumb/v7e-m+dp/hard\libc_nano.a
LOAD c:/st/stm32cubeide_1.7.0/stm32cubeide/plugins/com.st.stm32cube.ide.mcu.externaltools.gnu-tools-for-stm32.9-2020-q2-update.win32_2.0.0.202105311346/tools/bin/../lib/gcc/arm-none-eabi/9.3.1/../../../../arm-none-eabi/lib/thumb/v7e-m+dp/hard\libm.a
END GROUP
START GROUP
LOAD c:/st/stm32cubeide_1.7.0/stm32cubeide/plugins/com.st.stm32cube.ide.mcu.externaltools.gnu-tools-for-stm32.9-2020-q2-update.win32_2.0.0.202105311346/tools/bin/../lib/gcc/arm-none-eabi/9.3.1/thumb/v7e-m+dp/hard\libgcc.a
LOAD c:/st/stm32cubeide_1.7.0/stm32cubeide/plugins/com.st.stm32cube.ide.mcu.externaltools.gnu-tools-for-stm32.9-2020-q2-update.win32_2.0.0.202105311346/tools/bin/../lib/gcc/arm-none-eabi/9.3.1/../../../../arm-none-eabi/lib/thumb/v7e-m+dp/hard\libc_nano.a
END GROUP
START GROUP
LOAD c:/st/stm32cubeide_1.7.0/stm32cubeide/plugins/com.st.stm32cube.ide.mcu.externaltools.gnu-tools-for-stm32.9-2020-q2-update.win32_2.0.0.202105311346/tools/bin/../lib/gcc/arm-none-eabi/9.3.1/thumb/v7e-m+dp/hard\libgcc.a
LOAD c:/st/stm32cubeide_1.7.0/stm32cubeide/plugins/com.st.stm32cube.ide.mcu.externaltools.gnu-tools-for-stm32.9-2020-q2-update.win32_2.0.0.202105311346/tools/bin/../lib/gcc/arm-none-eabi/9.3.1/../../../../arm-none-eabi/lib/thumb/v7e-m+dp/hard\libc_nano.a
LOAD c:/st/stm32cubeide_1.7.0/stm32cubeide/plugins/com.st.stm32cube.ide.mcu.externaltools.gnu-tools-for-stm32.9-2020-q2-update.win32_2.0.0.202105311346/tools/bin/../lib/gcc/arm-none-eabi/9.3.1/../../../../arm-none-eabi/lib/thumb/v7e-m+dp/hard\libnosys.a
END GROUP
START GROUP
LOAD c:/st/stm32cubeide_1.7.0/stm32cubeide/plugins/com.st.stm32cube.ide.mcu.externaltools.gnu-tools-for-stm32.9-2020-q2-update.win32_2.0.0.202105311346/tools/bin/../lib/gcc/arm-none-eabi/9.3.1/thumb/v7e-m+dp/hard\libgcc.a
LOAD c:/st/stm32cubeide_1.7.0/stm32cubeide/plugins/com.st.stm32cube.ide.mcu.externaltools.gnu-tools-for-stm32.9-2020-q2-update.win32_2.0.0.202105311346/tools/bin/../lib/gcc/arm-none-eabi/9.3.1/../../../../arm-none-eabi/lib/thumb/v7e-m+dp/hard\libc_nano.a
LOAD c:/st/stm32cubeide_1.7.0/stm32cubeide/plugins/com.st.stm32cube.ide.mcu.externaltools.gnu-tools-for-stm32.9-2020-q2-update.win32_2.0.0.202105311346/tools/bin/../lib/gcc/arm-none-eabi/9.3.1/../../../../arm-none-eabi/lib/thumb/v7e-m+dp/hard\libnosys.a
END GROUP
LOAD c:/st/stm32cubeide_1.7.0/stm32cubeide/plugins/com.st.stm32cube.ide.mcu.externaltools.gnu-tools-for-stm32.9-2020-q2-update.win32_2.0.0.202105311346/tools/bin/../lib/gcc/arm-none-eabi/9.3.1/thumb/v7e-m+dp/hard/crtend.o
LOAD c:/st/stm32cubeide_1.7.0/stm32cubeide/plugins/com.st.stm32cube.ide.mcu.externaltools.gnu-tools-for-stm32.9-2020-q2-update.win32_2.0.0.202105311346/tools/bin/../lib/gcc/arm-none-eabi/9.3.1/thumb/v7e-m+dp/hard/crtn.o
                0x0000000024080000                _estack = (ORIGIN (RAM_D1) + LENGTH (RAM_D1))
                0x0000000000000200                _Min_Heap_Size = 0x200
                0x0000000000000400                _Min_Stack_Size = 0x400

.isr_vector     0x0000000008000000      0x298
                0x0000000008000000                . = ALIGN (0x4)
 *(.isr_vector)
 .isr_vector    0x0000000008000000      0x298 ./Startup/startup_stm32h745zitx.o
                0x0000000008000000                g_pfnVectors
                0x0000000008000298                . = ALIGN (0x4)

.text           0x00000000080002a0     0x387c
                0x00000000080002a0                . = ALIGN (0x4)
 *(.text)
 .text          0x00000000080002a0       0x40 c:/st/stm32cubeide_1.7.0/stm32cubeide/plugins/com.st.stm32cube.ide.mcu.externaltools.gnu-tools-for-stm32.9-2020-q2-update.win32_2.0.0.202105311346/tools/bin/../lib/gcc/arm-none-eabi/9.3.1/thumb/v7e-m+dp/hard/crtbegin.o
 .text          0x00000000080002e0       0x10 c:/st/stm32cubeide_1.7.0/stm32cubeide/plugins/com.st.stm32cube.ide.mcu.externaltools.gnu-tools-for-stm32.9-2020-q2-update.win32_2.0.0.202105311346/tools/bin/../lib/gcc/arm-none-eabi/9.3.1/../../../../arm-none-eabi/lib/thumb/v7e-m+dp/hard\libc_nano.a(lib_a-strlen.o)
                0x00000000080002e0                strlen
 .text          0x00000000080002f0       0xa0 c:/st/stm32cubeide_1.7.0/stm32cubeide/plugins/com.st.stm32cube.ide.mcu.externaltools.gnu-tools-for-stm32.9-2020-q2-update.win32_2.0.0.202105311346/tools/bin/../lib/gcc/arm-none-eabi/9.3.1/../../../../arm-none-eabi/lib/thumb/v7e-m+dp/hard\libc_nano.a(lib_a-memchr.o)
                0x00000000080002f0                memchr
 *(.text*)
 .text.init_Bluetooh
                0x0000000008000390       0x20 ./Src/Bluetooh.o
                0x0000000008000390                init_Bluetooh
 .text.get_Version
                0x00000000080003b0       0xb4 ./Src/Bluetooh.o
                0x00000000080003b0                get_Version
 .text.get_BLEAddr
                0x0000000008000464       0xd0 ./Src/Bluetooh.o
                0x0000000008000464                get_BLEAddr
 .text.get_Name
                0x0000000008000534       0xd0 ./Src/Bluetooh.o
                0x0000000008000534                get_Name
 .text.set_Name
                0x0000000008000604       0xf0 ./Src/Bluetooh.o
                0x0000000008000604                set_Name
 .text.decimalToBinary
                0x00000000080006f4       0x5a ./Src/Clock.o
                0x00000000080006f4                decimalToBinary
 *fill*         0x000000000800074e        0x2 
 .text.PLLSRC_Select
                0x0000000008000750       0x98 ./Src/Clock.o
                0x0000000008000750                PLLSRC_Select
 .text.DIVM1    0x00000000080007e8       0x98 ./Src/Clock.o
                0x00000000080007e8                DIVM1
 .text.SystemClockStatus
                0x0000000008000880      0x150 ./Src/Clock.o
                0x0000000008000880                SystemClockStatus
 .text.PLL1DIVR
                0x00000000080009d0      0x1a4 ./Src/Clock.o
                0x00000000080009d0                PLL1DIVR
 .text.input_frequency_range
                0x0000000008000b74       0xb8 ./Src/Clock.o
                0x0000000008000b74                input_frequency_range
 .text.PLL1VCOSEL
                0x0000000008000c2c       0x3c ./Src/Clock.o
                0x0000000008000c2c                PLL1VCOSEL
 .text.enable_PLL1_OutputDividers
                0x0000000008000c68       0x38 ./Src/Clock.o
                0x0000000008000c68                enable_PLL1_OutputDividers
 .text.enable_PLL1_FractionalDivider
                0x0000000008000ca0       0x20 ./Src/Clock.o
                0x0000000008000ca0                enable_PLL1_FractionalDivider
 .text.StartPLL1
                0x0000000008000cc0       0x30 ./Src/Clock.o
                0x0000000008000cc0                StartPLL1
 .text.D1CFGR_D1CPRE
                0x0000000008000cf0      0x244 ./Src/Clock.o
                0x0000000008000cf0                D1CFGR_D1CPRE
 .text.D1CFGR_HPRE
                0x0000000008000f34      0x244 ./Src/Clock.o
                0x0000000008000f34                D1CFGR_HPRE
 .text.D1PPRE   0x0000000008001178      0x118 ./Src/Clock.o
                0x0000000008001178                D1PPRE
 .text.D2PPRE1  0x0000000008001290      0x118 ./Src/Clock.o
                0x0000000008001290                D2PPRE1
 .text.D3PPRE   0x00000000080013a8      0x118 ./Src/Clock.o
                0x00000000080013a8                D3PPRE
 .text.SysClockConfig
                0x00000000080014c0       0x80 ./Src/Clock.o
                0x00000000080014c0                SysClockConfig
 .text.get_SYSCLK
                0x0000000008001540       0x30 ./Src/Clock.o
                0x0000000008001540                get_SYSCLK
 .text.SysClockAfter_D1Prescaler
                0x0000000008001570       0x28 ./Src/Clock.o
                0x0000000008001570                SysClockAfter_D1Prescaler
 .text.get_CPU1_Systick_Clock
                0x0000000008001598       0x16 ./Src/Clock.o
                0x0000000008001598                get_CPU1_Systick_Clock
 .text.get_SysClock_AfterHPRE_Prescaler
                0x00000000080015ae       0x28 ./Src/Clock.o
                0x00000000080015ae                get_SysClock_AfterHPRE_Prescaler
 .text.get_APB1_Preipheral_Clock
                0x00000000080015d6       0x28 ./Src/Clock.o
                0x00000000080015d6                get_APB1_Preipheral_Clock
 .text.get_APB2_Preipheral_Clock
                0x00000000080015fe       0x28 ./Src/Clock.o
                0x00000000080015fe                get_APB2_Preipheral_Clock
 *fill*         0x0000000008001626        0x2 
 .text.enablePORT
                0x0000000008001628      0x210 ./Src/Gpio.o
                0x0000000008001628                enablePORT
 .text.Set_GPIO_MODER
                0x0000000008001838       0xdc ./Src/Gpio.o
                0x0000000008001838                Set_GPIO_MODER
 .text.Set_GPIO_BSRR
                0x0000000008001914       0x4e ./Src/Gpio.o
                0x0000000008001914                Set_GPIO_BSRR
 *fill*         0x0000000008001962        0x2 
 .text.Set_GPIO_AFR
                0x0000000008001964      0x39c ./Src/Gpio.o
                0x0000000008001964                Set_GPIO_AFR
 .text.systickDelayMs
                0x0000000008001d00       0x60 ./Src/Systick.o
                0x0000000008001d00                systickDelayMs
 .text.__NVIC_EnableIRQ
                0x0000000008001d60       0x3c ./Src/Uart_new.o
 .text.Uart_init
                0x0000000008001d9c       0xd8 ./Src/Uart_new.o
                0x0000000008001d9c                Uart_init
 .text.get_PerihCLK
                0x0000000008001e74       0x38 ./Src/Uart_new.o
                0x0000000008001e74                get_PerihCLK
 .text.sampling_mode_and_FIFO
                0x0000000008001eac       0x66 ./Src/Uart_new.o
                0x0000000008001eac                sampling_mode_and_FIFO
 *fill*         0x0000000008001f12        0x2 
 .text.enable_USART1
                0x0000000008001f14       0x24 ./Src/Uart_new.o
                0x0000000008001f14                enable_USART1
 .text.enable_USART2
                0x0000000008001f38       0x24 ./Src/Uart_new.o
                0x0000000008001f38                enable_USART2
 .text.enable_USART3
                0x0000000008001f5c       0x24 ./Src/Uart_new.o
                0x0000000008001f5c                enable_USART3
 .text.enable_USART4
                0x0000000008001f80       0x24 ./Src/Uart_new.o
                0x0000000008001f80                enable_USART4
 .text.enable_USART5
                0x0000000008001fa4       0x24 ./Src/Uart_new.o
                0x0000000008001fa4                enable_USART5
 .text.enable_USART6
                0x0000000008001fc8       0x24 ./Src/Uart_new.o
                0x0000000008001fc8                enable_USART6
 .text.enable_USART7
                0x0000000008001fec       0x24 ./Src/Uart_new.o
                0x0000000008001fec                enable_USART7
 .text.enable_USART8
                0x0000000008002010       0x24 ./Src/Uart_new.o
                0x0000000008002010                enable_USART8
 .text.selectedUART_enable
                0x0000000008002034       0xdc ./Src/Uart_new.o
                0x0000000008002034                selectedUART_enable
 .text.set_baudRate
                0x0000000008002110       0x24 ./Src/Uart_new.o
                0x0000000008002110                set_baudRate
 .text.uart_set_baudrate
                0x0000000008002134       0x6a ./Src/Uart_new.o
 .text.compute_uart_bd
                0x000000000800219e       0x26 ./Src/Uart_new.o
 .text.uart_send_string
                0x00000000080021c4       0x4e ./Src/Uart_new.o
                0x00000000080021c4                uart_send_string
 .text.uart_get_buffer
                0x0000000008002212       0x6e ./Src/Uart_new.o
                0x0000000008002212                uart_get_buffer
 .text.uart_get_buffer_BYTE
                0x0000000008002280       0x4a ./Src/Uart_new.o
                0x0000000008002280                uart_get_buffer_BYTE
 *fill*         0x00000000080022ca        0x2 
 .text.UART1_rx_interrupt
                0x00000000080022cc       0x44 ./Src/Uart_new.o
                0x00000000080022cc                UART1_rx_interrupt
 .text.get_current_loc_Buffer
                0x0000000008002310       0xd0 ./Src/Uart_new.o
                0x0000000008002310                get_current_loc_Buffer
 .text.init_Buffer
                0x00000000080023e0      0x110 ./Src/Uart_new.o
                0x00000000080023e0                init_Buffer
 .text.get_Buffer
                0x00000000080024f0       0xcc ./Src/Uart_new.o
                0x00000000080024f0                get_Buffer
 .text.decrease_Buffer
                0x00000000080025bc       0xf4 ./Src/Uart_new.o
                0x00000000080025bc                decrease_Buffer
 .text.error    0x00000000080026b0       0x18 ./Src/Uart_new.o
                0x00000000080026b0                error
 .text.ld1_init
                0x00000000080026c8       0x1c ./Src/User_led.o
                0x00000000080026c8                ld1_init
 .text.ld2_init
                0x00000000080026e4       0x1c ./Src/User_led.o
                0x00000000080026e4                ld2_init
 .text.ld3_init
                0x0000000008002700       0x1c ./Src/User_led.o
                0x0000000008002700                ld3_init
 .text.ld1_on   0x000000000800271c       0x18 ./Src/User_led.o
                0x000000000800271c                ld1_on
 .text.ld2_on   0x0000000008002734       0x18 ./Src/User_led.o
                0x0000000008002734                ld2_on
 .text.ld3_on   0x000000000800274c       0x18 ./Src/User_led.o
                0x000000000800274c                ld3_on
 .text.ld1_off  0x0000000008002764       0x18 ./Src/User_led.o
                0x0000000008002764                ld1_off
 .text.ld2_off  0x000000000800277c       0x18 ./Src/User_led.o
                0x000000000800277c                ld2_off
 .text.ld3_off  0x0000000008002794       0x18 ./Src/User_led.o
                0x0000000008002794                ld3_off
 .text.using_as_error_driver_UART
                0x00000000080027ac       0x2e ./Src/User_led.o
                0x00000000080027ac                using_as_error_driver_UART
 *fill*         0x00000000080027da        0x2 
 .text.main     0x00000000080027dc       0x68 ./Src/main.o
                0x00000000080027dc                main
 .text.USART1_IRQHandler
                0x0000000008002844       0x20 ./Src/main.o
                0x0000000008002844                USART1_IRQHandler
 .text._getpid  0x0000000008002864       0x10 ./Src/syscalls.o
                0x0000000008002864                _getpid
 .text._kill    0x0000000008002874       0x20 ./Src/syscalls.o
                0x0000000008002874                _kill
 .text._exit    0x0000000008002894       0x14 ./Src/syscalls.o
                0x0000000008002894                _exit
 .text._read    0x00000000080028a8       0x3a ./Src/syscalls.o
                0x00000000080028a8                _read
 .text._write   0x00000000080028e2       0x38 ./Src/syscalls.o
                0x00000000080028e2                _write
 .text._close   0x000000000800291a       0x18 ./Src/syscalls.o
                0x000000000800291a                _close
 .text._fstat   0x0000000008002932       0x20 ./Src/syscalls.o
                0x0000000008002932                _fstat
 .text._isatty  0x0000000008002952       0x16 ./Src/syscalls.o
                0x0000000008002952                _isatty
 .text._lseek   0x0000000008002968       0x1a ./Src/syscalls.o
                0x0000000008002968                _lseek
 *fill*         0x0000000008002982        0x2 
 .text._sbrk    0x0000000008002984       0x6c ./Src/sysmem.o
                0x0000000008002984                _sbrk
 .text.Reset_Handler
                0x00000000080029f0       0x50 ./Startup/startup_stm32h745zitx.o
                0x00000000080029f0                Reset_Handler
 .text.Default_Handler
                0x0000000008002a40        0x2 ./Startup/startup_stm32h745zitx.o
                0x0000000008002a40                EXTI2_IRQHandler
                0x0000000008002a40                TIM8_CC_IRQHandler
                0x0000000008002a40                DMA_STR2_IRQHandler
                0x0000000008002a40                DebugMon_Handler
                0x0000000008002a40                UART8_IRQHandler
                0x0000000008002a40                SPI4_IRQHandler
                0x0000000008002a40                HRTIM1_MST_IRQHandler
                0x0000000008002a40                HardFault_Handler
                0x0000000008002a40                DMA_STR5_IRQHandler
                0x0000000008002a40                HRTIM1_FLT_IRQHandler
                0x0000000008002a40                JPEG_IRQHandler
                0x0000000008002a40                SysTick_Handler
                0x0000000008002a40                DMA2_STR1_IRQHandler
                0x0000000008002a40                DMA2_STR5_IRQHandler
                0x0000000008002a40                HRTIM1_TIMD_IRQHandler
                0x0000000008002a40                PendSV_Handler
                0x0000000008002a40                NMI_Handler
                0x0000000008002a40                EXTI3_IRQHandler
                0x0000000008002a40                LPTIM4_IRQHandler
                0x0000000008002a40                TIM8_TRG_COM_TIM14_IRQHandler
                0x0000000008002a40                LPTIM2_IRQHandler
                0x0000000008002a40                DFSDM1_FLT1_IRQHandler
                0x0000000008002a40                DMAMUX2_OVR_IRQHandler
                0x0000000008002a40                TIM8_UP_TIM13_IRQHandler
                0x0000000008002a40                I2C3_ER_IRQHandler
                0x0000000008002a40                DFSDM1_FLT2_IRQHandler
                0x0000000008002a40                MDMA_IRQHandler
                0x0000000008002a40                LPTIM3_IRQHandler
                0x0000000008002a40                EXTI0_IRQHandler
                0x0000000008002a40                I2C2_EV_IRQHandler
                0x0000000008002a40                FPU_IRQHandler
                0x0000000008002a40                DMA_STR1_IRQHandler
                0x0000000008002a40                OTG_HS_WKUP_IRQHandler
                0x0000000008002a40                FDCAN1_IT1_IRQHandler
                0x0000000008002a40                UsageFault_Handler
                0x0000000008002a40                LTDC_ER_IRQHandler
                0x0000000008002a40                ADC1_2_IRQHandler
                0x0000000008002a40                SPI1_IRQHandler
                0x0000000008002a40                BDMA_CH2_IRQHandler
                0x0000000008002a40                TIM6_DAC_IRQHandler
                0x0000000008002a40                DCMI_IRQHandler
                0x0000000008002a40                HRTIM1_TIMC_IRQHandler
                0x0000000008002a40                SDMMC_IRQHandler
                0x0000000008002a40                RTC_ALARM_IRQHandler
                0x0000000008002a40                DMA_STR0_IRQHandler
                0x0000000008002a40                SAI2_IRQHandler
                0x0000000008002a40                DMA2_STR3_IRQHandler
                0x0000000008002a40                DFSDM1_FLT3_IRQHandler
                0x0000000008002a40                USART6_IRQHandler
                0x0000000008002a40                BDMA_CH5_IRQHandler
                0x0000000008002a40                TIM17_IRQHandler
                0x0000000008002a40                BDMA_CH6_IRQHandler
                0x0000000008002a40                USART3_IRQHandler
                0x0000000008002a40                WKUP_IRQHandler
                0x0000000008002a40                BDMA_CH3_IRQHandler
                0x0000000008002a40                LPTIM5_IRQHandler
                0x0000000008002a40                LPUART_IRQHandler
                0x0000000008002a40                UART5_IRQHandler
                0x0000000008002a40                ADC3_IRQHandler
                0x0000000008002a40                DMA_STR6_IRQHandler
                0x0000000008002a40                TIM4_IRQHandler
                0x0000000008002a40                QUADSPI_IRQHandler
                0x0000000008002a40                I2C1_EV_IRQHandler
                0x0000000008002a40                DMA1_STR7_IRQHandler
                0x0000000008002a40                TIM16_IRQHandler
                0x0000000008002a40                UART4_IRQHandler
                0x0000000008002a40                TIM3_IRQHandler
                0x0000000008002a40                RCC_IRQHandler
                0x0000000008002a40                TIM8_BRK_TIM12_IRQHandler
                0x0000000008002a40                TIM1_TRG_COM_IRQHandler
                0x0000000008002a40                Default_Handler
                0x0000000008002a40                HRTIM_TIMB_IRQHandler
                0x0000000008002a40                CEC_IRQHandler
                0x0000000008002a40                EXTI15_10_IRQHandler
                0x0000000008002a40                BDMA_CH4_IRQHandler
                0x0000000008002a40                DMA_STR3_IRQHandler
                0x0000000008002a40                HRTIM_TIME_IRQHandler
                0x0000000008002a40                HRTIM1_TIMA_IRQHandler
                0x0000000008002a40                SPI5_IRQHandler
                0x0000000008002a40                TIM7_IRQHandler
                0x0000000008002a40                SDMMC1_IRQHandler
                0x0000000008002a40                TIM5_IRQHandler
                0x0000000008002a40                SPDIF_IRQHandler
                0x0000000008002a40                TIM15_IRQHandler
                0x0000000008002a40                I2C3_EV_IRQHandler
                0x0000000008002a40                EXTI9_5_IRQHandler
                0x0000000008002a40                DMA2_STR4_IRQHandler
                0x0000000008002a40                RTC_WKUP_IRQHandler
                0x0000000008002a40                DMA2_STR6_IRQHandler
                0x0000000008002a40                LTDC_IRQHandler
                0x0000000008002a40                SAI3_IRQHandler
                0x0000000008002a40                ETH_WKUP_IRQHandler
                0x0000000008002a40                PVD_PVM_IRQHandler
                0x0000000008002a40                SPI2_IRQHandler
                0x0000000008002a40                OTG_HS_EP1_IN_IRQHandler
                0x0000000008002a40                MemManage_Handler
                0x0000000008002a40                DMA2_STR0_IRQHandler
                0x0000000008002a40                SVC_Handler
                0x0000000008002a40                CRS_IRQHandler
                0x0000000008002a40                EXTI4_IRQHandler
                0x0000000008002a40                DMAMUX1_OV_IRQHandler
                0x0000000008002a40                FDCAN2_IT1_IRQHandler
                0x0000000008002a40                DMA_STR4_IRQHandler
                0x0000000008002a40                COMP_IRQHandler
                0x0000000008002a40                DMA2_STR2_IRQHandler
                0x0000000008002a40                ETH_IRQHandler
                0x0000000008002a40                TIM1_UP_IRQHandler
                0x0000000008002a40                DMA2_STR7_IRQHandler
                0x0000000008002a40                OTG_HS_EP1_OUT_IRQHandler
                0x0000000008002a40                SPI6_IRQHandler
                0x0000000008002a40                MDIOS_IRQHandler
                0x0000000008002a40                I2C4_EV_IRQHandler
                0x0000000008002a40                FDCAN2_IT0_IRQHandler
                0x0000000008002a40                BDMA_CH7_IRQHandler
                0x0000000008002a40                FDCAN1_IT0_IRQHandler
                0x0000000008002a40                TIM2_IRQHandler
                0x0000000008002a40                HSEM0_IRQHandler
                0x0000000008002a40                OTG_FS_WKUP_IRQHandler
                0x0000000008002a40                OTG_HS_IRQHandler
                0x0000000008002a40                DMA2D_IRQHandler
                0x0000000008002a40                TIM1_BRK_IRQHandler
                0x0000000008002a40                EXTI1_IRQHandler
                0x0000000008002a40                WWDG2_RST_IRQHandler
                0x0000000008002a40                OTG_FS_EP1_OUT_IRQHandler
                0x0000000008002a40                HOLD_CORE_IRQHandler
                0x0000000008002a40                UART7_IRQHandler
                0x0000000008002a40                MDIOS_WKUP_IRQHandler
                0x0000000008002a40                USART2_IRQHandler
                0x0000000008002a40                DFSDM1_FLT0_IRQHandler
                0x0000000008002a40                SAI4_IRQHandler
                0x0000000008002a40                I2C2_ER_IRQHandler
                0x0000000008002a40                FLASH_IRQHandler
                0x0000000008002a40                WWDG1_IRQHandler
                0x0000000008002a40                BusFault_Handler
                0x0000000008002a40                OTG_FS_IRQHandler
                0x0000000008002a40                SPI3_IRQHandler
                0x0000000008002a40                OTG_FS_EP1_IN_IRQHandler
                0x0000000008002a40                I2C1_ER_IRQHandler
                0x0000000008002a40                FMC_IRQHandler
                0x0000000008002a40                BDMA_CH1_IRQHandler
                0x0000000008002a40                FDCAN_CAL_IRQHandler
                0x0000000008002a40                SWPMI1_IRQHandler
                0x0000000008002a40                LPTIM1_IRQHandler
                0x0000000008002a40                BDMA_CH8_IRQHandler
                0x0000000008002a40                cm4_sev_it_IRQHandler
                0x0000000008002a40                TIM_CC_IRQHandler
                0x0000000008002a40                I2C4_ER_IRQHandler
                0x0000000008002a40                SAI1_IRQHandler
                0x0000000008002a40                RTC_TAMP_STAMP_CSS_LSE_IRQHandler
 *fill*         0x0000000008002a42        0x2 
 .text.__errno  0x0000000008002a44        0xc c:/st/stm32cubeide_1.7.0/stm32cubeide/plugins/com.st.stm32cube.ide.mcu.externaltools.gnu-tools-for-stm32.9-2020-q2-update.win32_2.0.0.202105311346/tools/bin/../lib/gcc/arm-none-eabi/9.3.1/../../../../arm-none-eabi/lib/thumb/v7e-m+dp/hard\libc_nano.a(lib_a-errno.o)
                0x0000000008002a44                __errno
 .text.__libc_init_array
                0x0000000008002a50       0x48 c:/st/stm32cubeide_1.7.0/stm32cubeide/plugins/com.st.stm32cube.ide.mcu.externaltools.gnu-tools-for-stm32.9-2020-q2-update.win32_2.0.0.202105311346/tools/bin/../lib/gcc/arm-none-eabi/9.3.1/../../../../arm-none-eabi/lib/thumb/v7e-m+dp/hard\libc_nano.a(lib_a-init.o)
                0x0000000008002a50                __libc_init_array
 .text.malloc   0x0000000008002a98       0x10 c:/st/stm32cubeide_1.7.0/stm32cubeide/plugins/com.st.stm32cube.ide.mcu.externaltools.gnu-tools-for-stm32.9-2020-q2-update.win32_2.0.0.202105311346/tools/bin/../lib/gcc/arm-none-eabi/9.3.1/../../../../arm-none-eabi/lib/thumb/v7e-m+dp/hard\libc_nano.a(lib_a-malloc.o)
                0x0000000008002a98                malloc
 .text.memset   0x0000000008002aa8       0x10 c:/st/stm32cubeide_1.7.0/stm32cubeide/plugins/com.st.stm32cube.ide.mcu.externaltools.gnu-tools-for-stm32.9-2020-q2-update.win32_2.0.0.202105311346/tools/bin/../lib/gcc/arm-none-eabi/9.3.1/../../../../arm-none-eabi/lib/thumb/v7e-m+dp/hard\libc_nano.a(lib_a-memset.o)
                0x0000000008002aa8                memset
 .text._free_r  0x0000000008002ab8       0xa0 c:/st/stm32cubeide_1.7.0/stm32cubeide/plugins/com.st.stm32cube.ide.mcu.externaltools.gnu-tools-for-stm32.9-2020-q2-update.win32_2.0.0.202105311346/tools/bin/../lib/gcc/arm-none-eabi/9.3.1/../../../../arm-none-eabi/lib/thumb/v7e-m+dp/hard\libc_nano.a(lib_a-nano-freer.o)
                0x0000000008002ab8                _free_r
 .text._malloc_r
                0x0000000008002b58       0xb4 c:/st/stm32cubeide_1.7.0/stm32cubeide/plugins/com.st.stm32cube.ide.mcu.externaltools.gnu-tools-for-stm32.9-2020-q2-update.win32_2.0.0.202105311346/tools/bin/../lib/gcc/arm-none-eabi/9.3.1/../../../../arm-none-eabi/lib/thumb/v7e-m+dp/hard\libc_nano.a(lib_a-nano-mallocr.o)
                0x0000000008002b58                _malloc_r
 .text._sbrk_r  0x0000000008002c0c       0x20 c:/st/stm32cubeide_1.7.0/stm32cubeide/plugins/com.st.stm32cube.ide.mcu.externaltools.gnu-tools-for-stm32.9-2020-q2-update.win32_2.0.0.202105311346/tools/bin/../lib/gcc/arm-none-eabi/9.3.1/../../../../arm-none-eabi/lib/thumb/v7e-m+dp/hard\libc_nano.a(lib_a-sbrkr.o)
                0x0000000008002c0c                _sbrk_r
 .text.strcat   0x0000000008002c2c       0x1e c:/st/stm32cubeide_1.7.0/stm32cubeide/plugins/com.st.stm32cube.ide.mcu.externaltools.gnu-tools-for-stm32.9-2020-q2-update.win32_2.0.0.202105311346/tools/bin/../lib/gcc/arm-none-eabi/9.3.1/../../../../arm-none-eabi/lib/thumb/v7e-m+dp/hard\libc_nano.a(lib_a-strcat.o)
                0x0000000008002c2c                strcat
 *fill*         0x0000000008002c4a        0x2 
 .text.strtok   0x0000000008002c4c       0x68 c:/st/stm32cubeide_1.7.0/stm32cubeide/plugins/com.st.stm32cube.ide.mcu.externaltools.gnu-tools-for-stm32.9-2020-q2-update.win32_2.0.0.202105311346/tools/bin/../lib/gcc/arm-none-eabi/9.3.1/../../../../arm-none-eabi/lib/thumb/v7e-m+dp/hard\libc_nano.a(lib_a-strtok.o)
                0x0000000008002c4c                strtok
 .text.__strtok_r
                0x0000000008002cb4       0x50 c:/st/stm32cubeide_1.7.0/stm32cubeide/plugins/com.st.stm32cube.ide.mcu.externaltools.gnu-tools-for-stm32.9-2020-q2-update.win32_2.0.0.202105311346/tools/bin/../lib/gcc/arm-none-eabi/9.3.1/../../../../arm-none-eabi/lib/thumb/v7e-m+dp/hard\libc_nano.a(lib_a-strtok_r.o)
                0x0000000008002cb4                __strtok_r
 .text.__assert_func
                0x0000000008002d04       0x3c c:/st/stm32cubeide_1.7.0/stm32cubeide/plugins/com.st.stm32cube.ide.mcu.externaltools.gnu-tools-for-stm32.9-2020-q2-update.win32_2.0.0.202105311346/tools/bin/../lib/gcc/arm-none-eabi/9.3.1/../../../../arm-none-eabi/lib/thumb/v7e-m+dp/hard\libc_nano.a(lib_a-assert.o)
                0x0000000008002d04                __assert_func
 .text.fprintf  0x0000000008002d40       0x24 c:/st/stm32cubeide_1.7.0/stm32cubeide/plugins/com.st.stm32cube.ide.mcu.externaltools.gnu-tools-for-stm32.9-2020-q2-update.win32_2.0.0.202105311346/tools/bin/../lib/gcc/arm-none-eabi/9.3.1/../../../../arm-none-eabi/lib/thumb/v7e-m+dp/hard\libc_nano.a(lib_a-fprintf.o)
                0x0000000008002d40                fiprintf
                0x0000000008002d40                fprintf
 .text.__malloc_lock
                0x0000000008002d64        0xc c:/st/stm32cubeide_1.7.0/stm32cubeide/plugins/com.st.stm32cube.ide.mcu.externaltools.gnu-tools-for-stm32.9-2020-q2-update.win32_2.0.0.202105311346/tools/bin/../lib/gcc/arm-none-eabi/9.3.1/../../../../arm-none-eabi/lib/thumb/v7e-m+dp/hard\libc_nano.a(lib_a-mlock.o)
                0x0000000008002d64                __malloc_lock
 .text.__malloc_unlock
                0x0000000008002d70        0xc c:/st/stm32cubeide_1.7.0/stm32cubeide/plugins/com.st.stm32cube.ide.mcu.externaltools.gnu-tools-for-stm32.9-2020-q2-update.win32_2.0.0.202105311346/tools/bin/../lib/gcc/arm-none-eabi/9.3.1/../../../../arm-none-eabi/lib/thumb/v7e-m+dp/hard\libc_nano.a(lib_a-mlock.o)
                0x0000000008002d70                __malloc_unlock
 .text.__sfputc_r
                0x0000000008002d7c       0x2e c:/st/stm32cubeide_1.7.0/stm32cubeide/plugins/com.st.stm32cube.ide.mcu.externaltools.gnu-tools-for-stm32.9-2020-q2-update.win32_2.0.0.202105311346/tools/bin/../lib/gcc/arm-none-eabi/9.3.1/../../../../arm-none-eabi/lib/thumb/v7e-m+dp/hard\libc_nano.a(lib_a-nano-vfprintf.o)
 .text.__sfputs_r
                0x0000000008002daa       0x24 c:/st/stm32cubeide_1.7.0/stm32cubeide/plugins/com.st.stm32cube.ide.mcu.externaltools.gnu-tools-for-stm32.9-2020-q2-update.win32_2.0.0.202105311346/tools/bin/../lib/gcc/arm-none-eabi/9.3.1/../../../../arm-none-eabi/lib/thumb/v7e-m+dp/hard\libc_nano.a(lib_a-nano-vfprintf.o)
                0x0000000008002daa                __sfputs_r
 *fill*         0x0000000008002dce        0x2 
 .text._vfprintf_r
                0x0000000008002dd0      0x260 c:/st/stm32cubeide_1.7.0/stm32cubeide/plugins/com.st.stm32cube.ide.mcu.externaltools.gnu-tools-for-stm32.9-2020-q2-update.win32_2.0.0.202105311346/tools/bin/../lib/gcc/arm-none-eabi/9.3.1/../../../../arm-none-eabi/lib/thumb/v7e-m+dp/hard\libc_nano.a(lib_a-nano-vfprintf.o)
                0x0000000008002dd0                _vfprintf_r
                0x0000000008002dd0                _vfiprintf_r
 .text._printf_common
                0x0000000008003030       0xda c:/st/stm32cubeide_1.7.0/stm32cubeide/plugins/com.st.stm32cube.ide.mcu.externaltools.gnu-tools-for-stm32.9-2020-q2-update.win32_2.0.0.202105311346/tools/bin/../lib/gcc/arm-none-eabi/9.3.1/../../../../arm-none-eabi/lib/thumb/v7e-m+dp/hard\libc_nano.a(lib_a-nano-vfprintf_i.o)
                0x0000000008003030                _printf_common
 *fill*         0x000000000800310a        0x2 
 .text._printf_i
                0x000000000800310c      0x24c c:/st/stm32cubeide_1.7.0/stm32cubeide/plugins/com.st.stm32cube.ide.mcu.externaltools.gnu-tools-for-stm32.9-2020-q2-update.win32_2.0.0.202105311346/tools/bin/../lib/gcc/arm-none-eabi/9.3.1/../../../../arm-none-eabi/lib/thumb/v7e-m+dp/hard\libc_nano.a(lib_a-nano-vfprintf_i.o)
                0x000000000800310c                _printf_i
 .text.__swbuf_r
                0x0000000008003358       0xa4 c:/st/stm32cubeide_1.7.0/stm32cubeide/plugins/com.st.stm32cube.ide.mcu.externaltools.gnu-tools-for-stm32.9-2020-q2-update.win32_2.0.0.202105311346/tools/bin/../lib/gcc/arm-none-eabi/9.3.1/../../../../arm-none-eabi/lib/thumb/v7e-m+dp/hard\libc_nano.a(lib_a-wbuf.o)
                0x0000000008003358                __swbuf_r
 .text.__swsetup_r
                0x00000000080033fc       0xdc c:/st/stm32cubeide_1.7.0/stm32cubeide/plugins/com.st.stm32cube.ide.mcu.externaltools.gnu-tools-for-stm32.9-2020-q2-update.win32_2.0.0.202105311346/tools/bin/../lib/gcc/arm-none-eabi/9.3.1/../../../../arm-none-eabi/lib/thumb/v7e-m+dp/hard\libc_nano.a(lib_a-wsetup.o)
                0x00000000080033fc                __swsetup_r
 .text.abort    0x00000000080034d8        0xe c:/st/stm32cubeide_1.7.0/stm32cubeide/plugins/com.st.stm32cube.ide.mcu.externaltools.gnu-tools-for-stm32.9-2020-q2-update.win32_2.0.0.202105311346/tools/bin/../lib/gcc/arm-none-eabi/9.3.1/../../../../arm-none-eabi/lib/thumb/v7e-m+dp/hard\libc_nano.a(lib_a-abort.o)
                0x00000000080034d8                abort
 *fill*         0x00000000080034e6        0x2 
 .text.__sflush_r
                0x00000000080034e8      0x10c c:/st/stm32cubeide_1.7.0/stm32cubeide/plugins/com.st.stm32cube.ide.mcu.externaltools.gnu-tools-for-stm32.9-2020-q2-update.win32_2.0.0.202105311346/tools/bin/../lib/gcc/arm-none-eabi/9.3.1/../../../../arm-none-eabi/lib/thumb/v7e-m+dp/hard\libc_nano.a(lib_a-fflush.o)
                0x00000000080034e8                __sflush_r
 .text._fflush_r
                0x00000000080035f4       0x78 c:/st/stm32cubeide_1.7.0/stm32cubeide/plugins/com.st.stm32cube.ide.mcu.externaltools.gnu-tools-for-stm32.9-2020-q2-update.win32_2.0.0.202105311346/tools/bin/../lib/gcc/arm-none-eabi/9.3.1/../../../../arm-none-eabi/lib/thumb/v7e-m+dp/hard\libc_nano.a(lib_a-fflush.o)
                0x00000000080035f4                _fflush_r
 .text.std      0x000000000800366c       0x48 c:/st/stm32cubeide_1.7.0/stm32cubeide/plugins/com.st.stm32cube.ide.mcu.externaltools.gnu-tools-for-stm32.9-2020-q2-update.win32_2.0.0.202105311346/tools/bin/../lib/gcc/arm-none-eabi/9.3.1/../../../../arm-none-eabi/lib/thumb/v7e-m+dp/hard\libc_nano.a(lib_a-findfp.o)
 .text._cleanup_r
                0x00000000080036b4        0xc c:/st/stm32cubeide_1.7.0/stm32cubeide/plugins/com.st.stm32cube.ide.mcu.externaltools.gnu-tools-for-stm32.9-2020-q2-update.win32_2.0.0.202105311346/tools/bin/../lib/gcc/arm-none-eabi/9.3.1/../../../../arm-none-eabi/lib/thumb/v7e-m+dp/hard\libc_nano.a(lib_a-findfp.o)
                0x00000000080036b4                _cleanup_r
 .text.__sfmoreglue
                0x00000000080036c0       0x2c c:/st/stm32cubeide_1.7.0/stm32cubeide/plugins/com.st.stm32cube.ide.mcu.externaltools.gnu-tools-for-stm32.9-2020-q2-update.win32_2.0.0.202105311346/tools/bin/../lib/gcc/arm-none-eabi/9.3.1/../../../../arm-none-eabi/lib/thumb/v7e-m+dp/hard\libc_nano.a(lib_a-findfp.o)
                0x00000000080036c0                __sfmoreglue
 .text.__sfp_lock_acquire
                0x00000000080036ec        0xc c:/st/stm32cubeide_1.7.0/stm32cubeide/plugins/com.st.stm32cube.ide.mcu.externaltools.gnu-tools-for-stm32.9-2020-q2-update.win32_2.0.0.202105311346/tools/bin/../lib/gcc/arm-none-eabi/9.3.1/../../../../arm-none-eabi/lib/thumb/v7e-m+dp/hard\libc_nano.a(lib_a-findfp.o)
                0x00000000080036ec                __sfp_lock_acquire
 .text.__sfp_lock_release
                0x00000000080036f8        0xc c:/st/stm32cubeide_1.7.0/stm32cubeide/plugins/com.st.stm32cube.ide.mcu.externaltools.gnu-tools-for-stm32.9-2020-q2-update.win32_2.0.0.202105311346/tools/bin/../lib/gcc/arm-none-eabi/9.3.1/../../../../arm-none-eabi/lib/thumb/v7e-m+dp/hard\libc_nano.a(lib_a-findfp.o)
                0x00000000080036f8                __sfp_lock_release
 .text.__sinit_lock_acquire
                0x0000000008003704        0xc c:/st/stm32cubeide_1.7.0/stm32cubeide/plugins/com.st.stm32cube.ide.mcu.externaltools.gnu-tools-for-stm32.9-2020-q2-update.win32_2.0.0.202105311346/tools/bin/../lib/gcc/arm-none-eabi/9.3.1/../../../../arm-none-eabi/lib/thumb/v7e-m+dp/hard\libc_nano.a(lib_a-findfp.o)
                0x0000000008003704                __sinit_lock_acquire
 .text.__sinit_lock_release
                0x0000000008003710        0xc c:/st/stm32cubeide_1.7.0/stm32cubeide/plugins/com.st.stm32cube.ide.mcu.externaltools.gnu-tools-for-stm32.9-2020-q2-update.win32_2.0.0.202105311346/tools/bin/../lib/gcc/arm-none-eabi/9.3.1/../../../../arm-none-eabi/lib/thumb/v7e-m+dp/hard\libc_nano.a(lib_a-findfp.o)
                0x0000000008003710                __sinit_lock_release
 .text.__sinit  0x000000000800371c       0x70 c:/st/stm32cubeide_1.7.0/stm32cubeide/plugins/com.st.stm32cube.ide.mcu.externaltools.gnu-tools-for-stm32.9-2020-q2-update.win32_2.0.0.202105311346/tools/bin/../lib/gcc/arm-none-eabi/9.3.1/../../../../arm-none-eabi/lib/thumb/v7e-m+dp/hard\libc_nano.a(lib_a-findfp.o)
                0x000000000800371c                __sinit
 .text.__sfp    0x000000000800378c       0x8c c:/st/stm32cubeide_1.7.0/stm32cubeide/plugins/com.st.stm32cube.ide.mcu.externaltools.gnu-tools-for-stm32.9-2020-q2-update.win32_2.0.0.202105311346/tools/bin/../lib/gcc/arm-none-eabi/9.3.1/../../../../arm-none-eabi/lib/thumb/v7e-m+dp/hard\libc_nano.a(lib_a-findfp.o)
                0x000000000800378c                __sfp
 .text._fwalk_reent
                0x0000000008003818       0x3e c:/st/stm32cubeide_1.7.0/stm32cubeide/plugins/com.st.stm32cube.ide.mcu.externaltools.gnu-tools-for-stm32.9-2020-q2-update.win32_2.0.0.202105311346/tools/bin/../lib/gcc/arm-none-eabi/9.3.1/../../../../arm-none-eabi/lib/thumb/v7e-m+dp/hard\libc_nano.a(lib_a-fwalk.o)
                0x0000000008003818                _fwalk_reent
 .text.__retarget_lock_init_recursive
                0x0000000008003856        0x2 c:/st/stm32cubeide_1.7.0/stm32cubeide/plugins/com.st.stm32cube.ide.mcu.externaltools.gnu-tools-for-stm32.9-2020-q2-update.win32_2.0.0.202105311346/tools/bin/../lib/gcc/arm-none-eabi/9.3.1/../../../../arm-none-eabi/lib/thumb/v7e-m+dp/hard\libc_nano.a(lib_a-lock.o)
                0x0000000008003856                __retarget_lock_init_recursive
 .text.__retarget_lock_acquire_recursive
                0x0000000008003858        0x2 c:/st/stm32cubeide_1.7.0/stm32cubeide/plugins/com.st.stm32cube.ide.mcu.externaltools.gnu-tools-for-stm32.9-2020-q2-update.win32_2.0.0.202105311346/tools/bin/../lib/gcc/arm-none-eabi/9.3.1/../../../../arm-none-eabi/lib/thumb/v7e-m+dp/hard\libc_nano.a(lib_a-lock.o)
                0x0000000008003858                __retarget_lock_acquire_recursive
 .text.__retarget_lock_release_recursive
                0x000000000800385a        0x2 c:/st/stm32cubeide_1.7.0/stm32cubeide/plugins/com.st.stm32cube.ide.mcu.externaltools.gnu-tools-for-stm32.9-2020-q2-update.win32_2.0.0.202105311346/tools/bin/../lib/gcc/arm-none-eabi/9.3.1/../../../../arm-none-eabi/lib/thumb/v7e-m+dp/hard\libc_nano.a(lib_a-lock.o)
                0x000000000800385a                __retarget_lock_release_recursive
 .text.__swhatbuf_r
                0x000000000800385c       0x48 c:/st/stm32cubeide_1.7.0/stm32cubeide/plugins/com.st.stm32cube.ide.mcu.externaltools.gnu-tools-for-stm32.9-2020-q2-update.win32_2.0.0.202105311346/tools/bin/../lib/gcc/arm-none-eabi/9.3.1/../../../../arm-none-eabi/lib/thumb/v7e-m+dp/hard\libc_nano.a(lib_a-makebuf.o)
                0x000000000800385c                __swhatbuf_r
 .text.__smakebuf_r
                0x00000000080038a4       0x80 c:/st/stm32cubeide_1.7.0/stm32cubeide/plugins/com.st.stm32cube.ide.mcu.externaltools.gnu-tools-for-stm32.9-2020-q2-update.win32_2.0.0.202105311346/tools/bin/../lib/gcc/arm-none-eabi/9.3.1/../../../../arm-none-eabi/lib/thumb/v7e-m+dp/hard\libc_nano.a(lib_a-makebuf.o)
                0x00000000080038a4                __smakebuf_r
 .text._raise_r
                0x0000000008003924       0x50 c:/st/stm32cubeide_1.7.0/stm32cubeide/plugins/com.st.stm32cube.ide.mcu.externaltools.gnu-tools-for-stm32.9-2020-q2-update.win32_2.0.0.202105311346/tools/bin/../lib/gcc/arm-none-eabi/9.3.1/../../../../arm-none-eabi/lib/thumb/v7e-m+dp/hard\libc_nano.a(lib_a-signal.o)
                0x0000000008003924                _raise_r
 .text.raise    0x0000000008003974       0x10 c:/st/stm32cubeide_1.7.0/stm32cubeide/plugins/com.st.stm32cube.ide.mcu.externaltools.gnu-tools-for-stm32.9-2020-q2-update.win32_2.0.0.202105311346/tools/bin/../lib/gcc/arm-none-eabi/9.3.1/../../../../arm-none-eabi/lib/thumb/v7e-m+dp/hard\libc_nano.a(lib_a-signal.o)
                0x0000000008003974                raise
 .text._kill_r  0x0000000008003984       0x24 c:/st/stm32cubeide_1.7.0/stm32cubeide/plugins/com.st.stm32cube.ide.mcu.externaltools.gnu-tools-for-stm32.9-2020-q2-update.win32_2.0.0.202105311346/tools/bin/../lib/gcc/arm-none-eabi/9.3.1/../../../../arm-none-eabi/lib/thumb/v7e-m+dp/hard\libc_nano.a(lib_a-signalr.o)
                0x0000000008003984                _kill_r
 .text._getpid_r
                0x00000000080039a8        0x4 c:/st/stm32cubeide_1.7.0/stm32cubeide/plugins/com.st.stm32cube.ide.mcu.externaltools.gnu-tools-for-stm32.9-2020-q2-update.win32_2.0.0.202105311346/tools/bin/../lib/gcc/arm-none-eabi/9.3.1/../../../../arm-none-eabi/lib/thumb/v7e-m+dp/hard\libc_nano.a(lib_a-signalr.o)
                0x00000000080039a8                _getpid_r
 .text.__sread  0x00000000080039ac       0x22 c:/st/stm32cubeide_1.7.0/stm32cubeide/plugins/com.st.stm32cube.ide.mcu.externaltools.gnu-tools-for-stm32.9-2020-q2-update.win32_2.0.0.202105311346/tools/bin/../lib/gcc/arm-none-eabi/9.3.1/../../../../arm-none-eabi/lib/thumb/v7e-m+dp/hard\libc_nano.a(lib_a-stdio.o)
                0x00000000080039ac                __sread
 .text.__swrite
                0x00000000080039ce       0x38 c:/st/stm32cubeide_1.7.0/stm32cubeide/plugins/com.st.stm32cube.ide.mcu.externaltools.gnu-tools-for-stm32.9-2020-q2-update.win32_2.0.0.202105311346/tools/bin/../lib/gcc/arm-none-eabi/9.3.1/../../../../arm-none-eabi/lib/thumb/v7e-m+dp/hard\libc_nano.a(lib_a-stdio.o)
                0x00000000080039ce                __swrite
 .text.__sseek  0x0000000008003a06       0x24 c:/st/stm32cubeide_1.7.0/stm32cubeide/plugins/com.st.stm32cube.ide.mcu.externaltools.gnu-tools-for-stm32.9-2020-q2-update.win32_2.0.0.202105311346/tools/bin/../lib/gcc/arm-none-eabi/9.3.1/../../../../arm-none-eabi/lib/thumb/v7e-m+dp/hard\libc_nano.a(lib_a-stdio.o)
                0x0000000008003a06                __sseek
 .text.__sclose
                0x0000000008003a2a        0x8 c:/st/stm32cubeide_1.7.0/stm32cubeide/plugins/com.st.stm32cube.ide.mcu.externaltools.gnu-tools-for-stm32.9-2020-q2-update.win32_2.0.0.202105311346/tools/bin/../lib/gcc/arm-none-eabi/9.3.1/../../../../arm-none-eabi/lib/thumb/v7e-m+dp/hard\libc_nano.a(lib_a-stdio.o)
                0x0000000008003a2a                __sclose
 *fill*         0x0000000008003a32        0x2 
 .text._write_r
                0x0000000008003a34       0x24 c:/st/stm32cubeide_1.7.0/stm32cubeide/plugins/com.st.stm32cube.ide.mcu.externaltools.gnu-tools-for-stm32.9-2020-q2-update.win32_2.0.0.202105311346/tools/bin/../lib/gcc/arm-none-eabi/9.3.1/../../../../arm-none-eabi/lib/thumb/v7e-m+dp/hard\libc_nano.a(lib_a-writer.o)
                0x0000000008003a34                _write_r
 .text._close_r
                0x0000000008003a58       0x20 c:/st/stm32cubeide_1.7.0/stm32cubeide/plugins/com.st.stm32cube.ide.mcu.externaltools.gnu-tools-for-stm32.9-2020-q2-update.win32_2.0.0.202105311346/tools/bin/../lib/gcc/arm-none-eabi/9.3.1/../../../../arm-none-eabi/lib/thumb/v7e-m+dp/hard\libc_nano.a(lib_a-closer.o)
                0x0000000008003a58                _close_r
 .text._fstat_r
                0x0000000008003a78       0x24 c:/st/stm32cubeide_1.7.0/stm32cubeide/plugins/com.st.stm32cube.ide.mcu.externaltools.gnu-tools-for-stm32.9-2020-q2-update.win32_2.0.0.202105311346/tools/bin/../lib/gcc/arm-none-eabi/9.3.1/../../../../arm-none-eabi/lib/thumb/v7e-m+dp/hard\libc_nano.a(lib_a-fstatr.o)
                0x0000000008003a78                _fstat_r
 .text._isatty_r
                0x0000000008003a9c       0x20 c:/st/stm32cubeide_1.7.0/stm32cubeide/plugins/com.st.stm32cube.ide.mcu.externaltools.gnu-tools-for-stm32.9-2020-q2-update.win32_2.0.0.202105311346/tools/bin/../lib/gcc/arm-none-eabi/9.3.1/../../../../arm-none-eabi/lib/thumb/v7e-m+dp/hard\libc_nano.a(lib_a-isattyr.o)
                0x0000000008003a9c                _isatty_r
 .text._lseek_r
                0x0000000008003abc       0x24 c:/st/stm32cubeide_1.7.0/stm32cubeide/plugins/com.st.stm32cube.ide.mcu.externaltools.gnu-tools-for-stm32.9-2020-q2-update.win32_2.0.0.202105311346/tools/bin/../lib/gcc/arm-none-eabi/9.3.1/../../../../arm-none-eabi/lib/thumb/v7e-m+dp/hard\libc_nano.a(lib_a-lseekr.o)
                0x0000000008003abc                _lseek_r
 .text._read_r  0x0000000008003ae0       0x24 c:/st/stm32cubeide_1.7.0/stm32cubeide/plugins/com.st.stm32cube.ide.mcu.externaltools.gnu-tools-for-stm32.9-2020-q2-update.win32_2.0.0.202105311346/tools/bin/../lib/gcc/arm-none-eabi/9.3.1/../../../../arm-none-eabi/lib/thumb/v7e-m+dp/hard\libc_nano.a(lib_a-readr.o)
                0x0000000008003ae0                _read_r
 *(.glue_7)
 .glue_7        0x0000000008003b04        0x0 linker stubs
 *(.glue_7t)
 .glue_7t       0x0000000008003b04        0x0 linker stubs
 *(.eh_frame)
 .eh_frame      0x0000000008003b04        0x0 c:/st/stm32cubeide_1.7.0/stm32cubeide/plugins/com.st.stm32cube.ide.mcu.externaltools.gnu-tools-for-stm32.9-2020-q2-update.win32_2.0.0.202105311346/tools/bin/../lib/gcc/arm-none-eabi/9.3.1/thumb/v7e-m+dp/hard/crtbegin.o
 *(.init)
 .init          0x0000000008003b04        0x4 c:/st/stm32cubeide_1.7.0/stm32cubeide/plugins/com.st.stm32cube.ide.mcu.externaltools.gnu-tools-for-stm32.9-2020-q2-update.win32_2.0.0.202105311346/tools/bin/../lib/gcc/arm-none-eabi/9.3.1/thumb/v7e-m+dp/hard/crti.o
                0x0000000008003b04                _init
 .init          0x0000000008003b08        0x8 c:/st/stm32cubeide_1.7.0/stm32cubeide/plugins/com.st.stm32cube.ide.mcu.externaltools.gnu-tools-for-stm32.9-2020-q2-update.win32_2.0.0.202105311346/tools/bin/../lib/gcc/arm-none-eabi/9.3.1/thumb/v7e-m+dp/hard/crtn.o
 *(.fini)
 .fini          0x0000000008003b10        0x4 c:/st/stm32cubeide_1.7.0/stm32cubeide/plugins/com.st.stm32cube.ide.mcu.externaltools.gnu-tools-for-stm32.9-2020-q2-update.win32_2.0.0.202105311346/tools/bin/../lib/gcc/arm-none-eabi/9.3.1/thumb/v7e-m+dp/hard/crti.o
                0x0000000008003b10                _fini
 .fini          0x0000000008003b14        0x8 c:/st/stm32cubeide_1.7.0/stm32cubeide/plugins/com.st.stm32cube.ide.mcu.externaltools.gnu-tools-for-stm32.9-2020-q2-update.win32_2.0.0.202105311346/tools/bin/../lib/gcc/arm-none-eabi/9.3.1/thumb/v7e-m+dp/hard/crtn.o
                0x0000000008003b1c                . = ALIGN (0x4)
                0x0000000008003b1c                _etext = .

.vfp11_veneer   0x0000000008003b1c        0x0
 .vfp11_veneer  0x0000000008003b1c        0x0 linker stubs

.v4_bx          0x0000000008003b1c        0x0
 .v4_bx         0x0000000008003b1c        0x0 linker stubs

.iplt           0x0000000008003b1c        0x0
 .iplt          0x0000000008003b1c        0x0 c:/st/stm32cubeide_1.7.0/stm32cubeide/plugins/com.st.stm32cube.ide.mcu.externaltools.gnu-tools-for-stm32.9-2020-q2-update.win32_2.0.0.202105311346/tools/bin/../lib/gcc/arm-none-eabi/9.3.1/thumb/v7e-m+dp/hard/crtbegin.o

.rodata         0x0000000008003b1c      0x3a0
                0x0000000008003b1c                . = ALIGN (0x4)
 *(.rodata)
 .rodata        0x0000000008003b1c      0x1a2 ./Src/Bluetooh.o
 *fill*         0x0000000008003cbe        0x2 
 .rodata        0x0000000008003cc0       0xa5 ./Src/Uart_new.o
 *fill*         0x0000000008003d65        0x3 
 .rodata        0x0000000008003d68        0x7 ./Src/main.o
 *(.rodata*)
 *fill*         0x0000000008003d6f        0x1 
 .rodata._global_impure_ptr
                0x0000000008003d70        0x4 c:/st/stm32cubeide_1.7.0/stm32cubeide/plugins/com.st.stm32cube.ide.mcu.externaltools.gnu-tools-for-stm32.9-2020-q2-update.win32_2.0.0.202105311346/tools/bin/../lib/gcc/arm-none-eabi/9.3.1/../../../../arm-none-eabi/lib/thumb/v7e-m+dp/hard\libc_nano.a(lib_a-impure.o)
                0x0000000008003d70                _global_impure_ptr
 .rodata.strtok.str1.1
                0x0000000008003d74       0x78 c:/st/stm32cubeide_1.7.0/stm32cubeide/plugins/com.st.stm32cube.ide.mcu.externaltools.gnu-tools-for-stm32.9-2020-q2-update.win32_2.0.0.202105311346/tools/bin/../lib/gcc/arm-none-eabi/9.3.1/../../../../arm-none-eabi/lib/thumb/v7e-m+dp/hard\libc_nano.a(lib_a-strtok.o)
 .rodata.__assert_func.str1.1
                0x0000000008003dec       0x3c c:/st/stm32cubeide_1.7.0/stm32cubeide/plugins/com.st.stm32cube.ide.mcu.externaltools.gnu-tools-for-stm32.9-2020-q2-update.win32_2.0.0.202105311346/tools/bin/../lib/gcc/arm-none-eabi/9.3.1/../../../../arm-none-eabi/lib/thumb/v7e-m+dp/hard\libc_nano.a(lib_a-assert.o)
                                         0x3d (size before relaxing)
 .rodata._vfprintf_r.str1.1
                0x0000000008003e28       0x11 c:/st/stm32cubeide_1.7.0/stm32cubeide/plugins/com.st.stm32cube.ide.mcu.externaltools.gnu-tools-for-stm32.9-2020-q2-update.win32_2.0.0.202105311346/tools/bin/../lib/gcc/arm-none-eabi/9.3.1/../../../../arm-none-eabi/lib/thumb/v7e-m+dp/hard\libc_nano.a(lib_a-nano-vfprintf.o)
 .rodata._printf_i.str1.1
                0x0000000008003e39       0x22 c:/st/stm32cubeide_1.7.0/stm32cubeide/plugins/com.st.stm32cube.ide.mcu.externaltools.gnu-tools-for-stm32.9-2020-q2-update.win32_2.0.0.202105311346/tools/bin/../lib/gcc/arm-none-eabi/9.3.1/../../../../arm-none-eabi/lib/thumb/v7e-m+dp/hard\libc_nano.a(lib_a-nano-vfprintf_i.o)
 *fill*         0x0000000008003e5b        0x1 
 .rodata.__sf_fake_stderr
                0x0000000008003e5c       0x20 c:/st/stm32cubeide_1.7.0/stm32cubeide/plugins/com.st.stm32cube.ide.mcu.externaltools.gnu-tools-for-stm32.9-2020-q2-update.win32_2.0.0.202105311346/tools/bin/../lib/gcc/arm-none-eabi/9.3.1/../../../../arm-none-eabi/lib/thumb/v7e-m+dp/hard\libc_nano.a(lib_a-findfp.o)
                0x0000000008003e5c                __sf_fake_stderr
 .rodata.__sf_fake_stdin
                0x0000000008003e7c       0x20 c:/st/stm32cubeide_1.7.0/stm32cubeide/plugins/com.st.stm32cube.ide.mcu.externaltools.gnu-tools-for-stm32.9-2020-q2-update.win32_2.0.0.202105311346/tools/bin/../lib/gcc/arm-none-eabi/9.3.1/../../../../arm-none-eabi/lib/thumb/v7e-m+dp/hard\libc_nano.a(lib_a-findfp.o)
                0x0000000008003e7c                __sf_fake_stdin
 .rodata.__sf_fake_stdout
                0x0000000008003e9c       0x20 c:/st/stm32cubeide_1.7.0/stm32cubeide/plugins/com.st.stm32cube.ide.mcu.externaltools.gnu-tools-for-stm32.9-2020-q2-update.win32_2.0.0.202105311346/tools/bin/../lib/gcc/arm-none-eabi/9.3.1/../../../../arm-none-eabi/lib/thumb/v7e-m+dp/hard\libc_nano.a(lib_a-findfp.o)
                0x0000000008003e9c                __sf_fake_stdout
                0x0000000008003ebc                . = ALIGN (0x4)

.rel.dyn        0x0000000008003ebc        0x0
 .rel.iplt      0x0000000008003ebc        0x0 c:/st/stm32cubeide_1.7.0/stm32cubeide/plugins/com.st.stm32cube.ide.mcu.externaltools.gnu-tools-for-stm32.9-2020-q2-update.win32_2.0.0.202105311346/tools/bin/../lib/gcc/arm-none-eabi/9.3.1/thumb/v7e-m+dp/hard/crtbegin.o

.ARM.extab      0x0000000008003ebc        0x0
                0x0000000008003ebc                . = ALIGN (0x4)
 *(.ARM.extab* .gnu.linkonce.armextab.*)
                0x0000000008003ebc                . = ALIGN (0x4)

.ARM            0x0000000008003ebc        0x0
                0x0000000008003ebc                . = ALIGN (0x4)
                0x0000000008003ebc                __exidx_start = .
 *(.ARM.exidx*)
                0x0000000008003ebc                __exidx_end = .
                0x0000000008003ebc                . = ALIGN (0x4)

.preinit_array  0x0000000008003ebc        0x0
                0x0000000008003ebc                . = ALIGN (0x4)
                0x0000000008003ebc                PROVIDE (__preinit_array_start = .)
 *(.preinit_array*)
                0x0000000008003ebc                PROVIDE (__preinit_array_end = .)
                0x0000000008003ebc                . = ALIGN (0x4)

.init_array     0x0000000008003ebc        0x4
                0x0000000008003ebc                . = ALIGN (0x4)
                0x0000000008003ebc                PROVIDE (__init_array_start = .)
 *(SORT_BY_NAME(.init_array.*))
 *(.init_array*)
 .init_array    0x0000000008003ebc        0x4 c:/st/stm32cubeide_1.7.0/stm32cubeide/plugins/com.st.stm32cube.ide.mcu.externaltools.gnu-tools-for-stm32.9-2020-q2-update.win32_2.0.0.202105311346/tools/bin/../lib/gcc/arm-none-eabi/9.3.1/thumb/v7e-m+dp/hard/crtbegin.o
                0x0000000008003ec0                PROVIDE (__init_array_end = .)
                0x0000000008003ec0                . = ALIGN (0x4)

.fini_array     0x0000000008003ec0        0x4
                0x0000000008003ec0                . = ALIGN (0x4)
                [!provide]                        PROVIDE (__fini_array_start = .)
 *(SORT_BY_NAME(.fini_array.*))
 *(.fini_array*)
 .fini_array    0x0000000008003ec0        0x4 c:/st/stm32cubeide_1.7.0/stm32cubeide/plugins/com.st.stm32cube.ide.mcu.externaltools.gnu-tools-for-stm32.9-2020-q2-update.win32_2.0.0.202105311346/tools/bin/../lib/gcc/arm-none-eabi/9.3.1/thumb/v7e-m+dp/hard/crtbegin.o
                [!provide]                        PROVIDE (__fini_array_end = .)
                0x0000000008003ec4                . = ALIGN (0x4)
                0x0000000008003ec4                _sidata = LOADADDR (.data)

.data           0x0000000024000000       0x64 load address 0x0000000008003ec4
                0x0000000024000000                . = ALIGN (0x4)
                0x0000000024000000                _sdata = .
 *(.data)
 *(.data*)
 .data._impure_ptr
                0x0000000024000000        0x4 c:/st/stm32cubeide_1.7.0/stm32cubeide/plugins/com.st.stm32cube.ide.mcu.externaltools.gnu-tools-for-stm32.9-2020-q2-update.win32_2.0.0.202105311346/tools/bin/../lib/gcc/arm-none-eabi/9.3.1/../../../../arm-none-eabi/lib/thumb/v7e-m+dp/hard\libc_nano.a(lib_a-impure.o)
                0x0000000024000000                _impure_ptr
 .data.impure_data
                0x0000000024000004       0x60 c:/st/stm32cubeide_1.7.0/stm32cubeide/plugins/com.st.stm32cube.ide.mcu.externaltools.gnu-tools-for-stm32.9-2020-q2-update.win32_2.0.0.202105311346/tools/bin/../lib/gcc/arm-none-eabi/9.3.1/../../../../arm-none-eabi/lib/thumb/v7e-m+dp/hard\libc_nano.a(lib_a-impure.o)
 *(.RamFunc)
 *(.RamFunc*)
                0x0000000024000064                . = ALIGN (0x4)
                0x0000000024000064                _edata = .

.igot.plt       0x0000000024000064        0x0 load address 0x0000000008003f28
 .igot.plt      0x0000000024000064        0x0 c:/st/stm32cubeide_1.7.0/stm32cubeide/plugins/com.st.stm32cube.ide.mcu.externaltools.gnu-tools-for-stm32.9-2020-q2-update.win32_2.0.0.202105311346/tools/bin/../lib/gcc/arm-none-eabi/9.3.1/thumb/v7e-m+dp/hard/crtbegin.o
                0x0000000024000064                . = ALIGN (0x4)

.bss            0x0000000024000064       0x9c load address 0x0000000008003f28
                0x0000000024000064                _sbss = .
                0x0000000024000064                __bss_start__ = _sbss
 *(.bss)
 .bss           0x0000000024000064       0x1c c:/st/stm32cubeide_1.7.0/stm32cubeide/plugins/com.st.stm32cube.ide.mcu.externaltools.gnu-tools-for-stm32.9-2020-q2-update.win32_2.0.0.202105311346/tools/bin/../lib/gcc/arm-none-eabi/9.3.1/thumb/v7e-m+dp/hard/crtbegin.o
 *(.bss*)
 .bss.Bluetooh_USART
                0x0000000024000080        0x4 ./Src/Bluetooh.o
 .bss.current_loc_buffer_rx_UART1
                0x0000000024000084        0x4 ./Src/Uart_new.o
                0x0000000024000084                current_loc_buffer_rx_UART1
 .bss.current_loc_buffer_rx_UART2
                0x0000000024000088        0x4 ./Src/Uart_new.o
                0x0000000024000088                current_loc_buffer_rx_UART2
 .bss.current_loc_buffer_rx_UART3
                0x000000002400008c        0x4 ./Src/Uart_new.o
                0x000000002400008c                current_loc_buffer_rx_UART3
 .bss.current_loc_buffer_rx_UART4
                0x0000000024000090        0x4 ./Src/Uart_new.o
                0x0000000024000090                current_loc_buffer_rx_UART4
 .bss.current_loc_buffer_rx_UART5
                0x0000000024000094        0x4 ./Src/Uart_new.o
                0x0000000024000094                current_loc_buffer_rx_UART5
 .bss.current_loc_buffer_rx_UART6
                0x0000000024000098        0x4 ./Src/Uart_new.o
                0x0000000024000098                current_loc_buffer_rx_UART6
 .bss.current_loc_buffer_rx_UART7
                0x000000002400009c        0x4 ./Src/Uart_new.o
                0x000000002400009c                current_loc_buffer_rx_UART7
 .bss.current_loc_buffer_rx_UART8
                0x00000000240000a0        0x4 ./Src/Uart_new.o
                0x00000000240000a0                current_loc_buffer_rx_UART8
 .bss.__sbrk_heap_end
                0x00000000240000a4        0x4 ./Src/sysmem.o
 .bss.__malloc_free_list
                0x00000000240000a8        0x4 c:/st/stm32cubeide_1.7.0/stm32cubeide/plugins/com.st.stm32cube.ide.mcu.externaltools.gnu-tools-for-stm32.9-2020-q2-update.win32_2.0.0.202105311346/tools/bin/../lib/gcc/arm-none-eabi/9.3.1/../../../../arm-none-eabi/lib/thumb/v7e-m+dp/hard\libc_nano.a(lib_a-nano-mallocr.o)
                0x00000000240000a8                __malloc_free_list
 .bss.__malloc_sbrk_start
                0x00000000240000ac        0x4 c:/st/stm32cubeide_1.7.0/stm32cubeide/plugins/com.st.stm32cube.ide.mcu.externaltools.gnu-tools-for-stm32.9-2020-q2-update.win32_2.0.0.202105311346/tools/bin/../lib/gcc/arm-none-eabi/9.3.1/../../../../arm-none-eabi/lib/thumb/v7e-m+dp/hard\libc_nano.a(lib_a-nano-mallocr.o)
                0x00000000240000ac                __malloc_sbrk_start
 *(COMMON)
 COMMON         0x00000000240000b0       0x40 ./Src/Uart_new.o
                0x00000000240000b0                UART4Buffer
                0x00000000240000b4                UART5Buffer
                0x00000000240000b8                Uart3_Baud_Rate
                0x00000000240000bc                UART1Buffer
                0x00000000240000c0                UART6Buffer
                0x00000000240000c4                UART8Buffer
                0x00000000240000c8                UART7Buffer
                0x00000000240000cc                UART3Buffer
                0x00000000240000d0                Uart4_Baud_Rate
                0x00000000240000d4                Uart2_Baud_Rate
                0x00000000240000d8                Uart8_Baud_Rate
                0x00000000240000dc                UART2Buffer
                0x00000000240000e0                Uart6_Baud_Rate
                0x00000000240000e4                Uart1_Baud_Rate
                0x00000000240000e8                Uart5_Baud_Rate
                0x00000000240000ec                Uart7_Baud_Rate
 COMMON         0x00000000240000f0        0x4 c:/st/stm32cubeide_1.7.0/stm32cubeide/plugins/com.st.stm32cube.ide.mcu.externaltools.gnu-tools-for-stm32.9-2020-q2-update.win32_2.0.0.202105311346/tools/bin/../lib/gcc/arm-none-eabi/9.3.1/../../../../arm-none-eabi/lib/thumb/v7e-m+dp/hard\libc_nano.a(lib_a-reent.o)
                0x00000000240000f0                errno
 COMMON         0x00000000240000f4        0x9 c:/st/stm32cubeide_1.7.0/stm32cubeide/plugins/com.st.stm32cube.ide.mcu.externaltools.gnu-tools-for-stm32.9-2020-q2-update.win32_2.0.0.202105311346/tools/bin/../lib/gcc/arm-none-eabi/9.3.1/../../../../arm-none-eabi/lib/thumb/v7e-m+dp/hard\libc_nano.a(lib_a-lock.o)
                0x00000000240000f4                __lock___atexit_recursive_mutex
                0x00000000240000f5                __lock___arc4random_mutex
                0x00000000240000f6                __lock___env_recursive_mutex
                0x00000000240000f7                __lock___sinit_recursive_mutex
                0x00000000240000f8                __lock___malloc_recursive_mutex
                0x00000000240000f9                __lock___at_quick_exit_mutex
                0x00000000240000fa                __lock___dd_hash_mutex
                0x00000000240000fb                __lock___tz_mutex
                0x00000000240000fc                __lock___sfp_recursive_mutex
                0x0000000024000100                . = ALIGN (0x4)
 *fill*         0x00000000240000fd        0x3 
                0x0000000024000100                _ebss = .
                0x0000000024000100                __bss_end__ = _ebss

._user_heap_stack
                0x0000000024000100      0x600 load address 0x0000000008003f28
                0x0000000024000100                . = ALIGN (0x8)
                [!provide]                        PROVIDE (end = .)
                0x0000000024000100                PROVIDE (_end = .)
                0x0000000024000300                . = (. + _Min_Heap_Size)
 *fill*         0x0000000024000100      0x200 
                0x0000000024000700                . = (. + _Min_Stack_Size)
 *fill*         0x0000000024000300      0x400 
                0x0000000024000700                . = ALIGN (0x8)

/DISCARD/
 libc.a(*)
 libm.a(*)
 libgcc.a(*)

.ARM.attributes
                0x0000000000000000       0x2e
 *(.ARM.attributes)
 .ARM.attributes
                0x0000000000000000       0x1e c:/st/stm32cubeide_1.7.0/stm32cubeide/plugins/com.st.stm32cube.ide.mcu.externaltools.gnu-tools-for-stm32.9-2020-q2-update.win32_2.0.0.202105311346/tools/bin/../lib/gcc/arm-none-eabi/9.3.1/thumb/v7e-m+dp/hard/crti.o
 .ARM.attributes
                0x000000000000001e       0x32 c:/st/stm32cubeide_1.7.0/stm32cubeide/plugins/com.st.stm32cube.ide.mcu.externaltools.gnu-tools-for-stm32.9-2020-q2-update.win32_2.0.0.202105311346/tools/bin/../lib/gcc/arm-none-eabi/9.3.1/thumb/v7e-m+dp/hard/crtbegin.o
 .ARM.attributes
                0x0000000000000050       0x32 ./Src/Bluetooh.o
 .ARM.attributes
                0x0000000000000082       0x32 ./Src/Clock.o
 .ARM.attributes
                0x00000000000000b4       0x32 ./Src/Gpio.o
 .ARM.attributes
                0x00000000000000e6       0x32 ./Src/Systick.o
 .ARM.attributes
                0x0000000000000118       0x32 ./Src/Uart_new.o
 .ARM.attributes
                0x000000000000014a       0x32 ./Src/User_led.o
 .ARM.attributes
                0x000000000000017c       0x32 ./Src/main.o
 .ARM.attributes
                0x00000000000001ae       0x32 ./Src/syscalls.o
 .ARM.attributes
                0x00000000000001e0       0x32 ./Src/sysmem.o
 .ARM.attributes
                0x0000000000000212       0x21 ./Startup/startup_stm32h745zitx.o
 .ARM.attributes
                0x0000000000000233       0x32 c:/st/stm32cubeide_1.7.0/stm32cubeide/plugins/com.st.stm32cube.ide.mcu.externaltools.gnu-tools-for-stm32.9-2020-q2-update.win32_2.0.0.202105311346/tools/bin/../lib/gcc/arm-none-eabi/9.3.1/../../../../arm-none-eabi/lib/thumb/v7e-m+dp/hard\libc_nano.a(lib_a-errno.o)
 .ARM.attributes
                0x0000000000000265       0x30 c:/st/stm32cubeide_1.7.0/stm32cubeide/plugins/com.st.stm32cube.ide.mcu.externaltools.gnu-tools-for-stm32.9-2020-q2-update.win32_2.0.0.202105311346/tools/bin/../lib/gcc/arm-none-eabi/9.3.1/../../../../arm-none-eabi/lib/thumb/v7e-m+dp/hard\libc_nano.a(lib_a-impure.o)
 .ARM.attributes
                0x0000000000000295       0x32 c:/st/stm32cubeide_1.7.0/stm32cubeide/plugins/com.st.stm32cube.ide.mcu.externaltools.gnu-tools-for-stm32.9-2020-q2-update.win32_2.0.0.202105311346/tools/bin/../lib/gcc/arm-none-eabi/9.3.1/../../../../arm-none-eabi/lib/thumb/v7e-m+dp/hard\libc_nano.a(lib_a-init.o)
 .ARM.attributes
                0x00000000000002c7       0x32 c:/st/stm32cubeide_1.7.0/stm32cubeide/plugins/com.st.stm32cube.ide.mcu.externaltools.gnu-tools-for-stm32.9-2020-q2-update.win32_2.0.0.202105311346/tools/bin/../lib/gcc/arm-none-eabi/9.3.1/../../../../arm-none-eabi/lib/thumb/v7e-m+dp/hard\libc_nano.a(lib_a-malloc.o)
 .ARM.attributes
                0x00000000000002f9       0x32 c:/st/stm32cubeide_1.7.0/stm32cubeide/plugins/com.st.stm32cube.ide.mcu.externaltools.gnu-tools-for-stm32.9-2020-q2-update.win32_2.0.0.202105311346/tools/bin/../lib/gcc/arm-none-eabi/9.3.1/../../../../arm-none-eabi/lib/thumb/v7e-m+dp/hard\libc_nano.a(lib_a-memset.o)
 .ARM.attributes
                0x000000000000032b       0x32 c:/st/stm32cubeide_1.7.0/stm32cubeide/plugins/com.st.stm32cube.ide.mcu.externaltools.gnu-tools-for-stm32.9-2020-q2-update.win32_2.0.0.202105311346/tools/bin/../lib/gcc/arm-none-eabi/9.3.1/../../../../arm-none-eabi/lib/thumb/v7e-m+dp/hard\libc_nano.a(lib_a-nano-freer.o)
 .ARM.attributes
                0x000000000000035d       0x32 c:/st/stm32cubeide_1.7.0/stm32cubeide/plugins/com.st.stm32cube.ide.mcu.externaltools.gnu-tools-for-stm32.9-2020-q2-update.win32_2.0.0.202105311346/tools/bin/../lib/gcc/arm-none-eabi/9.3.1/../../../../arm-none-eabi/lib/thumb/v7e-m+dp/hard\libc_nano.a(lib_a-nano-mallocr.o)
 .ARM.attributes
                0x000000000000038f       0x32 c:/st/stm32cubeide_1.7.0/stm32cubeide/plugins/com.st.stm32cube.ide.mcu.externaltools.gnu-tools-for-stm32.9-2020-q2-update.win32_2.0.0.202105311346/tools/bin/../lib/gcc/arm-none-eabi/9.3.1/../../../../arm-none-eabi/lib/thumb/v7e-m+dp/hard\libc_nano.a(lib_a-sbrkr.o)
 .ARM.attributes
                0x00000000000003c1       0x32 c:/st/stm32cubeide_1.7.0/stm32cubeide/plugins/com.st.stm32cube.ide.mcu.externaltools.gnu-tools-for-stm32.9-2020-q2-update.win32_2.0.0.202105311346/tools/bin/../lib/gcc/arm-none-eabi/9.3.1/../../../../arm-none-eabi/lib/thumb/v7e-m+dp/hard\libc_nano.a(lib_a-strcat.o)
 .ARM.attributes
                0x00000000000003f3       0x17 c:/st/stm32cubeide_1.7.0/stm32cubeide/plugins/com.st.stm32cube.ide.mcu.externaltools.gnu-tools-for-stm32.9-2020-q2-update.win32_2.0.0.202105311346/tools/bin/../lib/gcc/arm-none-eabi/9.3.1/../../../../arm-none-eabi/lib/thumb/v7e-m+dp/hard\libc_nano.a(lib_a-strlen.o)
 .ARM.attributes
                0x000000000000040a       0x32 c:/st/stm32cubeide_1.7.0/stm32cubeide/plugins/com.st.stm32cube.ide.mcu.externaltools.gnu-tools-for-stm32.9-2020-q2-update.win32_2.0.0.202105311346/tools/bin/../lib/gcc/arm-none-eabi/9.3.1/../../../../arm-none-eabi/lib/thumb/v7e-m+dp/hard\libc_nano.a(lib_a-strtok.o)
 .ARM.attributes
                0x000000000000043c       0x32 c:/st/stm32cubeide_1.7.0/stm32cubeide/plugins/com.st.stm32cube.ide.mcu.externaltools.gnu-tools-for-stm32.9-2020-q2-update.win32_2.0.0.202105311346/tools/bin/../lib/gcc/arm-none-eabi/9.3.1/../../../../arm-none-eabi/lib/thumb/v7e-m+dp/hard\libc_nano.a(lib_a-strtok_r.o)
 .ARM.attributes
                0x000000000000046e       0x32 c:/st/stm32cubeide_1.7.0/stm32cubeide/plugins/com.st.stm32cube.ide.mcu.externaltools.gnu-tools-for-stm32.9-2020-q2-update.win32_2.0.0.202105311346/tools/bin/../lib/gcc/arm-none-eabi/9.3.1/../../../../arm-none-eabi/lib/thumb/v7e-m+dp/hard\libc_nano.a(lib_a-assert.o)
 .ARM.attributes
                0x00000000000004a0       0x32 c:/st/stm32cubeide_1.7.0/stm32cubeide/plugins/com.st.stm32cube.ide.mcu.externaltools.gnu-tools-for-stm32.9-2020-q2-update.win32_2.0.0.202105311346/tools/bin/../lib/gcc/arm-none-eabi/9.3.1/../../../../arm-none-eabi/lib/thumb/v7e-m+dp/hard\libc_nano.a(lib_a-fprintf.o)
 .ARM.attributes
                0x00000000000004d2       0x32 c:/st/stm32cubeide_1.7.0/stm32cubeide/plugins/com.st.stm32cube.ide.mcu.externaltools.gnu-tools-for-stm32.9-2020-q2-update.win32_2.0.0.202105311346/tools/bin/../lib/gcc/arm-none-eabi/9.3.1/../../../../arm-none-eabi/lib/thumb/v7e-m+dp/hard\libc_nano.a(lib_a-mlock.o)
 .ARM.attributes
                0x0000000000000504       0x32 c:/st/stm32cubeide_1.7.0/stm32cubeide/plugins/com.st.stm32cube.ide.mcu.externaltools.gnu-tools-for-stm32.9-2020-q2-update.win32_2.0.0.202105311346/tools/bin/../lib/gcc/arm-none-eabi/9.3.1/../../../../arm-none-eabi/lib/thumb/v7e-m+dp/hard\libc_nano.a(lib_a-nano-vfprintf.o)
 .ARM.attributes
                0x0000000000000536       0x32 c:/st/stm32cubeide_1.7.0/stm32cubeide/plugins/com.st.stm32cube.ide.mcu.externaltools.gnu-tools-for-stm32.9-2020-q2-update.win32_2.0.0.202105311346/tools/bin/../lib/gcc/arm-none-eabi/9.3.1/../../../../arm-none-eabi/lib/thumb/v7e-m+dp/hard\libc_nano.a(lib_a-nano-vfprintf_i.o)
 .ARM.attributes
                0x0000000000000568       0x32 c:/st/stm32cubeide_1.7.0/stm32cubeide/plugins/com.st.stm32cube.ide.mcu.externaltools.gnu-tools-for-stm32.9-2020-q2-update.win32_2.0.0.202105311346/tools/bin/../lib/gcc/arm-none-eabi/9.3.1/../../../../arm-none-eabi/lib/thumb/v7e-m+dp/hard\libc_nano.a(lib_a-reent.o)
 .ARM.attributes
                0x000000000000059a       0x32 c:/st/stm32cubeide_1.7.0/stm32cubeide/plugins/com.st.stm32cube.ide.mcu.externaltools.gnu-tools-for-stm32.9-2020-q2-update.win32_2.0.0.202105311346/tools/bin/../lib/gcc/arm-none-eabi/9.3.1/../../../../arm-none-eabi/lib/thumb/v7e-m+dp/hard\libc_nano.a(lib_a-wbuf.o)
 .ARM.attributes
                0x00000000000005cc       0x32 c:/st/stm32cubeide_1.7.0/stm32cubeide/plugins/com.st.stm32cube.ide.mcu.externaltools.gnu-tools-for-stm32.9-2020-q2-update.win32_2.0.0.202105311346/tools/bin/../lib/gcc/arm-none-eabi/9.3.1/../../../../arm-none-eabi/lib/thumb/v7e-m+dp/hard\libc_nano.a(lib_a-wsetup.o)
 .ARM.attributes
                0x00000000000005fe       0x32 c:/st/stm32cubeide_1.7.0/stm32cubeide/plugins/com.st.stm32cube.ide.mcu.externaltools.gnu-tools-for-stm32.9-2020-q2-update.win32_2.0.0.202105311346/tools/bin/../lib/gcc/arm-none-eabi/9.3.1/../../../../arm-none-eabi/lib/thumb/v7e-m+dp/hard\libc_nano.a(lib_a-abort.o)
 .ARM.attributes
                0x0000000000000630       0x32 c:/st/stm32cubeide_1.7.0/stm32cubeide/plugins/com.st.stm32cube.ide.mcu.externaltools.gnu-tools-for-stm32.9-2020-q2-update.win32_2.0.0.202105311346/tools/bin/../lib/gcc/arm-none-eabi/9.3.1/../../../../arm-none-eabi/lib/thumb/v7e-m+dp/hard\libc_nano.a(lib_a-fflush.o)
 .ARM.attributes
                0x0000000000000662       0x32 c:/st/stm32cubeide_1.7.0/stm32cubeide/plugins/com.st.stm32cube.ide.mcu.externaltools.gnu-tools-for-stm32.9-2020-q2-update.win32_2.0.0.202105311346/tools/bin/../lib/gcc/arm-none-eabi/9.3.1/../../../../arm-none-eabi/lib/thumb/v7e-m+dp/hard\libc_nano.a(lib_a-findfp.o)
 .ARM.attributes
                0x0000000000000694       0x32 c:/st/stm32cubeide_1.7.0/stm32cubeide/plugins/com.st.stm32cube.ide.mcu.externaltools.gnu-tools-for-stm32.9-2020-q2-update.win32_2.0.0.202105311346/tools/bin/../lib/gcc/arm-none-eabi/9.3.1/../../../../arm-none-eabi/lib/thumb/v7e-m+dp/hard\libc_nano.a(lib_a-fwalk.o)
 .ARM.attributes
                0x00000000000006c6       0x32 c:/st/stm32cubeide_1.7.0/stm32cubeide/plugins/com.st.stm32cube.ide.mcu.externaltools.gnu-tools-for-stm32.9-2020-q2-update.win32_2.0.0.202105311346/tools/bin/../lib/gcc/arm-none-eabi/9.3.1/../../../../arm-none-eabi/lib/thumb/v7e-m+dp/hard\libc_nano.a(lib_a-lock.o)
 .ARM.attributes
                0x00000000000006f8       0x32 c:/st/stm32cubeide_1.7.0/stm32cubeide/plugins/com.st.stm32cube.ide.mcu.externaltools.gnu-tools-for-stm32.9-2020-q2-update.win32_2.0.0.202105311346/tools/bin/../lib/gcc/arm-none-eabi/9.3.1/../../../../arm-none-eabi/lib/thumb/v7e-m+dp/hard\libc_nano.a(lib_a-makebuf.o)
 .ARM.attributes
                0x000000000000072a       0x1c c:/st/stm32cubeide_1.7.0/stm32cubeide/plugins/com.st.stm32cube.ide.mcu.externaltools.gnu-tools-for-stm32.9-2020-q2-update.win32_2.0.0.202105311346/tools/bin/../lib/gcc/arm-none-eabi/9.3.1/../../../../arm-none-eabi/lib/thumb/v7e-m+dp/hard\libc_nano.a(lib_a-memchr.o)
 .ARM.attributes
                0x0000000000000746       0x32 c:/st/stm32cubeide_1.7.0/stm32cubeide/plugins/com.st.stm32cube.ide.mcu.externaltools.gnu-tools-for-stm32.9-2020-q2-update.win32_2.0.0.202105311346/tools/bin/../lib/gcc/arm-none-eabi/9.3.1/../../../../arm-none-eabi/lib/thumb/v7e-m+dp/hard\libc_nano.a(lib_a-signal.o)
 .ARM.attributes
                0x0000000000000778       0x32 c:/st/stm32cubeide_1.7.0/stm32cubeide/plugins/com.st.stm32cube.ide.mcu.externaltools.gnu-tools-for-stm32.9-2020-q2-update.win32_2.0.0.202105311346/tools/bin/../lib/gcc/arm-none-eabi/9.3.1/../../../../arm-none-eabi/lib/thumb/v7e-m+dp/hard\libc_nano.a(lib_a-signalr.o)
 .ARM.attributes
                0x00000000000007aa       0x32 c:/st/stm32cubeide_1.7.0/stm32cubeide/plugins/com.st.stm32cube.ide.mcu.externaltools.gnu-tools-for-stm32.9-2020-q2-update.win32_2.0.0.202105311346/tools/bin/../lib/gcc/arm-none-eabi/9.3.1/../../../../arm-none-eabi/lib/thumb/v7e-m+dp/hard\libc_nano.a(lib_a-stdio.o)
 .ARM.attributes
                0x00000000000007dc       0x32 c:/st/stm32cubeide_1.7.0/stm32cubeide/plugins/com.st.stm32cube.ide.mcu.externaltools.gnu-tools-for-stm32.9-2020-q2-update.win32_2.0.0.202105311346/tools/bin/../lib/gcc/arm-none-eabi/9.3.1/../../../../arm-none-eabi/lib/thumb/v7e-m+dp/hard\libc_nano.a(lib_a-writer.o)
 .ARM.attributes
                0x000000000000080e       0x32 c:/st/stm32cubeide_1.7.0/stm32cubeide/plugins/com.st.stm32cube.ide.mcu.externaltools.gnu-tools-for-stm32.9-2020-q2-update.win32_2.0.0.202105311346/tools/bin/../lib/gcc/arm-none-eabi/9.3.1/../../../../arm-none-eabi/lib/thumb/v7e-m+dp/hard\libc_nano.a(lib_a-closer.o)
 .ARM.attributes
                0x0000000000000840       0x32 c:/st/stm32cubeide_1.7.0/stm32cubeide/plugins/com.st.stm32cube.ide.mcu.externaltools.gnu-tools-for-stm32.9-2020-q2-update.win32_2.0.0.202105311346/tools/bin/../lib/gcc/arm-none-eabi/9.3.1/../../../../arm-none-eabi/lib/thumb/v7e-m+dp/hard\libc_nano.a(lib_a-fstatr.o)
 .ARM.attributes
                0x0000000000000872       0x32 c:/st/stm32cubeide_1.7.0/stm32cubeide/plugins/com.st.stm32cube.ide.mcu.externaltools.gnu-tools-for-stm32.9-2020-q2-update.win32_2.0.0.202105311346/tools/bin/../lib/gcc/arm-none-eabi/9.3.1/../../../../arm-none-eabi/lib/thumb/v7e-m+dp/hard\libc_nano.a(lib_a-isattyr.o)
 .ARM.attributes
                0x00000000000008a4       0x32 c:/st/stm32cubeide_1.7.0/stm32cubeide/plugins/com.st.stm32cube.ide.mcu.externaltools.gnu-tools-for-stm32.9-2020-q2-update.win32_2.0.0.202105311346/tools/bin/../lib/gcc/arm-none-eabi/9.3.1/../../../../arm-none-eabi/lib/thumb/v7e-m+dp/hard\libc_nano.a(lib_a-lseekr.o)
 .ARM.attributes
                0x00000000000008d6       0x32 c:/st/stm32cubeide_1.7.0/stm32cubeide/plugins/com.st.stm32cube.ide.mcu.externaltools.gnu-tools-for-stm32.9-2020-q2-update.win32_2.0.0.202105311346/tools/bin/../lib/gcc/arm-none-eabi/9.3.1/../../../../arm-none-eabi/lib/thumb/v7e-m+dp/hard\libc_nano.a(lib_a-readr.o)
 .ARM.attributes
                0x0000000000000908       0x1e c:/st/stm32cubeide_1.7.0/stm32cubeide/plugins/com.st.stm32cube.ide.mcu.externaltools.gnu-tools-for-stm32.9-2020-q2-update.win32_2.0.0.202105311346/tools/bin/../lib/gcc/arm-none-eabi/9.3.1/thumb/v7e-m+dp/hard/crtn.o
OUTPUT(driver_CM7.elf elf32-littlearm)
LOAD linker stubs
LOAD c:/st/stm32cubeide_1.7.0/stm32cubeide/plugins/com.st.stm32cube.ide.mcu.externaltools.gnu-tools-for-stm32.9-2020-q2-update.win32_2.0.0.202105311346/tools/bin/../lib/gcc/arm-none-eabi/9.3.1/../../../../arm-none-eabi/lib/thumb/v7e-m+dp/hard\libc.a
LOAD c:/st/stm32cubeide_1.7.0/stm32cubeide/plugins/com.st.stm32cube.ide.mcu.externaltools.gnu-tools-for-stm32.9-2020-q2-update.win32_2.0.0.202105311346/tools/bin/../lib/gcc/arm-none-eabi/9.3.1/../../../../arm-none-eabi/lib/thumb/v7e-m+dp/hard\libm.a
LOAD c:/st/stm32cubeide_1.7.0/stm32cubeide/plugins/com.st.stm32cube.ide.mcu.externaltools.gnu-tools-for-stm32.9-2020-q2-update.win32_2.0.0.202105311346/tools/bin/../lib/gcc/arm-none-eabi/9.3.1/thumb/v7e-m+dp/hard\libgcc.a

.debug_info     0x0000000000000000     0x76c0
 .debug_info    0x0000000000000000     0x101d ./Src/Bluetooh.o
 .debug_info    0x000000000000101d     0x1600 ./Src/Clock.o
 .debug_info    0x000000000000261d      0xa1d ./Src/Gpio.o
 .debug_info    0x000000000000303a      0x19b ./Src/Systick.o
 .debug_info    0x00000000000031d5     0x1c42 ./Src/Uart_new.o
 .debug_info    0x0000000000004e17      0x298 ./Src/User_led.o
 .debug_info    0x00000000000050af      0xc22 ./Src/main.o
 .debug_info    0x0000000000005cd1      0xfa8 ./Src/syscalls.o
 .debug_info    0x0000000000006c79      0xa25 ./Src/sysmem.o
 .debug_info    0x000000000000769e       0x22 ./Startup/startup_stm32h745zitx.o

.debug_abbrev   0x0000000000000000     0x14bd
 .debug_abbrev  0x0000000000000000      0x2c3 ./Src/Bluetooh.o
 .debug_abbrev  0x00000000000002c3      0x3a7 ./Src/Clock.o
 .debug_abbrev  0x000000000000066a      0x1df ./Src/Gpio.o
 .debug_abbrev  0x0000000000000849      0x107 ./Src/Systick.o
 .debug_abbrev  0x0000000000000950      0x38c ./Src/Uart_new.o
 .debug_abbrev  0x0000000000000cdc      0x12a ./Src/User_led.o
 .debug_abbrev  0x0000000000000e06      0x260 ./Src/main.o
 .debug_abbrev  0x0000000000001066      0x286 ./Src/syscalls.o
 .debug_abbrev  0x00000000000012ec      0x1bf ./Src/sysmem.o
 .debug_abbrev  0x00000000000014ab       0x12 ./Startup/startup_stm32h745zitx.o

.debug_aranges  0x0000000000000000      0x4e8
 .debug_aranges
                0x0000000000000000       0x68 ./Src/Bluetooh.o
 .debug_aranges
                0x0000000000000068      0x148 ./Src/Clock.o
 .debug_aranges
                0x00000000000001b0       0x88 ./Src/Gpio.o
 .debug_aranges
                0x0000000000000238       0x20 ./Src/Systick.o
 .debug_aranges
                0x0000000000000258      0x108 ./Src/Uart_new.o
 .debug_aranges
                0x0000000000000360       0x68 ./Src/User_led.o
 .debug_aranges
                0x00000000000003c8       0x30 ./Src/main.o
 .debug_aranges
                0x00000000000003f8       0xa8 ./Src/syscalls.o
 .debug_aranges
                0x00000000000004a0       0x20 ./Src/sysmem.o
 .debug_aranges
                0x00000000000004c0       0x28 ./Startup/startup_stm32h745zitx.o

.debug_ranges   0x0000000000000000      0x468
 .debug_ranges  0x0000000000000000       0x58 ./Src/Bluetooh.o
 .debug_ranges  0x0000000000000058      0x138 ./Src/Clock.o
 .debug_ranges  0x0000000000000190       0x78 ./Src/Gpio.o
 .debug_ranges  0x0000000000000208       0x10 ./Src/Systick.o
 .debug_ranges  0x0000000000000218      0x110 ./Src/Uart_new.o
 .debug_ranges  0x0000000000000328       0x58 ./Src/User_led.o
 .debug_ranges  0x0000000000000380       0x20 ./Src/main.o
 .debug_ranges  0x00000000000003a0       0x98 ./Src/syscalls.o
 .debug_ranges  0x0000000000000438       0x10 ./Src/sysmem.o
 .debug_ranges  0x0000000000000448       0x20 ./Startup/startup_stm32h745zitx.o

.debug_macro    0x0000000000000000    0x2b981
 .debug_macro   0x0000000000000000      0x1f3 ./Src/Bluetooh.o
 .debug_macro   0x00000000000001f3      0xad2 ./Src/Bluetooh.o
 .debug_macro   0x0000000000000cc5       0x10 ./Src/Bluetooh.o
 .debug_macro   0x0000000000000cd5       0x49 ./Src/Bluetooh.o
 .debug_macro   0x0000000000000d1e       0x22 ./Src/Bluetooh.o
 .debug_macro   0x0000000000000d40       0x8e ./Src/Bluetooh.o
 .debug_macro   0x0000000000000dce       0x51 ./Src/Bluetooh.o
 .debug_macro   0x0000000000000e1f      0x103 ./Src/Bluetooh.o
 .debug_macro   0x0000000000000f22       0x6a ./Src/Bluetooh.o
 .debug_macro   0x0000000000000f8c      0x1df ./Src/Bluetooh.o
 .debug_macro   0x000000000000116b       0x1c ./Src/Bluetooh.o
 .debug_macro   0x0000000000001187       0x22 ./Src/Bluetooh.o
 .debug_macro   0x00000000000011a9      0x101 ./Src/Bluetooh.o
 .debug_macro   0x00000000000012aa     0x1305 ./Src/Bluetooh.o
 .debug_macro   0x00000000000025af      0x11f ./Src/Bluetooh.o
 .debug_macro   0x00000000000026ce       0x27 ./Src/Bluetooh.o
 .debug_macro   0x00000000000026f5    0x26895 ./Src/Bluetooh.o
 .debug_macro   0x0000000000028f8a       0x22 ./Src/Bluetooh.o
 .debug_macro   0x0000000000028fac       0x16 ./Src/Bluetooh.o
 .debug_macro   0x0000000000028fc2       0x52 ./Src/Bluetooh.o
 .debug_macro   0x0000000000029014       0x17 ./Src/Bluetooh.o
 .debug_macro   0x000000000002902b       0x3c ./Src/Bluetooh.o
 .debug_macro   0x0000000000029067       0x34 ./Src/Bluetooh.o
 .debug_macro   0x000000000002909b      0x174 ./Src/Bluetooh.o
 .debug_macro   0x000000000002920f       0x16 ./Src/Bluetooh.o
 .debug_macro   0x0000000000029225       0x43 ./Src/Bluetooh.o
 .debug_macro   0x0000000000029268       0x34 ./Src/Bluetooh.o
 .debug_macro   0x000000000002929c       0x10 ./Src/Bluetooh.o
 .debug_macro   0x00000000000292ac       0x58 ./Src/Bluetooh.o
 .debug_macro   0x0000000000029304       0x71 ./Src/Bluetooh.o
 .debug_macro   0x0000000000029375       0x1c ./Src/Bluetooh.o
 .debug_macro   0x0000000000029391      0x12a ./Src/Bluetooh.o
 .debug_macro   0x00000000000294bb      0x333 ./Src/Bluetooh.o
 .debug_macro   0x00000000000297ee       0x10 ./Src/Bluetooh.o
 .debug_macro   0x00000000000297fe       0x35 ./Src/Bluetooh.o
 .debug_macro   0x0000000000029833       0x20 ./Src/Bluetooh.o
 .debug_macro   0x0000000000029853       0x16 ./Src/Bluetooh.o
 .debug_macro   0x0000000000029869       0x16 ./Src/Bluetooh.o
 .debug_macro   0x000000000002987f       0x29 ./Src/Bluetooh.o
 .debug_macro   0x00000000000298a8      0x27e ./Src/Clock.o
 .debug_macro   0x0000000000029b26       0x16 ./Src/Clock.o
 .debug_macro   0x0000000000029b3c       0x97 ./Src/Clock.o
 .debug_macro   0x0000000000029bd3       0xfd ./Src/Clock.o
 .debug_macro   0x0000000000029cd0       0x10 ./Src/Clock.o
 .debug_macro   0x0000000000029ce0       0x10 ./Src/Clock.o
 .debug_macro   0x0000000000029cf0       0x1c ./Src/Clock.o
 .debug_macro   0x0000000000029d0c       0x52 ./Src/Clock.o
 .debug_macro   0x0000000000029d5e       0x22 ./Src/Clock.o
 .debug_macro   0x0000000000029d80       0x10 ./Src/Clock.o
 .debug_macro   0x0000000000029d90       0x40 ./Src/Clock.o
 .debug_macro   0x0000000000029dd0       0xd5 ./Src/Clock.o
 .debug_macro   0x0000000000029ea5       0x1c ./Src/Clock.o
 .debug_macro   0x0000000000029ec1       0x3d ./Src/Clock.o
 .debug_macro   0x0000000000029efe       0x16 ./Src/Clock.o
 .debug_macro   0x0000000000029f14      0x145 ./Src/Clock.o
 .debug_macro   0x000000000002a059      0x118 ./Src/Gpio.o
 .debug_macro   0x000000000002a171       0xef ./Src/Systick.o
 .debug_macro   0x000000000002a260      0x25e ./Src/Uart_new.o
 .debug_macro   0x000000000002a4be       0xe0 ./Src/User_led.o
 .debug_macro   0x000000000002a59e      0x1d7 ./Src/main.o
 .debug_macro   0x000000000002a775      0x10e ./Src/main.o
 .debug_macro   0x000000000002a883       0x8d ./Src/main.o
 .debug_macro   0x000000000002a910      0x24c ./Src/syscalls.o
 .debug_macro   0x000000000002ab5c       0x4c ./Src/syscalls.o
 .debug_macro   0x000000000002aba8       0x94 ./Src/syscalls.o
 .debug_macro   0x000000000002ac3c       0x57 ./Src/syscalls.o
 .debug_macro   0x000000000002ac93      0x339 ./Src/syscalls.o
 .debug_macro   0x000000000002afcc       0x10 ./Src/syscalls.o
 .debug_macro   0x000000000002afdc       0x10 ./Src/syscalls.o
 .debug_macro   0x000000000002afec       0x10 ./Src/syscalls.o
 .debug_macro   0x000000000002affc       0x35 ./Src/syscalls.o
 .debug_macro   0x000000000002b031      0x12c ./Src/syscalls.o
 .debug_macro   0x000000000002b15d       0x10 ./Src/syscalls.o
 .debug_macro   0x000000000002b16d      0x241 ./Src/syscalls.o
 .debug_macro   0x000000000002b3ae       0x1c ./Src/syscalls.o
 .debug_macro   0x000000000002b3ca       0x10 ./Src/syscalls.o
 .debug_macro   0x000000000002b3da      0x189 ./Src/syscalls.o
 .debug_macro   0x000000000002b563       0x16 ./Src/syscalls.o
 .debug_macro   0x000000000002b579       0xce ./Src/syscalls.o
 .debug_macro   0x000000000002b647       0xff ./Src/sysmem.o
 .debug_macro   0x000000000002b746      0x23b ./Src/sysmem.o

.debug_line     0x0000000000000000     0x5374
 .debug_line    0x0000000000000000      0xae6 ./Src/Bluetooh.o
 .debug_line    0x0000000000000ae6     0x1049 ./Src/Clock.o
 .debug_line    0x0000000000001b2f      0xbb1 ./Src/Gpio.o
 .debug_line    0x00000000000026e0      0x529 ./Src/Systick.o
 .debug_line    0x0000000000002c09      0xd34 ./Src/Uart_new.o
 .debug_line    0x000000000000393d      0x5e9 ./Src/User_led.o
 .debug_line    0x0000000000003f26      0x6da ./Src/main.o
 .debug_line    0x0000000000004600      0x7fd ./Src/syscalls.o
 .debug_line    0x0000000000004dfd      0x4f3 ./Src/sysmem.o
 .debug_line    0x00000000000052f0       0x84 ./Startup/startup_stm32h745zitx.o

.debug_str      0x0000000000000000    0xf265c
 .debug_str     0x0000000000000000    0xee8f6 ./Src/Bluetooh.o
                                      0xeec36 (size before relaxing)
 .debug_str     0x00000000000ee8f6     0x14ed ./Src/Clock.o
                                      0xefe82 (size before relaxing)
 .debug_str     0x00000000000efde3      0x1d9 ./Src/Gpio.o
                                      0xeb8c9 (size before relaxing)
 .debug_str     0x00000000000effbc       0xbe ./Src/Systick.o
                                      0xeb529 (size before relaxing)
 .debug_str     0x00000000000f007a      0xe0d ./Src/Uart_new.o
                                      0xefc68 (size before relaxing)
 .debug_str     0x00000000000f0e87       0x82 ./Src/User_led.o
                                      0xeb57e (size before relaxing)
 .debug_str     0x00000000000f0f09       0x4c ./Src/main.o
                                      0xeeb87 (size before relaxing)
 .debug_str     0x00000000000f0f55     0x1670 ./Src/syscalls.o
                                       0x8f3c (size before relaxing)
 .debug_str     0x00000000000f25c5       0x66 ./Src/sysmem.o
                                       0x630f (size before relaxing)
 .debug_str     0x00000000000f262b       0x31 ./Startup/startup_stm32h745zitx.o
                                         0x74 (size before relaxing)

.comment        0x0000000000000000       0x53
 .comment       0x0000000000000000       0x53 ./Src/Bluetooh.o
                                         0x54 (size before relaxing)
 .comment       0x0000000000000053       0x54 ./Src/Clock.o
 .comment       0x0000000000000053       0x54 ./Src/Gpio.o
 .comment       0x0000000000000053       0x54 ./Src/Systick.o
 .comment       0x0000000000000053       0x54 ./Src/Uart_new.o
 .comment       0x0000000000000053       0x54 ./Src/User_led.o
 .comment       0x0000000000000053       0x54 ./Src/main.o
 .comment       0x0000000000000053       0x54 ./Src/syscalls.o
 .comment       0x0000000000000053       0x54 ./Src/sysmem.o

.debug_frame    0x0000000000000000     0x1c90
 .debug_frame   0x0000000000000000      0x1a0 ./Src/Bluetooh.o
 .debug_frame   0x00000000000001a0      0x578 ./Src/Clock.o
 .debug_frame   0x0000000000000718      0x240 ./Src/Gpio.o
 .debug_frame   0x0000000000000958       0x34 ./Src/Systick.o
 .debug_frame   0x000000000000098c      0x448 ./Src/Uart_new.o
 .debug_frame   0x0000000000000dd4      0x12c ./Src/User_led.o
 .debug_frame   0x0000000000000f00       0x74 ./Src/main.o
 .debug_frame   0x0000000000000f74      0x2ac ./Src/syscalls.o
 .debug_frame   0x0000000000001220       0x34 ./Src/sysmem.o
 .debug_frame   0x0000000000001254       0x20 c:/st/stm32cubeide_1.7.0/stm32cubeide/plugins/com.st.stm32cube.ide.mcu.externaltools.gnu-tools-for-stm32.9-2020-q2-update.win32_2.0.0.202105311346/tools/bin/../lib/gcc/arm-none-eabi/9.3.1/../../../../arm-none-eabi/lib/thumb/v7e-m+dp/hard\libc_nano.a(lib_a-errno.o)
 .debug_frame   0x0000000000001274       0x2c c:/st/stm32cubeide_1.7.0/stm32cubeide/plugins/com.st.stm32cube.ide.mcu.externaltools.gnu-tools-for-stm32.9-2020-q2-update.win32_2.0.0.202105311346/tools/bin/../lib/gcc/arm-none-eabi/9.3.1/../../../../arm-none-eabi/lib/thumb/v7e-m+dp/hard\libc_nano.a(lib_a-init.o)
 .debug_frame   0x00000000000012a0       0x30 c:/st/stm32cubeide_1.7.0/stm32cubeide/plugins/com.st.stm32cube.ide.mcu.externaltools.gnu-tools-for-stm32.9-2020-q2-update.win32_2.0.0.202105311346/tools/bin/../lib/gcc/arm-none-eabi/9.3.1/../../../../arm-none-eabi/lib/thumb/v7e-m+dp/hard\libc_nano.a(lib_a-malloc.o)
 .debug_frame   0x00000000000012d0       0x20 c:/st/stm32cubeide_1.7.0/stm32cubeide/plugins/com.st.stm32cube.ide.mcu.externaltools.gnu-tools-for-stm32.9-2020-q2-update.win32_2.0.0.202105311346/tools/bin/../lib/gcc/arm-none-eabi/9.3.1/../../../../arm-none-eabi/lib/thumb/v7e-m+dp/hard\libc_nano.a(lib_a-memset.o)
 .debug_frame   0x00000000000012f0       0x38 c:/st/stm32cubeide_1.7.0/stm32cubeide/plugins/com.st.stm32cube.ide.mcu.externaltools.gnu-tools-for-stm32.9-2020-q2-update.win32_2.0.0.202105311346/tools/bin/../lib/gcc/arm-none-eabi/9.3.1/../../../../arm-none-eabi/lib/thumb/v7e-m+dp/hard\libc_nano.a(lib_a-nano-freer.o)
 .debug_frame   0x0000000000001328       0x30 c:/st/stm32cubeide_1.7.0/stm32cubeide/plugins/com.st.stm32cube.ide.mcu.externaltools.gnu-tools-for-stm32.9-2020-q2-update.win32_2.0.0.202105311346/tools/bin/../lib/gcc/arm-none-eabi/9.3.1/../../../../arm-none-eabi/lib/thumb/v7e-m+dp/hard\libc_nano.a(lib_a-nano-mallocr.o)
 .debug_frame   0x0000000000001358       0x2c c:/st/stm32cubeide_1.7.0/stm32cubeide/plugins/com.st.stm32cube.ide.mcu.externaltools.gnu-tools-for-stm32.9-2020-q2-update.win32_2.0.0.202105311346/tools/bin/../lib/gcc/arm-none-eabi/9.3.1/../../../../arm-none-eabi/lib/thumb/v7e-m+dp/hard\libc_nano.a(lib_a-sbrkr.o)
 .debug_frame   0x0000000000001384       0x28 c:/st/stm32cubeide_1.7.0/stm32cubeide/plugins/com.st.stm32cube.ide.mcu.externaltools.gnu-tools-for-stm32.9-2020-q2-update.win32_2.0.0.202105311346/tools/bin/../lib/gcc/arm-none-eabi/9.3.1/../../../../arm-none-eabi/lib/thumb/v7e-m+dp/hard\libc_nano.a(lib_a-strcat.o)
 .debug_frame   0x00000000000013ac       0x38 c:/st/stm32cubeide_1.7.0/stm32cubeide/plugins/com.st.stm32cube.ide.mcu.externaltools.gnu-tools-for-stm32.9-2020-q2-update.win32_2.0.0.202105311346/tools/bin/../lib/gcc/arm-none-eabi/9.3.1/../../../../arm-none-eabi/lib/thumb/v7e-m+dp/hard\libc_nano.a(lib_a-strtok.o)
 .debug_frame   0x00000000000013e4       0x40 c:/st/stm32cubeide_1.7.0/stm32cubeide/plugins/com.st.stm32cube.ide.mcu.externaltools.gnu-tools-for-stm32.9-2020-q2-update.win32_2.0.0.202105311346/tools/bin/../lib/gcc/arm-none-eabi/9.3.1/../../../../arm-none-eabi/lib/thumb/v7e-m+dp/hard\libc_nano.a(lib_a-strtok_r.o)
 .debug_frame   0x0000000000001424       0x40 c:/st/stm32cubeide_1.7.0/stm32cubeide/plugins/com.st.stm32cube.ide.mcu.externaltools.gnu-tools-for-stm32.9-2020-q2-update.win32_2.0.0.202105311346/tools/bin/../lib/gcc/arm-none-eabi/9.3.1/../../../../arm-none-eabi/lib/thumb/v7e-m+dp/hard\libc_nano.a(lib_a-assert.o)
 .debug_frame   0x0000000000001464       0x64 c:/st/stm32cubeide_1.7.0/stm32cubeide/plugins/com.st.stm32cube.ide.mcu.externaltools.gnu-tools-for-stm32.9-2020-q2-update.win32_2.0.0.202105311346/tools/bin/../lib/gcc/arm-none-eabi/9.3.1/../../../../arm-none-eabi/lib/thumb/v7e-m+dp/hard\libc_nano.a(lib_a-fprintf.o)
 .debug_frame   0x00000000000014c8       0x30 c:/st/stm32cubeide_1.7.0/stm32cubeide/plugins/com.st.stm32cube.ide.mcu.externaltools.gnu-tools-for-stm32.9-2020-q2-update.win32_2.0.0.202105311346/tools/bin/../lib/gcc/arm-none-eabi/9.3.1/../../../../arm-none-eabi/lib/thumb/v7e-m+dp/hard\libc_nano.a(lib_a-mlock.o)