Archive member included to satisfy reference by file (symbol)

e:/st/stm32cubeide_1.7.0/stm32cubeide/plugins/com.st.stm32cube.ide.mcu.externaltools.gnu-tools-for-stm32.9-2020-q2-update.win32_2.0.0.202105311346/tools/bin/../lib/gcc/arm-none-eabi/9.3.1/../../../../arm-none-eabi/lib/thumb/v7e-m+dp/hard\libc_nano.a(lib_a-errno.o)
                              ./Src/syscalls.o (__errno)
e:/st/stm32cubeide_1.7.0/stm32cubeide/plugins/com.st.stm32cube.ide.mcu.externaltools.gnu-tools-for-stm32.9-2020-q2-update.win32_2.0.0.202105311346/tools/bin/../lib/gcc/arm-none-eabi/9.3.1/../../../../arm-none-eabi/lib/thumb/v7e-m+dp/hard\libc_nano.a(lib_a-exit.o)
                              e:/st/stm32cubeide_1.7.0/stm32cubeide/plugins/com.st.stm32cube.ide.mcu.externaltools.gnu-tools-for-stm32.9-2020-q2-update.win32_2.0.0.202105311346/tools/bin/../lib/gcc/arm-none-eabi/9.3.1/../../../../arm-none-eabi/lib/thumb/v7e-m+dp/hard/crt0.o (exit)
e:/st/stm32cubeide_1.7.0/stm32cubeide/plugins/com.st.stm32cube.ide.mcu.externaltools.gnu-tools-for-stm32.9-2020-q2-update.win32_2.0.0.202105311346/tools/bin/../lib/gcc/arm-none-eabi/9.3.1/../../../../arm-none-eabi/lib/thumb/v7e-m+dp/hard\libc_nano.a(lib_a-impure.o)
                              e:/st/stm32cubeide_1.7.0/stm32cubeide/plugins/com.st.stm32cube.ide.mcu.externaltools.gnu-tools-for-stm32.9-2020-q2-update.win32_2.0.0.202105311346/tools/bin/../lib/gcc/arm-none-eabi/9.3.1/../../../../arm-none-eabi/lib/thumb/v7e-m+dp/hard\libc_nano.a(lib_a-exit.o) (_global_impure_ptr)
e:/st/stm32cubeide_1.7.0/stm32cubeide/plugins/com.st.stm32cube.ide.mcu.externaltools.gnu-tools-for-stm32.9-2020-q2-update.win32_2.0.0.202105311346/tools/bin/../lib/gcc/arm-none-eabi/9.3.1/../../../../arm-none-eabi/lib/thumb/v7e-m+dp/hard\libc_nano.a(lib_a-init.o)
                              e:/st/stm32cubeide_1.7.0/stm32cubeide/plugins/com.st.stm32cube.ide.mcu.externaltools.gnu-tools-for-stm32.9-2020-q2-update.win32_2.0.0.202105311346/tools/bin/../lib/gcc/arm-none-eabi/9.3.1/../../../../arm-none-eabi/lib/thumb/v7e-m+dp/hard/crt0.o (__libc_init_array)
e:/st/stm32cubeide_1.7.0/stm32cubeide/plugins/com.st.stm32cube.ide.mcu.externaltools.gnu-tools-for-stm32.9-2020-q2-update.win32_2.0.0.202105311346/tools/bin/../lib/gcc/arm-none-eabi/9.3.1/../../../../arm-none-eabi/lib/thumb/v7e-m+dp/hard\libc_nano.a(lib_a-memset.o)
                              e:/st/stm32cubeide_1.7.0/stm32cubeide/plugins/com.st.stm32cube.ide.mcu.externaltools.gnu-tools-for-stm32.9-2020-q2-update.win32_2.0.0.202105311346/tools/bin/../lib/gcc/arm-none-eabi/9.3.1/../../../../arm-none-eabi/lib/thumb/v7e-m+dp/hard/crt0.o (memset)

Allocating common symbols
Common symbol       size              file

s                   0x1               ./Src/main.o

Discarded input sections

 .text          0x0000000000000000        0x0 e:/st/stm32cubeide_1.7.0/stm32cubeide/plugins/com.st.stm32cube.ide.mcu.externaltools.gnu-tools-for-stm32.9-2020-q2-update.win32_2.0.0.202105311346/tools/bin/../lib/gcc/arm-none-eabi/9.3.1/thumb/v7e-m+dp/hard/crti.o
 .data          0x0000000000000000        0x0 e:/st/stm32cubeide_1.7.0/stm32cubeide/plugins/com.st.stm32cube.ide.mcu.externaltools.gnu-tools-for-stm32.9-2020-q2-update.win32_2.0.0.202105311346/tools/bin/../lib/gcc/arm-none-eabi/9.3.1/thumb/v7e-m+dp/hard/crti.o
 .bss           0x0000000000000000        0x0 e:/st/stm32cubeide_1.7.0/stm32cubeide/plugins/com.st.stm32cube.ide.mcu.externaltools.gnu-tools-for-stm32.9-2020-q2-update.win32_2.0.0.202105311346/tools/bin/../lib/gcc/arm-none-eabi/9.3.1/thumb/v7e-m+dp/hard/crti.o
 .data          0x0000000000000000        0x4 e:/st/stm32cubeide_1.7.0/stm32cubeide/plugins/com.st.stm32cube.ide.mcu.externaltools.gnu-tools-for-stm32.9-2020-q2-update.win32_2.0.0.202105311346/tools/bin/../lib/gcc/arm-none-eabi/9.3.1/thumb/v7e-m+dp/hard/crtbegin.o
 .text          0x0000000000000000       0x7c e:/st/stm32cubeide_1.7.0/stm32cubeide/plugins/com.st.stm32cube.ide.mcu.externaltools.gnu-tools-for-stm32.9-2020-q2-update.win32_2.0.0.202105311346/tools/bin/../lib/gcc/arm-none-eabi/9.3.1/../../../../arm-none-eabi/lib/thumb/v7e-m+dp/hard/crt0.o
 .data          0x0000000000000000        0x0 e:/st/stm32cubeide_1.7.0/stm32cubeide/plugins/com.st.stm32cube.ide.mcu.externaltools.gnu-tools-for-stm32.9-2020-q2-update.win32_2.0.0.202105311346/tools/bin/../lib/gcc/arm-none-eabi/9.3.1/../../../../arm-none-eabi/lib/thumb/v7e-m+dp/hard/crt0.o
 .bss           0x0000000000000000        0x0 e:/st/stm32cubeide_1.7.0/stm32cubeide/plugins/com.st.stm32cube.ide.mcu.externaltools.gnu-tools-for-stm32.9-2020-q2-update.win32_2.0.0.202105311346/tools/bin/../lib/gcc/arm-none-eabi/9.3.1/../../../../arm-none-eabi/lib/thumb/v7e-m+dp/hard/crt0.o
 .ARM.extab     0x0000000000000000        0x0 e:/st/stm32cubeide_1.7.0/stm32cubeide/plugins/com.st.stm32cube.ide.mcu.externaltools.gnu-tools-for-stm32.9-2020-q2-update.win32_2.0.0.202105311346/tools/bin/../lib/gcc/arm-none-eabi/9.3.1/../../../../arm-none-eabi/lib/thumb/v7e-m+dp/hard/crt0.o
 .ARM.exidx     0x0000000000000000       0x10 e:/st/stm32cubeide_1.7.0/stm32cubeide/plugins/com.st.stm32cube.ide.mcu.externaltools.gnu-tools-for-stm32.9-2020-q2-update.win32_2.0.0.202105311346/tools/bin/../lib/gcc/arm-none-eabi/9.3.1/../../../../arm-none-eabi/lib/thumb/v7e-m+dp/hard/crt0.o
 .ARM.attributes
                0x0000000000000000       0x1c e:/st/stm32cubeide_1.7.0/stm32cubeide/plugins/com.st.stm32cube.ide.mcu.externaltools.gnu-tools-for-stm32.9-2020-q2-update.win32_2.0.0.202105311346/tools/bin/../lib/gcc/arm-none-eabi/9.3.1/../../../../arm-none-eabi/lib/thumb/v7e-m+dp/hard/crt0.o
 .group         0x0000000000000000        0xc ./Src/Clock.o
 .group         0x0000000000000000        0xc ./Src/Clock.o
 .group         0x0000000000000000        0xc ./Src/Clock.o
 .group         0x0000000000000000        0xc ./Src/Clock.o
 .group         0x0000000000000000        0xc ./Src/Clock.o
 .group         0x0000000000000000        0xc ./Src/Clock.o
 .group         0x0000000000000000        0xc ./Src/Clock.o
 .group         0x0000000000000000        0xc ./Src/Clock.o
 .group         0x0000000000000000        0xc ./Src/Clock.o
 .group         0x0000000000000000        0xc ./Src/Clock.o
 .group         0x0000000000000000        0xc ./Src/Clock.o
 .group         0x0000000000000000        0xc ./Src/Clock.o
 .group         0x0000000000000000        0xc ./Src/Clock.o
 .group         0x0000000000000000        0xc ./Src/Clock.o
 .group         0x0000000000000000        0xc ./Src/Clock.o
 .group         0x0000000000000000        0xc ./Src/Clock.o
 .group         0x0000000000000000        0xc ./Src/Clock.o
 .group         0x0000000000000000        0xc ./Src/Clock.o
 .group         0x0000000000000000        0xc ./Src/Clock.o
 .group         0x0000000000000000        0xc ./Src/Clock.o
 .group         0x0000000000000000        0xc ./Src/Clock.o
 .group         0x0000000000000000        0xc ./Src/Clock.o
 .group         0x0000000000000000        0xc ./Src/Clock.o
 .group         0x0000000000000000        0xc ./Src/Clock.o
 .group         0x0000000000000000        0xc ./Src/Clock.o
 .group         0x0000000000000000        0xc ./Src/Clock.o
 .group         0x0000000000000000        0xc ./Src/Clock.o
 .group         0x0000000000000000        0xc ./Src/Clock.o
 .group         0x0000000000000000        0xc ./Src/Clock.o
 .group         0x0000000000000000        0xc ./Src/Clock.o
 .group         0x0000000000000000        0xc ./Src/Clock.o
 .group         0x0000000000000000        0xc ./Src/Clock.o
 .group         0x0000000000000000        0xc ./Src/Clock.o
 .group         0x0000000000000000        0xc ./Src/Clock.o
 .group         0x0000000000000000        0xc ./Src/Clock.o
 .group         0x0000000000000000        0xc ./Src/Clock.o
 .group         0x0000000000000000        0xc ./Src/Clock.o
 .group         0x0000000000000000        0xc ./Src/Clock.o
 .group         0x0000000000000000        0xc ./Src/Clock.o
 .group         0x0000000000000000        0xc ./Src/Clock.o
 .group         0x0000000000000000        0xc ./Src/Clock.o
 .group         0x0000000000000000        0xc ./Src/Clock.o
 .group         0x0000000000000000        0xc ./Src/Clock.o
 .group         0x0000000000000000        0xc ./Src/Clock.o
 .text          0x0000000000000000        0x0 ./Src/Clock.o
 .data          0x0000000000000000        0x0 ./Src/Clock.o
 .bss           0x0000000000000000        0x0 ./Src/Clock.o
 .text.pow      0x0000000000000000       0x68 ./Src/Clock.o
 .text.DIVM2    0x0000000000000000       0x98 ./Src/Clock.o
 .text.DIVM3    0x0000000000000000       0x98 ./Src/Clock.o
 .text.System_Clock_MUX
                0x0000000000000000      0x170 ./Src/Clock.o
 .text.D2PPRE2  0x0000000000000000      0x118 ./Src/Clock.o
 .text.get_CPU1_Clock
                0x0000000000000000       0x16 ./Src/Clock.o
 .text.get_CPU2_Clock
                0x0000000000000000       0x16 ./Src/Clock.o
 .text.get_CPU2_Systick_Clock
                0x0000000000000000       0x16 ./Src/Clock.o
 .text.get_AXI_Preipheral_Clock
                0x0000000000000000        0xe ./Src/Clock.o
 .text.get_HCLK3_Preipheral_Clock
                0x0000000000000000        0xe ./Src/Clock.o
 .text.get_APB3_Preipheral_Clock
                0x0000000000000000       0x28 ./Src/Clock.o
 .text.get_AHB1_2_Preipheral_Clock
                0x0000000000000000       0x16 ./Src/Clock.o
 .text.get_APB1_Timer_Clock
                0x0000000000000000       0x2e ./Src/Clock.o
 .text.get_APB2_Timer_Clock
                0x0000000000000000       0x1c ./Src/Clock.o
 .text.get_APB4_Preiphreal
                0x0000000000000000        0xe ./Src/Clock.o
 .text.get_APB4_Preiphreal_Clock
                0x0000000000000000       0x28 ./Src/Clock.o
 .group         0x0000000000000000        0xc ./Src/Control.o
 .group         0x0000000000000000        0xc ./Src/Control.o
 .text          0x0000000000000000        0x0 ./Src/Control.o
 .data          0x0000000000000000        0x0 ./Src/Control.o
 .bss           0x0000000000000000        0x0 ./Src/Control.o
 .text.checkbool
                0x0000000000000000       0x58 ./Src/Control.o
 .debug_info    0x0000000000000000       0x90 ./Src/Control.o
 .debug_abbrev  0x0000000000000000       0x7f ./Src/Control.o
 .debug_aranges
                0x0000000000000000       0x20 ./Src/Control.o
 .debug_ranges  0x0000000000000000       0x10 ./Src/Control.o
 .debug_macro   0x0000000000000000       0x2e ./Src/Control.o
 .debug_macro   0x0000000000000000      0xad2 ./Src/Control.o
 .debug_macro   0x0000000000000000       0x22 ./Src/Control.o
 .debug_line    0x0000000000000000      0x167 ./Src/Control.o
 .debug_str     0x0000000000000000     0x2e84 ./Src/Control.o
 .comment       0x0000000000000000       0x54 ./Src/Control.o
 .debug_frame   0x0000000000000000       0x34 ./Src/Control.o
 .ARM.attributes
                0x0000000000000000       0x32 ./Src/Control.o
 .group         0x0000000000000000        0xc ./Src/Gpio.o
 .group         0x0000000000000000        0xc ./Src/Gpio.o
 .group         0x0000000000000000        0xc ./Src/Gpio.o
 .group         0x0000000000000000        0xc ./Src/Gpio.o
 .group         0x0000000000000000        0xc ./Src/Gpio.o
 .group         0x0000000000000000        0xc ./Src/Gpio.o
 .group         0x0000000000000000        0xc ./Src/Gpio.o
 .group         0x0000000000000000        0xc ./Src/Gpio.o
 .group         0x0000000000000000        0xc ./Src/Gpio.o
 .group         0x0000000000000000        0xc ./Src/Gpio.o
 .group         0x0000000000000000        0xc ./Src/Gpio.o
 .group         0x0000000000000000        0xc ./Src/Gpio.o
 .group         0x0000000000000000        0xc ./Src/Gpio.o
 .group         0x0000000000000000        0xc ./Src/Gpio.o
 .group         0x0000000000000000        0xc ./Src/Gpio.o
 .group         0x0000000000000000        0xc ./Src/Gpio.o
 .text          0x0000000000000000        0x0 ./Src/Gpio.o
 .data          0x0000000000000000        0x0 ./Src/Gpio.o
 .bss           0x0000000000000000        0x0 ./Src/Gpio.o
 .text.Get_GPIO_MODER
                0x0000000000000000       0x7a ./Src/Gpio.o
 .text.Set_GPIO_OTYPER
                0x0000000000000000       0x4e ./Src/Gpio.o
 .text.Get_GPIO_OTYPER
                0x0000000000000000       0x42 ./Src/Gpio.o
 .text.Set_GPIO_OSPEEDR
                0x0000000000000000       0xdc ./Src/Gpio.o
 .text.Get_GPIO_OSPEEDR
                0x0000000000000000       0x7a ./Src/Gpio.o
 .text.Set_GPIO_PUPDR
                0x0000000000000000       0xdc ./Src/Gpio.o
 .text.Get_GPIO_PUPDR
                0x0000000000000000       0x7e ./Src/Gpio.o
 .text.Get_GPIO_IDR
                0x0000000000000000       0x2c ./Src/Gpio.o
 .text.Set_GPIO_ODR
                0x0000000000000000       0x4e ./Src/Gpio.o
 .text.Get_GPIO_ODR
                0x0000000000000000       0x32 ./Src/Gpio.o
 .text.Set_GPIO_BSRR
                0x0000000000000000       0x4e ./Src/Gpio.o
 .debug_macro   0x0000000000000000      0xad2 ./Src/Gpio.o
 .debug_macro   0x0000000000000000       0x49 ./Src/Gpio.o
 .debug_macro   0x0000000000000000       0x22 ./Src/Gpio.o
 .debug_macro   0x0000000000000000       0x8e ./Src/Gpio.o
 .debug_macro   0x0000000000000000       0x51 ./Src/Gpio.o
 .debug_macro   0x0000000000000000      0x103 ./Src/Gpio.o
 .debug_macro   0x0000000000000000       0x6a ./Src/Gpio.o
 .debug_macro   0x0000000000000000      0x1df ./Src/Gpio.o
 .debug_macro   0x0000000000000000       0x1c ./Src/Gpio.o
 .debug_macro   0x0000000000000000       0x22 ./Src/Gpio.o
 .debug_macro   0x0000000000000000      0x101 ./Src/Gpio.o
 .debug_macro   0x0000000000000000     0x1305 ./Src/Gpio.o
 .debug_macro   0x0000000000000000      0x11f ./Src/Gpio.o
 .debug_macro   0x0000000000000000       0x27 ./Src/Gpio.o
 .debug_macro   0x0000000000000000    0x26895 ./Src/Gpio.o
 .debug_macro   0x0000000000000000       0x22 ./Src/Gpio.o
 .group         0x0000000000000000        0xc ./Src/Systick.o
 .group         0x0000000000000000        0xc ./Src/Systick.o
 .group         0x0000000000000000        0xc ./Src/Systick.o
 .group         0x0000000000000000        0xc ./Src/Systick.o
 .group         0x0000000000000000        0xc ./Src/Systick.o
 .group         0x0000000000000000        0xc ./Src/Systick.o
 .group         0x0000000000000000        0xc ./Src/Systick.o
 .group         0x0000000000000000        0xc ./Src/Systick.o
 .group         0x0000000000000000        0xc ./Src/Systick.o
 .group         0x0000000000000000        0xc ./Src/Systick.o
 .group         0x0000000000000000        0xc ./Src/Systick.o
 .group         0x0000000000000000        0xc ./Src/Systick.o
 .group         0x0000000000000000        0xc ./Src/Systick.o
 .group         0x0000000000000000        0xc ./Src/Systick.o
 .group         0x0000000000000000        0xc ./Src/Systick.o
 .text          0x0000000000000000        0x0 ./Src/Systick.o
 .data          0x0000000000000000        0x0 ./Src/Systick.o
 .bss           0x0000000000000000        0x0 ./Src/Systick.o
 .debug_macro   0x0000000000000000      0xad2 ./Src/Systick.o
 .debug_macro   0x0000000000000000       0x49 ./Src/Systick.o
 .debug_macro   0x0000000000000000       0x22 ./Src/Systick.o
 .debug_macro   0x0000000000000000       0x8e ./Src/Systick.o
 .debug_macro   0x0000000000000000       0x51 ./Src/Systick.o
 .debug_macro   0x0000000000000000      0x103 ./Src/Systick.o
 .debug_macro   0x0000000000000000       0x6a ./Src/Systick.o
 .debug_macro   0x0000000000000000      0x1df ./Src/Systick.o
 .debug_macro   0x0000000000000000       0x1c ./Src/Systick.o
 .debug_macro   0x0000000000000000       0x22 ./Src/Systick.o
 .debug_macro   0x0000000000000000      0x101 ./Src/Systick.o
 .debug_macro   0x0000000000000000     0x1305 ./Src/Systick.o
 .debug_macro   0x0000000000000000      0x11f ./Src/Systick.o
 .debug_macro   0x0000000000000000       0x27 ./Src/Systick.o
 .debug_macro   0x0000000000000000    0x26895 ./Src/Systick.o
 .group         0x0000000000000000        0xc ./Src/Uart.o
 .group         0x0000000000000000        0xc ./Src/Uart.o
 .group         0x0000000000000000        0xc ./Src/Uart.o
 .group         0x0000000000000000        0xc ./Src/Uart.o
 .group         0x0000000000000000        0xc ./Src/Uart.o
 .group         0x0000000000000000        0xc ./Src/Uart.o
 .group         0x0000000000000000        0xc ./Src/Uart.o
 .group         0x0000000000000000        0xc ./Src/Uart.o
 .group         0x0000000000000000        0xc ./Src/Uart.o
 .group         0x0000000000000000        0xc ./Src/Uart.o
 .group         0x0000000000000000        0xc ./Src/Uart.o
 .group         0x0000000000000000        0xc ./Src/Uart.o
 .group         0x0000000000000000        0xc ./Src/Uart.o
 .group         0x0000000000000000        0xc ./Src/Uart.o
 .group         0x0000000000000000        0xc ./Src/Uart.o
 .group         0x0000000000000000        0xc ./Src/Uart.o
 .text          0x0000000000000000        0x0 ./Src/Uart.o
 .data          0x0000000000000000        0x0 ./Src/Uart.o
 .bss           0x0000000000000000        0x0 ./Src/Uart.o
 .text.enable_UART_differentPins
                0x0000000000000000       0x98 ./Src/Uart.o
 .text.enable_UART1
                0x0000000000000000       0x40 ./Src/Uart.o
 .text.enable_UART2
                0x0000000000000000       0x40 ./Src/Uart.o
 .text.enable_UART4
                0x0000000000000000       0x40 ./Src/Uart.o
 .text.enable_UART5
                0x0000000000000000       0x40 ./Src/Uart.o
 .text.enable_UART5_Different_Pins
                0x0000000000000000       0x44 ./Src/Uart.o
 .text.enable_UART6
                0x0000000000000000       0x40 ./Src/Uart.o
 .text.enable_UART7
                0x0000000000000000       0x40 ./Src/Uart.o
 .text.enable_UART8
                0x0000000000000000       0x40 ./Src/Uart.o
 .text.uart_write
                0x0000000000000000       0x2c ./Src/Uart.o
 .debug_macro   0x0000000000000000      0xad2 ./Src/Uart.o
 .debug_macro   0x0000000000000000       0x49 ./Src/Uart.o
 .debug_macro   0x0000000000000000       0x22 ./Src/Uart.o
 .debug_macro   0x0000000000000000       0x8e ./Src/Uart.o
 .debug_macro   0x0000000000000000       0x51 ./Src/Uart.o
 .debug_macro   0x0000000000000000      0x103 ./Src/Uart.o
 .debug_macro   0x0000000000000000       0x6a ./Src/Uart.o
 .debug_macro   0x0000000000000000      0x1df ./Src/Uart.o
 .debug_macro   0x0000000000000000       0x1c ./Src/Uart.o
 .debug_macro   0x0000000000000000       0x22 ./Src/Uart.o
 .debug_macro   0x0000000000000000      0x101 ./Src/Uart.o
 .debug_macro   0x0000000000000000     0x1305 ./Src/Uart.o
 .debug_macro   0x0000000000000000      0x11f ./Src/Uart.o
 .debug_macro   0x0000000000000000       0x27 ./Src/Uart.o
 .debug_macro   0x0000000000000000    0x26895 ./Src/Uart.o
 .debug_macro   0x0000000000000000       0x22 ./Src/Uart.o
 .group         0x0000000000000000        0xc ./Src/User_led.o
 .group         0x0000000000000000        0xc ./Src/User_led.o
 .group         0x0000000000000000        0xc ./Src/User_led.o
 .group         0x0000000000000000        0xc ./Src/User_led.o
 .group         0x0000000000000000        0xc ./Src/User_led.o
 .group         0x0000000000000000        0xc ./Src/User_led.o
 .group         0x0000000000000000        0xc ./Src/User_led.o
 .group         0x0000000000000000        0xc ./Src/User_led.o
 .group         0x0000000000000000        0xc ./Src/User_led.o
 .group         0x0000000000000000        0xc ./Src/User_led.o
 .group         0x0000000000000000        0xc ./Src/User_led.o
 .group         0x0000000000000000        0xc ./Src/User_led.o
 .group         0x0000000000000000        0xc ./Src/User_led.o
 .group         0x0000000000000000        0xc ./Src/User_led.o
 .group         0x0000000000000000        0xc ./Src/User_led.o
 .group         0x0000000000000000        0xc ./Src/User_led.o
 .text          0x0000000000000000        0x0 ./Src/User_led.o
 .data          0x0000000000000000        0x0 ./Src/User_led.o
 .bss           0x0000000000000000        0x0 ./Src/User_led.o
 .text.ld1_init
                0x0000000000000000       0x1c ./Src/User_led.o
 .text.ld2_init
                0x0000000000000000       0x1c ./Src/User_led.o
 .text.ld3_init
                0x0000000000000000       0x1c ./Src/User_led.o
 .text.ld1_on   0x0000000000000000       0x18 ./Src/User_led.o
 .text.ld2_on   0x0000000000000000       0x18 ./Src/User_led.o
 .text.ld3_on   0x0000000000000000       0x18 ./Src/User_led.o
 .text.ld1_off  0x0000000000000000       0x18 ./Src/User_led.o
 .text.ld2_off  0x0000000000000000       0x18 ./Src/User_led.o
 .text.ld3_off  0x0000000000000000       0x18 ./Src/User_led.o
 .debug_info    0x0000000000000000      0x25a ./Src/User_led.o
 .debug_abbrev  0x0000000000000000       0xdc ./Src/User_led.o
 .debug_aranges
                0x0000000000000000       0x60 ./Src/User_led.o
 .debug_ranges  0x0000000000000000       0x50 ./Src/User_led.o
 .debug_macro   0x0000000000000000       0xe0 ./Src/User_led.o
 .debug_macro   0x0000000000000000      0xad2 ./Src/User_led.o
 .debug_macro   0x0000000000000000       0x22 ./Src/User_led.o
 .debug_macro   0x0000000000000000       0x49 ./Src/User_led.o
 .debug_macro   0x0000000000000000       0x22 ./Src/User_led.o
 .debug_macro   0x0000000000000000       0x8e ./Src/User_led.o
 .debug_macro   0x0000000000000000       0x51 ./Src/User_led.o
 .debug_macro   0x0000000000000000      0x103 ./Src/User_led.o
 .debug_macro   0x0000000000000000       0x6a ./Src/User_led.o
 .debug_macro   0x0000000000000000      0x1df ./Src/User_led.o
 .debug_macro   0x0000000000000000       0x1c ./Src/User_led.o
 .debug_macro   0x0000000000000000       0x22 ./Src/User_led.o
 .debug_macro   0x0000000000000000      0x101 ./Src/User_led.o
 .debug_macro   0x0000000000000000     0x1305 ./Src/User_led.o
 .debug_macro   0x0000000000000000      0x11f ./Src/User_led.o
 .debug_macro   0x0000000000000000       0x27 ./Src/User_led.o
 .debug_macro   0x0000000000000000    0x26895 ./Src/User_led.o
 .debug_line    0x0000000000000000      0x5c9 ./Src/User_led.o
 .debug_str     0x0000000000000000    0xeb531 ./Src/User_led.o
 .comment       0x0000000000000000       0x54 ./Src/User_led.o
 .debug_frame   0x0000000000000000      0x10c ./Src/User_led.o
 .ARM.attributes
                0x0000000000000000       0x32 ./Src/User_led.o
 .group         0x0000000000000000        0xc ./Src/main.o
 .group         0x0000000000000000        0xc ./Src/main.o
 .group         0x0000000000000000        0xc ./Src/main.o
 .group         0x0000000000000000        0xc ./Src/main.o
 .group         0x0000000000000000        0xc ./Src/main.o
 .group         0x0000000000000000        0xc ./Src/main.o
 .group         0x0000000000000000        0xc ./Src/main.o
 .group         0x0000000000000000        0xc ./Src/main.o
 .group         0x0000000000000000        0xc ./Src/main.o
 .group         0x0000000000000000        0xc ./Src/main.o
 .group         0x0000000000000000        0xc ./Src/main.o
 .group         0x0000000000000000        0xc ./Src/main.o
 .group         0x0000000000000000        0xc ./Src/main.o
 .group         0x0000000000000000        0xc ./Src/main.o
 .group         0x0000000000000000        0xc ./Src/main.o
 .text          0x0000000000000000        0x0 ./Src/main.o
 .data          0x0000000000000000        0x0 ./Src/main.o
 .bss           0x0000000000000000        0x0 ./Src/main.o
 .debug_macro   0x0000000000000000      0xad2 ./Src/main.o
 .debug_macro   0x0000000000000000       0x49 ./Src/main.o
 .debug_macro   0x0000000000000000       0x22 ./Src/main.o
 .debug_macro   0x0000000000000000       0x8e ./Src/main.o
 .debug_macro   0x0000000000000000       0x51 ./Src/main.o
 .debug_macro   0x0000000000000000      0x103 ./Src/main.o
 .debug_macro   0x0000000000000000       0x6a ./Src/main.o
 .debug_macro   0x0000000000000000      0x1df ./Src/main.o
 .debug_macro   0x0000000000000000       0x1c ./Src/main.o
 .debug_macro   0x0000000000000000       0x22 ./Src/main.o
 .debug_macro   0x0000000000000000      0x101 ./Src/main.o
 .debug_macro   0x0000000000000000     0x1305 ./Src/main.o
 .debug_macro   0x0000000000000000      0x11f ./Src/main.o
 .debug_macro   0x0000000000000000       0x27 ./Src/main.o
 .debug_macro   0x0000000000000000    0x26895 ./Src/main.o
 COMMON         0x0000000000000000        0x1 ./Src/main.o
 .group         0x0000000000000000        0xc ./Src/syscalls.o
 .group         0x0000000000000000        0xc ./Src/syscalls.o
 .group         0x0000000000000000        0xc ./Src/syscalls.o
 .group         0x0000000000000000        0xc ./Src/syscalls.o
 .group         0x0000000000000000        0xc ./Src/syscalls.o
 .group         0x0000000000000000        0xc ./Src/syscalls.o
 .group         0x0000000000000000        0xc ./Src/syscalls.o
 .group         0x0000000000000000        0xc ./Src/syscalls.o
 .group         0x0000000000000000        0xc ./Src/syscalls.o
 .group         0x0000000000000000        0xc ./Src/syscalls.o
 .group         0x0000000000000000        0xc ./Src/syscalls.o
 .group         0x0000000000000000        0xc ./Src/syscalls.o
 .group         0x0000000000000000        0xc ./Src/syscalls.o
 .group         0x0000000000000000        0xc ./Src/syscalls.o
 .group         0x0000000000000000        0xc ./Src/syscalls.o
 .group         0x0000000000000000        0xc ./Src/syscalls.o
 .group         0x0000000000000000        0xc ./Src/syscalls.o
 .group         0x0000000000000000        0xc ./Src/syscalls.o
 .group         0x0000000000000000        0xc ./Src/syscalls.o
 .group         0x0000000000000000        0xc ./Src/syscalls.o
 .group         0x0000000000000000        0xc ./Src/syscalls.o
 .group         0x0000000000000000        0xc ./Src/syscalls.o
 .group         0x0000000000000000        0xc ./Src/syscalls.o
 .group         0x0000000000000000        0xc ./Src/syscalls.o
 .group         0x0000000000000000        0xc ./Src/syscalls.o
 .group         0x0000000000000000        0xc ./Src/syscalls.o
 .group         0x0000000000000000        0xc ./Src/syscalls.o
 .group         0x0000000000000000        0xc ./Src/syscalls.o
 .group         0x0000000000000000        0xc ./Src/syscalls.o
 .group         0x0000000000000000        0xc ./Src/syscalls.o
 .group         0x0000000000000000        0xc ./Src/syscalls.o
 .group         0x0000000000000000        0xc ./Src/syscalls.o
 .group         0x0000000000000000        0xc ./Src/syscalls.o
 .group         0x0000000000000000        0xc ./Src/syscalls.o
 .group         0x0000000000000000        0xc ./Src/syscalls.o
 .group         0x0000000000000000        0xc ./Src/syscalls.o
 .group         0x0000000000000000        0xc ./Src/syscalls.o
 .group         0x0000000000000000        0xc ./Src/syscalls.o
 .group         0x0000000000000000        0xc ./Src/syscalls.o
 .group         0x0000000000000000        0xc ./Src/syscalls.o
 .group         0x0000000000000000        0xc ./Src/syscalls.o
 .group         0x0000000000000000        0xc ./Src/syscalls.o
 .group         0x0000000000000000        0xc ./Src/syscalls.o
 .group         0x0000000000000000        0xc ./Src/syscalls.o
 .group         0x0000000000000000        0xc ./Src/syscalls.o
 .group         0x0000000000000000        0xc ./Src/syscalls.o
 .group         0x0000000000000000        0xc ./Src/syscalls.o
 .text          0x0000000000000000        0x0 ./Src/syscalls.o
 .data          0x0000000000000000        0x0 ./Src/syscalls.o
 .bss           0x0000000000000000        0x0 ./Src/syscalls.o
 .bss.__env     0x0000000000000000        0x4 ./Src/syscalls.o
 .data.environ  0x0000000000000000        0x4 ./Src/syscalls.o
 .text.initialise_monitor_handles
                0x0000000000000000        0xe ./Src/syscalls.o
 .text._getpid  0x0000000000000000       0x10 ./Src/syscalls.o
 .text._kill    0x0000000000000000       0x20 ./Src/syscalls.o
 .text._exit    0x0000000000000000       0x14 ./Src/syscalls.o
 .text._read    0x0000000000000000       0x3a ./Src/syscalls.o
 .text._write   0x0000000000000000       0x38 ./Src/syscalls.o
 .text._close   0x0000000000000000       0x18 ./Src/syscalls.o
 .text._fstat   0x0000000000000000       0x20 ./Src/syscalls.o
 .text._isatty  0x0000000000000000       0x16 ./Src/syscalls.o
 .text._lseek   0x0000000000000000       0x1a ./Src/syscalls.o
 .text._open    0x0000000000000000       0x1c ./Src/syscalls.o
 .text._wait    0x0000000000000000       0x1e ./Src/syscalls.o
 .text._unlink  0x0000000000000000       0x1e ./Src/syscalls.o
 .text._times   0x0000000000000000       0x18 ./Src/syscalls.o
 .text._stat    0x0000000000000000       0x20 ./Src/syscalls.o
 .text._link    0x0000000000000000       0x20 ./Src/syscalls.o
 .text._fork    0x0000000000000000       0x16 ./Src/syscalls.o
 .text._execve  0x0000000000000000       0x22 ./Src/syscalls.o
 .debug_info    0x0000000000000000      0xfa8 ./Src/syscalls.o
 .debug_abbrev  0x0000000000000000      0x286 ./Src/syscalls.o
 .debug_aranges
                0x0000000000000000       0xa8 ./Src/syscalls.o
 .debug_ranges  0x0000000000000000       0x98 ./Src/syscalls.o
 .debug_macro   0x0000000000000000      0x24c ./Src/syscalls.o
 .debug_macro   0x0000000000000000      0xad2 ./Src/syscalls.o
 .debug_macro   0x0000000000000000       0x22 ./Src/syscalls.o
 .debug_macro   0x0000000000000000       0x4c ./Src/syscalls.o
 .debug_macro   0x0000000000000000       0x17 ./Src/syscalls.o
 .debug_macro   0x0000000000000000       0x94 ./Src/syscalls.o
 .debug_macro   0x0000000000000000       0x3c ./Src/syscalls.o
 .debug_macro   0x0000000000000000       0x34 ./Src/syscalls.o
 .debug_macro   0x0000000000000000       0x57 ./Src/syscalls.o
 .debug_macro   0x0000000000000000      0x174 ./Src/syscalls.o
 .debug_macro   0x0000000000000000      0x339 ./Src/syscalls.o
 .debug_macro   0x0000000000000000       0x16 ./Src/syscalls.o
 .debug_macro   0x0000000000000000       0x43 ./Src/syscalls.o
 .debug_macro   0x0000000000000000       0x34 ./Src/syscalls.o
 .debug_macro   0x0000000000000000       0x10 ./Src/syscalls.o
 .debug_macro   0x0000000000000000       0x58 ./Src/syscalls.o
 .debug_macro   0x0000000000000000       0x71 ./Src/syscalls.o
 .debug_macro   0x0000000000000000       0x1c ./Src/syscalls.o
 .debug_macro   0x0000000000000000      0x12a ./Src/syscalls.o
 .debug_macro   0x0000000000000000       0x10 ./Src/syscalls.o
 .debug_macro   0x0000000000000000       0x35 ./Src/syscalls.o
 .debug_macro   0x0000000000000000       0x10 ./Src/syscalls.o
 .debug_macro   0x0000000000000000       0x10 ./Src/syscalls.o
 .debug_macro   0x0000000000000000       0x10 ./Src/syscalls.o
 .debug_macro   0x0000000000000000       0x6a ./Src/syscalls.o
 .debug_macro   0x0000000000000000       0x1c ./Src/syscalls.o
 .debug_macro   0x0000000000000000       0x52 ./Src/syscalls.o
 .debug_macro   0x0000000000000000       0x22 ./Src/syscalls.o
 .debug_macro   0x0000000000000000       0x10 ./Src/syscalls.o
 .debug_macro   0x0000000000000000       0x40 ./Src/syscalls.o
 .debug_macro   0x0000000000000000       0xd5 ./Src/syscalls.o
 .debug_macro   0x0000000000000000       0x1c ./Src/syscalls.o
 .debug_macro   0x0000000000000000       0x3d ./Src/syscalls.o
 .debug_macro   0x0000000000000000       0x35 ./Src/syscalls.o
 .debug_macro   0x0000000000000000      0x12c ./Src/syscalls.o
 .debug_macro   0x0000000000000000       0x16 ./Src/syscalls.o
 .debug_macro   0x0000000000000000       0x16 ./Src/syscalls.o
 .debug_macro   0x0000000000000000       0x29 ./Src/syscalls.o
 .debug_macro   0x0000000000000000       0x10 ./Src/syscalls.o
 .debug_macro   0x0000000000000000      0x241 ./Src/syscalls.o
 .debug_macro   0x0000000000000000       0x1c ./Src/syscalls.o
 .debug_macro   0x0000000000000000       0x10 ./Src/syscalls.o
 .debug_macro   0x0000000000000000       0x10 ./Src/syscalls.o
 .debug_macro   0x0000000000000000       0x16 ./Src/syscalls.o
 .debug_macro   0x0000000000000000      0x145 ./Src/syscalls.o
 .debug_macro   0x0000000000000000      0x189 ./Src/syscalls.o
 .debug_macro   0x0000000000000000       0x16 ./Src/syscalls.o
 .debug_macro   0x0000000000000000       0xce ./Src/syscalls.o
 .debug_line    0x0000000000000000      0x7fd ./Src/syscalls.o
 .debug_str     0x0000000000000000     0x8f26 ./Src/syscalls.o
 .comment       0x0000000000000000       0x54 ./Src/syscalls.o
 .debug_frame   0x0000000000000000      0x2ac ./Src/syscalls.o
 .ARM.attributes
                0x0000000000000000       0x32 ./Src/syscalls.o
 .group         0x0000000000000000        0xc ./Src/sysmem.o
 .group         0x0000000000000000        0xc ./Src/sysmem.o
 .group         0x0000000000000000        0xc ./Src/sysmem.o
 .group         0x0000000000000000        0xc ./Src/sysmem.o
 .group         0x0000000000000000        0xc ./Src/sysmem.o
 .group         0x0000000000000000        0xc ./Src/sysmem.o
 .group         0x0000000000000000        0xc ./Src/sysmem.o
 .group         0x0000000000000000        0xc ./Src/sysmem.o
 .group         0x0000000000000000        0xc ./Src/sysmem.o
 .group         0x0000000000000000        0xc ./Src/sysmem.o
 .group         0x0000000000000000        0xc ./Src/sysmem.o
 .group         0x0000000000000000        0xc ./Src/sysmem.o
 .group         0x0000000000000000        0xc ./Src/sysmem.o
 .group         0x0000000000000000        0xc ./Src/sysmem.o
 .group         0x0000000000000000        0xc ./Src/sysmem.o
 .group         0x0000000000000000        0xc ./Src/sysmem.o
 .group         0x0000000000000000        0xc ./Src/sysmem.o
 .group         0x0000000000000000        0xc ./Src/sysmem.o
 .group         0x0000000000000000        0xc ./Src/sysmem.o
 .group         0x0000000000000000        0xc ./Src/sysmem.o
 .group         0x0000000000000000        0xc ./Src/sysmem.o
 .group         0x0000000000000000        0xc ./Src/sysmem.o
 .text          0x0000000000000000        0x0 ./Src/sysmem.o
 .data          0x0000000000000000        0x0 ./Src/sysmem.o
 .bss           0x0000000000000000        0x0 ./Src/sysmem.o
 .bss.__sbrk_heap_end
                0x0000000000000000        0x4 ./Src/sysmem.o
 .text._sbrk    0x0000000000000000       0x6c ./Src/sysmem.o
 .debug_info    0x0000000000000000      0xa25 ./Src/sysmem.o
 .debug_abbrev  0x0000000000000000      0x1bf ./Src/sysmem.o
 .debug_aranges
                0x0000000000000000       0x20 ./Src/sysmem.o
 .debug_ranges  0x0000000000000000       0x10 ./Src/sysmem.o
 .debug_macro   0x0000000000000000       0xff ./Src/sysmem.o
 .debug_macro   0x0000000000000000      0xad2 ./Src/sysmem.o
 .debug_macro   0x0000000000000000       0x10 ./Src/sysmem.o
 .debug_macro   0x0000000000000000       0x22 ./Src/sysmem.o
 .debug_macro   0x0000000000000000       0x4c ./Src/sysmem.o
 .debug_macro   0x0000000000000000       0x17 ./Src/sysmem.o
 .debug_macro   0x0000000000000000       0x94 ./Src/sysmem.o
 .debug_macro   0x0000000000000000       0x3c ./Src/sysmem.o
 .debug_macro   0x0000000000000000       0x34 ./Src/sysmem.o
 .debug_macro   0x0000000000000000      0x174 ./Src/sysmem.o
 .debug_macro   0x0000000000000000       0x16 ./Src/sysmem.o
 .debug_macro   0x0000000000000000       0x43 ./Src/sysmem.o
 .debug_macro   0x0000000000000000       0x57 ./Src/sysmem.o
 .debug_macro   0x0000000000000000       0x34 ./Src/sysmem.o
 .debug_macro   0x0000000000000000       0x10 ./Src/sysmem.o
 .debug_macro   0x0000000000000000       0x58 ./Src/sysmem.o
 .debug_macro   0x0000000000000000       0x71 ./Src/sysmem.o
 .debug_macro   0x0000000000000000       0x1c ./Src/sysmem.o
 .debug_macro   0x0000000000000000      0x12a ./Src/sysmem.o
 .debug_macro   0x0000000000000000      0x23b ./Src/sysmem.o
 .debug_macro   0x0000000000000000      0x103 ./Src/sysmem.o
 .debug_macro   0x0000000000000000       0x6a ./Src/sysmem.o
 .debug_macro   0x0000000000000000      0x1df ./Src/sysmem.o
 .debug_line    0x0000000000000000      0x4f3 ./Src/sysmem.o
 .debug_str     0x0000000000000000     0x62f9 ./Src/sysmem.o
 .comment       0x0000000000000000       0x54 ./Src/sysmem.o
 .debug_frame   0x0000000000000000       0x34 ./Src/sysmem.o
 .ARM.attributes
                0x0000000000000000       0x32 ./Src/sysmem.o
 .text          0x0000000000000000       0x14 ./Startup/startup_stm32h745zitx.o
 .data          0x0000000000000000        0x0 ./Startup/startup_stm32h745zitx.o
 .bss           0x0000000000000000        0x0 ./Startup/startup_stm32h745zitx.o
 .text          0x0000000000000000        0x0 e:/st/stm32cubeide_1.7.0/stm32cubeide/plugins/com.st.stm32cube.ide.mcu.externaltools.gnu-tools-for-stm32.9-2020-q2-update.win32_2.0.0.202105311346/tools/bin/../lib/gcc/arm-none-eabi/9.3.1/../../../../arm-none-eabi/lib/thumb/v7e-m+dp/hard\libc_nano.a(lib_a-errno.o)
 .data          0x0000000000000000        0x0 e:/st/stm32cubeide_1.7.0/stm32cubeide/plugins/com.st.stm32cube.ide.mcu.externaltools.gnu-tools-for-stm32.9-2020-q2-update.win32_2.0.0.202105311346/tools/bin/../lib/gcc/arm-none-eabi/9.3.1/../../../../arm-none-eabi/lib/thumb/v7e-m+dp/hard\libc_nano.a(lib_a-errno.o)
 .bss           0x0000000000000000        0x0 e:/st/stm32cubeide_1.7.0/stm32cubeide/plugins/com.st.stm32cube.ide.mcu.externaltools.gnu-tools-for-stm32.9-2020-q2-update.win32_2.0.0.202105311346/tools/bin/../lib/gcc/arm-none-eabi/9.3.1/../../../../arm-none-eabi/lib/thumb/v7e-m+dp/hard\libc_nano.a(lib_a-errno.o)
 .text.__errno  0x0000000000000000        0xc e:/st/stm32cubeide_1.7.0/stm32cubeide/plugins/com.st.stm32cube.ide.mcu.externaltools.gnu-tools-for-stm32.9-2020-q2-update.win32_2.0.0.202105311346/tools/bin/../lib/gcc/arm-none-eabi/9.3.1/../../../../arm-none-eabi/lib/thumb/v7e-m+dp/hard\libc_nano.a(lib_a-errno.o)
 .debug_frame   0x0000000000000000       0x20 e:/st/stm32cubeide_1.7.0/stm32cubeide/plugins/com.st.stm32cube.ide.mcu.externaltools.gnu-tools-for-stm32.9-2020-q2-update.win32_2.0.0.202105311346/tools/bin/../lib/gcc/arm-none-eabi/9.3.1/../../../../arm-none-eabi/lib/thumb/v7e-m+dp/hard\libc_nano.a(lib_a-errno.o)
 .ARM.attributes
                0x0000000000000000       0x32 e:/st/stm32cubeide_1.7.0/stm32cubeide/plugins/com.st.stm32cube.ide.mcu.externaltools.gnu-tools-for-stm32.9-2020-q2-update.win32_2.0.0.202105311346/tools/bin/../lib/gcc/arm-none-eabi/9.3.1/../../../../arm-none-eabi/lib/thumb/v7e-m+dp/hard\libc_nano.a(lib_a-errno.o)
 .text          0x0000000000000000        0x0 e:/st/stm32cubeide_1.7.0/stm32cubeide/plugins/com.st.stm32cube.ide.mcu.externaltools.gnu-tools-for-stm32.9-2020-q2-update.win32_2.0.0.202105311346/tools/bin/../lib/gcc/arm-none-eabi/9.3.1/../../../../arm-none-eabi/lib/thumb/v7e-m+dp/hard\libc_nano.a(lib_a-exit.o)
 .data          0x0000000000000000        0x0 e:/st/stm32cubeide_1.7.0/stm32cubeide/plugins/com.st.stm32cube.ide.mcu.externaltools.gnu-tools-for-stm32.9-2020-q2-update.win32_2.0.0.202105311346/tools/bin/../lib/gcc/arm-none-eabi/9.3.1/../../../../arm-none-eabi/lib/thumb/v7e-m+dp/hard\libc_nano.a(lib_a-exit.o)
 .bss           0x0000000000000000        0x0 e:/st/stm32cubeide_1.7.0/stm32cubeide/plugins/com.st.stm32cube.ide.mcu.externaltools.gnu-tools-for-stm32.9-2020-q2-update.win32_2.0.0.202105311346/tools/bin/../lib/gcc/arm-none-eabi/9.3.1/../../../../arm-none-eabi/lib/thumb/v7e-m+dp/hard\libc_nano.a(lib_a-exit.o)
 .text.exit     0x0000000000000000       0x28 e:/st/stm32cubeide_1.7.0/stm32cubeide/plugins/com.st.stm32cube.ide.mcu.externaltools.gnu-tools-for-stm32.9-2020-q2-update.win32_2.0.0.202105311346/tools/bin/../lib/gcc/arm-none-eabi/9.3.1/../../../../arm-none-eabi/lib/thumb/v7e-m+dp/hard\libc_nano.a(lib_a-exit.o)
 .debug_frame   0x0000000000000000       0x28 e:/st/stm32cubeide_1.7.0/stm32cubeide/plugins/com.st.stm32cube.ide.mcu.externaltools.gnu-tools-for-stm32.9-2020-q2-update.win32_2.0.0.202105311346/tools/bin/../lib/gcc/arm-none-eabi/9.3.1/../../../../arm-none-eabi/lib/thumb/v7e-m+dp/hard\libc_nano.a(lib_a-exit.o)
 .ARM.attributes
                0x0000000000000000       0x32 e:/st/stm32cubeide_1.7.0/stm32cubeide/plugins/com.st.stm32cube.ide.mcu.externaltools.gnu-tools-for-stm32.9-2020-q2-update.win32_2.0.0.202105311346/tools/bin/../lib/gcc/arm-none-eabi/9.3.1/../../../../arm-none-eabi/lib/thumb/v7e-m+dp/hard\libc_nano.a(lib_a-exit.o)
 .text          0x0000000000000000        0x0 e:/st/stm32cubeide_1.7.0/stm32cubeide/plugins/com.st.stm32cube.ide.mcu.externaltools.gnu-tools-for-stm32.9-2020-q2-update.win32_2.0.0.202105311346/tools/bin/../lib/gcc/arm-none-eabi/9.3.1/../../../../arm-none-eabi/lib/thumb/v7e-m+dp/hard\libc_nano.a(lib_a-impure.o)
 .data          0x0000000000000000        0x0 e:/st/stm32cubeide_1.7.0/stm32cubeide/plugins/com.st.stm32cube.ide.mcu.externaltools.gnu-tools-for-stm32.9-2020-q2-update.win32_2.0.0.202105311346/tools/bin/../lib/gcc/arm-none-eabi/9.3.1/../../../../arm-none-eabi/lib/thumb/v7e-m+dp/hard\libc_nano.a(lib_a-impure.o)
 .bss           0x0000000000000000        0x0 e:/st/stm32cubeide_1.7.0/stm32cubeide/plugins/com.st.stm32cube.ide.mcu.externaltools.gnu-tools-for-stm32.9-2020-q2-update.win32_2.0.0.202105311346/tools/bin/../lib/gcc/arm-none-eabi/9.3.1/../../../../arm-none-eabi/lib/thumb/v7e-m+dp/hard\libc_nano.a(lib_a-impure.o)
 .data._impure_ptr
                0x0000000000000000        0x4 e:/st/stm32cubeide_1.7.0/stm32cubeide/plugins/com.st.stm32cube.ide.mcu.externaltools.gnu-tools-for-stm32.9-2020-q2-update.win32_2.0.0.202105311346/tools/bin/../lib/gcc/arm-none-eabi/9.3.1/../../../../arm-none-eabi/lib/thumb/v7e-m+dp/hard\libc_nano.a(lib_a-impure.o)
 .data.impure_data
                0x0000000000000000       0x60 e:/st/stm32cubeide_1.7.0/stm32cubeide/plugins/com.st.stm32cube.ide.mcu.externaltools.gnu-tools-for-stm32.9-2020-q2-update.win32_2.0.0.202105311346/tools/bin/../lib/gcc/arm-none-eabi/9.3.1/../../../../arm-none-eabi/lib/thumb/v7e-m+dp/hard\libc_nano.a(lib_a-impure.o)
 .rodata._global_impure_ptr
                0x0000000000000000        0x4 e:/st/stm32cubeide_1.7.0/stm32cubeide/plugins/com.st.stm32cube.ide.mcu.externaltools.gnu-tools-for-stm32.9-2020-q2-update.win32_2.0.0.202105311346/tools/bin/../lib/gcc/arm-none-eabi/9.3.1/../../../../arm-none-eabi/lib/thumb/v7e-m+dp/hard\libc_nano.a(lib_a-impure.o)
 .ARM.attributes
                0x0000000000000000       0x30 e:/st/stm32cubeide_1.7.0/stm32cubeide/plugins/com.st.stm32cube.ide.mcu.externaltools.gnu-tools-for-stm32.9-2020-q2-update.win32_2.0.0.202105311346/tools/bin/../lib/gcc/arm-none-eabi/9.3.1/../../../../arm-none-eabi/lib/thumb/v7e-m+dp/hard\libc_nano.a(lib_a-impure.o)
 .text          0x0000000000000000        0x0 e:/st/stm32cubeide_1.7.0/stm32cubeide/plugins/com.st.stm32cube.ide.mcu.externaltools.gnu-tools-for-stm32.9-2020-q2-update.win32_2.0.0.202105311346/tools/bin/../lib/gcc/arm-none-eabi/9.3.1/../../../../arm-none-eabi/lib/thumb/v7e-m+dp/hard\libc_nano.a(lib_a-init.o)
 .data          0x0000000000000000        0x0 e:/st/stm32cubeide_1.7.0/stm32cubeide/plugins/com.st.stm32cube.ide.mcu.externaltools.gnu-tools-for-stm32.9-2020-q2-update.win32_2.0.0.202105311346/tools/bin/../lib/gcc/arm-none-eabi/9.3.1/../../../../arm-none-eabi/lib/thumb/v7e-m+dp/hard\libc_nano.a(lib_a-init.o)
 .bss           0x0000000000000000        0x0 e:/st/stm32cubeide_1.7.0/stm32cubeide/plugins/com.st.stm32cube.ide.mcu.externaltools.gnu-tools-for-stm32.9-2020-q2-update.win32_2.0.0.202105311346/tools/bin/../lib/gcc/arm-none-eabi/9.3.1/../../../../arm-none-eabi/lib/thumb/v7e-m+dp/hard\libc_nano.a(lib_a-init.o)
 .text          0x0000000000000000        0x0 e:/st/stm32cubeide_1.7.0/stm32cubeide/plugins/com.st.stm32cube.ide.mcu.externaltools.gnu-tools-for-stm32.9-2020-q2-update.win32_2.0.0.202105311346/tools/bin/../lib/gcc/arm-none-eabi/9.3.1/../../../../arm-none-eabi/lib/thumb/v7e-m+dp/hard\libc_nano.a(lib_a-memset.o)
 .data          0x0000000000000000        0x0 e:/st/stm32cubeide_1.7.0/stm32cubeide/plugins/com.st.stm32cube.ide.mcu.externaltools.gnu-tools-for-stm32.9-2020-q2-update.win32_2.0.0.202105311346/tools/bin/../lib/gcc/arm-none-eabi/9.3.1/../../../../arm-none-eabi/lib/thumb/v7e-m+dp/hard\libc_nano.a(lib_a-memset.o)
 .bss           0x0000000000000000        0x0 e:/st/stm32cubeide_1.7.0/stm32cubeide/plugins/com.st.stm32cube.ide.mcu.externaltools.gnu-tools-for-stm32.9-2020-q2-update.win32_2.0.0.202105311346/tools/bin/../lib/gcc/arm-none-eabi/9.3.1/../../../../arm-none-eabi/lib/thumb/v7e-m+dp/hard\libc_nano.a(lib_a-memset.o)
 .text.memset   0x0000000000000000       0x10 e:/st/stm32cubeide_1.7.0/stm32cubeide/plugins/com.st.stm32cube.ide.mcu.externaltools.gnu-tools-for-stm32.9-2020-q2-update.win32_2.0.0.202105311346/tools/bin/../lib/gcc/arm-none-eabi/9.3.1/../../../../arm-none-eabi/lib/thumb/v7e-m+dp/hard\libc_nano.a(lib_a-memset.o)
 .debug_frame   0x0000000000000000       0x20 e:/st/stm32cubeide_1.7.0/stm32cubeide/plugins/com.st.stm32cube.ide.mcu.externaltools.gnu-tools-for-stm32.9-2020-q2-update.win32_2.0.0.202105311346/tools/bin/../lib/gcc/arm-none-eabi/9.3.1/../../../../arm-none-eabi/lib/thumb/v7e-m+dp/hard\libc_nano.a(lib_a-memset.o)
 .ARM.attributes
                0x0000000000000000       0x32 e:/st/stm32cubeide_1.7.0/stm32cubeide/plugins/com.st.stm32cube.ide.mcu.externaltools.gnu-tools-for-stm32.9-2020-q2-update.win32_2.0.0.202105311346/tools/bin/../lib/gcc/arm-none-eabi/9.3.1/../../../../arm-none-eabi/lib/thumb/v7e-m+dp/hard\libc_nano.a(lib_a-memset.o)
 .text          0x0000000000000000        0x0 e:/st/stm32cubeide_1.7.0/stm32cubeide/plugins/com.st.stm32cube.ide.mcu.externaltools.gnu-tools-for-stm32.9-2020-q2-update.win32_2.0.0.202105311346/tools/bin/../lib/gcc/arm-none-eabi/9.3.1/thumb/v7e-m+dp/hard/crtend.o
 .data          0x0000000000000000        0x0 e:/st/stm32cubeide_1.7.0/stm32cubeide/plugins/com.st.stm32cube.ide.mcu.externaltools.gnu-tools-for-stm32.9-2020-q2-update.win32_2.0.0.202105311346/tools/bin/../lib/gcc/arm-none-eabi/9.3.1/thumb/v7e-m+dp/hard/crtend.o
 .bss           0x0000000000000000        0x0 e:/st/stm32cubeide_1.7.0/stm32cubeide/plugins/com.st.stm32cube.ide.mcu.externaltools.gnu-tools-for-stm32.9-2020-q2-update.win32_2.0.0.202105311346/tools/bin/../lib/gcc/arm-none-eabi/9.3.1/thumb/v7e-m+dp/hard/crtend.o
 .eh_frame      0x0000000000000000        0x4 e:/st/stm32cubeide_1.7.0/stm32cubeide/plugins/com.st.stm32cube.ide.mcu.externaltools.gnu-tools-for-stm32.9-2020-q2-update.win32_2.0.0.202105311346/tools/bin/../lib/gcc/arm-none-eabi/9.3.1/thumb/v7e-m+dp/hard/crtend.o
 .ARM.attributes
                0x0000000000000000       0x30 e:/st/stm32cubeide_1.7.0/stm32cubeide/plugins/com.st.stm32cube.ide.mcu.externaltools.gnu-tools-for-stm32.9-2020-q2-update.win32_2.0.0.202105311346/tools/bin/../lib/gcc/arm-none-eabi/9.3.1/thumb/v7e-m+dp/hard/crtend.o
 .text          0x0000000000000000        0x0 e:/st/stm32cubeide_1.7.0/stm32cubeide/plugins/com.st.stm32cube.ide.mcu.externaltools.gnu-tools-for-stm32.9-2020-q2-update.win32_2.0.0.202105311346/tools/bin/../lib/gcc/arm-none-eabi/9.3.1/thumb/v7e-m+dp/hard/crtn.o
 .data          0x0000000000000000        0x0 e:/st/stm32cubeide_1.7.0/stm32cubeide/plugins/com.st.stm32cube.ide.mcu.externaltools.gnu-tools-for-stm32.9-2020-q2-update.win32_2.0.0.202105311346/tools/bin/../lib/gcc/arm-none-eabi/9.3.1/thumb/v7e-m+dp/hard/crtn.o
 .bss           0x0000000000000000        0x0 e:/st/stm32cubeide_1.7.0/stm32cubeide/plugins/com.st.stm32cube.ide.mcu.externaltools.gnu-tools-for-stm32.9-2020-q2-update.win32_2.0.0.202105311346/tools/bin/../lib/gcc/arm-none-eabi/9.3.1/thumb/v7e-m+dp/hard/crtn.o

Memory Configuration

Name             Origin             Length             Attributes
RAM_D1           0x0000000024000000 0x0000000000080000 xrw
FLASH            0x0000000008000000 0x0000000000100000 xr
DTCMRAM          0x0000000020000000 0x0000000000020000 xrw
RAM_D2           0x0000000030000000 0x0000000000048000 xrw
RAM_D3           0x0000000038000000 0x0000000000010000 xrw
ITCMRAM          0x0000000000000000 0x0000000000010000 xrw
*default*        0x0000000000000000 0xffffffffffffffff

Linker script and memory map

LOAD e:/st/stm32cubeide_1.7.0/stm32cubeide/plugins/com.st.stm32cube.ide.mcu.externaltools.gnu-tools-for-stm32.9-2020-q2-update.win32_2.0.0.202105311346/tools/bin/../lib/gcc/arm-none-eabi/9.3.1/thumb/v7e-m+dp/hard/crti.o
LOAD e:/st/stm32cubeide_1.7.0/stm32cubeide/plugins/com.st.stm32cube.ide.mcu.externaltools.gnu-tools-for-stm32.9-2020-q2-update.win32_2.0.0.202105311346/tools/bin/../lib/gcc/arm-none-eabi/9.3.1/thumb/v7e-m+dp/hard/crtbegin.o
LOAD e:/st/stm32cubeide_1.7.0/stm32cubeide/plugins/com.st.stm32cube.ide.mcu.externaltools.gnu-tools-for-stm32.9-2020-q2-update.win32_2.0.0.202105311346/tools/bin/../lib/gcc/arm-none-eabi/9.3.1/../../../../arm-none-eabi/lib/thumb/v7e-m+dp/hard/crt0.o
LOAD ./Src/Clock.o
LOAD ./Src/Control.o
LOAD ./Src/Gpio.o
LOAD ./Src/Systick.o
LOAD ./Src/Uart.o
LOAD ./Src/User_led.o
LOAD ./Src/main.o
LOAD ./Src/syscalls.o
LOAD ./Src/sysmem.o
LOAD ./Startup/startup_stm32h745zitx.o
START GROUP
LOAD e:/st/stm32cubeide_1.7.0/stm32cubeide/plugins/com.st.stm32cube.ide.mcu.externaltools.gnu-tools-for-stm32.9-2020-q2-update.win32_2.0.0.202105311346/tools/bin/../lib/gcc/arm-none-eabi/9.3.1/../../../../arm-none-eabi/lib/thumb/v7e-m+dp/hard\libc_nano.a
LOAD e:/st/stm32cubeide_1.7.0/stm32cubeide/plugins/com.st.stm32cube.ide.mcu.externaltools.gnu-tools-for-stm32.9-2020-q2-update.win32_2.0.0.202105311346/tools/bin/../lib/gcc/arm-none-eabi/9.3.1/../../../../arm-none-eabi/lib/thumb/v7e-m+dp/hard\libm.a
END GROUP
START GROUP
LOAD e:/st/stm32cubeide_1.7.0/stm32cubeide/plugins/com.st.stm32cube.ide.mcu.externaltools.gnu-tools-for-stm32.9-2020-q2-update.win32_2.0.0.202105311346/tools/bin/../lib/gcc/arm-none-eabi/9.3.1/thumb/v7e-m+dp/hard\libgcc.a
LOAD e:/st/stm32cubeide_1.7.0/stm32cubeide/plugins/com.st.stm32cube.ide.mcu.externaltools.gnu-tools-for-stm32.9-2020-q2-update.win32_2.0.0.202105311346/tools/bin/../lib/gcc/arm-none-eabi/9.3.1/../../../../arm-none-eabi/lib/thumb/v7e-m+dp/hard\libc_nano.a
END GROUP
START GROUP
LOAD e:/st/stm32cubeide_1.7.0/stm32cubeide/plugins/com.st.stm32cube.ide.mcu.externaltools.gnu-tools-for-stm32.9-2020-q2-update.win32_2.0.0.202105311346/tools/bin/../lib/gcc/arm-none-eabi/9.3.1/thumb/v7e-m+dp/hard\libgcc.a
LOAD e:/st/stm32cubeide_1.7.0/stm32cubeide/plugins/com.st.stm32cube.ide.mcu.externaltools.gnu-tools-for-stm32.9-2020-q2-update.win32_2.0.0.202105311346/tools/bin/../lib/gcc/arm-none-eabi/9.3.1/../../../../arm-none-eabi/lib/thumb/v7e-m+dp/hard\libc_nano.a
LOAD e:/st/stm32cubeide_1.7.0/stm32cubeide/plugins/com.st.stm32cube.ide.mcu.externaltools.gnu-tools-for-stm32.9-2020-q2-update.win32_2.0.0.202105311346/tools/bin/../lib/gcc/arm-none-eabi/9.3.1/../../../../arm-none-eabi/lib/thumb/v7e-m+dp/hard\libnosys.a
END GROUP
START GROUP
LOAD e:/st/stm32cubeide_1.7.0/stm32cubeide/plugins/com.st.stm32cube.ide.mcu.externaltools.gnu-tools-for-stm32.9-2020-q2-update.win32_2.0.0.202105311346/tools/bin/../lib/gcc/arm-none-eabi/9.3.1/thumb/v7e-m+dp/hard\libgcc.a
LOAD e:/st/stm32cubeide_1.7.0/stm32cubeide/plugins/com.st.stm32cube.ide.mcu.externaltools.gnu-tools-for-stm32.9-2020-q2-update.win32_2.0.0.202105311346/tools/bin/../lib/gcc/arm-none-eabi/9.3.1/../../../../arm-none-eabi/lib/thumb/v7e-m+dp/hard\libc_nano.a
LOAD e:/st/stm32cubeide_1.7.0/stm32cubeide/plugins/com.st.stm32cube.ide.mcu.externaltools.gnu-tools-for-stm32.9-2020-q2-update.win32_2.0.0.202105311346/tools/bin/../lib/gcc/arm-none-eabi/9.3.1/../../../../arm-none-eabi/lib/thumb/v7e-m+dp/hard\libnosys.a
END GROUP
LOAD e:/st/stm32cubeide_1.7.0/stm32cubeide/plugins/com.st.stm32cube.ide.mcu.externaltools.gnu-tools-for-stm32.9-2020-q2-update.win32_2.0.0.202105311346/tools/bin/../lib/gcc/arm-none-eabi/9.3.1/thumb/v7e-m+dp/hard/crtend.o
LOAD e:/st/stm32cubeide_1.7.0/stm32cubeide/plugins/com.st.stm32cube.ide.mcu.externaltools.gnu-tools-for-stm32.9-2020-q2-update.win32_2.0.0.202105311346/tools/bin/../lib/gcc/arm-none-eabi/9.3.1/thumb/v7e-m+dp/hard/crtn.o
                0x0000000024080000                _estack = (ORIGIN (RAM_D1) + LENGTH (RAM_D1))
                0x0000000000000200                _Min_Heap_Size = 0x200
                0x0000000000000400                _Min_Stack_Size = 0x400

.isr_vector     0x0000000008000000      0x298
                0x0000000008000000                . = ALIGN (0x4)
 *(.isr_vector)
 .isr_vector    0x0000000008000000      0x298 ./Startup/startup_stm32h745zitx.o
                0x0000000008000000                g_pfnVectors
                0x0000000008000298                . = ALIGN (0x4)

.text           0x0000000008000298     0x1b80
                0x0000000008000298                . = ALIGN (0x4)
 *(.text)
 .text          0x0000000008000298       0x40 e:/st/stm32cubeide_1.7.0/stm32cubeide/plugins/com.st.stm32cube.ide.mcu.externaltools.gnu-tools-for-stm32.9-2020-q2-update.win32_2.0.0.202105311346/tools/bin/../lib/gcc/arm-none-eabi/9.3.1/thumb/v7e-m+dp/hard/crtbegin.o
 *(.text*)
 .text.decimalToBinary
                0x00000000080002d8       0x5a ./Src/Clock.o
                0x00000000080002d8                decimalToBinary
 *fill*         0x0000000008000332        0x2 
 .text.PLLSRC_Select
                0x0000000008000334       0x98 ./Src/Clock.o
                0x0000000008000334                PLLSRC_Select
 .text.DIVM1    0x00000000080003cc       0x98 ./Src/Clock.o
                0x00000000080003cc                DIVM1
 .text.SystemClockStatus
                0x0000000008000464      0x150 ./Src/Clock.o
                0x0000000008000464                SystemClockStatus
 .text.PLL1DIVR
                0x00000000080005b4      0x1a4 ./Src/Clock.o
                0x00000000080005b4                PLL1DIVR
 .text.input_frequency_range
                0x0000000008000758       0xb8 ./Src/Clock.o
                0x0000000008000758                input_frequency_range
 .text.PLL1VCOSEL
                0x0000000008000810       0x3c ./Src/Clock.o
                0x0000000008000810                PLL1VCOSEL
 .text.enable_PLL1_OutputDividers
                0x000000000800084c       0x38 ./Src/Clock.o
                0x000000000800084c                enable_PLL1_OutputDividers
 .text.enable_PLL1_FractionalDivider
                0x0000000008000884       0x20 ./Src/Clock.o
                0x0000000008000884                enable_PLL1_FractionalDivider
 .text.StartPLL1
                0x00000000080008a4       0x30 ./Src/Clock.o
                0x00000000080008a4                StartPLL1
 .text.D1CFGR_D1CPRE
                0x00000000080008d4      0x244 ./Src/Clock.o
                0x00000000080008d4                D1CFGR_D1CPRE
 .text.D1CFGR_HPRE
                0x0000000008000b18      0x244 ./Src/Clock.o
                0x0000000008000b18                D1CFGR_HPRE
 .text.D1PPRE   0x0000000008000d5c      0x118 ./Src/Clock.o
                0x0000000008000d5c                D1PPRE
 .text.D2PPRE1  0x0000000008000e74      0x118 ./Src/Clock.o
                0x0000000008000e74                D2PPRE1
 .text.D3PPRE   0x0000000008000f8c      0x118 ./Src/Clock.o
                0x0000000008000f8c                D3PPRE
 .text.SysClockConfig
                0x00000000080010a4       0x80 ./Src/Clock.o
                0x00000000080010a4                SysClockConfig
 .text.get_SYSCLK
                0x0000000008001124       0x30 ./Src/Clock.o
                0x0000000008001124                get_SYSCLK
 .text.SysClockAfter_D1Prescaler
                0x0000000008001154       0x28 ./Src/Clock.o
                0x0000000008001154                SysClockAfter_D1Prescaler
 .text.get_CPU1_Systick_Clock
                0x000000000800117c       0x16 ./Src/Clock.o
                0x000000000800117c                get_CPU1_Systick_Clock
 .text.get_SysClock_AfterHPRE_Prescaler
                0x0000000008001192       0x28 ./Src/Clock.o
                0x0000000008001192                get_SysClock_AfterHPRE_Prescaler
 .text.get_APB1_Preipheral_Clock
                0x00000000080011ba       0x28 ./Src/Clock.o
                0x00000000080011ba                get_APB1_Preipheral_Clock
 .text.get_APB2_Preipheral_Clock
                0x00000000080011e2       0x28 ./Src/Clock.o
                0x00000000080011e2                get_APB2_Preipheral_Clock
 *fill*         0x000000000800120a        0x2 
 .text.enablePORT
                0x000000000800120c      0x210 ./Src/Gpio.o
                0x000000000800120c                enablePORT
 .text.Set_GPIO_MODER
                0x000000000800141c       0xdc ./Src/Gpio.o
                0x000000000800141c                Set_GPIO_MODER
 .text.Set_GPIO_AFR
                0x00000000080014f8      0x39c ./Src/Gpio.o
                0x00000000080014f8                Set_GPIO_AFR
 .text.systickDelayMs
                0x0000000008001894       0x60 ./Src/Systick.o
                0x0000000008001894                systickDelayMs
 .text.get_PerihCLK
                0x00000000080018f4       0x38 ./Src/Uart.o
                0x00000000080018f4                get_PerihCLK
 .text.sampling_mode_and_FIFO
                0x000000000800192c       0x66 ./Src/Uart.o
 *fill*         0x0000000008001992        0x2 
 .text.enable_USART1
                0x0000000008001994       0x24 ./Src/Uart.o
 .text.enable_USART2
                0x00000000080019b8       0x24 ./Src/Uart.o
 .text.enable_USART3
                0x00000000080019dc       0x24 ./Src/Uart.o
 .text.enable_USART4
                0x0000000008001a00       0x24 ./Src/Uart.o
 .text.enable_USART5
                0x0000000008001a24       0x24 ./Src/Uart.o
 .text.enable_USART6
                0x0000000008001a48       0x24 ./Src/Uart.o
 .text.enable_USART7
                0x0000000008001a6c       0x24 ./Src/Uart.o
 .text.enable_USART8
                0x0000000008001a90       0x24 ./Src/Uart.o
 .text.selectedUART
                0x0000000008001ab4       0xb0 ./Src/Uart.o
 .text.do_bitConfiguration
                0x0000000008001b64       0x38 ./Src/Uart.o
 .text.enable_UART
                0x0000000008001b9c       0x9a ./Src/Uart.o
 *fill*         0x0000000008001c36        0x2 
 .text.enable_UART3
                0x0000000008001c38       0x40 ./Src/Uart.o
                0x0000000008001c38                enable_UART3
 .text.uart_read
                0x0000000008001c78       0x28 ./Src/Uart.o
                0x0000000008001c78                uart_read
 .text.uart_set_baudrate
                0x0000000008001ca0       0x6a ./Src/Uart.o
 .text.compute_uart_bd
                0x0000000008001d0a       0x26 ./Src/Uart.o
 .text.main     0x0000000008001d30       0x34 ./Src/main.o
                0x0000000008001d30                main
 .text.Reset_Handler
                0x0000000008001d64       0x50 ./Startup/startup_stm32h745zitx.o
                0x0000000008001d64                Reset_Handler
 .text.Default_Handler
                0x0000000008001db4        0x2 ./Startup/startup_stm32h745zitx.o
                0x0000000008001db4                EXTI2_IRQHandler
                0x0000000008001db4                TIM8_CC_IRQHandler
                0x0000000008001db4                DMA_STR2_IRQHandler
                0x0000000008001db4                DebugMon_Handler
                0x0000000008001db4                UART8_IRQHandler
                0x0000000008001db4                SPI4_IRQHandler
                0x0000000008001db4                HRTIM1_MST_IRQHandler
                0x0000000008001db4                HardFault_Handler
                0x0000000008001db4                DMA_STR5_IRQHandler
                0x0000000008001db4                HRTIM1_FLT_IRQHandler
                0x0000000008001db4                JPEG_IRQHandler
                0x0000000008001db4                SysTick_Handler
                0x0000000008001db4                DMA2_STR1_IRQHandler
                0x0000000008001db4                DMA2_STR5_IRQHandler
                0x0000000008001db4                HRTIM1_TIMD_IRQHandler
                0x0000000008001db4                PendSV_Handler
                0x0000000008001db4                NMI_Handler
                0x0000000008001db4                EXTI3_IRQHandler
                0x0000000008001db4                LPTIM4_IRQHandler
                0x0000000008001db4                TIM8_TRG_COM_TIM14_IRQHandler
                0x0000000008001db4                LPTIM2_IRQHandler
                0x0000000008001db4                DFSDM1_FLT1_IRQHandler
                0x0000000008001db4                DMAMUX2_OVR_IRQHandler
                0x0000000008001db4                TIM8_UP_TIM13_IRQHandler
                0x0000000008001db4                I2C3_ER_IRQHandler
                0x0000000008001db4                DFSDM1_FLT2_IRQHandler
                0x0000000008001db4                MDMA_IRQHandler
                0x0000000008001db4                LPTIM3_IRQHandler
                0x0000000008001db4                EXTI0_IRQHandler
                0x0000000008001db4                I2C2_EV_IRQHandler
                0x0000000008001db4                FPU_IRQHandler
                0x0000000008001db4                DMA_STR1_IRQHandler
                0x0000000008001db4                OTG_HS_WKUP_IRQHandler
                0x0000000008001db4                FDCAN1_IT1_IRQHandler
                0x0000000008001db4                UsageFault_Handler
                0x0000000008001db4                LTDC_ER_IRQHandler
                0x0000000008001db4                ADC1_2_IRQHandler
                0x0000000008001db4                SPI1_IRQHandler
                0x0000000008001db4                BDMA_CH2_IRQHandler
                0x0000000008001db4                TIM6_DAC_IRQHandler
                0x0000000008001db4                DCMI_IRQHandler
                0x0000000008001db4                HRTIM1_TIMC_IRQHandler
                0x0000000008001db4                SDMMC_IRQHandler
                0x0000000008001db4                RTC_ALARM_IRQHandler
                0x0000000008001db4                DMA_STR0_IRQHandler
                0x0000000008001db4                SAI2_IRQHandler
                0x0000000008001db4                DMA2_STR3_IRQHandler
                0x0000000008001db4                DFSDM1_FLT3_IRQHandler
                0x0000000008001db4                USART6_IRQHandler
                0x0000000008001db4                BDMA_CH5_IRQHandler
                0x0000000008001db4                TIM17_IRQHandler
                0x0000000008001db4                BDMA_CH6_IRQHandler
                0x0000000008001db4                USART3_IRQHandler
                0x0000000008001db4                WKUP_IRQHandler
                0x0000000008001db4                BDMA_CH3_IRQHandler
                0x0000000008001db4                LPTIM5_IRQHandler
                0x0000000008001db4                LPUART_IRQHandler
                0x0000000008001db4                UART5_IRQHandler
                0x0000000008001db4                ADC3_IRQHandler
                0x0000000008001db4                DMA_STR6_IRQHandler
                0x0000000008001db4                TIM4_IRQHandler
                0x0000000008001db4                QUADSPI_IRQHandler
                0x0000000008001db4                I2C1_EV_IRQHandler
                0x0000000008001db4                DMA1_STR7_IRQHandler
                0x0000000008001db4                TIM16_IRQHandler
                0x0000000008001db4                UART4_IRQHandler
                0x0000000008001db4                TIM3_IRQHandler
                0x0000000008001db4                RCC_IRQHandler
                0x0000000008001db4                TIM8_BRK_TIM12_IRQHandler
                0x0000000008001db4                TIM1_TRG_COM_IRQHandler
                0x0000000008001db4                Default_Handler
                0x0000000008001db4                HRTIM_TIMB_IRQHandler
                0x0000000008001db4                CEC_IRQHandler
                0x0000000008001db4                EXTI15_10_IRQHandler
                0x0000000008001db4                BDMA_CH4_IRQHandler
                0x0000000008001db4                DMA_STR3_IRQHandler
                0x0000000008001db4                HRTIM_TIME_IRQHandler
                0x0000000008001db4                HRTIM1_TIMA_IRQHandler
                0x0000000008001db4                SPI5_IRQHandler
                0x0000000008001db4                TIM7_IRQHandler
                0x0000000008001db4                SDMMC1_IRQHandler
                0x0000000008001db4                TIM5_IRQHandler
                0x0000000008001db4                SPDIF_IRQHandler
                0x0000000008001db4                TIM15_IRQHandler
                0x0000000008001db4                I2C3_EV_IRQHandler
                0x0000000008001db4                EXTI9_5_IRQHandler
                0x0000000008001db4                DMA2_STR4_IRQHandler
                0x0000000008001db4                RTC_WKUP_IRQHandler
                0x0000000008001db4                DMA2_STR6_IRQHandler
                0x0000000008001db4                LTDC_IRQHandler
                0x0000000008001db4                SAI3_IRQHandler
                0x0000000008001db4                ETH_WKUP_IRQHandler
                0x0000000008001db4                PVD_PVM_IRQHandler
                0x0000000008001db4                SPI2_IRQHandler
                0x0000000008001db4                OTG_HS_EP1_IN_IRQHandler
                0x0000000008001db4                MemManage_Handler
                0x0000000008001db4                DMA2_STR0_IRQHandler
                0x0000000008001db4                SVC_Handler
                0x0000000008001db4                CRS_IRQHandler
                0x0000000008001db4                EXTI4_IRQHandler
                0x0000000008001db4                DMAMUX1_OV_IRQHandler
                0x0000000008001db4                FDCAN2_IT1_IRQHandler
                0x0000000008001db4                DMA_STR4_IRQHandler
                0x0000000008001db4                COMP_IRQHandler
                0x0000000008001db4                DMA2_STR2_IRQHandler
                0x0000000008001db4                ETH_IRQHandler
                0x0000000008001db4                TIM1_UP_IRQHandler
                0x0000000008001db4                DMA2_STR7_IRQHandler
                0x0000000008001db4                OTG_HS_EP1_OUT_IRQHandler
                0x0000000008001db4                SPI6_IRQHandler
                0x0000000008001db4                MDIOS_IRQHandler
                0x0000000008001db4                I2C4_EV_IRQHandler
                0x0000000008001db4                FDCAN2_IT0_IRQHandler
                0x0000000008001db4                BDMA_CH7_IRQHandler
                0x0000000008001db4                FDCAN1_IT0_IRQHandler
                0x0000000008001db4                TIM2_IRQHandler
                0x0000000008001db4                HSEM0_IRQHandler
                0x0000000008001db4                OTG_FS_WKUP_IRQHandler
                0x0000000008001db4                OTG_HS_IRQHandler
                0x0000000008001db4                DMA2D_IRQHandler
                0x0000000008001db4                TIM1_BRK_IRQHandler
                0x0000000008001db4                EXTI1_IRQHandler
                0x0000000008001db4                WWDG2_RST_IRQHandler
                0x0000000008001db4                OTG_FS_EP1_OUT_IRQHandler
                0x0000000008001db4                HOLD_CORE_IRQHandler
                0x0000000008001db4                UART7_IRQHandler
                0x0000000008001db4                MDIOS_WKUP_IRQHandler
                0x0000000008001db4                USART2_IRQHandler
                0x0000000008001db4                DFSDM1_FLT0_IRQHandler
                0x0000000008001db4                SAI4_IRQHandler
                0x0000000008001db4                I2C2_ER_IRQHandler
                0x0000000008001db4                FLASH_IRQHandler
                0x0000000008001db4                WWDG1_IRQHandler
                0x0000000008001db4                BusFault_Handler
                0x0000000008001db4                USART1_IRQHandler
                0x0000000008001db4                OTG_FS_IRQHandler
                0x0000000008001db4                SPI3_IRQHandler
                0x0000000008001db4                OTG_FS_EP1_IN_IRQHandler
                0x0000000008001db4                I2C1_ER_IRQHandler
                0x0000000008001db4                FMC_IRQHandler
                0x0000000008001db4                BDMA_CH1_IRQHandler
                0x0000000008001db4                FDCAN_CAL_IRQHandler
                0x0000000008001db4                SWPMI1_IRQHandler
                0x0000000008001db4                LPTIM1_IRQHandler
                0x0000000008001db4                BDMA_CH8_IRQHandler
                0x0000000008001db4                cm4_sev_it_IRQHandler
                0x0000000008001db4                TIM_CC_IRQHandler
                0x0000000008001db4                I2C4_ER_IRQHandler
                0x0000000008001db4                SAI1_IRQHandler
                0x0000000008001db4                RTC_TAMP_STAMP_CSS_LSE_IRQHandler
 *fill*         0x0000000008001db6        0x2 
 .text.__libc_init_array
                0x0000000008001db8       0x48 e:/st/stm32cubeide_1.7.0/stm32cubeide/plugins/com.st.stm32cube.ide.mcu.externaltools.gnu-tools-for-stm32.9-2020-q2-update.win32_2.0.0.202105311346/tools/bin/../lib/gcc/arm-none-eabi/9.3.1/../../../../arm-none-eabi/lib/thumb/v7e-m+dp/hard\libc_nano.a(lib_a-init.o)
                0x0000000008001db8                __libc_init_array
 *(.glue_7)
 .glue_7        0x0000000008001e00        0x0 linker stubs
 *(.glue_7t)
 .glue_7t       0x0000000008001e00        0x0 linker stubs
 *(.eh_frame)
 .eh_frame      0x0000000008001e00        0x0 e:/st/stm32cubeide_1.7.0/stm32cubeide/plugins/com.st.stm32cube.ide.mcu.externaltools.gnu-tools-for-stm32.9-2020-q2-update.win32_2.0.0.202105311346/tools/bin/../lib/gcc/arm-none-eabi/9.3.1/thumb/v7e-m+dp/hard/crtbegin.o
 *(.init)
 .init          0x0000000008001e00        0x4 e:/st/stm32cubeide_1.7.0/stm32cubeide/plugins/com.st.stm32cube.ide.mcu.externaltools.gnu-tools-for-stm32.9-2020-q2-update.win32_2.0.0.202105311346/tools/bin/../lib/gcc/arm-none-eabi/9.3.1/thumb/v7e-m+dp/hard/crti.o
                0x0000000008001e00                _init
 .init          0x0000000008001e04        0x8 e:/st/stm32cubeide_1.7.0/stm32cubeide/plugins/com.st.stm32cube.ide.mcu.externaltools.gnu-tools-for-stm32.9-2020-q2-update.win32_2.0.0.202105311346/tools/bin/../lib/gcc/arm-none-eabi/9.3.1/thumb/v7e-m+dp/hard/crtn.o
 *(.fini)
 .fini          0x0000000008001e0c        0x4 e:/st/stm32cubeide_1.7.0/stm32cubeide/plugins/com.st.stm32cube.ide.mcu.externaltools.gnu-tools-for-stm32.9-2020-q2-update.win32_2.0.0.202105311346/tools/bin/../lib/gcc/arm-none-eabi/9.3.1/thumb/v7e-m+dp/hard/crti.o
                0x0000000008001e0c                _fini
 .fini          0x0000000008001e10        0x8 e:/st/stm32cubeide_1.7.0/stm32cubeide/plugins/com.st.stm32cube.ide.mcu.externaltools.gnu-tools-for-stm32.9-2020-q2-update.win32_2.0.0.202105311346/tools/bin/../lib/gcc/arm-none-eabi/9.3.1/thumb/v7e-m+dp/hard/crtn.o
                0x0000000008001e18                . = ALIGN (0x4)
                0x0000000008001e18                _etext = .

.vfp11_veneer   0x0000000008001e18        0x0
 .vfp11_veneer  0x0000000008001e18        0x0 linker stubs

.v4_bx          0x0000000008001e18        0x0
 .v4_bx         0x0000000008001e18        0x0 linker stubs

.iplt           0x0000000008001e18        0x0
 .iplt          0x0000000008001e18        0x0 e:/st/stm32cubeide_1.7.0/stm32cubeide/plugins/com.st.stm32cube.ide.mcu.externaltools.gnu-tools-for-stm32.9-2020-q2-update.win32_2.0.0.202105311346/tools/bin/../lib/gcc/arm-none-eabi/9.3.1/thumb/v7e-m+dp/hard/crtbegin.o

.rel.dyn        0x0000000008001e18        0x0
 .rel.iplt      0x0000000008001e18        0x0 e:/st/stm32cubeide_1.7.0/stm32cubeide/plugins/com.st.stm32cube.ide.mcu.externaltools.gnu-tools-for-stm32.9-2020-q2-update.win32_2.0.0.202105311346/tools/bin/../lib/gcc/arm-none-eabi/9.3.1/thumb/v7e-m+dp/hard/crtbegin.o

.rodata         0x0000000008001e18        0x0
                0x0000000008001e18                . = ALIGN (0x4)
 *(.rodata)
 *(.rodata*)
                0x0000000008001e18                . = ALIGN (0x4)

.ARM.extab      0x0000000008001e18        0x0
                0x0000000008001e18                . = ALIGN (0x4)
 *(.ARM.extab* .gnu.linkonce.armextab.*)
                0x0000000008001e18                . = ALIGN (0x4)

.ARM            0x0000000008001e18        0x0
                0x0000000008001e18                . = ALIGN (0x4)
                0x0000000008001e18                __exidx_start = .
 *(.ARM.exidx*)
                0x0000000008001e18                __exidx_end = .
                0x0000000008001e18                . = ALIGN (0x4)

.preinit_array  0x0000000008001e18        0x0
                0x0000000008001e18                . = ALIGN (0x4)
                0x0000000008001e18                PROVIDE (__preinit_array_start = .)
 *(.preinit_array*)
                0x0000000008001e18                PROVIDE (__preinit_array_end = .)
                0x0000000008001e18                . = ALIGN (0x4)

.init_array     0x0000000008001e18        0x4
                0x0000000008001e18                . = ALIGN (0x4)
                0x0000000008001e18                PROVIDE (__init_array_start = .)
 *(SORT_BY_NAME(.init_array.*))
 *(.init_array*)
 .init_array    0x0000000008001e18        0x4 e:/st/stm32cubeide_1.7.0/stm32cubeide/plugins/com.st.stm32cube.ide.mcu.externaltools.gnu-tools-for-stm32.9-2020-q2-update.win32_2.0.0.202105311346/tools/bin/../lib/gcc/arm-none-eabi/9.3.1/thumb/v7e-m+dp/hard/crtbegin.o
                0x0000000008001e1c                PROVIDE (__init_array_end = .)
                0x0000000008001e1c                . = ALIGN (0x4)

.fini_array     0x0000000008001e1c        0x4
                0x0000000008001e1c                . = ALIGN (0x4)
                [!provide]                        PROVIDE (__fini_array_start = .)
 *(SORT_BY_NAME(.fini_array.*))
 *(.fini_array*)
 .fini_array    0x0000000008001e1c        0x4 e:/st/stm32cubeide_1.7.0/stm32cubeide/plugins/com.st.stm32cube.ide.mcu.externaltools.gnu-tools-for-stm32.9-2020-q2-update.win32_2.0.0.202105311346/tools/bin/../lib/gcc/arm-none-eabi/9.3.1/thumb/v7e-m+dp/hard/crtbegin.o
                [!provide]                        PROVIDE (__fini_array_end = .)
                0x0000000008001e20                . = ALIGN (0x4)
                0x0000000008001e20                _sidata = LOADADDR (.data)

.data           0x0000000024000000        0x0 load address 0x0000000008001e20
                0x0000000024000000                . = ALIGN (0x4)
                0x0000000024000000                _sdata = .
 *(.data)
 *(.data*)
 *(.RamFunc)
 *(.RamFunc*)
                0x0000000024000000                . = ALIGN (0x4)
                0x0000000024000000                _edata = .

.igot.plt       0x0000000024000000        0x0 load address 0x0000000008001e20
 .igot.plt      0x0000000024000000        0x0 e:/st/stm32cubeide_1.7.0/stm32cubeide/plugins/com.st.stm32cube.ide.mcu.externaltools.gnu-tools-for-stm32.9-2020-q2-update.win32_2.0.0.202105311346/tools/bin/../lib/gcc/arm-none-eabi/9.3.1/thumb/v7e-m+dp/hard/crtbegin.o
                0x0000000024000000                . = ALIGN (0x4)

.bss            0x0000000024000000       0x1c load address 0x0000000008001e20
                0x0000000024000000                _sbss = .
                0x0000000024000000                __bss_start__ = _sbss
 *(.bss)
 .bss           0x0000000024000000       0x1c e:/st/stm32cubeide_1.7.0/stm32cubeide/plugins/com.st.stm32cube.ide.mcu.externaltools.gnu-tools-for-stm32.9-2020-q2-update.win32_2.0.0.202105311346/tools/bin/../lib/gcc/arm-none-eabi/9.3.1/thumb/v7e-m+dp/hard/crtbegin.o
 *(.bss*)
 *(COMMON)
                0x000000002400001c                . = ALIGN (0x4)
                0x000000002400001c                _ebss = .
                0x000000002400001c                __bss_end__ = _ebss

._user_heap_stack
                0x000000002400001c      0x604 load address 0x0000000008001e20
                0x0000000024000020                . = ALIGN (0x8)
 *fill*         0x000000002400001c        0x4 
                [!provide]                        PROVIDE (end = .)
                0x0000000024000020                PROVIDE (_end = .)
                0x0000000024000220                . = (. + _Min_Heap_Size)
 *fill*         0x0000000024000020      0x200 
                0x0000000024000620                . = (. + _Min_Stack_Size)
 *fill*         0x0000000024000220      0x400 
                0x0000000024000620                . = ALIGN (0x8)

/DISCARD/
 libc.a(*)
 libm.a(*)
 libgcc.a(*)

.ARM.attributes
                0x0000000000000000       0x2e
 *(.ARM.attributes)
 .ARM.attributes
                0x0000000000000000       0x1e e:/st/stm32cubeide_1.7.0/stm32cubeide/plugins/com.st.stm32cube.ide.mcu.externaltools.gnu-tools-for-stm32.9-2020-q2-update.win32_2.0.0.202105311346/tools/bin/../lib/gcc/arm-none-eabi/9.3.1/thumb/v7e-m+dp/hard/crti.o
 .ARM.attributes
                0x000000000000001e       0x32 e:/st/stm32cubeide_1.7.0/stm32cubeide/plugins/com.st.stm32cube.ide.mcu.externaltools.gnu-tools-for-stm32.9-2020-q2-update.win32_2.0.0.202105311346/tools/bin/../lib/gcc/arm-none-eabi/9.3.1/thumb/v7e-m+dp/hard/crtbegin.o
 .ARM.attributes
                0x0000000000000050       0x32 ./Src/Clock.o
 .ARM.attributes
                0x0000000000000082       0x32 ./Src/Gpio.o
 .ARM.attributes
                0x00000000000000b4       0x32 ./Src/Systick.o
 .ARM.attributes
                0x00000000000000e6       0x32 ./Src/Uart.o
 .ARM.attributes
                0x0000000000000118       0x32 ./Src/main.o
 .ARM.attributes
                0x000000000000014a       0x21 ./Startup/startup_stm32h745zitx.o
 .ARM.attributes
                0x000000000000016b       0x32 e:/st/stm32cubeide_1.7.0/stm32cubeide/plugins/com.st.stm32cube.ide.mcu.externaltools.gnu-tools-for-stm32.9-2020-q2-update.win32_2.0.0.202105311346/tools/bin/../lib/gcc/arm-none-eabi/9.3.1/../../../../arm-none-eabi/lib/thumb/v7e-m+dp/hard\libc_nano.a(lib_a-init.o)
 .ARM.attributes
                0x000000000000019d       0x1e e:/st/stm32cubeide_1.7.0/stm32cubeide/plugins/com.st.stm32cube.ide.mcu.externaltools.gnu-tools-for-stm32.9-2020-q2-update.win32_2.0.0.202105311346/tools/bin/../lib/gcc/arm-none-eabi/9.3.1/thumb/v7e-m+dp/hard/crtn.o
OUTPUT(driver_CM7.elf elf32-littlearm)
LOAD linker stubs
LOAD e:/st/stm32cubeide_1.7.0/stm32cubeide/plugins/com.st.stm32cube.ide.mcu.externaltools.gnu-tools-for-stm32.9-2020-q2-update.win32_2.0.0.202105311346/tools/bin/../lib/gcc/arm-none-eabi/9.3.1/../../../../arm-none-eabi/lib/thumb/v7e-m+dp/hard\libc.a
LOAD e:/st/stm32cubeide_1.7.0/stm32cubeide/plugins/com.st.stm32cube.ide.mcu.externaltools.gnu-tools-for-stm32.9-2020-q2-update.win32_2.0.0.202105311346/tools/bin/../lib/gcc/arm-none-eabi/9.3.1/../../../../arm-none-eabi/lib/thumb/v7e-m+dp/hard\libm.a
LOAD e:/st/stm32cubeide_1.7.0/stm32cubeide/plugins/com.st.stm32cube.ide.mcu.externaltools.gnu-tools-for-stm32.9-2020-q2-update.win32_2.0.0.202105311346/tools/bin/../lib/gcc/arm-none-eabi/9.3.1/thumb/v7e-m+dp/hard\libgcc.a

.debug_info     0x0000000000000000     0x312d
 .debug_info    0x0000000000000000     0x1600 ./Src/Clock.o
 .debug_info    0x0000000000001600      0xa1d ./Src/Gpio.o
 .debug_info    0x000000000000201d      0x19b ./Src/Systick.o
 .debug_info    0x00000000000021b8      0xca7 ./Src/Uart.o
 .debug_info    0x0000000000002e5f      0x2ac ./Src/main.o
 .debug_info    0x000000000000310b       0x22 ./Startup/startup_stm32h745zitx.o

.debug_abbrev   0x0000000000000000      0x9e0
 .debug_abbrev  0x0000000000000000      0x3a7 ./Src/Clock.o
 .debug_abbrev  0x00000000000003a7      0x1df ./Src/Gpio.o
 .debug_abbrev  0x0000000000000586      0x107 ./Src/Systick.o
 .debug_abbrev  0x000000000000068d      0x23f ./Src/Uart.o
 .debug_abbrev  0x00000000000008cc      0x102 ./Src/main.o
 .debug_abbrev  0x00000000000009ce       0x12 ./Startup/startup_stm32h745zitx.o

.debug_aranges  0x0000000000000000      0x328
 .debug_aranges
                0x0000000000000000      0x148 ./Src/Clock.o
 .debug_aranges
                0x0000000000000148       0x88 ./Src/Gpio.o
 .debug_aranges
                0x00000000000001d0       0x20 ./Src/Systick.o
 .debug_aranges
                0x00000000000001f0       0xf0 ./Src/Uart.o
 .debug_aranges
                0x00000000000002e0       0x20 ./Src/main.o
 .debug_aranges
                0x0000000000000300       0x28 ./Startup/startup_stm32h745zitx.o

.debug_ranges   0x0000000000000000      0x2d0
 .debug_ranges  0x0000000000000000      0x138 ./Src/Clock.o
 .debug_ranges  0x0000000000000138       0x78 ./Src/Gpio.o
 .debug_ranges  0x00000000000001b0       0x10 ./Src/Systick.o
 .debug_ranges  0x00000000000001c0       0xe0 ./Src/Uart.o
 .debug_ranges  0x00000000000002a0       0x10 ./Src/main.o
 .debug_ranges  0x00000000000002b0       0x20 ./Startup/startup_stm32h745zitx.o

.debug_macro    0x0000000000000000    0x2a05a
 .debug_macro   0x0000000000000000      0x27e ./Src/Clock.o
 .debug_macro   0x000000000000027e      0xad2 ./Src/Clock.o
 .debug_macro   0x0000000000000d50       0x49 ./Src/Clock.o
 .debug_macro   0x0000000000000d99       0x22 ./Src/Clock.o
 .debug_macro   0x0000000000000dbb       0x8e ./Src/Clock.o
 .debug_macro   0x0000000000000e49       0x51 ./Src/Clock.o
 .debug_macro   0x0000000000000e9a      0x103 ./Src/Clock.o
 .debug_macro   0x0000000000000f9d       0x6a ./Src/Clock.o
 .debug_macro   0x0000000000001007      0x1df ./Src/Clock.o
 .debug_macro   0x00000000000011e6       0x1c ./Src/Clock.o
 .debug_macro   0x0000000000001202       0x22 ./Src/Clock.o
 .debug_macro   0x0000000000001224      0x101 ./Src/Clock.o
 .debug_macro   0x0000000000001325     0x1305 ./Src/Clock.o
 .debug_macro   0x000000000000262a      0x11f ./Src/Clock.o
 .debug_macro   0x0000000000002749       0x27 ./Src/Clock.o
 .debug_macro   0x0000000000002770    0x26895 ./Src/Clock.o
 .debug_macro   0x0000000000029005       0x22 ./Src/Clock.o
 .debug_macro   0x0000000000029027       0x52 ./Src/Clock.o
 .debug_macro   0x0000000000029079       0x17 ./Src/Clock.o
 .debug_macro   0x0000000000029090       0x3c ./Src/Clock.o
 .debug_macro   0x00000000000290cc       0x34 ./Src/Clock.o
 .debug_macro   0x0000000000029100       0x16 ./Src/Clock.o
 .debug_macro   0x0000000000029116       0x97 ./Src/Clock.o
 .debug_macro   0x00000000000291ad      0x333 ./Src/Clock.o
 .debug_macro   0x00000000000294e0       0xfd ./Src/Clock.o
 .debug_macro   0x00000000000295dd       0x10 ./Src/Clock.o
 .debug_macro   0x00000000000295ed       0x16 ./Src/Clock.o
 .debug_macro   0x0000000000029603       0x43 ./Src/Clock.o
 .debug_macro   0x0000000000029646       0x34 ./Src/Clock.o
 .debug_macro   0x000000000002967a       0x10 ./Src/Clock.o
 .debug_macro   0x000000000002968a       0x58 ./Src/Clock.o
 .debug_macro   0x00000000000296e2       0x71 ./Src/Clock.o
 .debug_macro   0x0000000000029753       0x1c ./Src/Clock.o
 .debug_macro   0x000000000002976f      0x12a ./Src/Clock.o
 .debug_macro   0x0000000000029899       0x10 ./Src/Clock.o
 .debug_macro   0x00000000000298a9       0x1c ./Src/Clock.o
 .debug_macro   0x00000000000298c5       0x52 ./Src/Clock.o
 .debug_macro   0x0000000000029917       0x22 ./Src/Clock.o
 .debug_macro   0x0000000000029939       0x10 ./Src/Clock.o
 .debug_macro   0x0000000000029949       0x40 ./Src/Clock.o
 .debug_macro   0x0000000000029989       0xd5 ./Src/Clock.o
 .debug_macro   0x0000000000029a5e       0x1c ./Src/Clock.o
 .debug_macro   0x0000000000029a7a       0x3d ./Src/Clock.o
 .debug_macro   0x0000000000029ab7       0x16 ./Src/Clock.o
 .debug_macro   0x0000000000029acd      0x145 ./Src/Clock.o
 .debug_macro   0x0000000000029c12      0x118 ./Src/Gpio.o
 .debug_macro   0x0000000000029d2a       0xef ./Src/Systick.o
 .debug_macro   0x0000000000029e19      0x156 ./Src/Uart.o
 .debug_macro   0x0000000000029f6f       0xeb ./Src/main.o

.debug_line     0x0000000000000000     0x3009
 .debug_line    0x0000000000000000     0x1067 ./Src/Clock.o
 .debug_line    0x0000000000001067      0xbcc ./Src/Gpio.o
 .debug_line    0x0000000000001c33      0x547 ./Src/Systick.o
 .debug_line    0x000000000000217a      0x8e2 ./Src/Uart.o
 .debug_line    0x0000000000002a5c      0x529 ./Src/main.o
 .debug_line    0x0000000000002f85       0x84 ./Startup/startup_stm32h745zitx.o

.debug_str      0x0000000000000000    0xf01bb
 .debug_str     0x0000000000000000    0xefb37 ./Src/Clock.o
                                      0xefe6c (size before relaxing)
 .debug_str     0x00000000000efb37      0x1d9 ./Src/Gpio.o
                                      0xeb8b3 (size before relaxing)
 .debug_str     0x00000000000efd10       0xca ./Src/Systick.o
                                      0xeb513 (size before relaxing)
 .debug_str     0x00000000000efdda      0x391 ./Src/Uart.o
                                      0xebaa0 (size before relaxing)
 .debug_str     0x00000000000f016b       0x1f ./Src/main.o
                                      0xeb4d7 (size before relaxing)
 .debug_str     0x00000000000f018a       0x31 ./Startup/startup_stm32h745zitx.o
                                         0x5e (size before relaxing)

.comment        0x0000000000000000       0x53
 .comment       0x0000000000000000       0x53 ./Src/Clock.o
                                         0x54 (size before relaxing)
 .comment       0x0000000000000053       0x54 ./Src/Gpio.o
 .comment       0x0000000000000053       0x54 ./Src/Systick.o
 .comment       0x0000000000000053       0x54 ./Src/Uart.o
 .comment       0x0000000000000053       0x54 ./Src/main.o

.debug_frame    0x0000000000000000      0xc18
 .debug_frame   0x0000000000000000      0x578 ./Src/Clock.o
 .debug_frame   0x0000000000000578      0x240 ./Src/Gpio.o
 .debug_frame   0x00000000000007b8       0x34 ./Src/Systick.o
 .debug_frame   0x00000000000007ec      0x3d0 ./Src/Uart.o
 .debug_frame   0x0000000000000bbc       0x30 ./Src/main.o
 .debug_frame   0x0000000000000bec       0x2c e:/st/stm32cubeide_1.7.0/stm32cubeide/plugins/com.st.stm32cube.ide.mcu.externaltools.gnu-tools-for-stm32.9-2020-q2-update.win32_2.0.0.202105311346/tools/bin/../lib/gcc/arm-none-eabi/9.3.1/../../../../arm-none-eabi/lib/thumb/v7e-m+dp/hard\libc_nano.a(lib_a-init.o)
