Archive member included to satisfy reference by file (symbol)

e:/st/stm32cubeide_1.7.0/stm32cubeide/plugins/com.st.stm32cube.ide.mcu.externaltools.gnu-tools-for-stm32.9-2020-q2-update.win32_2.0.0.202105311346/tools/bin/../lib/gcc/arm-none-eabi/9.3.1/../../../../arm-none-eabi/lib/thumb/v7e-m+dp/hard\libc_nano.a(lib_a-errno.o)
                              ./Src/syscalls.o (__errno)
e:/st/stm32cubeide_1.7.0/stm32cubeide/plugins/com.st.stm32cube.ide.mcu.externaltools.gnu-tools-for-stm32.9-2020-q2-update.win32_2.0.0.202105311346/tools/bin/../lib/gcc/arm-none-eabi/9.3.1/../../../../arm-none-eabi/lib/thumb/v7e-m+dp/hard\libc_nano.a(lib_a-exit.o)
                              e:/st/stm32cubeide_1.7.0/stm32cubeide/plugins/com.st.stm32cube.ide.mcu.externaltools.gnu-tools-for-stm32.9-2020-q2-update.win32_2.0.0.202105311346/tools/bin/../lib/gcc/arm-none-eabi/9.3.1/../../../../arm-none-eabi/lib/thumb/v7e-m+dp/hard/crt0.o (exit)
e:/st/stm32cubeide_1.7.0/stm32cubeide/plugins/com.st.stm32cube.ide.mcu.externaltools.gnu-tools-for-stm32.9-2020-q2-update.win32_2.0.0.202105311346/tools/bin/../lib/gcc/arm-none-eabi/9.3.1/../../../../arm-none-eabi/lib/thumb/v7e-m+dp/hard\libc_nano.a(lib_a-impure.o)
                              e:/st/stm32cubeide_1.7.0/stm32cubeide/plugins/com.st.stm32cube.ide.mcu.externaltools.gnu-tools-for-stm32.9-2020-q2-update.win32_2.0.0.202105311346/tools/bin/../lib/gcc/arm-none-eabi/9.3.1/../../../../arm-none-eabi/lib/thumb/v7e-m+dp/hard\libc_nano.a(lib_a-exit.o) (_global_impure_ptr)
e:/st/stm32cubeide_1.7.0/stm32cubeide/plugins/com.st.stm32cube.ide.mcu.externaltools.gnu-tools-for-stm32.9-2020-q2-update.win32_2.0.0.202105311346/tools/bin/../lib/gcc/arm-none-eabi/9.3.1/../../../../arm-none-eabi/lib/thumb/v7e-m+dp/hard\libc_nano.a(lib_a-init.o)
                              e:/st/stm32cubeide_1.7.0/stm32cubeide/plugins/com.st.stm32cube.ide.mcu.externaltools.gnu-tools-for-stm32.9-2020-q2-update.win32_2.0.0.202105311346/tools/bin/../lib/gcc/arm-none-eabi/9.3.1/../../../../arm-none-eabi/lib/thumb/v7e-m+dp/hard/crt0.o (__libc_init_array)
e:/st/stm32cubeide_1.7.0/stm32cubeide/plugins/com.st.stm32cube.ide.mcu.externaltools.gnu-tools-for-stm32.9-2020-q2-update.win32_2.0.0.202105311346/tools/bin/../lib/gcc/arm-none-eabi/9.3.1/../../../../arm-none-eabi/lib/thumb/v7e-m+dp/hard\libc_nano.a(lib_a-malloc.o)
                              ./Src/Uart_new.o (malloc)
e:/st/stm32cubeide_1.7.0/stm32cubeide/plugins/com.st.stm32cube.ide.mcu.externaltools.gnu-tools-for-stm32.9-2020-q2-update.win32_2.0.0.202105311346/tools/bin/../lib/gcc/arm-none-eabi/9.3.1/../../../../arm-none-eabi/lib/thumb/v7e-m+dp/hard\libc_nano.a(lib_a-memset.o)
                              e:/st/stm32cubeide_1.7.0/stm32cubeide/plugins/com.st.stm32cube.ide.mcu.externaltools.gnu-tools-for-stm32.9-2020-q2-update.win32_2.0.0.202105311346/tools/bin/../lib/gcc/arm-none-eabi/9.3.1/../../../../arm-none-eabi/lib/thumb/v7e-m+dp/hard/crt0.o (memset)
e:/st/stm32cubeide_1.7.0/stm32cubeide/plugins/com.st.stm32cube.ide.mcu.externaltools.gnu-tools-for-stm32.9-2020-q2-update.win32_2.0.0.202105311346/tools/bin/../lib/gcc/arm-none-eabi/9.3.1/../../../../arm-none-eabi/lib/thumb/v7e-m+dp/hard\libc_nano.a(lib_a-nano-freer.o)
                              e:/st/stm32cubeide_1.7.0/stm32cubeide/plugins/com.st.stm32cube.ide.mcu.externaltools.gnu-tools-for-stm32.9-2020-q2-update.win32_2.0.0.202105311346/tools/bin/../lib/gcc/arm-none-eabi/9.3.1/../../../../arm-none-eabi/lib/thumb/v7e-m+dp/hard\libc_nano.a(lib_a-malloc.o) (_free_r)
e:/st/stm32cubeide_1.7.0/stm32cubeide/plugins/com.st.stm32cube.ide.mcu.externaltools.gnu-tools-for-stm32.9-2020-q2-update.win32_2.0.0.202105311346/tools/bin/../lib/gcc/arm-none-eabi/9.3.1/../../../../arm-none-eabi/lib/thumb/v7e-m+dp/hard\libc_nano.a(lib_a-nano-mallocr.o)
                              e:/st/stm32cubeide_1.7.0/stm32cubeide/plugins/com.st.stm32cube.ide.mcu.externaltools.gnu-tools-for-stm32.9-2020-q2-update.win32_2.0.0.202105311346/tools/bin/../lib/gcc/arm-none-eabi/9.3.1/../../../../arm-none-eabi/lib/thumb/v7e-m+dp/hard\libc_nano.a(lib_a-malloc.o) (_malloc_r)
e:/st/stm32cubeide_1.7.0/stm32cubeide/plugins/com.st.stm32cube.ide.mcu.externaltools.gnu-tools-for-stm32.9-2020-q2-update.win32_2.0.0.202105311346/tools/bin/../lib/gcc/arm-none-eabi/9.3.1/../../../../arm-none-eabi/lib/thumb/v7e-m+dp/hard\libc_nano.a(lib_a-sbrkr.o)
                              e:/st/stm32cubeide_1.7.0/stm32cubeide/plugins/com.st.stm32cube.ide.mcu.externaltools.gnu-tools-for-stm32.9-2020-q2-update.win32_2.0.0.202105311346/tools/bin/../lib/gcc/arm-none-eabi/9.3.1/../../../../arm-none-eabi/lib/thumb/v7e-m+dp/hard\libc_nano.a(lib_a-nano-mallocr.o) (_sbrk_r)
e:/st/stm32cubeide_1.7.0/stm32cubeide/plugins/com.st.stm32cube.ide.mcu.externaltools.gnu-tools-for-stm32.9-2020-q2-update.win32_2.0.0.202105311346/tools/bin/../lib/gcc/arm-none-eabi/9.3.1/../../../../arm-none-eabi/lib/thumb/v7e-m+dp/hard\libc_nano.a(lib_a-strcmp.o)
                              ./Src/Bluetooh.o (strcmp)
[...]
Memory Configuration

Name             Origin             Length             Attributes
RAM_D1           0x0000000024000000 0x0000000000080000 xrw
FLASH            0x0000000008000000 0x0000000000100000 xr
DTCMRAM          0x0000000020000000 0x0000000000020000 xrw
RAM_D2           0x0000000030000000 0x0000000000048000 xrw
RAM_D3           0x0000000038000000 0x0000000000010000 xrw
ITCMRAM          0x0000000000000000 0x0000000000010000 xrw
*default*        0x0000000000000000 0xffffffffffffffff

Linker script and memory map

LOAD e:/st/stm32cubeide_1.7.0/stm32cubeide/plugins/com.st.stm32cube.ide.mcu.externaltools.gnu-tools-for-stm32.9-2020-q2-update.win32_2.0.0.202105311346/tools/bin/../lib/gcc/arm-none-eabi/9.3.1/thumb/v7e-m+dp/hard/crti.o
LOAD e:/st/stm32cubeide_1.7.0/stm32cubeide/plugins/com.st.stm32cube.ide.mcu.externaltools.gnu-tools-for-stm32.9-2020-q2-update.win32_2.0.0.202105311346/tools/bin/../lib/gcc/arm-none-eabi/9.3.1/thumb/v7e-m+dp/hard/crtbegin.o
LOAD e:/st/stm32cubeide_1.7.0/stm32cubeide/plugins/com.st.stm32cube.ide.mcu.externaltools.gnu-tools-for-stm32.9-2020-q2-update.win32_2.0.0.202105311346/tools/bin/../lib/gcc/arm-none-eabi/9.3.1/../../../../arm-none-eabi/lib/thumb/v7e-m+dp/hard/crt0.o
LOAD ./Src/Bluetooh.o
LOAD ./Src/Clock.o
LOAD ./Src/Control.o
LOAD ./Src/Gpio.o
LOAD ./Src/Systick.o
LOAD ./Src/Uart_new.o
LOAD ./Src/User_led.o
LOAD ./Src/main.o
LOAD ./Src/syscalls.o
LOAD ./Src/sysmem.o
LOAD ./Startup/startup_stm32h745zitx.o
START GROUP
LOAD e:/st/stm32cubeide_1.7.0/stm32cubeide/plugins/com.st.stm32cube.ide.mcu.externaltools.gnu-tools-for-stm32.9-2020-q2-update.win32_2.0.0.202105311346/tools/bin/../lib/gcc/arm-none-eabi/9.3.1/../../../../arm-none-eabi/lib/thumb/v7e-m+dp/hard\libc_nano.a
LOAD e:/st/stm32cubeide_1.7.0/stm32cubeide/plugins/com.st.stm32cube.ide.mcu.externaltools.gnu-tools-for-stm32.9-2020-q2-update.win32_2.0.0.202105311346/tools/bin/../lib/gcc/arm-none-eabi/9.3.1/../../../../arm-none-eabi/lib/thumb/v7e-m+dp/hard\libm.a
END GROUP
START GROUP
LOAD e:/st/stm32cubeide_1.7.0/stm32cubeide/plugins/com.st.stm32cube.ide.mcu.externaltools.gnu-tools-for-stm32.9-2020-q2-update.win32_2.0.0.202105311346/tools/bin/../lib/gcc/arm-none-eabi/9.3.1/thumb/v7e-m+dp/hard\libgcc.a
LOAD e:/st/stm32cubeide_1.7.0/stm32cubeide/plugins/com.st.stm32cube.ide.mcu.externaltools.gnu-tools-for-stm32.9-2020-q2-update.win32_2.0.0.202105311346/tools/bin/../lib/gcc/arm-none-eabi/9.3.1/../../../../arm-none-eabi/lib/thumb/v7e-m+dp/hard\libc_nano.a
END GROUP
START GROUP
LOAD e:/st/stm32cubeide_1.7.0/stm32cubeide/plugins/com.st.stm32cube.ide.mcu.externaltools.gnu-tools-for-stm32.9-2020-q2-update.win32_2.0.0.202105311346/tools/bin/../lib/gcc/arm-none-eabi/9.3.1/thumb/v7e-m+dp/hard\libgcc.a
LOAD e:/st/stm32cubeide_1.7.0/stm32cubeide/plugins/com.st.stm32cube.ide.mcu.externaltools.gnu-tools-for-stm32.9-2020-q2-update.win32_2.0.0.202105311346/tools/bin/../lib/gcc/arm-none-eabi/9.3.1/../../../../arm-none-eabi/lib/thumb/v7e-m+dp/hard\libc_nano.a
LOAD e:/st/stm32cubeide_1.7.0/stm32cubeide/plugins/com.st.stm32cube.ide.mcu.externaltools.gnu-tools-for-stm32.9-2020-q2-update.win32_2.0.0.202105311346/tools/bin/../lib/gcc/arm-none-eabi/9.3.1/../../../../arm-none-eabi/lib/thumb/v7e-m+dp/hard\libnosys.a
END GROUP
START GROUP
LOAD e:/st/stm32cubeide_1.7.0/stm32cubeide/plugins/com.st.stm32cube.ide.mcu.externaltools.gnu-tools-for-stm32.9-2020-q2-update.win32_2.0.0.202105311346/tools/bin/../lib/gcc/arm-none-eabi/9.3.1/thumb/v7e-m+dp/hard\libgcc.a
LOAD e:/st/stm32cubeide_1.7.0/stm32cubeide/plugins/com.st.stm32cube.ide.mcu.externaltools.gnu-tools-for-stm32.9-2020-q2-update.win32_2.0.0.202105311346/tools/bin/../lib/gcc/arm-none-eabi/9.3.1/../../../../arm-none-eabi/lib/thumb/v7e-m+dp/hard\libc_nano.a
LOAD e:/st/stm32cubeide_1.7.0/stm32cubeide/plugins/com.st.stm32cube.ide.mcu.externaltools.gnu-tools-for-stm32.9-2020-q2-update.win32_2.0.0.202105311346/tools/bin/../lib/gcc/arm-none-eabi/9.3.1/../../../../arm-none-eabi/lib/thumb/v7e-m+dp/hard\libnosys.a
END GROUP
LOAD e:/st/stm32cubeide_1.7.0/stm32cubeide/plugins/com.st.stm32cube.ide.mcu.externaltools.gnu-tools-for-stm32.9-2020-q2-update.win32_2.0.0.202105311346/tools/bin/../lib/gcc/arm-none-eabi/9.3.1/thumb/v7e-m+dp/hard/crtend.o
LOAD e:/st/stm32cubeide_1.7.0/stm32cubeide/plugins/com.st.stm32cube.ide.mcu.externaltools.gnu-tools-for-stm32.9-2020-q2-update.win32_2.0.0.202105311346/tools/bin/../lib/gcc/arm-none-eabi/9.3.1/thumb/v7e-m+dp/hard/crtn.o
                0x0000000024080000                _estack = (ORIGIN (RAM_D1) + LENGTH (RAM_D1))
                0x0000000000000200                _Min_Heap_Size = 0x200
                0x0000000000000400                _Min_Stack_Size = 0x400

.isr_vector     0x0000000008000000      0x298
                0x0000000008000000                . = ALIGN (0x4)
 *(.isr_vector)
 .isr_vector    0x0000000008000000      0x298 ./Startup/startup_stm32h745zitx.o
                0x0000000008000000                g_pfnVectors
                0x0000000008000298                . = ALIGN (0x4)

.text           0x00000000080002a0     0x36dc
                0x00000000080002a0                . = ALIGN (0x4)
 *(.text)
 .text          0x00000000080002a0       0x40 e:/st/stm32cubeide_1.7.0/stm32cubeide/plugins/com.st.stm32cube.ide.mcu.externaltools.gnu-tools-for-stm32.9-2020-q2-update.win32_2.0.0.202105311346/tools/bin/../lib/gcc/arm-none-eabi/9.3.1/thumb/v7e-m+dp/hard/crtbegin.o
 .text          0x00000000080002e0       0x14 e:/st/stm32cubeide_1.7.0/stm32cubeide/plugins/com.st.stm32cube.ide.mcu.externaltools.gnu-tools-for-stm32.9-2020-q2-update.win32_2.0.0.202105311346/tools/bin/../lib/gcc/arm-none-eabi/9.3.1/../../../../arm-none-eabi/lib/thumb/v7e-m+dp/hard\libc_nano.a(lib_a-strcmp.o)
                0x00000000080002e0                strcmp
 .text          0x00000000080002f4       0x10 e:/st/stm32cubeide_1.7.0/stm32cubeide/plugins/com.st.stm32cube.ide.mcu.externaltools.gnu-tools-for-stm32.9-2020-q2-update.win32_2.0.0.202105311346/tools/bin/../lib/gcc/arm-none-eabi/9.3.1/../../../../arm-none-eabi/lib/thumb/v7e-m+dp/hard\libc_nano.a(lib_a-strlen.o)
                0x00000000080002f4                strlen
 *fill*         0x0000000008000304        0xc 
 .text          0x0000000008000310       0xa0 e:/st/stm32cubeide_1.7.0/stm32cubeide/plugins/com.st.stm32cube.ide.mcu.externaltools.gnu-tools-for-stm32.9-2020-q2-update.win32_2.0.0.202105311346/tools/bin/../lib/gcc/arm-none-eabi/9.3.1/../../../../arm-none-eabi/lib/thumb/v7e-m+dp/hard\libc_nano.a(lib_a-memchr.o)
                0x0000000008000310                memchr
 *(.text*)
 .text.init_Bluetooh
                0x00000000080003b0       0x20 ./Src/Bluetooh.o
                0x00000000080003b0                init_Bluetooh
 .text.isConnection_established
                0x00000000080003d0       0xb8 ./Src/Bluetooh.o
                0x00000000080003d0                isConnection_established
 .text.get_baudRate_bluetooh
                0x0000000008000488      0x130 ./Src/Bluetooh.o
                0x0000000008000488                get_baudRate_bluetooh
 .text.get_Role
                0x00000000080005b8      0x12c ./Src/Bluetooh.o
                0x00000000080005b8                get_Role
 .text.decimalToBinary
                0x00000000080006e4       0x5a ./Src/Clock.o
                0x00000000080006e4                decimalToBinary
 *fill*         0x000000000800073e        0x2 
 .text.PLLSRC_Select
                0x0000000008000740       0x98 ./Src/Clock.o
                0x0000000008000740                PLLSRC_Select
 .text.DIVM1    0x00000000080007d8       0x98 ./Src/Clock.o
                0x00000000080007d8                DIVM1
 .text.SystemClockStatus
                0x0000000008000870      0x150 ./Src/Clock.o
                0x0000000008000870                SystemClockStatus
 .text.PLL1DIVR
                0x00000000080009c0      0x1a4 ./Src/Clock.o
                0x00000000080009c0                PLL1DIVR
 .text.input_frequency_range
                0x0000000008000b64       0xb8 ./Src/Clock.o
                0x0000000008000b64                input_frequency_range
 .text.PLL1VCOSEL
                0x0000000008000c1c       0x3c ./Src/Clock.o
                0x0000000008000c1c                PLL1VCOSEL
 .text.enable_PLL1_OutputDividers
                0x0000000008000c58       0x38 ./Src/Clock.o
                0x0000000008000c58                enable_PLL1_OutputDividers
 .text.enable_PLL1_FractionalDivider
                0x0000000008000c90       0x20 ./Src/Clock.o
                0x0000000008000c90                enable_PLL1_FractionalDivider
 .text.StartPLL1
                0x0000000008000cb0       0x30 ./Src/Clock.o
                0x0000000008000cb0                StartPLL1
 .text.D1CFGR_D1CPRE
                0x0000000008000ce0      0x244 ./Src/Clock.o
                0x0000000008000ce0                D1CFGR_D1CPRE
 .text.D1CFGR_HPRE
                0x0000000008000f24      0x244 ./Src/Clock.o
                0x0000000008000f24                D1CFGR_HPRE
 .text.D1PPRE   0x0000000008001168      0x118 ./Src/Clock.o
                0x0000000008001168                D1PPRE
 .text.D2PPRE1  0x0000000008001280      0x118 ./Src/Clock.o
                0x0000000008001280                D2PPRE1
 .text.D3PPRE   0x0000000008001398      0x118 ./Src/Clock.o
                0x0000000008001398                D3PPRE
 .text.SysClockConfig
                0x00000000080014b0       0x80 ./Src/Clock.o
                0x00000000080014b0                SysClockConfig
 .text.get_SYSCLK
                0x0000000008001530       0x30 ./Src/Clock.o
                0x0000000008001530                get_SYSCLK
 .text.SysClockAfter_D1Prescaler
                0x0000000008001560       0x28 ./Src/Clock.o
                0x0000000008001560                SysClockAfter_D1Prescaler
 .text.get_CPU1_Systick_Clock
                0x0000000008001588       0x16 ./Src/Clock.o
                0x0000000008001588                get_CPU1_Systick_Clock
 .text.get_SysClock_AfterHPRE_Prescaler
                0x000000000800159e       0x28 ./Src/Clock.o
                0x000000000800159e                get_SysClock_AfterHPRE_Prescaler
 .text.get_APB1_Preipheral_Clock
                0x00000000080015c6       0x28 ./Src/Clock.o
                0x00000000080015c6                get_APB1_Preipheral_Clock
 .text.get_APB2_Preipheral_Clock
                0x00000000080015ee       0x28 ./Src/Clock.o
                0x00000000080015ee                get_APB2_Preipheral_Clock
 *fill*         0x0000000008001616        0x2 
 .text.enablePORT
                0x0000000008001618      0x210 ./Src/Gpio.o
                0x0000000008001618                enablePORT
 .text.Set_GPIO_MODER
                0x0000000008001828       0xdc ./Src/Gpio.o
                0x0000000008001828                Set_GPIO_MODER
 .text.Set_GPIO_AFR
                0x0000000008001904      0x39c ./Src/Gpio.o
                0x0000000008001904                Set_GPIO_AFR
 .text.systickDelayMs
                0x0000000008001ca0       0x60 ./Src/Systick.o
                0x0000000008001ca0                systickDelayMs
 .text.__NVIC_EnableIRQ
                0x0000000008001d00       0x3c ./Src/Uart_new.o
 .text.Uart_init
                0x0000000008001d3c       0xd4 ./Src/Uart_new.o
                0x0000000008001d3c                Uart_init
 .text.get_PerihCLK
                0x0000000008001e10       0x38 ./Src/Uart_new.o
                0x0000000008001e10                get_PerihCLK
 .text.sampling_mode_and_FIFO
                0x0000000008001e48       0x66 ./Src/Uart_new.o
                0x0000000008001e48                sampling_mode_and_FIFO
 *fill*         0x0000000008001eae        0x2 
 .text.enable_USART1
                0x0000000008001eb0       0x24 ./Src/Uart_new.o
                0x0000000008001eb0                enable_USART1
 .text.enable_USART2
                0x0000000008001ed4       0x24 ./Src/Uart_new.o
                0x0000000008001ed4                enable_USART2
 .text.enable_USART3
                0x0000000008001ef8       0x24 ./Src/Uart_new.o
                0x0000000008001ef8                enable_USART3
 .text.enable_USART4
                0x0000000008001f1c       0x24 ./Src/Uart_new.o
                0x0000000008001f1c                enable_USART4
 .text.enable_USART5
                0x0000000008001f40       0x24 ./Src/Uart_new.o
                0x0000000008001f40                enable_USART5
 .text.enable_USART6
                0x0000000008001f64       0x24 ./Src/Uart_new.o
                0x0000000008001f64                enable_USART6
 .text.enable_USART7
                0x0000000008001f88       0x24 ./Src/Uart_new.o
                0x0000000008001f88                enable_USART7
 .text.enable_USART8
                0x0000000008001fac       0x24 ./Src/Uart_new.o
                0x0000000008001fac                enable_USART8
 .text.selectedUART_enable
                0x0000000008001fd0       0xdc ./Src/Uart_new.o
                0x0000000008001fd0                selectedUART_enable
 .text.set_baudRate
                0x00000000080020ac       0x24 ./Src/Uart_new.o
                0x00000000080020ac                set_baudRate
 .text.uart_set_baudrate
                0x00000000080020d0       0x6a ./Src/Uart_new.o
 .text.compute_uart_bd
                0x000000000800213a       0x26 ./Src/Uart_new.o
 .text.uart_send_string
                0x0000000008002160       0x4a ./Src/Uart_new.o
                0x0000000008002160                uart_send_string
 .text.uart_get_buffer
                0x00000000080021aa       0x6e ./Src/Uart_new.o
                0x00000000080021aa                uart_get_buffer
 .text.uart_get_buffer_BYTE
                0x0000000008002218       0x4a ./Src/Uart_new.o
                0x0000000008002218                uart_get_buffer_BYTE
 *fill*         0x0000000008002262        0x2 
 .text.UART1_rx_interrupt
                0x0000000008002264       0x40 ./Src/Uart_new.o
                0x0000000008002264                UART1_rx_interrupt
 .text.get_current_loc_Buffer
                0x00000000080022a4       0xd0 ./Src/Uart_new.o
                0x00000000080022a4                get_current_loc_Buffer
 .text.init_Buffer
                0x0000000008002374      0x110 ./Src/Uart_new.o
                0x0000000008002374                init_Buffer
 .text.get_Buffer
                0x0000000008002484       0xcc ./Src/Uart_new.o
                0x0000000008002484                get_Buffer
 .text.decrease_Buffer
                0x0000000008002550       0xf4 ./Src/Uart_new.o
                0x0000000008002550                decrease_Buffer
 .text.error    0x0000000008002644        0xa ./Src/Uart_new.o
                0x0000000008002644                error
 *fill*         0x000000000800264e        0x2 
 .text.main     0x0000000008002650       0x74 ./Src/main.o
                0x0000000008002650                main
 .text.USART1_IRQHandler
                0x00000000080026c4       0x20 ./Src/main.o
                0x00000000080026c4                USART1_IRQHandler
 .text._getpid  0x00000000080026e4       0x10 ./Src/syscalls.o
                0x00000000080026e4                _getpid
 .text._kill    0x00000000080026f4       0x20 ./Src/syscalls.o
                0x00000000080026f4                _kill
 .text._exit    0x0000000008002714       0x14 ./Src/syscalls.o
                0x0000000008002714                _exit
 .text._read    0x0000000008002728       0x3a ./Src/syscalls.o
                0x0000000008002728                _read
 .text._write   0x0000000008002762       0x38 ./Src/syscalls.o
                0x0000000008002762                _write
 .text._close   0x000000000800279a       0x18 ./Src/syscalls.o
                0x000000000800279a                _close
 .text._fstat   0x00000000080027b2       0x20 ./Src/syscalls.o
                0x00000000080027b2                _fstat
 .text._isatty  0x00000000080027d2       0x16 ./Src/syscalls.o
                0x00000000080027d2                _isatty
 .text._lseek   0x00000000080027e8       0x1a ./Src/syscalls.o
                0x00000000080027e8                _lseek
 *fill*         0x0000000008002802        0x2 
 .text._sbrk    0x0000000008002804       0x6c ./Src/sysmem.o
                0x0000000008002804                _sbrk
 .text.Reset_Handler
                0x0000000008002870       0x50 ./Startup/startup_stm32h745zitx.o
                0x0000000008002870                Reset_Handler
 .text.Default_Handler
                0x00000000080028c0        0x2 ./Startup/startup_stm32h745zitx.o
                0x00000000080028c0                EXTI2_IRQHandler
                0x00000000080028c0                TIM8_CC_IRQHandler
                0x00000000080028c0                DMA_STR2_IRQHandler
                0x00000000080028c0                DebugMon_Handler
                0x00000000080028c0                UART8_IRQHandler
                0x00000000080028c0                SPI4_IRQHandler
                0x00000000080028c0                HRTIM1_MST_IRQHandler
                0x00000000080028c0                HardFault_Handler
                0x00000000080028c0                DMA_STR5_IRQHandler
                0x00000000080028c0                HRTIM1_FLT_IRQHandler
                0x00000000080028c0                JPEG_IRQHandler
                0x00000000080028c0                SysTick_Handler
                0x00000000080028c0                DMA2_STR1_IRQHandler
                0x00000000080028c0                DMA2_STR5_IRQHandler
                0x00000000080028c0                HRTIM1_TIMD_IRQHandler
                0x00000000080028c0                PendSV_Handler
                0x00000000080028c0                NMI_Handler
                0x00000000080028c0                EXTI3_IRQHandler
                0x00000000080028c0                LPTIM4_IRQHandler
                0x00000000080028c0                TIM8_TRG_COM_TIM14_IRQHandler
                0x00000000080028c0                LPTIM2_IRQHandler
                0x00000000080028c0                DFSDM1_FLT1_IRQHandler
                0x00000000080028c0                DMAMUX2_OVR_IRQHandler
                0x00000000080028c0                TIM8_UP_TIM13_IRQHandler
                0x00000000080028c0                I2C3_ER_IRQHandler
                0x00000000080028c0                DFSDM1_FLT2_IRQHandler
                0x00000000080028c0                MDMA_IRQHandler
                0x00000000080028c0                LPTIM3_IRQHandler
                0x00000000080028c0                EXTI0_IRQHandler
                0x00000000080028c0                I2C2_EV_IRQHandler
                0x00000000080028c0                FPU_IRQHandler
                0x00000000080028c0                DMA_STR1_IRQHandler
                0x00000000080028c0                OTG_HS_WKUP_IRQHandler
                0x00000000080028c0                FDCAN1_IT1_IRQHandler
                0x00000000080028c0                UsageFault_Handler
                0x00000000080028c0                LTDC_ER_IRQHandler
                0x00000000080028c0                ADC1_2_IRQHandler
                0x00000000080028c0                SPI1_IRQHandler
                0x00000000080028c0                BDMA_CH2_IRQHandler
                0x00000000080028c0                TIM6_DAC_IRQHandler
                0x00000000080028c0                DCMI_IRQHandler
                0x00000000080028c0                HRTIM1_TIMC_IRQHandler
                0x00000000080028c0                SDMMC_IRQHandler
                0x00000000080028c0                RTC_ALARM_IRQHandler
                0x00000000080028c0                DMA_STR0_IRQHandler
                0x00000000080028c0                SAI2_IRQHandler
                0x00000000080028c0                DMA2_STR3_IRQHandler
                0x00000000080028c0                DFSDM1_FLT3_IRQHandler
                0x00000000080028c0                USART6_IRQHandler
                0x00000000080028c0                BDMA_CH5_IRQHandler
                0x00000000080028c0                TIM17_IRQHandler
                0x00000000080028c0                BDMA_CH6_IRQHandler
                0x00000000080028c0                USART3_IRQHandler
                0x00000000080028c0                WKUP_IRQHandler
                0x00000000080028c0                BDMA_CH3_IRQHandler
                0x00000000080028c0                LPTIM5_IRQHandler
                0x00000000080028c0                LPUART_IRQHandler
                0x00000000080028c0                UART5_IRQHandler
                0x00000000080028c0                ADC3_IRQHandler
                0x00000000080028c0                DMA_STR6_IRQHandler
                0x00000000080028c0                TIM4_IRQHandler
                0x00000000080028c0                QUADSPI_IRQHandler
                0x00000000080028c0                I2C1_EV_IRQHandler
                0x00000000080028c0                DMA1_STR7_IRQHandler
                0x00000000080028c0                TIM16_IRQHandler
                0x00000000080028c0                UART4_IRQHandler
                0x00000000080028c0                TIM3_IRQHandler
                0x00000000080028c0                RCC_IRQHandler
                0x00000000080028c0                TIM8_BRK_TIM12_IRQHandler
                0x00000000080028c0                TIM1_TRG_COM_IRQHandler
                0x00000000080028c0                Default_Handler
                0x00000000080028c0                HRTIM_TIMB_IRQHandler
                0x00000000080028c0                CEC_IRQHandler
                0x00000000080028c0                EXTI15_10_IRQHandler
                0x00000000080028c0                BDMA_CH4_IRQHandler
                0x00000000080028c0                DMA_STR3_IRQHandler
                0x00000000080028c0                HRTIM_TIME_IRQHandler
                0x00000000080028c0                HRTIM1_TIMA_IRQHandler
                0x00000000080028c0                SPI5_IRQHandler
                0x00000000080028c0                TIM7_IRQHandler
                0x00000000080028c0                SDMMC1_IRQHandler
                0x00000000080028c0                TIM5_IRQHandler
                0x00000000080028c0                SPDIF_IRQHandler
                0x00000000080028c0                TIM15_IRQHandler
                0x00000000080028c0                I2C3_EV_IRQHandler
                0x00000000080028c0                EXTI9_5_IRQHandler
                0x00000000080028c0                DMA2_STR4_IRQHandler
                0x00000000080028c0                RTC_WKUP_IRQHandler
                0x00000000080028c0                DMA2_STR6_IRQHandler
                0x00000000080028c0                LTDC_IRQHandler
                0x00000000080028c0                SAI3_IRQHandler
                0x00000000080028c0                ETH_WKUP_IRQHandler
                0x00000000080028c0                PVD_PVM_IRQHandler
                0x00000000080028c0                SPI2_IRQHandler
                0x00000000080028c0                OTG_HS_EP1_IN_IRQHandler
                0x00000000080028c0                MemManage_Handler
                0x00000000080028c0                DMA2_STR0_IRQHandler
                0x00000000080028c0                SVC_Handler
                0x00000000080028c0                CRS_IRQHandler
                0x00000000080028c0                EXTI4_IRQHandler
                0x00000000080028c0                DMAMUX1_OV_IRQHandler
                0x00000000080028c0                FDCAN2_IT1_IRQHandler
                0x00000000080028c0                DMA_STR4_IRQHandler
                0x00000000080028c0                COMP_IRQHandler
                0x00000000080028c0                DMA2_STR2_IRQHandler
                0x00000000080028c0                ETH_IRQHandler
                0x00000000080028c0                TIM1_UP_IRQHandler
                0x00000000080028c0                DMA2_STR7_IRQHandler
                0x00000000080028c0                OTG_HS_EP1_OUT_IRQHandler
                0x00000000080028c0                SPI6_IRQHandler
                0x00000000080028c0                MDIOS_IRQHandler
                0x00000000080028c0                I2C4_EV_IRQHandler
                0x00000000080028c0                FDCAN2_IT0_IRQHandler
                0x00000000080028c0                BDMA_CH7_IRQHandler
                0x00000000080028c0                FDCAN1_IT0_IRQHandler
                0x00000000080028c0                TIM2_IRQHandler
                0x00000000080028c0                HSEM0_IRQHandler
                0x00000000080028c0                OTG_FS_WKUP_IRQHandler
                0x00000000080028c0                OTG_HS_IRQHandler
                0x00000000080028c0                DMA2D_IRQHandler
                0x00000000080028c0                TIM1_BRK_IRQHandler
                0x00000000080028c0                EXTI1_IRQHandler
                0x00000000080028c0                WWDG2_RST_IRQHandler
                0x00000000080028c0                OTG_FS_EP1_OUT_IRQHandler
                0x00000000080028c0                HOLD_CORE_IRQHandler
                0x00000000080028c0                UART7_IRQHandler
                0x00000000080028c0                MDIOS_WKUP_IRQHandler
                0x00000000080028c0                USART2_IRQHandler
                0x00000000080028c0                DFSDM1_FLT0_IRQHandler
                0x00000000080028c0                SAI4_IRQHandler
                0x00000000080028c0                I2C2_ER_IRQHandler
                0x00000000080028c0                FLASH_IRQHandler
                0x00000000080028c0                WWDG1_IRQHandler
                0x00000000080028c0                BusFault_Handler
                0x00000000080028c0                OTG_FS_IRQHandler
                0x00000000080028c0                SPI3_IRQHandler
                0x00000000080028c0                OTG_FS_EP1_IN_IRQHandler
                0x00000000080028c0                I2C1_ER_IRQHandler
                0x00000000080028c0                FMC_IRQHandler
                0x00000000080028c0                BDMA_CH1_IRQHandler
                0x00000000080028c0                FDCAN_CAL_IRQHandler
                0x00000000080028c0                SWPMI1_IRQHandler
                0x00000000080028c0                LPTIM1_IRQHandler
                0x00000000080028c0                BDMA_CH8_IRQHandler
                0x00000000080028c0                cm4_sev_it_IRQHandler
                0x00000000080028c0                TIM_CC_IRQHandler
                0x00000000080028c0                I2C4_ER_IRQHandler
                0x00000000080028c0                SAI1_IRQHandler
                0x00000000080028c0                RTC_TAMP_STAMP_CSS_LSE_IRQHandler
 *fill*         0x00000000080028c2        0x2 
 .text.__errno  0x00000000080028c4        0xc e:/st/stm32cubeide_1.7.0/stm32cubeide/plugins/com.st.stm32cube.ide.mcu.externaltools.gnu-tools-for-stm32.9-2020-q2-update.win32_2.0.0.202105311346/tools/bin/../lib/gcc/arm-none-eabi/9.3.1/../../../../arm-none-eabi/lib/thumb/v7e-m+dp/hard\libc_nano.a(lib_a-errno.o)
                0x00000000080028c4                __errno
 .text.__libc_init_array
                0x00000000080028d0       0x48 e:/st/stm32cubeide_1.7.0/stm32cubeide/plugins/com.st.stm32cube.ide.mcu.externaltools.gnu-tools-for-stm32.9-2020-q2-update.win32_2.0.0.202105311346/tools/bin/../lib/gcc/arm-none-eabi/9.3.1/../../../../arm-none-eabi/lib/thumb/v7e-m+dp/hard\libc_nano.a(lib_a-init.o)
                0x00000000080028d0                __libc_init_array
 .text.malloc   0x0000000008002918       0x10 e:/st/stm32cubeide_1.7.0/stm32cubeide/plugins/com.st.stm32cube.ide.mcu.externaltools.gnu-tools-for-stm32.9-2020-q2-update.win32_2.0.0.202105311346/tools/bin/../lib/gcc/arm-none-eabi/9.3.1/../../../../arm-none-eabi/lib/thumb/v7e-m+dp/hard\libc_nano.a(lib_a-malloc.o)
                0x0000000008002918                malloc
 .text.memset   0x0000000008002928       0x10 e:/st/stm32cubeide_1.7.0/stm32cubeide/plugins/com.st.stm32cube.ide.mcu.externaltools.gnu-tools-for-stm32.9-2020-q2-update.win32_2.0.0.202105311346/tools/bin/../lib/gcc/arm-none-eabi/9.3.1/../../../../arm-none-eabi/lib/thumb/v7e-m+dp/hard\libc_nano.a(lib_a-memset.o)
                0x0000000008002928                memset
 .text._free_r  0x0000000008002938       0xa0 e:/st/stm32cubeide_1.7.0/stm32cubeide/plugins/com.st.stm32cube.ide.mcu.externaltools.gnu-tools-for-stm32.9-2020-q2-update.win32_2.0.0.202105311346/tools/bin/../lib/gcc/arm-none-eabi/9.3.1/../../../../arm-none-eabi/lib/thumb/v7e-m+dp/hard\libc_nano.a(lib_a-nano-freer.o)
                0x0000000008002938                _free_r
 .text._malloc_r
                0x00000000080029d8       0xb4 e:/st/stm32cubeide_1.7.0/stm32cubeide/plugins/com.st.stm32cube.ide.mcu.externaltools.gnu-tools-for-stm32.9-2020-q2-update.win32_2.0.0.202105311346/tools/bin/../lib/gcc/arm-none-eabi/9.3.1/../../../../arm-none-eabi/lib/thumb/v7e-m+dp/hard\libc_nano.a(lib_a-nano-mallocr.o)
                0x00000000080029d8                _malloc_r
 .text._sbrk_r  0x0000000008002a8c       0x20 e:/st/stm32cubeide_1.7.0/stm32cubeide/plugins/com.st.stm32cube.ide.mcu.externaltools.gnu-tools-for-stm32.9-2020-q2-update.win32_2.0.0.202105311346/tools/bin/../lib/gcc/arm-none-eabi/9.3.1/../../../../arm-none-eabi/lib/thumb/v7e-m+dp/hard\libc_nano.a(lib_a-sbrkr.o)
                0x0000000008002a8c                _sbrk_r
 .text.strtok   0x0000000008002aac       0x68 e:/st/stm32cubeide_1.7.0/stm32cubeide/plugins/com.st.stm32cube.ide.mcu.externaltools.gnu-tools-for-stm32.9-2020-q2-update.win32_2.0.0.202105311346/tools/bin/../lib/gcc/arm-none-eabi/9.3.1/../../../../arm-none-eabi/lib/thumb/v7e-m+dp/hard\libc_nano.a(lib_a-strtok.o)
                0x0000000008002aac                strtok
 .text.__strtok_r
                0x0000000008002b14       0x50 e:/st/stm32cubeide_1.7.0/stm32cubeide/plugins/com.st.stm32cube.ide.mcu.externaltools.gnu-tools-for-stm32.9-2020-q2-update.win32_2.0.0.202105311346/tools/bin/../lib/gcc/arm-none-eabi/9.3.1/../../../../arm-none-eabi/lib/thumb/v7e-m+dp/hard\libc_nano.a(lib_a-strtok_r.o)
                0x0000000008002b14                __strtok_r
 .text.__assert_func
                0x0000000008002b64       0x3c e:/st/stm32cubeide_1.7.0/stm32cubeide/plugins/com.st.stm32cube.ide.mcu.externaltools.gnu-tools-for-stm32.9-2020-q2-update.win32_2.0.0.202105311346/tools/bin/../lib/gcc/arm-none-eabi/9.3.1/../../../../arm-none-eabi/lib/thumb/v7e-m+dp/hard\libc_nano.a(lib_a-assert.o)
                0x0000000008002b64                __assert_func
 .text.fprintf  0x0000000008002ba0       0x24 e:/st/stm32cubeide_1.7.0/stm32cubeide/plugins/com.st.stm32cube.ide.mcu.externaltools.gnu-tools-for-stm32.9-2020-q2-update.win32_2.0.0.202105311346/tools/bin/../lib/gcc/arm-none-eabi/9.3.1/../../../../arm-none-eabi/lib/thumb/v7e-m+dp/hard\libc_nano.a(lib_a-fprintf.o)
                0x0000000008002ba0                fiprintf
                0x0000000008002ba0                fprintf
 .text.__malloc_lock
                0x0000000008002bc4        0xc e:/st/stm32cubeide_1.7.0/stm32cubeide/plugins/com.st.stm32cube.ide.mcu.externaltools.gnu-tools-for-stm32.9-2020-q2-update.win32_2.0.0.202105311346/tools/bin/../lib/gcc/arm-none-eabi/9.3.1/../../../../arm-none-eabi/lib/thumb/v7e-m+dp/hard\libc_nano.a(lib_a-mlock.o)
                0x0000000008002bc4                __malloc_lock
 .text.__malloc_unlock
                0x0000000008002bd0        0xc e:/st/stm32cubeide_1.7.0/stm32cubeide/plugins/com.st.stm32cube.ide.mcu.externaltools.gnu-tools-for-stm32.9-2020-q2-update.win32_2.0.0.202105311346/tools/bin/../lib/gcc/arm-none-eabi/9.3.1/../../../../arm-none-eabi/lib/thumb/v7e-m+dp/hard\libc_nano.a(lib_a-mlock.o)
                0x0000000008002bd0                __malloc_unlock
 .text.__sfputc_r
                0x0000000008002bdc       0x2e e:/st/stm32cubeide_1.7.0/stm32cubeide/plugins/com.st.stm32cube.ide.mcu.externaltools.gnu-tools-for-stm32.9-2020-q2-update.win32_2.0.0.202105311346/tools/bin/../lib/gcc/arm-none-eabi/9.3.1/../../../../arm-none-eabi/lib/thumb/v7e-m+dp/hard\libc_nano.a(lib_a-nano-vfprintf.o)
 .text.__sfputs_r
                0x0000000008002c0a       0x24 e:/st/stm32cubeide_1.7.0/stm32cubeide/plugins/com.st.stm32cube.ide.mcu.externaltools.gnu-tools-for-stm32.9-2020-q2-update.win32_2.0.0.202105311346/tools/bin/../lib/gcc/arm-none-eabi/9.3.1/../../../../arm-none-eabi/lib/thumb/v7e-m+dp/hard\libc_nano.a(lib_a-nano-vfprintf.o)
                0x0000000008002c0a                __sfputs_r
 *fill*         0x0000000008002c2e        0x2 
 .text._vfprintf_r
                0x0000000008002c30      0x260 e:/st/stm32cubeide_1.7.0/stm32cubeide/plugins/com.st.stm32cube.ide.mcu.externaltools.gnu-tools-for-stm32.9-2020-q2-update.win32_2.0.0.202105311346/tools/bin/../lib/gcc/arm-none-eabi/9.3.1/../../../../arm-none-eabi/lib/thumb/v7e-m+dp/hard\libc_nano.a(lib_a-nano-vfprintf.o)
                0x0000000008002c30                _vfprintf_r
                0x0000000008002c30                _vfiprintf_r
 .text._printf_common
                0x0000000008002e90       0xda e:/st/stm32cubeide_1.7.0/stm32cubeide/plugins/com.st.stm32cube.ide.mcu.externaltools.gnu-tools-for-stm32.9-2020-q2-update.win32_2.0.0.202105311346/tools/bin/../lib/gcc/arm-none-eabi/9.3.1/../../../../arm-none-eabi/lib/thumb/v7e-m+dp/hard\libc_nano.a(lib_a-nano-vfprintf_i.o)
                0x0000000008002e90                _printf_common
 *fill*         0x0000000008002f6a        0x2 
 .text._printf_i
                0x0000000008002f6c      0x24c e:/st/stm32cubeide_1.7.0/stm32cubeide/plugins/com.st.stm32cube.ide.mcu.externaltools.gnu-tools-for-stm32.9-2020-q2-update.win32_2.0.0.202105311346/tools/bin/../lib/gcc/arm-none-eabi/9.3.1/../../../../arm-none-eabi/lib/thumb/v7e-m+dp/hard\libc_nano.a(lib_a-nano-vfprintf_i.o)
                0x0000000008002f6c                _printf_i
 .text.__swbuf_r
                0x00000000080031b8       0xa4 e:/st/stm32cubeide_1.7.0/stm32cubeide/plugins/com.st.stm32cube.ide.mcu.externaltools.gnu-tools-for-stm32.9-2020-q2-update.win32_2.0.0.202105311346/tools/bin/../lib/gcc/arm-none-eabi/9.3.1/../../../../arm-none-eabi/lib/thumb/v7e-m+dp/hard\libc_nano.a(lib_a-wbuf.o)
                0x00000000080031b8                __swbuf_r
 .text.__swsetup_r
                0x000000000800325c       0xdc e:/st/stm32cubeide_1.7.0/stm32cubeide/plugins/com.st.stm32cube.ide.mcu.externaltools.gnu-tools-for-stm32.9-2020-q2-update.win32_2.0.0.202105311346/tools/bin/../lib/gcc/arm-none-eabi/9.3.1/../../../../arm-none-eabi/lib/thumb/v7e-m+dp/hard\libc_nano.a(lib_a-wsetup.o)
                0x000000000800325c                __swsetup_r
 .text.abort    0x0000000008003338        0xe e:/st/stm32cubeide_1.7.0/stm32cubeide/plugins/com.st.stm32cube.ide.mcu.externaltools.gnu-tools-for-stm32.9-2020-q2-update.win32_2.0.0.202105311346/tools/bin/../lib/gcc/arm-none-eabi/9.3.1/../../../../arm-none-eabi/lib/thumb/v7e-m+dp/hard\libc_nano.a(lib_a-abort.o)
                0x0000000008003338                abort
 *fill*         0x0000000008003346        0x2 
 .text.__sflush_r
                0x0000000008003348      0x10c e:/st/stm32cubeide_1.7.0/stm32cubeide/plugins/com.st.stm32cube.ide.mcu.externaltools.gnu-tools-for-stm32.9-2020-q2-update.win32_2.0.0.202105311346/tools/bin/../lib/gcc/arm-none-eabi/9.3.1/../../../../arm-none-eabi/lib/thumb/v7e-m+dp/hard\libc_nano.a(lib_a-fflush.o)
                0x0000000008003348                __sflush_r
 .text._fflush_r
                0x0000000008003454       0x78 e:/st/stm32cubeide_1.7.0/stm32cubeide/plugins/com.st.stm32cube.ide.mcu.externaltools.gnu-tools-for-stm32.9-2020-q2-update.win32_2.0.0.202105311346/tools/bin/../lib/gcc/arm-none-eabi/9.3.1/../../../../arm-none-eabi/lib/thumb/v7e-m+dp/hard\libc_nano.a(lib_a-fflush.o)
                0x0000000008003454                _fflush_r
 .text.std      0x00000000080034cc       0x48 e:/st/stm32cubeide_1.7.0/stm32cubeide/plugins/com.st.stm32cube.ide.mcu.externaltools.gnu-tools-for-stm32.9-2020-q2-update.win32_2.0.0.202105311346/tools/bin/../lib/gcc/arm-none-eabi/9.3.1/../../../../arm-none-eabi/lib/thumb/v7e-m+dp/hard\libc_nano.a(lib_a-findfp.o)
 .text._cleanup_r
                0x0000000008003514        0xc e:/st/stm32cubeide_1.7.0/stm32cubeide/plugins/com.st.stm32cube.ide.mcu.externaltools.gnu-tools-for-stm32.9-2020-q2-update.win32_2.0.0.202105311346/tools/bin/../lib/gcc/arm-none-eabi/9.3.1/../../../../arm-none-eabi/lib/thumb/v7e-m+dp/hard\libc_nano.a(lib_a-findfp.o)
                0x0000000008003514                _cleanup_r
 .text.__sfmoreglue
                0x0000000008003520       0x2c e:/st/stm32cubeide_1.7.0/stm32cubeide/plugins/com.st.stm32cube.ide.mcu.externaltools.gnu-tools-for-stm32.9-2020-q2-update.win32_2.0.0.202105311346/tools/bin/../lib/gcc/arm-none-eabi/9.3.1/../../../../arm-none-eabi/lib/thumb/v7e-m+dp/hard\libc_nano.a(lib_a-findfp.o)
                0x0000000008003520                __sfmoreglue
 .text.__sfp_lock_acquire
                0x000000000800354c        0xc e:/st/stm32cubeide_1.7.0/stm32cubeide/plugins/com.st.stm32cube.ide.mcu.externaltools.gnu-tools-for-stm32.9-2020-q2-update.win32_2.0.0.202105311346/tools/bin/../lib/gcc/arm-none-eabi/9.3.1/../../../../arm-none-eabi/lib/thumb/v7e-m+dp/hard\libc_nano.a(lib_a-findfp.o)
                0x000000000800354c                __sfp_lock_acquire
 .text.__sfp_lock_release
                0x0000000008003558        0xc e:/st/stm32cubeide_1.7.0/stm32cubeide/plugins/com.st.stm32cube.ide.mcu.externaltools.gnu-tools-for-stm32.9-2020-q2-update.win32_2.0.0.202105311346/tools/bin/../lib/gcc/arm-none-eabi/9.3.1/../../../../arm-none-eabi/lib/thumb/v7e-m+dp/hard\libc_nano.a(lib_a-findfp.o)
                0x0000000008003558                __sfp_lock_release
 .text.__sinit_lock_acquire
                0x0000000008003564        0xc e:/st/stm32cubeide_1.7.0/stm32cubeide/plugins/com.st.stm32cube.ide.mcu.externaltools.gnu-tools-for-stm32.9-2020-q2-update.win32_2.0.0.202105311346/tools/bin/../lib/gcc/arm-none-eabi/9.3.1/../../../../arm-none-eabi/lib/thumb/v7e-m+dp/hard\libc_nano.a(lib_a-findfp.o)
                0x0000000008003564                __sinit_lock_acquire
 .text.__sinit_lock_release
                0x0000000008003570        0xc e:/st/stm32cubeide_1.7.0/stm32cubeide/plugins/com.st.stm32cube.ide.mcu.externaltools.gnu-tools-for-stm32.9-2020-q2-update.win32_2.0.0.202105311346/tools/bin/../lib/gcc/arm-none-eabi/9.3.1/../../../../arm-none-eabi/lib/thumb/v7e-m+dp/hard\libc_nano.a(lib_a-findfp.o)
                0x0000000008003570                __sinit_lock_release
 .text.__sinit  0x000000000800357c       0x70 e:/st/stm32cubeide_1.7.0/stm32cubeide/plugins/com.st.stm32cube.ide.mcu.externaltools.gnu-tools-for-stm32.9-2020-q2-update.win32_2.0.0.202105311346/tools/bin/../lib/gcc/arm-none-eabi/9.3.1/../../../../arm-none-eabi/lib/thumb/v7e-m+dp/hard\libc_nano.a(lib_a-findfp.o)
                0x000000000800357c                __sinit
 .text.__sfp    0x00000000080035ec       0x8c e:/st/stm32cubeide_1.7.0/stm32cubeide/plugins/com.st.stm32cube.ide.mcu.externaltools.gnu-tools-for-stm32.9-2020-q2-update.win32_2.0.0.202105311346/tools/bin/../lib/gcc/arm-none-eabi/9.3.1/../../../../arm-none-eabi/lib/thumb/v7e-m+dp/hard\libc_nano.a(lib_a-findfp.o)
                0x00000000080035ec                __sfp
 .text._fwalk_reent
                0x0000000008003678       0x3e e:/st/stm32cubeide_1.7.0/stm32cubeide/plugins/com.st.stm32cube.ide.mcu.externaltools.gnu-tools-for-stm32.9-2020-q2-update.win32_2.0.0.202105311346/tools/bin/../lib/gcc/arm-none-eabi/9.3.1/../../../../arm-none-eabi/lib/thumb/v7e-m+dp/hard\libc_nano.a(lib_a-fwalk.o)
                0x0000000008003678                _fwalk_reent
 .text.__retarget_lock_init_recursive
                0x00000000080036b6        0x2 e:/st/stm32cubeide_1.7.0/stm32cubeide/plugins/com.st.stm32cube.ide.mcu.externaltools.gnu-tools-for-stm32.9-2020-q2-update.win32_2.0.0.202105311346/tools/bin/../lib/gcc/arm-none-eabi/9.3.1/../../../../arm-none-eabi/lib/thumb/v7e-m+dp/hard\libc_nano.a(lib_a-lock.o)
                0x00000000080036b6                __retarget_lock_init_recursive
 .text.__retarget_lock_acquire_recursive
                0x00000000080036b8        0x2 e:/st/stm32cubeide_1.7.0/stm32cubeide/plugins/com.st.stm32cube.ide.mcu.externaltools.gnu-tools-for-stm32.9-2020-q2-update.win32_2.0.0.202105311346/tools/bin/../lib/gcc/arm-none-eabi/9.3.1/../../../../arm-none-eabi/lib/thumb/v7e-m+dp/hard\libc_nano.a(lib_a-lock.o)
                0x00000000080036b8                __retarget_lock_acquire_recursive
 .text.__retarget_lock_release_recursive
                0x00000000080036ba        0x2 e:/st/stm32cubeide_1.7.0/stm32cubeide/plugins/com.st.stm32cube.ide.mcu.externaltools.gnu-tools-for-stm32.9-2020-q2-update.win32_2.0.0.202105311346/tools/bin/../lib/gcc/arm-none-eabi/9.3.1/../../../../arm-none-eabi/lib/thumb/v7e-m+dp/hard\libc_nano.a(lib_a-lock.o)
                0x00000000080036ba                __retarget_lock_release_recursive
 .text.__swhatbuf_r
                0x00000000080036bc       0x48 e:/st/stm32cubeide_1.7.0/stm32cubeide/plugins/com.st.stm32cube.ide.mcu.externaltools.gnu-tools-for-stm32.9-2020-q2-update.win32_2.0.0.202105311346/tools/bin/../lib/gcc/arm-none-eabi/9.3.1/../../../../arm-none-eabi/lib/thumb/v7e-m+dp/hard\libc_nano.a(lib_a-makebuf.o)
                0x00000000080036bc                __swhatbuf_r
 .text.__smakebuf_r
                0x0000000008003704       0x80 e:/st/stm32cubeide_1.7.0/stm32cubeide/plugins/com.st.stm32cube.ide.mcu.externaltools.gnu-tools-for-stm32.9-2020-q2-update.win32_2.0.0.202105311346/tools/bin/../lib/gcc/arm-none-eabi/9.3.1/../../../../arm-none-eabi/lib/thumb/v7e-m+dp/hard\libc_nano.a(lib_a-makebuf.o)
                0x0000000008003704                __smakebuf_r
 .text._raise_r
                0x0000000008003784       0x50 e:/st/stm32cubeide_1.7.0/stm32cubeide/plugins/com.st.stm32cube.ide.mcu.externaltools.gnu-tools-for-stm32.9-2020-q2-update.win32_2.0.0.202105311346/tools/bin/../lib/gcc/arm-none-eabi/9.3.1/../../../../arm-none-eabi/lib/thumb/v7e-m+dp/hard\libc_nano.a(lib_a-signal.o)
                0x0000000008003784                _raise_r
 .text.raise    0x00000000080037d4       0x10 e:/st/stm32cubeide_1.7.0/stm32cubeide/plugins/com.st.stm32cube.ide.mcu.externaltools.gnu-tools-for-stm32.9-2020-q2-update.win32_2.0.0.202105311346/tools/bin/../lib/gcc/arm-none-eabi/9.3.1/../../../../arm-none-eabi/lib/thumb/v7e-m+dp/hard\libc_nano.a(lib_a-signal.o)
                0x00000000080037d4                raise
 .text._kill_r  0x00000000080037e4       0x24 e:/st/stm32cubeide_1.7.0/stm32cubeide/plugins/com.st.stm32cube.ide.mcu.externaltools.gnu-tools-for-stm32.9-2020-q2-update.win32_2.0.0.202105311346/tools/bin/../lib/gcc/arm-none-eabi/9.3.1/../../../../arm-none-eabi/lib/thumb/v7e-m+dp/hard\libc_nano.a(lib_a-signalr.o)
                0x00000000080037e4                _kill_r
 .text._getpid_r
                0x0000000008003808        0x4 e:/st/stm32cubeide_1.7.0/stm32cubeide/plugins/com.st.stm32cube.ide.mcu.externaltools.gnu-tools-for-stm32.9-2020-q2-update.win32_2.0.0.202105311346/tools/bin/../lib/gcc/arm-none-eabi/9.3.1/../../../../arm-none-eabi/lib/thumb/v7e-m+dp/hard\libc_nano.a(lib_a-signalr.o)
                0x0000000008003808                _getpid_r
 .text.__sread  0x000000000800380c       0x22 e:/st/stm32cubeide_1.7.0/stm32cubeide/plugins/com.st.stm32cube.ide.mcu.externaltools.gnu-tools-for-stm32.9-2020-q2-update.win32_2.0.0.202105311346/tools/bin/../lib/gcc/arm-none-eabi/9.3.1/../../../../arm-none-eabi/lib/thumb/v7e-m+dp/hard\libc_nano.a(lib_a-stdio.o)
                0x000000000800380c                __sread
 .text.__swrite
                0x000000000800382e       0x38 e:/st/stm32cubeide_1.7.0/stm32cubeide/plugins/com.st.stm32cube.ide.mcu.externaltools.gnu-tools-for-stm32.9-2020-q2-update.win32_2.0.0.202105311346/tools/bin/../lib/gcc/arm-none-eabi/9.3.1/../../../../arm-none-eabi/lib/thumb/v7e-m+dp/hard\libc_nano.a(lib_a-stdio.o)
                0x000000000800382e                __swrite
 .text.__sseek  0x0000000008003866       0x24 e:/st/stm32cubeide_1.7.0/stm32cubeide/plugins/com.st.stm32cube.ide.mcu.externaltools.gnu-tools-for-stm32.9-2020-q2-update.win32_2.0.0.202105311346/tools/bin/../lib/gcc/arm-none-eabi/9.3.1/../../../../arm-none-eabi/lib/thumb/v7e-m+dp/hard\libc_nano.a(lib_a-stdio.o)
                0x0000000008003866                __sseek
 .text.__sclose
                0x000000000800388a        0x8 e:/st/stm32cubeide_1.7.0/stm32cubeide/plugins/com.st.stm32cube.ide.mcu.externaltools.gnu-tools-for-stm32.9-2020-q2-update.win32_2.0.0.202105311346/tools/bin/../lib/gcc/arm-none-eabi/9.3.1/../../../../arm-none-eabi/lib/thumb/v7e-m+dp/hard\libc_nano.a(lib_a-stdio.o)
                0x000000000800388a                __sclose
 *fill*         0x0000000008003892        0x2 
 .text._write_r
                0x0000000008003894       0x24 e:/st/stm32cubeide_1.7.0/stm32cubeide/plugins/com.st.stm32cube.ide.mcu.externaltools.gnu-tools-for-stm32.9-2020-q2-update.win32_2.0.0.202105311346/tools/bin/../lib/gcc/arm-none-eabi/9.3.1/../../../../arm-none-eabi/lib/thumb/v7e-m+dp/hard\libc_nano.a(lib_a-writer.o)
                0x0000000008003894                _write_r
 .text._close_r
                0x00000000080038b8       0x20 e:/st/stm32cubeide_1.7.0/stm32cubeide/plugins/com.st.stm32cube.ide.mcu.externaltools.gnu-tools-for-stm32.9-2020-q2-update.win32_2.0.0.202105311346/tools/bin/../lib/gcc/arm-none-eabi/9.3.1/../../../../arm-none-eabi/lib/thumb/v7e-m+dp/hard\libc_nano.a(lib_a-closer.o)
                0x00000000080038b8                _close_r
 .text._fstat_r
                0x00000000080038d8       0x24 e:/st/stm32cubeide_1.7.0/stm32cubeide/plugins/com.st.stm32cube.ide.mcu.externaltools.gnu-tools-for-stm32.9-2020-q2-update.win32_2.0.0.202105311346/tools/bin/../lib/gcc/arm-none-eabi/9.3.1/../../../../arm-none-eabi/lib/thumb/v7e-m+dp/hard\libc_nano.a(lib_a-fstatr.o)
                0x00000000080038d8                _fstat_r
 .text._isatty_r
                0x00000000080038fc       0x20 e:/st/stm32cubeide_1.7.0/stm32cubeide/plugins/com.st.stm32cube.ide.mcu.externaltools.gnu-tools-for-stm32.9-2020-q2-update.win32_2.0.0.202105311346/tools/bin/../lib/gcc/arm-none-eabi/9.3.1/../../../../arm-none-eabi/lib/thumb/v7e-m+dp/hard\libc_nano.a(lib_a-isattyr.o)
                0x00000000080038fc                _isatty_r
 .text._lseek_r
                0x000000000800391c       0x24 e:/st/stm32cubeide_1.7.0/stm32cubeide/plugins/com.st.stm32cube.ide.mcu.externaltools.gnu-tools-for-stm32.9-2020-q2-update.win32_2.0.0.202105311346/tools/bin/../lib/gcc/arm-none-eabi/9.3.1/../../../../arm-none-eabi/lib/thumb/v7e-m+dp/hard\libc_nano.a(lib_a-lseekr.o)
                0x000000000800391c                _lseek_r
 .text._read_r  0x0000000008003940       0x24 e:/st/stm32cubeide_1.7.0/stm32cubeide/plugins/com.st.stm32cube.ide.mcu.externaltools.gnu-tools-for-stm32.9-2020-q2-update.win32_2.0.0.202105311346/tools/bin/../lib/gcc/arm-none-eabi/9.3.1/../../../../arm-none-eabi/lib/thumb/v7e-m+dp/hard\libc_nano.a(lib_a-readr.o)
                0x0000000008003940                _read_r
 *(.glue_7)
 .glue_7        0x0000000008003964        0x0 linker stubs
 *(.glue_7t)
 .glue_7t       0x0000000008003964        0x0 linker stubs
 *(.eh_frame)
 .eh_frame      0x0000000008003964        0x0 e:/st/stm32cubeide_1.7.0/stm32cubeide/plugins/com.st.stm32cube.ide.mcu.externaltools.gnu-tools-for-stm32.9-2020-q2-update.win32_2.0.0.202105311346/tools/bin/../lib/gcc/arm-none-eabi/9.3.1/thumb/v7e-m+dp/hard/crtbegin.o
 *(.init)
 .init          0x0000000008003964        0x4 e:/st/stm32cubeide_1.7.0/stm32cubeide/plugins/com.st.stm32cube.ide.mcu.externaltools.gnu-tools-for-stm32.9-2020-q2-update.win32_2.0.0.202105311346/tools/bin/../lib/gcc/arm-none-eabi/9.3.1/thumb/v7e-m+dp/hard/crti.o
                0x0000000008003964                _init
 .init          0x0000000008003968        0x8 e:/st/stm32cubeide_1.7.0/stm32cubeide/plugins/com.st.stm32cube.ide.mcu.externaltools.gnu-tools-for-stm32.9-2020-q2-update.win32_2.0.0.202105311346/tools/bin/../lib/gcc/arm-none-eabi/9.3.1/thumb/v7e-m+dp/hard/crtn.o
 *(.fini)
 .fini          0x0000000008003970        0x4 e:/st/stm32cubeide_1.7.0/stm32cubeide/plugins/com.st.stm32cube.ide.mcu.externaltools.gnu-tools-for-stm32.9-2020-q2-update.win32_2.0.0.202105311346/tools/bin/../lib/gcc/arm-none-eabi/9.3.1/thumb/v7e-m+dp/hard/crti.o
                0x0000000008003970                _fini
 .fini          0x0000000008003974        0x8 e:/st/stm32cubeide_1.7.0/stm32cubeide/plugins/com.st.stm32cube.ide.mcu.externaltools.gnu-tools-for-stm32.9-2020-q2-update.win32_2.0.0.202105311346/tools/bin/../lib/gcc/arm-none-eabi/9.3.1/thumb/v7e-m+dp/hard/crtn.o
                0x000000000800397c                . = ALIGN (0x4)
                0x000000000800397c                _etext = .

.vfp11_veneer   0x000000000800397c        0x0
 .vfp11_veneer  0x000000000800397c        0x0 linker stubs

.v4_bx          0x000000000800397c        0x0
 .v4_bx         0x000000000800397c        0x0 linker stubs

.iplt           0x000000000800397c        0x0
 .iplt          0x000000000800397c        0x0 e:/st/stm32cubeide_1.7.0/stm32cubeide/plugins/com.st.stm32cube.ide.mcu.externaltools.gnu-tools-for-stm32.9-2020-q2-update.win32_2.0.0.202105311346/tools/bin/../lib/gcc/arm-none-eabi/9.3.1/thumb/v7e-m+dp/hard/crtbegin.o

.rodata         0x000000000800397c      0x2c4
                0x000000000800397c                . = ALIGN (0x4)
 *(.rodata)
 .rodata        0x000000000800397c       0xcf ./Src/Bluetooh.o
 *fill*         0x0000000008003a4b        0x1 
 .rodata        0x0000000008003a4c       0xa5 ./Src/Uart_new.o
 *(.rodata*)
 *fill*         0x0000000008003af1        0x3 
 .rodata._global_impure_ptr
                0x0000000008003af4        0x4 e:/st/stm32cubeide_1.7.0/stm32cubeide/plugins/com.st.stm32cube.ide.mcu.externaltools.gnu-tools-for-stm32.9-2020-q2-update.win32_2.0.0.202105311346/tools/bin/../lib/gcc/arm-none-eabi/9.3.1/../../../../arm-none-eabi/lib/thumb/v7e-m+dp/hard\libc_nano.a(lib_a-impure.o)
                0x0000000008003af4                _global_impure_ptr
 .rodata.strtok.str1.1
                0x0000000008003af8       0x78 e:/st/stm32cubeide_1.7.0/stm32cubeide/plugins/com.st.stm32cube.ide.mcu.externaltools.gnu-tools-for-stm32.9-2020-q2-update.win32_2.0.0.202105311346/tools/bin/../lib/gcc/arm-none-eabi/9.3.1/../../../../arm-none-eabi/lib/thumb/v7e-m+dp/hard\libc_nano.a(lib_a-strtok.o)
 .rodata.__assert_func.str1.1
                0x0000000008003b70       0x3c e:/st/stm32cubeide_1.7.0/stm32cubeide/plugins/com.st.stm32cube.ide.mcu.externaltools.gnu-tools-for-stm32.9-2020-q2-update.win32_2.0.0.202105311346/tools/bin/../lib/gcc/arm-none-eabi/9.3.1/../../../../arm-none-eabi/lib/thumb/v7e-m+dp/hard\libc_nano.a(lib_a-assert.o)
                                         0x3d (size before relaxing)
 .rodata._vfprintf_r.str1.1
                0x0000000008003bac       0x11 e:/st/stm32cubeide_1.7.0/stm32cubeide/plugins/com.st.stm32cube.ide.mcu.externaltools.gnu-tools-for-stm32.9-2020-q2-update.win32_2.0.0.202105311346/tools/bin/../lib/gcc/arm-none-eabi/9.3.1/../../../../arm-none-eabi/lib/thumb/v7e-m+dp/hard\libc_nano.a(lib_a-nano-vfprintf.o)
 .rodata._printf_i.str1.1
                0x0000000008003bbd       0x22 e:/st/stm32cubeide_1.7.0/stm32cubeide/plugins/com.st.stm32cube.ide.mcu.externaltools.gnu-tools-for-stm32.9-2020-q2-update.win32_2.0.0.202105311346/tools/bin/../lib/gcc/arm-none-eabi/9.3.1/../../../../arm-none-eabi/lib/thumb/v7e-m+dp/hard\libc_nano.a(lib_a-nano-vfprintf_i.o)
 *fill*         0x0000000008003bdf        0x1 
 .rodata.__sf_fake_stderr
                0x0000000008003be0       0x20 e:/st/stm32cubeide_1.7.0/stm32cubeide/plugins/com.st.stm32cube.ide.mcu.externaltools.gnu-tools-for-stm32.9-2020-q2-update.win32_2.0.0.202105311346/tools/bin/../lib/gcc/arm-none-eabi/9.3.1/../../../../arm-none-eabi/lib/thumb/v7e-m+dp/hard\libc_nano.a(lib_a-findfp.o)
                0x0000000008003be0                __sf_fake_stderr
 .rodata.__sf_fake_stdin
                0x0000000008003c00       0x20 e:/st/stm32cubeide_1.7.0/stm32cubeide/plugins/com.st.stm32cube.ide.mcu.externaltools.gnu-tools-for-stm32.9-2020-q2-update.win32_2.0.0.202105311346/tools/bin/../lib/gcc/arm-none-eabi/9.3.1/../../../../arm-none-eabi/lib/thumb/v7e-m+dp/hard\libc_nano.a(lib_a-findfp.o)
                0x0000000008003c00                __sf_fake_stdin
 .rodata.__sf_fake_stdout
                0x0000000008003c20       0x20 e:/st/stm32cubeide_1.7.0/stm32cubeide/plugins/com.st.stm32cube.ide.mcu.externaltools.gnu-tools-for-stm32.9-2020-q2-update.win32_2.0.0.202105311346/tools/bin/../lib/gcc/arm-none-eabi/9.3.1/../../../../arm-none-eabi/lib/thumb/v7e-m+dp/hard\libc_nano.a(lib_a-findfp.o)
                0x0000000008003c20                __sf_fake_stdout
                0x0000000008003c40                . = ALIGN (0x4)

.rel.dyn        0x0000000008003c40        0x0
 .rel.iplt      0x0000000008003c40        0x0 e:/st/stm32cubeide_1.7.0/stm32cubeide/plugins/com.st.stm32cube.ide.mcu.externaltools.gnu-tools-for-stm32.9-2020-q2-update.win32_2.0.0.202105311346/tools/bin/../lib/gcc/arm-none-eabi/9.3.1/thumb/v7e-m+dp/hard/crtbegin.o

.ARM.extab      0x0000000008003c40        0x0
                0x0000000008003c40                . = ALIGN (0x4)
 *(.ARM.extab* .gnu.linkonce.armextab.*)
                0x0000000008003c40                . = ALIGN (0x4)

.ARM            0x0000000008003c40        0x0
                0x0000000008003c40                . = ALIGN (0x4)
                0x0000000008003c40                __exidx_start = .
 *(.ARM.exidx*)
                0x0000000008003c40                __exidx_end = .
                0x0000000008003c40                . = ALIGN (0x4)

.preinit_array  0x0000000008003c40        0x0
                0x0000000008003c40                . = ALIGN (0x4)
                0x0000000008003c40                PROVIDE (__preinit_array_start = .)
 *(.preinit_array*)
                0x0000000008003c40                PROVIDE (__preinit_array_end = .)
                0x0000000008003c40                . = ALIGN (0x4)

.init_array     0x0000000008003c40        0x4
                0x0000000008003c40                . = ALIGN (0x4)
                0x0000000008003c40                PROVIDE (__init_array_start = .)
 *(SORT_BY_NAME(.init_array.*))
 *(.init_array*)
 .init_array    0x0000000008003c40        0x4 e:/st/stm32cubeide_1.7.0/stm32cubeide/plugins/com.st.stm32cube.ide.mcu.externaltools.gnu-tools-for-stm32.9-2020-q2-update.win32_2.0.0.202105311346/tools/bin/../lib/gcc/arm-none-eabi/9.3.1/thumb/v7e-m+dp/hard/crtbegin.o
                0x0000000008003c44                PROVIDE (__init_array_end = .)
                0x0000000008003c44                . = ALIGN (0x4)

.fini_array     0x0000000008003c44        0x4
                0x0000000008003c44                . = ALIGN (0x4)
                [!provide]                        PROVIDE (__fini_array_start = .)
 *(SORT_BY_NAME(.fini_array.*))
 *(.fini_array*)
 .fini_array    0x0000000008003c44        0x4 e:/st/stm32cubeide_1.7.0/stm32cubeide/plugins/com.st.stm32cube.ide.mcu.externaltools.gnu-tools-for-stm32.9-2020-q2-update.win32_2.0.0.202105311346/tools/bin/../lib/gcc/arm-none-eabi/9.3.1/thumb/v7e-m+dp/hard/crtbegin.o
                [!provide]                        PROVIDE (__fini_array_end = .)
                0x0000000008003c48                . = ALIGN (0x4)
                0x0000000008003c48                _sidata = LOADADDR (.data)

.data           0x0000000024000000       0x64 load address 0x0000000008003c48
                0x0000000024000000                . = ALIGN (0x4)
                0x0000000024000000                _sdata = .
 *(.data)
 *(.data*)
 .data._impure_ptr
                0x0000000024000000        0x4 e:/st/stm32cubeide_1.7.0/stm32cubeide/plugins/com.st.stm32cube.ide.mcu.externaltools.gnu-tools-for-stm32.9-2020-q2-update.win32_2.0.0.202105311346/tools/bin/../lib/gcc/arm-none-eabi/9.3.1/../../../../arm-none-eabi/lib/thumb/v7e-m+dp/hard\libc_nano.a(lib_a-impure.o)
                0x0000000024000000                _impure_ptr
 .data.impure_data
                0x0000000024000004       0x60 e:/st/stm32cubeide_1.7.0/stm32cubeide/plugins/com.st.stm32cube.ide.mcu.externaltools.gnu-tools-for-stm32.9-2020-q2-update.win32_2.0.0.202105311346/tools/bin/../lib/gcc/arm-none-eabi/9.3.1/../../../../arm-none-eabi/lib/thumb/v7e-m+dp/hard\libc_nano.a(lib_a-impure.o)
 *(.RamFunc)
 *(.RamFunc*)
                0x0000000024000064                . = ALIGN (0x4)
                0x0000000024000064                _edata = .

.igot.plt       0x0000000024000064        0x0 load address 0x0000000008003cac
 .igot.plt      0x0000000024000064        0x0 e:/st/stm32cubeide_1.7.0/stm32cubeide/plugins/com.st.stm32cube.ide.mcu.externaltools.gnu-tools-for-stm32.9-2020-q2-update.win32_2.0.0.202105311346/tools/bin/../lib/gcc/arm-none-eabi/9.3.1/thumb/v7e-m+dp/hard/crtbegin.o
                0x0000000024000064                . = ALIGN (0x4)

.bss            0x0000000024000064       0x9c load address 0x0000000008003cac
                0x0000000024000064                _sbss = .
                0x0000000024000064                __bss_start__ = _sbss
 *(.bss)
 .bss           0x0000000024000064       0x1c e:/st/stm32cubeide_1.7.0/stm32cubeide/plugins/com.st.stm32cube.ide.mcu.externaltools.gnu-tools-for-stm32.9-2020-q2-update.win32_2.0.0.202105311346/tools/bin/../lib/gcc/arm-none-eabi/9.3.1/thumb/v7e-m+dp/hard/crtbegin.o
 *(.bss*)
 .bss.Bluetooh_USART
                0x0000000024000080        0x4 ./Src/Bluetooh.o
 .bss.current_loc_buffer_rx_UART1
                0x0000000024000084        0x4 ./Src/Uart_new.o
                0x0000000024000084                current_loc_buffer_rx_UART1
 .bss.current_loc_buffer_rx_UART2
                0x0000000024000088        0x4 ./Src/Uart_new.o
                0x0000000024000088                current_loc_buffer_rx_UART2
 .bss.current_loc_buffer_rx_UART3
                0x000000002400008c        0x4 ./Src/Uart_new.o
                0x000000002400008c                current_loc_buffer_rx_UART3
 .bss.current_loc_buffer_rx_UART4
                0x0000000024000090        0x4 ./Src/Uart_new.o
                0x0000000024000090                current_loc_buffer_rx_UART4
 .bss.current_loc_buffer_rx_UART5
                0x0000000024000094        0x4 ./Src/Uart_new.o
                0x0000000024000094                current_loc_buffer_rx_UART5
 .bss.current_loc_buffer_rx_UART6
                0x0000000024000098        0x4 ./Src/Uart_new.o
                0x0000000024000098                current_loc_buffer_rx_UART6
 .bss.current_loc_buffer_rx_UART7
                0x000000002400009c        0x4 ./Src/Uart_new.o
                0x000000002400009c                current_loc_buffer_rx_UART7
 .bss.current_loc_buffer_rx_UART8
                0x00000000240000a0        0x4 ./Src/Uart_new.o
                0x00000000240000a0                current_loc_buffer_rx_UART8
 .bss.__sbrk_heap_end
                0x00000000240000a4        0x4 ./Src/sysmem.o
 .bss.__malloc_free_list
                0x00000000240000a8        0x4 e:/st/stm32cubeide_1.7.0/stm32cubeide/plugins/com.st.stm32cube.ide.mcu.externaltools.gnu-tools-for-stm32.9-2020-q2-update.win32_2.0.0.202105311346/tools/bin/../lib/gcc/arm-none-eabi/9.3.1/../../../../arm-none-eabi/lib/thumb/v7e-m+dp/hard\libc_nano.a(lib_a-nano-mallocr.o)
                0x00000000240000a8                __malloc_free_list
 .bss.__malloc_sbrk_start
                0x00000000240000ac        0x4 e:/st/stm32cubeide_1.7.0/stm32cubeide/plugins/com.st.stm32cube.ide.mcu.externaltools.gnu-tools-for-stm32.9-2020-q2-update.win32_2.0.0.202105311346/tools/bin/../lib/gcc/arm-none-eabi/9.3.1/../../../../arm-none-eabi/lib/thumb/v7e-m+dp/hard\libc_nano.a(lib_a-nano-mallocr.o)
                0x00000000240000ac                __malloc_sbrk_start
 *(COMMON)
 COMMON         0x00000000240000b0       0x40 ./Src/Uart_new.o
                0x00000000240000b0                UART4Buffer
                0x00000000240000b4                UART5Buffer
                0x00000000240000b8                Uart3_Baud_Rate
                0x00000000240000bc                UART1Buffer
                0x00000000240000c0                UART6Buffer
                0x00000000240000c4                UART8Buffer
                0x00000000240000c8                UART7Buffer
                0x00000000240000cc                UART3Buffer
                0x00000000240000d0                Uart4_Baud_Rate
                0x00000000240000d4                Uart2_Baud_Rate
                0x00000000240000d8                Uart8_Baud_Rate
                0x00000000240000dc                UART2Buffer
                0x00000000240000e0                Uart6_Baud_Rate
                0x00000000240000e4                Uart1_Baud_Rate
                0x00000000240000e8                Uart5_Baud_Rate
                0x00000000240000ec                Uart7_Baud_Rate
 COMMON         0x00000000240000f0        0x4 e:/st/stm32cubeide_1.7.0/stm32cubeide/plugins/com.st.stm32cube.ide.mcu.externaltools.gnu-tools-for-stm32.9-2020-q2-update.win32_2.0.0.202105311346/tools/bin/../lib/gcc/arm-none-eabi/9.3.1/../../../../arm-none-eabi/lib/thumb/v7e-m+dp/hard\libc_nano.a(lib_a-reent.o)
                0x00000000240000f0                errno
 COMMON         0x00000000240000f4        0x9 e:/st/stm32cubeide_1.7.0/stm32cubeide/plugins/com.st.stm32cube.ide.mcu.externaltools.gnu-tools-for-stm32.9-2020-q2-update.win32_2.0.0.202105311346/tools/bin/../lib/gcc/arm-none-eabi/9.3.1/../../../../arm-none-eabi/lib/thumb/v7e-m+dp/hard\libc_nano.a(lib_a-lock.o)
                0x00000000240000f4                __lock___atexit_recursive_mutex
                0x00000000240000f5                __lock___arc4random_mutex
                0x00000000240000f6                __lock___env_recursive_mutex
                0x00000000240000f7                __lock___sinit_recursive_mutex
                0x00000000240000f8                __lock___malloc_recursive_mutex
                0x00000000240000f9                __lock___at_quick_exit_mutex
                0x00000000240000fa                __lock___dd_hash_mutex
                0x00000000240000fb                __lock___tz_mutex
                0x00000000240000fc                __lock___sfp_recursive_mutex
                0x0000000024000100                . = ALIGN (0x4)
 *fill*         0x00000000240000fd        0x3 
                0x0000000024000100                _ebss = .
                0x0000000024000100                __bss_end__ = _ebss

._user_heap_stack
                0x0000000024000100      0x600 load address 0x0000000008003cac
                0x0000000024000100                . = ALIGN (0x8)
                [!provide]                        PROVIDE (end = .)
                0x0000000024000100                PROVIDE (_end = .)
                0x0000000024000300                . = (. + _Min_Heap_Size)
 *fill*         0x0000000024000100      0x200 
                0x0000000024000700                . = (. + _Min_Stack_Size)
 *fill*         0x0000000024000300      0x400 
                0x0000000024000700                . = ALIGN (0x8)

/DISCARD/
 libc.a(*)
 libm.a(*)
 libgcc.a(*)

.ARM.attributes
                0x0000000000000000       0x2e
 *(.ARM.attributes)
 .ARM.attributes
                0x0000000000000000       0x1e e:/st/stm32cubeide_1.7.0/stm32cubeide/plugins/com.st.stm32cube.ide.mcu.externaltools.gnu-tools-for-stm32.9-2020-q2-update.win32_2.0.0.202105311346/tools/bin/../lib/gcc/arm-none-eabi/9.3.1/thumb/v7e-m+dp/hard/crti.o
 .ARM.attributes
                0x000000000000001e       0x32 e:/st/stm32cubeide_1.7.0/stm32cubeide/plugins/com.st.stm32cube.ide.mcu.externaltools.gnu-tools-for-stm32.9-2020-q2-update.win32_2.0.0.202105311346/tools/bin/../lib/gcc/arm-none-eabi/9.3.1/thumb/v7e-m+dp/hard/crtbegin.o
 .ARM.attributes
                0x0000000000000050       0x32 ./Src/Bluetooh.o
 .ARM.attributes
                0x0000000000000082       0x32 ./Src/Clock.o
 .ARM.attributes
                0x00000000000000b4       0x32 ./Src/Gpio.o
 .ARM.attributes
                0x00000000000000e6       0x32 ./Src/Systick.o
 .ARM.attributes
                0x0000000000000118       0x32 ./Src/Uart_new.o
 .ARM.attributes
                0x000000000000014a       0x32 ./Src/main.o
 .ARM.attributes
                0x000000000000017c       0x32 ./Src/syscalls.o
 .ARM.attributes
                0x00000000000001ae       0x32 ./Src/sysmem.o
 .ARM.attributes
                0x00000000000001e0       0x21 ./Startup/startup_stm32h745zitx.o
 .ARM.attributes
                0x0000000000000201       0x32 e:/st/stm32cubeide_1.7.0/stm32cubeide/plugins/com.st.stm32cube.ide.mcu.externaltools.gnu-tools-for-stm32.9-2020-q2-update.win32_2.0.0.202105311346/tools/bin/../lib/gcc/arm-none-eabi/9.3.1/../../../../arm-none-eabi/lib/thumb/v7e-m+dp/hard\libc_nano.a(lib_a-errno.o)
 .ARM.attributes
                0x0000000000000233       0x30 e:/st/stm32cubeide_1.7.0/stm32cubeide/plugins/com.st.stm32cube.ide.mcu.externaltools.gnu-tools-for-stm32.9-2020-q2-update.win32_2.0.0.202105311346/tools/bin/../lib/gcc/arm-none-eabi/9.3.1/../../../../arm-none-eabi/lib/thumb/v7e-m+dp/hard\libc_nano.a(lib_a-impure.o)
 .ARM.attributes
                0x0000000000000263       0x32 e:/st/stm32cubeide_1.7.0/stm32cubeide/plugins/com.st.stm32cube.ide.mcu.externaltools.gnu-tools-for-stm32.9-2020-q2-update.win32_2.0.0.202105311346/tools/bin/../lib/gcc/arm-none-eabi/9.3.1/../../../../arm-none-eabi/lib/thumb/v7e-m+dp/hard\libc_nano.a(lib_a-init.o)
 .ARM.attributes
                0x0000000000000295       0x32 e:/st/stm32cubeide_1.7.0/stm32cubeide/plugins/com.st.stm32cube.ide.mcu.externaltools.gnu-tools-for-stm32.9-2020-q2-update.win32_2.0.0.202105311346/tools/bin/../lib/gcc/arm-none-eabi/9.3.1/../../../../arm-none-eabi/lib/thumb/v7e-m+dp/hard\libc_nano.a(lib_a-malloc.o)
 .ARM.attributes
                0x00000000000002c7       0x32 e:/st/stm32cubeide_1.7.0/stm32cubeide/plugins/com.st.stm32cube.ide.mcu.externaltools.gnu-tools-for-stm32.9-2020-q2-update.win32_2.0.0.202105311346/tools/bin/../lib/gcc/arm-none-eabi/9.3.1/../../../../arm-none-eabi/lib/thumb/v7e-m+dp/hard\libc_nano.a(lib_a-memset.o)
 .ARM.attributes
                0x00000000000002f9       0x32 e:/st/stm32cubeide_1.7.0/stm32cubeide/plugins/com.st.stm32cube.ide.mcu.externaltools.gnu-tools-for-stm32.9-2020-q2-update.win32_2.0.0.202105311346/tools/bin/../lib/gcc/arm-none-eabi/9.3.1/../../../../arm-none-eabi/lib/thumb/v7e-m+dp/hard\libc_nano.a(lib_a-nano-freer.o)
 .ARM.attributes
                0x000000000000032b       0x32 e:/st/stm32cubeide_1.7.0/stm32cubeide/plugins/com.st.stm32cube.ide.mcu.externaltools.gnu-tools-for-stm32.9-2020-q2-update.win32_2.0.0.202105311346/tools/bin/../lib/gcc/arm-none-eabi/9.3.1/../../../../arm-none-eabi/lib/thumb/v7e-m+dp/hard\libc_nano.a(lib_a-nano-mallocr.o)
 .ARM.attributes
                0x000000000000035d       0x32 e:/st/stm32cubeide_1.7.0/stm32cubeide/plugins/com.st.stm32cube.ide.mcu.externaltools.gnu-tools-for-stm32.9-2020-q2-update.win32_2.0.0.202105311346/tools/bin/../lib/gcc/arm-none-eabi/9.3.1/../../../../arm-none-eabi/lib/thumb/v7e-m+dp/hard\libc_nano.a(lib_a-sbrkr.o)
 .ARM.attributes
                0x000000000000038f       0x1c e:/st/stm32cubeide_1.7.0/stm32cubeide/plugins/com.st.stm32cube.ide.mcu.externaltools.gnu-tools-for-stm32.9-2020-q2-update.win32_2.0.0.202105311346/tools/bin/../lib/gcc/arm-none-eabi/9.3.1/../../../../arm-none-eabi/lib/thumb/v7e-m+dp/hard\libc_nano.a(lib_a-strcmp.o)
 .ARM.attributes
                0x00000000000003ab       0x17 e:/st/stm32cubeide_1.7.0/stm32cubeide/plugins/com.st.stm32cube.ide.mcu.externaltools.gnu-tools-for-stm32.9-2020-q2-update.win32_2.0.0.202105311346/tools/bin/../lib/gcc/arm-none-eabi/9.3.1/../../../../arm-none-eabi/lib/thumb/v7e-m+dp/hard\libc_nano.a(lib_a-strlen.o)
 .ARM.attributes
                0x00000000000003c2       0x32 e:/st/stm32cubeide_1.7.0/stm32cubeide/plugins/com.st.stm32cube.ide.mcu.externaltools.gnu-tools-for-stm32.9-2020-q2-update.win32_2.0.0.202105311346/tools/bin/../lib/gcc/arm-none-eabi/9.3.1/../../../../arm-none-eabi/lib/thumb/v7e-m+dp/hard\libc_nano.a(lib_a-strtok.o)
 .ARM.attributes
                0x00000000000003f4       0x32 e:/st/stm32cubeide_1.7.0/stm32cubeide/plugins/com.st.stm32cube.ide.mcu.externaltools.gnu-tools-for-stm32.9-2020-q2-update.win32_2.0.0.202105311346/tools/bin/../lib/gcc/arm-none-eabi/9.3.1/../../../../arm-none-eabi/lib/thumb/v7e-m+dp/hard\libc_nano.a(lib_a-strtok_r.o)
 .ARM.attributes
                0x0000000000000426       0x32 e:/st/stm32cubeide_1.7.0/stm32cubeide/plugins/com.st.stm32cube.ide.mcu.externaltools.gnu-tools-for-stm32.9-2020-q2-update.win32_2.0.0.202105311346/tools/bin/../lib/gcc/arm-none-eabi/9.3.1/../../../../arm-none-eabi/lib/thumb/v7e-m+dp/hard\libc_nano.a(lib_a-assert.o)
 .ARM.attributes
                0x0000000000000458       0x32 e:/st/stm32cubeide_1.7.0/stm32cubeide/plugins/com.st.stm32cube.ide.mcu.externaltools.gnu-tools-for-stm32.9-2020-q2-update.win32_2.0.0.202105311346/tools/bin/../lib/gcc/arm-none-eabi/9.3.1/../../../../arm-none-eabi/lib/thumb/v7e-m+dp/hard\libc_nano.a(lib_a-fprintf.o)
 .ARM.attributes
                0x000000000000048a       0x32 e:/st/stm32cubeide_1.7.0/stm32cubeide/plugins/com.st.stm32cube.ide.mcu.externaltools.gnu-tools-for-stm32.9-2020-q2-update.win32_2.0.0.202105311346/tools/bin/../lib/gcc/arm-none-eabi/9.3.1/../../../../arm-none-eabi/lib/thumb/v7e-m+dp/hard\libc_nano.a(lib_a-mlock.o)
 .ARM.attributes
                0x00000000000004bc       0x32 e:/st/stm32cubeide_1.7.0/stm32cubeide/plugins/com.st.stm32cube.ide.mcu.externaltools.gnu-tools-for-stm32.9-2020-q2-update.win32_2.0.0.202105311346/tools/bin/../lib/gcc/arm-none-eabi/9.3.1/../../../../arm-none-eabi/lib/thumb/v7e-m+dp/hard\libc_nano.a(lib_a-nano-vfprintf.o)
 .ARM.attributes
                0x00000000000004ee       0x32 e:/st/stm32cubeide_1.7.0/stm32cubeide/plugins/com.st.stm32cube.ide.mcu.externaltools.gnu-tools-for-stm32.9-2020-q2-update.win32_2.0.0.202105311346/tools/bin/../lib/gcc/arm-none-eabi/9.3.1/../../../../arm-none-eabi/lib/thumb/v7e-m+dp/hard\libc_nano.a(lib_a-nano-vfprintf_i.o)
 .ARM.attributes
                0x0000000000000520       0x32 e:/st/stm32cubeide_1.7.0/stm32cubeide/plugins/com.st.stm32cube.ide.mcu.externaltools.gnu-tools-for-stm32.9-2020-q2-update.win32_2.0.0.202105311346/tools/bin/../lib/gcc/arm-none-eabi/9.3.1/../../../../arm-none-eabi/lib/thumb/v7e-m+dp/hard\libc_nano.a(lib_a-reent.o)
 .ARM.attributes
                0x0000000000000552       0x32 e:/st/stm32cubeide_1.7.0/stm32cubeide/plugins/com.st.stm32cube.ide.mcu.externaltools.gnu-tools-for-stm32.9-2020-q2-update.win32_2.0.0.202105311346/tools/bin/../lib/gcc/arm-none-eabi/9.3.1/../../../../arm-none-eabi/lib/thumb/v7e-m+dp/hard\libc_nano.a(lib_a-wbuf.o)
 .ARM.attributes
                0x0000000000000584       0x32 e:/st/stm32cubeide_1.7.0/stm32cubeide/plugins/com.st.stm32cube.ide.mcu.externaltools.gnu-tools-for-stm32.9-2020-q2-update.win32_2.0.0.202105311346/tools/bin/../lib/gcc/arm-none-eabi/9.3.1/../../../../arm-none-eabi/lib/thumb/v7e-m+dp/hard\libc_nano.a(lib_a-wsetup.o)
 .ARM.attributes
                0x00000000000005b6       0x32 e:/st/stm32cubeide_1.7.0/stm32cubeide/plugins/com.st.stm32cube.ide.mcu.externaltools.gnu-tools-for-stm32.9-2020-q2-update.win32_2.0.0.202105311346/tools/bin/../lib/gcc/arm-none-eabi/9.3.1/../../../../arm-none-eabi/lib/thumb/v7e-m+dp/hard\libc_nano.a(lib_a-abort.o)
 .ARM.attributes
                0x00000000000005e8       0x32 e:/st/stm32cubeide_1.7.0/stm32cubeide/plugins/com.st.stm32cube.ide.mcu.externaltools.gnu-tools-for-stm32.9-2020-q2-update.win32_2.0.0.202105311346/tools/bin/../lib/gcc/arm-none-eabi/9.3.1/../../../../arm-none-eabi/lib/thumb/v7e-m+dp/hard\libc_nano.a(lib_a-fflush.o)
 .ARM.attributes
                0x000000000000061a       0x32 e:/st/stm32cubeide_1.7.0/stm32cubeide/plugins/com.st.stm32cube.ide.mcu.externaltools.gnu-tools-for-stm32.9-2020-q2-update.win32_2.0.0.202105311346/tools/bin/../lib/gcc/arm-none-eabi/9.3.1/../../../../arm-none-eabi/lib/thumb/v7e-m+dp/hard\libc_nano.a(lib_a-findfp.o)
 .ARM.attributes
                0x000000000000064c       0x32 e:/st/stm32cubeide_1.7.0/stm32cubeide/plugins/com.st.stm32cube.ide.mcu.externaltools.gnu-tools-for-stm32.9-2020-q2-update.win32_2.0.0.202105311346/tools/bin/../lib/gcc/arm-none-eabi/9.3.1/../../../../arm-none-eabi/lib/thumb/v7e-m+dp/hard\libc_nano.a(lib_a-fwalk.o)
 .ARM.attributes
                0x000000000000067e       0x32 e:/st/stm32cubeide_1.7.0/stm32cubeide/plugins/com.st.stm32cube.ide.mcu.externaltools.gnu-tools-for-stm32.9-2020-q2-update.win32_2.0.0.202105311346/tools/bin/../lib/gcc/arm-none-eabi/9.3.1/../../../../arm-none-eabi/lib/thumb/v7e-m+dp/hard\libc_nano.a(lib_a-lock.o)
 .ARM.attributes
                0x00000000000006b0       0x32 e:/st/stm32cubeide_1.7.0/stm32cubeide/plugins/com.st.stm32cube.ide.mcu.externaltools.gnu-tools-for-stm32.9-2020-q2-update.win32_2.0.0.202105311346/tools/bin/../lib/gcc/arm-none-eabi/9.3.1/../../../../arm-none-eabi/lib/thumb/v7e-m+dp/hard\libc_nano.a(lib_a-makebuf.o)
 .ARM.attributes
                0x00000000000006e2       0x1c e:/st/stm32cubeide_1.7.0/stm32cubeide/plugins/com.st.stm32cube.ide.mcu.externaltools.gnu-tools-for-stm32.9-2020-q2-update.win32_2.0.0.202105311346/tools/bin/../lib/gcc/arm-none-eabi/9.3.1/../../../../arm-none-eabi/lib/thumb/v7e-m+dp/hard\libc_nano.a(lib_a-memchr.o)
 .ARM.attributes
                0x00000000000006fe       0x32 e:/st/stm32cubeide_1.7.0/stm32cubeide/plugins/com.st.stm32cube.ide.mcu.externaltools.gnu-tools-for-stm32.9-2020-q2-update.win32_2.0.0.202105311346/tools/bin/../lib/gcc/arm-none-eabi/9.3.1/../../../../arm-none-eabi/lib/thumb/v7e-m+dp/hard\libc_nano.a(lib_a-signal.o)
 .ARM.attributes
                0x0000000000000730       0x32 e:/st/stm32cubeide_1.7.0/stm32cubeide/plugins/com.st.stm32cube.ide.mcu.externaltools.gnu-tools-for-stm32.9-2020-q2-update.win32_2.0.0.202105311346/tools/bin/../lib/gcc/arm-none-eabi/9.3.1/../../../../arm-none-eabi/lib/thumb/v7e-m+dp/hard\libc_nano.a(lib_a-signalr.o)
 .ARM.attributes
                0x0000000000000762       0x32 e:/st/stm32cubeide_1.7.0/stm32cubeide/plugins/com.st.stm32cube.ide.mcu.externaltools.gnu-tools-for-stm32.9-2020-q2-update.win32_2.0.0.202105311346/tools/bin/../lib/gcc/arm-none-eabi/9.3.1/../../../../arm-none-eabi/lib/thumb/v7e-m+dp/hard\libc_nano.a(lib_a-stdio.o)
 .ARM.attributes
                0x0000000000000794       0x32 e:/st/stm32cubeide_1.7.0/stm32cubeide/plugins/com.st.stm32cube.ide.mcu.externaltools.gnu-tools-for-stm32.9-2020-q2-update.win32_2.0.0.202105311346/tools/bin/../lib/gcc/arm-none-eabi/9.3.1/../../../../arm-none-eabi/lib/thumb/v7e-m+dp/hard\libc_nano.a(lib_a-writer.o)
 .ARM.attributes
                0x00000000000007c6       0x32 e:/st/stm32cubeide_1.7.0/stm32cubeide/plugins/com.st.stm32cube.ide.mcu.externaltools.gnu-tools-for-stm32.9-2020-q2-update.win32_2.0.0.202105311346/tools/bin/../lib/gcc/arm-none-eabi/9.3.1/../../../../arm-none-eabi/lib/thumb/v7e-m+dp/hard\libc_nano.a(lib_a-closer.o)
 .ARM.attributes
                0x00000000000007f8       0x32 e:/st/stm32cubeide_1.7.0/stm32cubeide/plugins/com.st.stm32cube.ide.mcu.externaltools.gnu-tools-for-stm32.9-2020-q2-update.win32_2.0.0.202105311346/tools/bin/../lib/gcc/arm-none-eabi/9.3.1/../../../../arm-none-eabi/lib/thumb/v7e-m+dp/hard\libc_nano.a(lib_a-fstatr.o)
 .ARM.attributes
                0x000000000000082a       0x32 e:/st/stm32cubeide_1.7.0/stm32cubeide/plugins/com.st.stm32cube.ide.mcu.externaltools.gnu-tools-for-stm32.9-2020-q2-update.win32_2.0.0.202105311346/tools/bin/../lib/gcc/arm-none-eabi/9.3.1/../../../../arm-none-eabi/lib/thumb/v7e-m+dp/hard\libc_nano.a(lib_a-isattyr.o)
 .ARM.attributes
                0x000000000000085c       0x32 e:/st/stm32cubeide_1.7.0/stm32cubeide/plugins/com.st.stm32cube.ide.mcu.externaltools.gnu-tools-for-stm32.9-2020-q2-update.win32_2.0.0.202105311346/tools/bin/../lib/gcc/arm-none-eabi/9.3.1/../../../../arm-none-eabi/lib/thumb/v7e-m+dp/hard\libc_nano.a(lib_a-lseekr.o)
 .ARM.attributes
                0x000000000000088e       0x32 e:/st/stm32cubeide_1.7.0/stm32cubeide/plugins/com.st.stm32cube.ide.mcu.externaltools.gnu-tools-for-stm32.9-2020-q2-update.win32_2.0.0.202105311346/tools/bin/../lib/gcc/arm-none-eabi/9.3.1/../../../../arm-none-eabi/lib/thumb/v7e-m+dp/hard\libc_nano.a(lib_a-readr.o)
 .ARM.attributes
                0x00000000000008c0       0x1e e:/st/stm32cubeide_1.7.0/stm32cubeide/plugins/com.st.stm32cube.ide.mcu.externaltools.gnu-tools-for-stm32.9-2020-q2-update.win32_2.0.0.202105311346/tools/bin/../lib/gcc/arm-none-eabi/9.3.1/thumb/v7e-m+dp/hard/crtn.o
OUTPUT(driver_CM7.elf elf32-littlearm)
LOAD linker stubs
LOAD e:/st/stm32cubeide_1.7.0/stm32cubeide/plugins/com.st.stm32cube.ide.mcu.externaltools.gnu-tools-for-stm32.9-2020-q2-update.win32_2.0.0.202105311346/tools/bin/../lib/gcc/arm-none-eabi/9.3.1/../../../../arm-none-eabi/lib/thumb/v7e-m+dp/hard\libc.a
LOAD e:/st/stm32cubeide_1.7.0/stm32cubeide/plugins/com.st.stm32cube.ide.mcu.externaltools.gnu-tools-for-stm32.9-2020-q2-update.win32_2.0.0.202105311346/tools/bin/../lib/gcc/arm-none-eabi/9.3.1/../../../../arm-none-eabi/lib/thumb/v7e-m+dp/hard\libm.a
LOAD e:/st/stm32cubeide_1.7.0/stm32cubeide/plugins/com.st.stm32cube.ide.mcu.externaltools.gnu-tools-for-stm32.9-2020-q2-update.win32_2.0.0.202105311346/tools/bin/../lib/gcc/arm-none-eabi/9.3.1/thumb/v7e-m+dp/hard\libgcc.a

.debug_info     0x0000000000000000     0x713d
 .debug_info    0x0000000000000000      0xd37 ./Src/Bluetooh.o
 .debug_info    0x0000000000000d37     0x1600 ./Src/Clock.o
 .debug_info    0x0000000000002337      0xa1d ./Src/Gpio.o
 .debug_info    0x0000000000002d54      0x19b ./Src/Systick.o
 .debug_info    0x0000000000002eef     0x1c42 ./Src/Uart_new.o
 .debug_info    0x0000000000004b31      0xc1d ./Src/main.o
 .debug_info    0x000000000000574e      0xfa8 ./Src/syscalls.o
 .debug_info    0x00000000000066f6      0xa25 ./Src/sysmem.o
 .debug_info    0x000000000000711b       0x22 ./Startup/startup_stm32h745zitx.o

.debug_abbrev   0x0000000000000000     0x1313
 .debug_abbrev  0x0000000000000000      0x243 ./Src/Bluetooh.o
 .debug_abbrev  0x0000000000000243      0x3a7 ./Src/Clock.o
 .debug_abbrev  0x00000000000005ea      0x1df ./Src/Gpio.o
 .debug_abbrev  0x00000000000007c9      0x107 ./Src/Systick.o
 .debug_abbrev  0x00000000000008d0      0x38c ./Src/Uart_new.o
 .debug_abbrev  0x0000000000000c5c      0x260 ./Src/main.o
 .debug_abbrev  0x0000000000000ebc      0x286 ./Src/syscalls.o
 .debug_abbrev  0x0000000000001142      0x1bf ./Src/sysmem.o
 .debug_abbrev  0x0000000000001301       0x12 ./Startup/startup_stm32h745zitx.o

.debug_aranges  0x0000000000000000      0x458
 .debug_aranges
                0x0000000000000000       0x40 ./Src/Bluetooh.o
 .debug_aranges
                0x0000000000000040      0x148 ./Src/Clock.o
 .debug_aranges
                0x0000000000000188       0x88 ./Src/Gpio.o
 .debug_aranges
                0x0000000000000210       0x20 ./Src/Systick.o
 .debug_aranges
                0x0000000000000230      0x108 ./Src/Uart_new.o
 .debug_aranges
                0x0000000000000338       0x30 ./Src/main.o
 .debug_aranges
                0x0000000000000368       0xa8 ./Src/syscalls.o
 .debug_aranges
                0x0000000000000410       0x20 ./Src/sysmem.o
 .debug_aranges
                0x0000000000000430       0x28 ./Startup/startup_stm32h745zitx.o

.debug_ranges   0x0000000000000000      0x3e8
 .debug_ranges  0x0000000000000000       0x30 ./Src/Bluetooh.o
 .debug_ranges  0x0000000000000030      0x138 ./Src/Clock.o
 .debug_ranges  0x0000000000000168       0x78 ./Src/Gpio.o
 .debug_ranges  0x00000000000001e0       0x10 ./Src/Systick.o
 .debug_ranges  0x00000000000001f0      0x110 ./Src/Uart_new.o
 .debug_ranges  0x0000000000000300       0x20 ./Src/main.o
 .debug_ranges  0x0000000000000320       0x98 ./Src/syscalls.o
 .debug_ranges  0x00000000000003b8       0x10 ./Src/sysmem.o
 .debug_ranges  0x00000000000003c8       0x20 ./Startup/startup_stm32h745zitx.o

.debug_macro    0x0000000000000000    0x2b897
 .debug_macro   0x0000000000000000      0x1f3 ./Src/Bluetooh.o
 .debug_macro   0x00000000000001f3      0xad2 ./Src/Bluetooh.o
 .debug_macro   0x0000000000000cc5       0x10 ./Src/Bluetooh.o
 .debug_macro   0x0000000000000cd5       0x49 ./Src/Bluetooh.o
 .debug_macro   0x0000000000000d1e       0x22 ./Src/Bluetooh.o
 .debug_macro   0x0000000000000d40       0x8e ./Src/Bluetooh.o
 .debug_macro   0x0000000000000dce       0x51 ./Src/Bluetooh.o
 .debug_macro   0x0000000000000e1f      0x103 ./Src/Bluetooh.o
 .debug_macro   0x0000000000000f22       0x6a ./Src/Bluetooh.o
 .debug_macro   0x0000000000000f8c      0x1df ./Src/Bluetooh.o
 .debug_macro   0x000000000000116b       0x1c ./Src/Bluetooh.o
 .debug_macro   0x0000000000001187       0x22 ./Src/Bluetooh.o
 .debug_macro   0x00000000000011a9      0x101 ./Src/Bluetooh.o
 .debug_macro   0x00000000000012aa     0x1305 ./Src/Bluetooh.o
 .debug_macro   0x00000000000025af      0x11f ./Src/Bluetooh.o
 .debug_macro   0x00000000000026ce       0x27 ./Src/Bluetooh.o
 .debug_macro   0x00000000000026f5    0x26895 ./Src/Bluetooh.o
 .debug_macro   0x0000000000028f8a       0x22 ./Src/Bluetooh.o
 .debug_macro   0x0000000000028fac       0x16 ./Src/Bluetooh.o
 .debug_macro   0x0000000000028fc2       0x52 ./Src/Bluetooh.o
 .debug_macro   0x0000000000029014       0x17 ./Src/Bluetooh.o
 .debug_macro   0x000000000002902b       0x3c ./Src/Bluetooh.o
 .debug_macro   0x0000000000029067       0x34 ./Src/Bluetooh.o
 .debug_macro   0x000000000002909b      0x174 ./Src/Bluetooh.o
 .debug_macro   0x000000000002920f       0x16 ./Src/Bluetooh.o
 .debug_macro   0x0000000000029225       0x43 ./Src/Bluetooh.o
 .debug_macro   0x0000000000029268       0x34 ./Src/Bluetooh.o
 .debug_macro   0x000000000002929c       0x10 ./Src/Bluetooh.o
 .debug_macro   0x00000000000292ac       0x58 ./Src/Bluetooh.o
 .debug_macro   0x0000000000029304       0x71 ./Src/Bluetooh.o
 .debug_macro   0x0000000000029375       0x1c ./Src/Bluetooh.o
 .debug_macro   0x0000000000029391      0x12a ./Src/Bluetooh.o
 .debug_macro   0x00000000000294bb      0x333 ./Src/Bluetooh.o
 .debug_macro   0x00000000000297ee       0x10 ./Src/Bluetooh.o
 .debug_macro   0x00000000000297fe       0x35 ./Src/Bluetooh.o
 .debug_macro   0x0000000000029833       0x20 ./Src/Bluetooh.o
 .debug_macro   0x0000000000029853       0x16 ./Src/Bluetooh.o
 .debug_macro   0x0000000000029869       0x16 ./Src/Bluetooh.o
 .debug_macro   0x000000000002987f       0x29 ./Src/Bluetooh.o
 .debug_macro   0x00000000000298a8      0x27e ./Src/Clock.o
 .debug_macro   0x0000000000029b26       0x16 ./Src/Clock.o
 .debug_macro   0x0000000000029b3c       0x97 ./Src/Clock.o
 .debug_macro   0x0000000000029bd3       0xfd ./Src/Clock.o
 .debug_macro   0x0000000000029cd0       0x10 ./Src/Clock.o
 .debug_macro   0x0000000000029ce0       0x10 ./Src/Clock.o
 .debug_macro   0x0000000000029cf0       0x1c ./Src/Clock.o
 .debug_macro   0x0000000000029d0c       0x52 ./Src/Clock.o
 .debug_macro   0x0000000000029d5e       0x22 ./Src/Clock.o
 .debug_macro   0x0000000000029d80       0x10 ./Src/Clock.o
 .debug_macro   0x0000000000029d90       0x40 ./Src/Clock.o
 .debug_macro   0x0000000000029dd0       0xd5 ./Src/Clock.o
 .debug_macro   0x0000000000029ea5       0x1c ./Src/Clock.o
 .debug_macro   0x0000000000029ec1       0x3d ./Src/Clock.o
 .debug_macro   0x0000000000029efe       0x16 ./Src/Clock.o
 .debug_macro   0x0000000000029f14      0x145 ./Src/Clock.o
 .debug_macro   0x000000000002a059      0x118 ./Src/Gpio.o
 .debug_macro   0x000000000002a171       0xef ./Src/Systick.o
 .debug_macro   0x000000000002a260      0x254 ./Src/Uart_new.o
 .debug_macro   0x000000000002a4b4      0x1d7 ./Src/main.o
 .debug_macro   0x000000000002a68b      0x10e ./Src/main.o
 .debug_macro   0x000000000002a799       0x8d ./Src/main.o
 .debug_macro   0x000000000002a826      0x24c ./Src/syscalls.o
 .debug_macro   0x000000000002aa72       0x4c ./Src/syscalls.o
 .debug_macro   0x000000000002aabe       0x94 ./Src/syscalls.o
 .debug_macro   0x000000000002ab52       0x57 ./Src/syscalls.o
 .debug_macro   0x000000000002aba9      0x339 ./Src/syscalls.o
 .debug_macro   0x000000000002aee2       0x10 ./Src/syscalls.o
 .debug_macro   0x000000000002aef2       0x10 ./Src/syscalls.o
 .debug_macro   0x000000000002af02       0x10 ./Src/syscalls.o
 .debug_macro   0x000000000002af12       0x35 ./Src/syscalls.o
 .debug_macro   0x000000000002af47      0x12c ./Src/syscalls.o
 .debug_macro   0x000000000002b073       0x10 ./Src/syscalls.o
 .debug_macro   0x000000000002b083      0x241 ./Src/syscalls.o
 .debug_macro   0x000000000002b2c4       0x1c ./Src/syscalls.o
 .debug_macro   0x000000000002b2e0       0x10 ./Src/syscalls.o
 .debug_macro   0x000000000002b2f0      0x189 ./Src/syscalls.o
 .debug_macro   0x000000000002b479       0x16 ./Src/syscalls.o
 .debug_macro   0x000000000002b48f       0xce ./Src/syscalls.o
 .debug_macro   0x000000000002b55d       0xff ./Src/sysmem.o
 .debug_macro   0x000000000002b65c      0x23b ./Src/sysmem.o

.debug_line     0x0000000000000000     0x4bf0
 .debug_line    0x0000000000000000      0x8cc ./Src/Bluetooh.o
 .debug_line    0x00000000000008cc     0x1067 ./Src/Clock.o
 .debug_line    0x0000000000001933      0xbcf ./Src/Gpio.o
 .debug_line    0x0000000000002502      0x547 ./Src/Systick.o
 .debug_line    0x0000000000002a49      0xd30 ./Src/Uart_new.o
 .debug_line    0x0000000000003779      0x703 ./Src/main.o
 .debug_line    0x0000000000003e7c      0x7fd ./Src/syscalls.o
 .debug_line    0x0000000000004679      0x4f3 ./Src/sysmem.o
 .debug_line    0x0000000000004b6c       0x84 ./Startup/startup_stm32h745zitx.o

.debug_str      0x0000000000000000    0xf2580
 .debug_str     0x0000000000000000    0xee89f ./Src/Bluetooh.o
                                      0xeebd5 (size before relaxing)
 .debug_str     0x00000000000ee89f     0x14ed ./Src/Clock.o
                                      0xefe6c (size before relaxing)
 .debug_str     0x00000000000efd8c      0x1d9 ./Src/Gpio.o
                                      0xeb8b3 (size before relaxing)
 .debug_str     0x00000000000eff65       0xbe ./Src/Systick.o
                                      0xeb513 (size before relaxing)
 .debug_str     0x00000000000f0023      0xe01 ./Src/Uart_new.o
                                      0xefc46 (size before relaxing)
 .debug_str     0x00000000000f0e24       0x55 ./Src/main.o
                                      0xeeb69 (size before relaxing)
 .debug_str     0x00000000000f0e79     0x1670 ./Src/syscalls.o
                                       0x8f26 (size before relaxing)
 .debug_str     0x00000000000f24e9       0x66 ./Src/sysmem.o
                                       0x62f9 (size before relaxing)
 .debug_str     0x00000000000f254f       0x31 ./Startup/startup_stm32h745zitx.o
                                         0x5e (size before relaxing)

.comment        0x0000000000000000       0x53
 .comment       0x0000000000000000       0x53 ./Src/Bluetooh.o
                                         0x54 (size before relaxing)
 .comment       0x0000000000000053       0x54 ./Src/Clock.o
 .comment       0x0000000000000053       0x54 ./Src/Gpio.o
 .comment       0x0000000000000053       0x54 ./Src/Systick.o
 .comment       0x0000000000000053       0x54 ./Src/Uart_new.o
 .comment       0x0000000000000053       0x54 ./Src/main.o
 .comment       0x0000000000000053       0x54 ./Src/syscalls.o
 .comment       0x0000000000000053       0x54 ./Src/sysmem.o

.debug_frame    0x0000000000000000     0x1a98
 .debug_frame   0x0000000000000000       0xd8 ./Src/Bluetooh.o
 .debug_frame   0x00000000000000d8      0x578 ./Src/Clock.o
 .debug_frame   0x0000000000000650      0x240 ./Src/Gpio.o
 .debug_frame   0x0000000000000890       0x34 ./Src/Systick.o
 .debug_frame   0x00000000000008c4      0x448 ./Src/Uart_new.o
 .debug_frame   0x0000000000000d0c       0x78 ./Src/main.o
 .debug_frame   0x0000000000000d84      0x2ac ./Src/syscalls.o
 .debug_frame   0x0000000000001030       0x34 ./Src/sysmem.o
 .debug_frame   0x0000000000001064       0x20 e:/st/stm32cubeide_1.7.0/stm32cubeide/plugins/com.st.stm32cube.ide.mcu.externaltools.gnu-tools-for-stm32.9-2020-q2-update.win32_2.0.0.202105311346/tools/bin/../lib/gcc/arm-none-eabi/9.3.1/../../../../arm-none-eabi/lib/thumb/v7e-m+dp/hard\libc_nano.a(lib_a-errno.o)
 .debug_frame   0x0000000000001084       0x2c e:/st/stm32cubeide_1.7.0/stm32cubeide/plugins/com.st.stm32cube.ide.mcu.externaltools.gnu-tools-for-stm32.9-2020-q2-update.win32_2.0.0.202105311346/tools/bin/../lib/gcc/arm-none-eabi/9.3.1/../../../../arm-none-eabi/lib/thumb/v7e-m+dp/hard\libc_nano.a(lib_a-init.o)
 .debug_frame   0x00000000000010b0       0x30 e:/st/stm32cubeide_1.7.0/stm32cubeide/plugins/com.st.stm32cube.ide.mcu.externaltools.gnu-tools-for-stm32.9-2020-q2-update.win32_2.0.0.202105311346/tools/bin/../lib/gcc/arm-none-eabi/9.3.1/../../../../arm-none-eabi/lib/thumb/v7e-m+dp/hard\libc_nano.a(lib_a-malloc.o)
 .debug_frame   0x00000000000010e0       0x20 e:/st/stm32cubeide_1.7.0/stm32cubeide/plugins/com.st.stm32cube.ide.mcu.externaltools.gnu-tools-for-stm32.9-2020-q2-update.win32_2.0.0.202105311346/tools/bin/../lib/gcc/arm-none-eabi/9.3.1/../../../../arm-none-eabi/lib/thumb/v7e-m+dp/hard\libc_nano.a(lib_a-memset.o)
 .debug_frame   0x0000000000001100       0x38 e:/st/stm32cubeide_1.7.0/stm32cubeide/plugins/com.st.stm32cube.ide.mcu.externaltools.gnu-tools-for-stm32.9-2020-q2-update.win32_2.0.0.202105311346/tools/bin/../lib/gcc/arm-none-eabi/9.3.1/../../../../arm-none-eabi/lib/thumb/v7e-m+dp/hard\libc_nano.a(lib_a-nano-freer.o)
 .debug_frame   0x0000000000001138       0x30 e:/st/stm32cubeide_1.7.0/stm32cubeide/plugins/com.st.stm32cube.ide.mcu.externaltools.gnu-tools-for-stm32.9-2020-q2-update.win32_2.0.0.202105311346/tools/bin/../lib/gcc/arm-none-eabi/9.3.1/../../../../arm-none-eabi/lib/thumb/v7e-m+dp/hard\libc_nano.a(lib_a-nano-mallocr.o)
 .debug_frame   0x0000000000001168       0x2c e:/st/stm32cubeide_1.7.0/stm32cubeide/plugins/com.st.stm32cube.ide.mcu.externaltools.gnu-tools-for-stm32.9-2020-q2-update.win32_2.0.0.202105311346/tools/bin/../lib/gcc/arm-none-eabi/9.3.1/../../../../arm-none-eabi/lib/thumb/v7e-m+dp/hard\libc_nano.a(lib_a-sbrkr.o)
 .debug_frame   0x0000000000001194       0x20 e:/st/stm32cubeide_1.7.0/stm32cubeide/plugins/com.st.stm32cube.ide.mcu.externaltools.gnu-tools-for-stm32.9-2020-q2-update.win32_2.0.0.202105311346/tools/bin/../lib/gcc/arm-none-eabi/9.3.1/../../../../arm-none-eabi/lib/thumb/v7e-m+dp/hard\libc_nano.a(lib_a-strcmp.o)
 .debug_frame   0x00000000000011b4       0x38 e:/st/stm32cubeide_1.7.0/stm32cubeide/plugins/com.st.stm32cube.ide.mcu.externaltools.gnu-tools-for-stm32.9-2020-q2-update.win32_2.0.0.202105311346/tools/bin/../lib/gcc/arm-none-eabi/9.3.1/../../../../arm-none-eabi/lib/thumb/v7e-m+dp/hard\libc_nano.a(lib_a-strtok.o)
 .debug_frame   0x00000000000011ec       0x40 e:/st/stm32cubeide_1.7.0/stm32cubeide/plugins/com.st.stm32cube.ide.mcu.externaltools.gnu-tools-for-stm32.9-2020-q2-update.win32_2.0.0.202105311346/tools/bin/../lib/gcc/arm-none-eabi/9.3.1/../../../../arm-none-eabi/lib/thumb/v7e-m+dp/hard\libc_nano.a(lib_a-strtok_r.o)
 .debug_frame   0x000000000000122c       0x40 e:/st/stm32cubeide_1.7.0/stm32cubeide/plugins/com.st.stm32cube.ide.mcu.externaltools.gnu-tools-for-stm32.9-2020-q2-update.win32_2.0.0.202105311346/tools/bin/../lib/gcc/arm-none-eabi/9.3.1/../../../../arm-none-eabi/lib/thumb/v7e-m+dp/hard\libc_nano.a(lib_a-assert.o)
 .debug_frame   0x000000000000126c       0x64 e:/st/stm32cubeide_1.7.0/stm32cubeide/plugins/com.st.stm32cube.ide.mcu.externaltools.gnu-tools-for-stm32.9-2020-q2-update.win32_2.0.0.202105311346/tools/bin/../lib/gcc/arm-none-eabi/9.3.1/../../../../arm-none-eabi/lib/thumb/v7e-m+dp/hard\libc_nano.a(lib_a-fprintf.o)
 .debug_frame   0x00000000000012d0       0x30 e:/st/stm32cubeide_1.7.0/stm32cubeide/plugins/com.st.stm32cube.ide.mcu.externaltools.gnu-tools-for-stm32.9-2020-q2-update.win32_2.0.0.202105311346/tools/bin/../lib/gcc/arm-none-eabi/9.3.1/../../../../arm-none-eabi/lib/thumb/v7e-m+dp/hard\libc_nano.a(lib_a-mlock.o)
 .debug_frame   0x0000000000001300       0xac e:/st/stm32cubeide_1.7.0/stm32cubeide/plugins/com.st.stm32cube.ide.mcu.externaltools.gnu-tools-for-stm32.9-2020-q2-update.win32_2.0.0.202105311346/tools/bin/../lib/gcc/arm-none-eabi/9.3.1/../../../../arm-none-eabi/lib/thumb/v7e-m+dp/hard\libc_nano.a(lib_a-nano-vfprintf.o)
 .debug_frame   0x00000000000013ac       0x60 e:/st/stm32cubeide_1.7.0/stm32cubeide/plugins/com.st.stm32cube.ide.mcu.externaltools.gnu-tools-for-stm32.9-2020-q2-update.win32_2.0.0.202105311346/tools/bin/../lib/gcc/arm-none-eabi/9.3.1/../../../../arm-none-eabi/lib/thumb/v7e-m+dp/hard\libc_nano.a(lib_a-nano-vfprintf_i.o)
 .debug_frame   0x000000000000140c       0x5c e:/st/stm32cubeide_1.7.0/stm32cubeide/plugins/com.st.stm32cube.ide.mcu.externaltools.gnu-tools-for-stm32.9-2020-q2-update.win32_2.0.0.202105311346/tools/bin/../lib/gcc/arm-none-eabi/9.3.1/../../../../arm-none-eabi/lib/thumb/v7e-m+dp/hard\libc_nano.a(lib_a-reent.o)
 .debug_frame   0x0000000000001468       0x40 e:/st/stm32cubeide_1.7.0/stm32cubeide/plugins/com.st.stm32cube.ide.mcu.externaltools.gnu-tools-for-stm32.9-2020-q2-update.win32_2.0.0.202105311346/tools/bin/../lib/gcc/arm-none-eabi/9.3.1/../../../../arm-none-eabi/lib/thumb/v7e-m+dp/hard\libc_nano.a(lib_a-wbuf.o)
 .debug_frame   0x00000000000014a8       0x2c e:/st/stm32cubeide_1.7.0/stm32cubeide/plugins/com.st.stm32cube.ide.mcu.externaltools.gnu-tools-for-stm32.9-2020-q2-update.win32_2.0.0.202105311346/tools/bin/../lib/gcc/arm-none-eabi/9.3.1/../../../../arm-none-eabi/lib/thumb/v7e-m+dp/hard\libc_nano.a(lib_a-wsetup.o)
 .debug_frame   0x00000000000014d4       0x28 e:/st/stm32cubeide_1.7.0/stm32cubeide/plugins/com.st.stm32cube.ide.mcu.externaltools.gnu-tools-for-stm32.9-2020-q2-update.win32_2.0.0.202105311346/tools/bin/../lib/gcc/arm-none-eabi/9.3.1/../../../../arm-none-eabi/lib/thumb/v7e-m+dp/hard\libc_nano.a(lib_a-abort.o)
 .debug_frame   0x00000000000014fc       0x5c e:/st/stm32cubeide_1.7.0/stm32cubeide/plugins/com.st.stm32cube.ide.mcu.externaltools.gnu-tools-for-stm32.9-2020-q2-update.win32_2.0.0.202105311346/tools/bin/../lib/gcc/arm-none-eabi/9.3.1/../../../../arm-none-eabi/lib/thumb/v7e-m+dp/hard\libc_nano.a(lib_a-fflush.o)