Archive member included to satisfy reference by file (symbol)

e:/st/stm32cubeide_1.7.0/stm32cubeide/plugins/com.st.stm32cube.ide.mcu.externaltools.gnu-tools-for-stm32.9-2020-q2-update.win32_2.0.0.202105311346/tools/bin/../lib/gcc/arm-none-eabi/9.3.1/../../../../arm-none-eabi/lib/thumb/v7e-m+dp/hard\libc_nano.a(lib_a-errno.o)
                              ./Src/syscalls.o (__errno)
e:/st/stm32cubeide_1.7.0/stm32cubeide/plugins/com.st.stm32cube.ide.mcu.externaltools.gnu-tools-for-stm32.9-2020-q2-update.win32_2.0.0.202105311346/tools/bin/../lib/gcc/arm-none-eabi/9.3.1/../../../../arm-none-eabi/lib/thumb/v7e-m+dp/hard\libc_nano.a(lib_a-exit.o)
                              e:/st/stm32cubeide_1.7.0/stm32cubeide/plugins/com.st.stm32cube.ide.mcu.externaltools.gnu-tools-for-stm32.9-2020-q2-update.win32_2.0.0.202105311346/tools/bin/../lib/gcc/arm-none-eabi/9.3.1/../../../../arm-none-eabi/lib/thumb/v7e-m+dp/hard/crt0.o (exit)
e:/st/stm32cubeide_1.7.0/stm32cubeide/plugins/com.st.stm32cube.ide.mcu.externaltools.gnu-tools-for-stm32.9-2020-q2-update.win32_2.0.0.202105311346/tools/bin/../lib/gcc/arm-none-eabi/9.3.1/../../../../arm-none-eabi/lib/thumb/v7e-m+dp/hard\libc_nano.a(lib_a-impure.o)
                              e:/st/stm32cubeide_1.7.0/stm32cubeide/plugins/com.st.stm32cube.ide.mcu.externaltools.gnu-tools-for-stm32.9-2020-q2-update.win32_2.0.0.202105311346/tools/bin/../lib/gcc/arm-none-eabi/9.3.1/../../../../arm-none-eabi/lib/thumb/v7e-m+dp/hard\libc_nano.a(lib_a-exit.o) (_global_impure_ptr)
e:/st/stm32cubeide_1.7.0/stm32cubeide/plugins/com.st.stm32cube.ide.mcu.externaltools.gnu-tools-for-stm32.9-2020-q2-update.win32_2.0.0.202105311346/tools/bin/../lib/gcc/arm-none-eabi/9.3.1/../../../../arm-none-eabi/lib/thumb/v7e-m+dp/hard\libc_nano.a(lib_a-init.o)
                              e:/st/stm32cubeide_1.7.0/stm32cubeide/plugins/com.st.stm32cube.ide.mcu.externaltools.gnu-tools-for-stm32.9-2020-q2-update.win32_2.0.0.202105311346/tools/bin/../lib/gcc/arm-none-eabi/9.3.1/../../../../arm-none-eabi/lib/thumb/v7e-m+dp/hard/crt0.o (__libc_init_array)
e:/st/stm32cubeide_1.7.0/stm32cubeide/plugins/com.st.stm32cube.ide.mcu.externaltools.gnu-tools-for-stm32.9-2020-q2-update.win32_2.0.0.202105311346/tools/bin/../lib/gcc/arm-none-eabi/9.3.1/../../../../arm-none-eabi/lib/thumb/v7e-m+dp/hard\libc_nano.a(lib_a-memset.o)
                              e:/st/stm32cubeide_1.7.0/stm32cubeide/plugins/com.st.stm32cube.ide.mcu.externaltools.gnu-tools-for-stm32.9-2020-q2-update.win32_2.0.0.202105311346/tools/bin/../lib/gcc/arm-none-eabi/9.3.1/../../../../arm-none-eabi/lib/thumb/v7e-m+dp/hard/crt0.o (memset)

Discarded input sections

 .text          0x0000000000000000        0x0 e:/st/stm32cubeide_1.7.0/stm32cubeide/plugins/com.st.stm32cube.ide.mcu.externaltools.gnu-tools-for-stm32.9-2020-q2-update.win32_2.0.0.202105311346/tools/bin/../lib/gcc/arm-none-eabi/9.3.1/thumb/v7e-m+dp/hard/crti.o
 .data          0x0000000000000000        0x0 e:/st/stm32cubeide_1.7.0/stm32cubeide/plugins/com.st.stm32cube.ide.mcu.externaltools.gnu-tools-for-stm32.9-2020-q2-update.win32_2.0.0.202105311346/tools/bin/../lib/gcc/arm-none-eabi/9.3.1/thumb/v7e-m+dp/hard/crti.o
 .bss           0x0000000000000000        0x0 e:/st/stm32cubeide_1.7.0/stm32cubeide/plugins/com.st.stm32cube.ide.mcu.externaltools.gnu-tools-for-stm32.9-2020-q2-update.win32_2.0.0.202105311346/tools/bin/../lib/gcc/arm-none-eabi/9.3.1/thumb/v7e-m+dp/hard/crti.o
 .data          0x0000000000000000        0x4 e:/st/stm32cubeide_1.7.0/stm32cubeide/plugins/com.st.stm32cube.ide.mcu.externaltools.gnu-tools-for-stm32.9-2020-q2-update.win32_2.0.0.202105311346/tools/bin/../lib/gcc/arm-none-eabi/9.3.1/thumb/v7e-m+dp/hard/crtbegin.o
 .text          0x0000000000000000       0x7c e:/st/stm32cubeide_1.7.0/stm32cubeide/plugins/com.st.stm32cube.ide.mcu.externaltools.gnu-tools-for-stm32.9-2020-q2-update.win32_2.0.0.202105311346/tools/bin/../lib/gcc/arm-none-eabi/9.3.1/../../../../arm-none-eabi/lib/thumb/v7e-m+dp/hard/crt0.o
 .data          0x0000000000000000        0x0 e:/st/stm32cubeide_1.7.0/stm32cubeide/plugins/com.st.stm32cube.ide.mcu.externaltools.gnu-tools-for-stm32.9-2020-q2-update.win32_2.0.0.202105311346/tools/bin/../lib/gcc/arm-none-eabi/9.3.1/../../../../arm-none-eabi/lib/thumb/v7e-m+dp/hard/crt0.o
 .bss           0x0000000000000000        0x0 e:/st/stm32cubeide_1.7.0/stm32cubeide/plugins/com.st.stm32cube.ide.mcu.externaltools.gnu-tools-for-stm32.9-2020-q2-update.win32_2.0.0.202105311346/tools/bin/../lib/gcc/arm-none-eabi/9.3.1/../../../../arm-none-eabi/lib/thumb/v7e-m+dp/hard/crt0.o
 .ARM.extab     0x0000000000000000        0x0 e:/st/stm32cubeide_1.7.0/stm32cubeide/plugins/com.st.stm32cube.ide.mcu.externaltools.gnu-tools-for-stm32.9-2020-q2-update.win32_2.0.0.202105311346/tools/bin/../lib/gcc/arm-none-eabi/9.3.1/../../../../arm-none-eabi/lib/thumb/v7e-m+dp/hard/crt0.o
 .ARM.exidx     0x0000000000000000       0x10 e:/st/stm32cubeide_1.7.0/stm32cubeide/plugins/com.st.stm32cube.ide.mcu.externaltools.gnu-tools-for-stm32.9-2020-q2-update.win32_2.0.0.202105311346/tools/bin/../lib/gcc/arm-none-eabi/9.3.1/../../../../arm-none-eabi/lib/thumb/v7e-m+dp/hard/crt0.o
 .ARM.attributes
                0x0000000000000000       0x1c e:/st/stm32cubeide_1.7.0/stm32cubeide/plugins/com.st.stm32cube.ide.mcu.externaltools.gnu-tools-for-stm32.9-2020-q2-update.win32_2.0.0.202105311346/tools/bin/../lib/gcc/arm-none-eabi/9.3.1/../../../../arm-none-eabi/lib/thumb/v7e-m+dp/hard/crt0.o
 .group         0x0000000000000000        0xc ./Src/Clock.o
 .group         0x0000000000000000        0xc ./Src/Clock.o
 .group         0x0000000000000000        0xc ./Src/Clock.o
 .group         0x0000000000000000        0xc ./Src/Clock.o
 .group         0x0000000000000000        0xc ./Src/Clock.o
 .group         0x0000000000000000        0xc ./Src/Clock.o
 .group         0x0000000000000000        0xc ./Src/Clock.o
 .group         0x0000000000000000        0xc ./Src/Clock.o
 .group         0x0000000000000000        0xc ./Src/Clock.o
 .group         0x0000000000000000        0xc ./Src/Clock.o
 .group         0x0000000000000000        0xc ./Src/Clock.o
 .group         0x0000000000000000        0xc ./Src/Clock.o
 .group         0x0000000000000000        0xc ./Src/Clock.o
 .group         0x0000000000000000        0xc ./Src/Clock.o
 .group         0x0000000000000000        0xc ./Src/Clock.o
 .group         0x0000000000000000        0xc ./Src/Clock.o
 .text          0x0000000000000000        0x0 ./Src/Clock.o
 .data          0x0000000000000000        0x0 ./Src/Clock.o
 .bss           0x0000000000000000        0x0 ./Src/Clock.o
 .text.DIVM2    0x0000000000000000       0x98 ./Src/Clock.o
 .text.DIVM3    0x0000000000000000       0x98 ./Src/Clock.o
 .text.System_Clock_MUX
                0x0000000000000000      0x170 ./Src/Clock.o
 .text.D2PPRE2  0x0000000000000000      0x118 ./Src/Clock.o
 .group         0x0000000000000000        0xc ./Src/Control.o
 .group         0x0000000000000000        0xc ./Src/Control.o
 .text          0x0000000000000000        0x0 ./Src/Control.o
 .data          0x0000000000000000        0x0 ./Src/Control.o
 .bss           0x0000000000000000        0x0 ./Src/Control.o
 .text.checkbool
                0x0000000000000000       0x58 ./Src/Control.o
 .debug_info    0x0000000000000000       0x90 ./Src/Control.o
 .debug_abbrev  0x0000000000000000       0x7f ./Src/Control.o
 .debug_aranges
                0x0000000000000000       0x20 ./Src/Control.o
 .debug_ranges  0x0000000000000000       0x10 ./Src/Control.o
 .debug_macro   0x0000000000000000       0x2e ./Src/Control.o
 .debug_macro   0x0000000000000000      0xad2 ./Src/Control.o
 .debug_macro   0x0000000000000000       0x22 ./Src/Control.o
 .debug_line    0x0000000000000000      0x167 ./Src/Control.o
 .debug_str     0x0000000000000000     0x2e84 ./Src/Control.o
 .comment       0x0000000000000000       0x54 ./Src/Control.o
 .debug_frame   0x0000000000000000       0x34 ./Src/Control.o
 .ARM.attributes
                0x0000000000000000       0x32 ./Src/Control.o
 .group         0x0000000000000000        0xc ./Src/Gpio.o
 .group         0x0000000000000000        0xc ./Src/Gpio.o
 .group         0x0000000000000000        0xc ./Src/Gpio.o
 .group         0x0000000000000000        0xc ./Src/Gpio.o
 .group         0x0000000000000000        0xc ./Src/Gpio.o
 .group         0x0000000000000000        0xc ./Src/Gpio.o
 .group         0x0000000000000000        0xc ./Src/Gpio.o
 .group         0x0000000000000000        0xc ./Src/Gpio.o
 .group         0x0000000000000000        0xc ./Src/Gpio.o
 .group         0x0000000000000000        0xc ./Src/Gpio.o
 .group         0x0000000000000000        0xc ./Src/Gpio.o
 .group         0x0000000000000000        0xc ./Src/Gpio.o
 .group         0x0000000000000000        0xc ./Src/Gpio.o
 .group         0x0000000000000000        0xc ./Src/Gpio.o
 .group         0x0000000000000000        0xc ./Src/Gpio.o
 .group         0x0000000000000000        0xc ./Src/Gpio.o
 .text          0x0000000000000000        0x0 ./Src/Gpio.o
 .data          0x0000000000000000        0x0 ./Src/Gpio.o
 .bss           0x0000000000000000        0x0 ./Src/Gpio.o
 .text.Get_GPIO_MODER
                0x0000000000000000       0x7a ./Src/Gpio.o
 .text.Set_GPIO_OTYPER
                0x0000000000000000       0x4e ./Src/Gpio.o
 .text.Get_GPIO_OTYPER
                0x0000000000000000       0x42 ./Src/Gpio.o
 .text.Set_GPIO_OSPEEDR
                0x0000000000000000       0xdc ./Src/Gpio.o
 .text.Get_GPIO_OSPEEDR
                0x0000000000000000       0x7a ./Src/Gpio.o
 .text.Set_GPIO_PUPDR
                0x0000000000000000       0xdc ./Src/Gpio.o
 .text.Get_GPIO_PUPDR
                0x0000000000000000       0x7e ./Src/Gpio.o
 .text.Get_GPIO_IDR
                0x0000000000000000       0x2c ./Src/Gpio.o
 .text.Set_GPIO_ODR
                0x0000000000000000       0x4e ./Src/Gpio.o
 .text.Get_GPIO_ODR
                0x0000000000000000       0x32 ./Src/Gpio.o
 .text.Set_GPIO_AFR
                0x0000000000000000      0x39c ./Src/Gpio.o
 .debug_macro   0x0000000000000000      0xad2 ./Src/Gpio.o
 .debug_macro   0x0000000000000000       0x49 ./Src/Gpio.o
 .debug_macro   0x0000000000000000       0x22 ./Src/Gpio.o
 .debug_macro   0x0000000000000000       0x8e ./Src/Gpio.o
 .debug_macro   0x0000000000000000       0x51 ./Src/Gpio.o
 .debug_macro   0x0000000000000000      0x103 ./Src/Gpio.o
 .debug_macro   0x0000000000000000       0x6a ./Src/Gpio.o
 .debug_macro   0x0000000000000000      0x1df ./Src/Gpio.o
 .debug_macro   0x0000000000000000       0x1c ./Src/Gpio.o
 .debug_macro   0x0000000000000000       0x22 ./Src/Gpio.o
 .debug_macro   0x0000000000000000      0x101 ./Src/Gpio.o
 .debug_macro   0x0000000000000000     0x1305 ./Src/Gpio.o
 .debug_macro   0x0000000000000000      0x11f ./Src/Gpio.o
 .debug_macro   0x0000000000000000       0x27 ./Src/Gpio.o
 .debug_macro   0x0000000000000000    0x26895 ./Src/Gpio.o
 .debug_macro   0x0000000000000000       0x22 ./Src/Gpio.o
 .group         0x0000000000000000        0xc ./Src/Systick.o
 .group         0x0000000000000000        0xc ./Src/Systick.o
 .group         0x0000000000000000        0xc ./Src/Systick.o
 .group         0x0000000000000000        0xc ./Src/Systick.o
 .group         0x0000000000000000        0xc ./Src/Systick.o
 .group         0x0000000000000000        0xc ./Src/Systick.o
 .group         0x0000000000000000        0xc ./Src/Systick.o
 .group         0x0000000000000000        0xc ./Src/Systick.o
 .group         0x0000000000000000        0xc ./Src/Systick.o
 .group         0x0000000000000000        0xc ./Src/Systick.o
 .group         0x0000000000000000        0xc ./Src/Systick.o
 .group         0x0000000000000000        0xc ./Src/Systick.o
 .group         0x0000000000000000        0xc ./Src/Systick.o
 .group         0x0000000000000000        0xc ./Src/Systick.o
 .group         0x0000000000000000        0xc ./Src/Systick.o
 .text          0x0000000000000000        0x0 ./Src/Systick.o
 .data          0x0000000000000000        0x0 ./Src/Systick.o
 .bss           0x0000000000000000        0x0 ./Src/Systick.o
 .debug_macro   0x0000000000000000      0xad2 ./Src/Systick.o
 .debug_macro   0x0000000000000000       0x49 ./Src/Systick.o
 .debug_macro   0x0000000000000000       0x22 ./Src/Systick.o
 .debug_macro   0x0000000000000000       0x8e ./Src/Systick.o
 .debug_macro   0x0000000000000000       0x51 ./Src/Systick.o
 .debug_macro   0x0000000000000000      0x103 ./Src/Systick.o
 .debug_macro   0x0000000000000000       0x6a ./Src/Systick.o
 .debug_macro   0x0000000000000000      0x1df ./Src/Systick.o
 .debug_macro   0x0000000000000000       0x1c ./Src/Systick.o
 .debug_macro   0x0000000000000000       0x22 ./Src/Systick.o
 .debug_macro   0x0000000000000000      0x101 ./Src/Systick.o
 .debug_macro   0x0000000000000000     0x1305 ./Src/Systick.o
 .debug_macro   0x0000000000000000      0x11f ./Src/Systick.o
 .debug_macro   0x0000000000000000       0x27 ./Src/Systick.o
 .debug_macro   0x0000000000000000    0x26895 ./Src/Systick.o
 .group         0x0000000000000000        0xc ./Src/Uart.o
 .group         0x0000000000000000        0xc ./Src/Uart.o
 .group         0x0000000000000000        0xc ./Src/Uart.o
 .group         0x0000000000000000        0xc ./Src/Uart.o
 .group         0x0000000000000000        0xc ./Src/Uart.o
 .group         0x0000000000000000        0xc ./Src/Uart.o
 .group         0x0000000000000000        0xc ./Src/Uart.o
 .group         0x0000000000000000        0xc ./Src/Uart.o
 .group         0x0000000000000000        0xc ./Src/Uart.o
 .group         0x0000000000000000        0xc ./Src/Uart.o
 .group         0x0000000000000000        0xc ./Src/Uart.o
 .group         0x0000000000000000        0xc ./Src/Uart.o
 .group         0x0000000000000000        0xc ./Src/Uart.o
 .group         0x0000000000000000        0xc ./Src/Uart.o
 .group         0x0000000000000000        0xc ./Src/Uart.o
 .group         0x0000000000000000        0xc ./Src/Uart.o
 .text          0x0000000000000000        0x0 ./Src/Uart.o
 .data          0x0000000000000000        0x0 ./Src/Uart.o
 .bss           0x0000000000000000        0x0 ./Src/Uart.o
 .text.enable_USART1
                0x0000000000000000       0x24 ./Src/Uart.o
 .text.enable_USART2
                0x0000000000000000       0x24 ./Src/Uart.o
 .text.enable_USART3
                0x0000000000000000       0x24 ./Src/Uart.o
 .text.enable_USART4
                0x0000000000000000       0x24 ./Src/Uart.o
 .text.enable_USART5
                0x0000000000000000       0x24 ./Src/Uart.o
 .text.enable_USART6
                0x0000000000000000       0x24 ./Src/Uart.o
 .text.enable_USART7
                0x0000000000000000       0x24 ./Src/Uart.o
 .text.enable_USART8
                0x0000000000000000       0x24 ./Src/Uart.o
 .text.selectedUART
                0x0000000000000000       0xb0 ./Src/Uart.o
 .text.do_bitConfiguration
                0x0000000000000000       0x38 ./Src/Uart.o
 .text.enable_UART
                0x0000000000000000       0x80 ./Src/Uart.o
 .text.enable_UART_differentPins
                0x0000000000000000       0x7a ./Src/Uart.o
 .text.enable_UART1
                0x0000000000000000       0x40 ./Src/Uart.o
 .text.enable_UART2
                0x0000000000000000       0x40 ./Src/Uart.o
 .text.enable_UART3
                0x0000000000000000       0x40 ./Src/Uart.o
 .text.enable_UART4
                0x0000000000000000       0x40 ./Src/Uart.o
 .text.enable_UART5
                0x0000000000000000       0x40 ./Src/Uart.o
 .text.enable_UART5_Different_Pins
                0x0000000000000000       0x46 ./Src/Uart.o
 .text.enable_UART6
                0x0000000000000000       0x40 ./Src/Uart.o
 .text.enable_UART7
                0x0000000000000000       0x40 ./Src/Uart.o
 .text.enable_UART8
                0x0000000000000000       0x40 ./Src/Uart.o
 .debug_info    0x0000000000000000      0xb1a ./Src/Uart.o
 .debug_abbrev  0x0000000000000000      0x175 ./Src/Uart.o
 .debug_aranges
                0x0000000000000000       0xc0 ./Src/Uart.o
 .debug_ranges  0x0000000000000000       0xb0 ./Src/Uart.o
 .debug_macro   0x0000000000000000      0x12e ./Src/Uart.o
 .debug_macro   0x0000000000000000      0xad2 ./Src/Uart.o
 .debug_macro   0x0000000000000000       0x49 ./Src/Uart.o
 .debug_macro   0x0000000000000000       0x22 ./Src/Uart.o
 .debug_macro   0x0000000000000000       0x8e ./Src/Uart.o
 .debug_macro   0x0000000000000000       0x51 ./Src/Uart.o
 .debug_macro   0x0000000000000000      0x103 ./Src/Uart.o
 .debug_macro   0x0000000000000000       0x6a ./Src/Uart.o
 .debug_macro   0x0000000000000000      0x1df ./Src/Uart.o
 .debug_macro   0x0000000000000000       0x1c ./Src/Uart.o
 .debug_macro   0x0000000000000000       0x22 ./Src/Uart.o
 .debug_macro   0x0000000000000000      0x101 ./Src/Uart.o
 .debug_macro   0x0000000000000000     0x1305 ./Src/Uart.o
 .debug_macro   0x0000000000000000      0x11f ./Src/Uart.o
 .debug_macro   0x0000000000000000       0x27 ./Src/Uart.o
 .debug_macro   0x0000000000000000    0x26895 ./Src/Uart.o
 .debug_macro   0x0000000000000000       0x22 ./Src/Uart.o
 .debug_line    0x0000000000000000      0x786 ./Src/Uart.o
 .debug_str     0x0000000000000000    0xeb969 ./Src/Uart.o
 .comment       0x0000000000000000       0x54 ./Src/Uart.o
 .debug_frame   0x0000000000000000      0x2e8 ./Src/Uart.o
 .ARM.attributes
                0x0000000000000000       0x32 ./Src/Uart.o
 .group         0x0000000000000000        0xc ./Src/User_led.o
 .group         0x0000000000000000        0xc ./Src/User_led.o
 .group         0x0000000000000000        0xc ./Src/User_led.o
 .group         0x0000000000000000        0xc ./Src/User_led.o
 .group         0x0000000000000000        0xc ./Src/User_led.o
 .group         0x0000000000000000        0xc ./Src/User_led.o
 .group         0x0000000000000000        0xc ./Src/User_led.o
 .group         0x0000000000000000        0xc ./Src/User_led.o
 .group         0x0000000000000000        0xc ./Src/User_led.o
 .group         0x0000000000000000        0xc ./Src/User_led.o
 .group         0x0000000000000000        0xc ./Src/User_led.o
 .group         0x0000000000000000        0xc ./Src/User_led.o
 .group         0x0000000000000000        0xc ./Src/User_led.o
 .group         0x0000000000000000        0xc ./Src/User_led.o
 .group         0x0000000000000000        0xc ./Src/User_led.o
 .group         0x0000000000000000        0xc ./Src/User_led.o
 .text          0x0000000000000000        0x0 ./Src/User_led.o
 .data          0x0000000000000000        0x0 ./Src/User_led.o
 .bss           0x0000000000000000        0x0 ./Src/User_led.o
 .debug_macro   0x0000000000000000      0xad2 ./Src/User_led.o
 .debug_macro   0x0000000000000000       0x22 ./Src/User_led.o
 .debug_macro   0x0000000000000000       0x49 ./Src/User_led.o
 .debug_macro   0x0000000000000000       0x22 ./Src/User_led.o
 .debug_macro   0x0000000000000000       0x8e ./Src/User_led.o
 .debug_macro   0x0000000000000000       0x51 ./Src/User_led.o
 .debug_macro   0x0000000000000000      0x103 ./Src/User_led.o
 .debug_macro   0x0000000000000000       0x6a ./Src/User_led.o
 .debug_macro   0x0000000000000000      0x1df ./Src/User_led.o
 .debug_macro   0x0000000000000000       0x1c ./Src/User_led.o
 .debug_macro   0x0000000000000000       0x22 ./Src/User_led.o
 .debug_macro   0x0000000000000000      0x101 ./Src/User_led.o
 .debug_macro   0x0000000000000000     0x1305 ./Src/User_led.o
 .debug_macro   0x0000000000000000      0x11f ./Src/User_led.o
 .debug_macro   0x0000000000000000       0x27 ./Src/User_led.o
 .debug_macro   0x0000000000000000    0x26895 ./Src/User_led.o
 .group         0x0000000000000000        0xc ./Src/main.o
 .group         0x0000000000000000        0xc ./Src/main.o
 .group         0x0000000000000000        0xc ./Src/main.o
 .group         0x0000000000000000        0xc ./Src/main.o
 .group         0x0000000000000000        0xc ./Src/main.o
 .group         0x0000000000000000        0xc ./Src/main.o
 .group         0x0000000000000000        0xc ./Src/main.o
 .group         0x0000000000000000        0xc ./Src/main.o
 .group         0x0000000000000000        0xc ./Src/main.o
 .group         0x0000000000000000        0xc ./Src/main.o
 .group         0x0000000000000000        0xc ./Src/main.o
 .group         0x0000000000000000        0xc ./Src/main.o
 .group         0x0000000000000000        0xc ./Src/main.o
 .group         0x0000000000000000        0xc ./Src/main.o
 .group         0x0000000000000000        0xc ./Src/main.o
 .text          0x0000000000000000        0x0 ./Src/main.o
 .data          0x0000000000000000        0x0 ./Src/main.o
 .bss           0x0000000000000000        0x0 ./Src/main.o
 .debug_macro   0x0000000000000000      0xad2 ./Src/main.o
 .debug_macro   0x0000000000000000       0x49 ./Src/main.o
 .debug_macro   0x0000000000000000       0x22 ./Src/main.o
 .debug_macro   0x0000000000000000       0x8e ./Src/main.o
 .debug_macro   0x0000000000000000       0x51 ./Src/main.o
 .debug_macro   0x0000000000000000      0x103 ./Src/main.o
 .debug_macro   0x0000000000000000       0x6a ./Src/main.o
 .debug_macro   0x0000000000000000      0x1df ./Src/main.o
 .debug_macro   0x0000000000000000       0x1c ./Src/main.o
 .debug_macro   0x0000000000000000       0x22 ./Src/main.o
 .debug_macro   0x0000000000000000      0x101 ./Src/main.o
 .debug_macro   0x0000000000000000     0x1305 ./Src/main.o
 .debug_macro   0x0000000000000000      0x11f ./Src/main.o
 .debug_macro   0x0000000000000000       0x27 ./Src/main.o
 .debug_macro   0x0000000000000000    0x26895 ./Src/main.o
 .group         0x0000000000000000        0xc ./Src/syscalls.o
 .group         0x0000000000000000        0xc ./Src/syscalls.o
 .group         0x0000000000000000        0xc ./Src/syscalls.o
 .group         0x0000000000000000        0xc ./Src/syscalls.o
 .group         0x0000000000000000        0xc ./Src/syscalls.o
 .group         0x0000000000000000        0xc ./Src/syscalls.o
 .group         0x0000000000000000        0xc ./Src/syscalls.o
 .group         0x0000000000000000        0xc ./Src/syscalls.o
 .group         0x0000000000000000        0xc ./Src/syscalls.o
 .group         0x0000000000000000        0xc ./Src/syscalls.o
 .group         0x0000000000000000        0xc ./Src/syscalls.o
 .group         0x0000000000000000        0xc ./Src/syscalls.o
 .group         0x0000000000000000        0xc ./Src/syscalls.o
 .group         0x0000000000000000        0xc ./Src/syscalls.o
 .group         0x0000000000000000        0xc ./Src/syscalls.o
 .group         0x0000000000000000        0xc ./Src/syscalls.o
 .group         0x0000000000000000        0xc ./Src/syscalls.o
 .group         0x0000000000000000        0xc ./Src/syscalls.o
 .group         0x0000000000000000        0xc ./Src/syscalls.o
 .group         0x0000000000000000        0xc ./Src/syscalls.o
 .group         0x0000000000000000        0xc ./Src/syscalls.o
 .group         0x0000000000000000        0xc ./Src/syscalls.o
 .group         0x0000000000000000        0xc ./Src/syscalls.o
 .group         0x0000000000000000        0xc ./Src/syscalls.o
 .group         0x0000000000000000        0xc ./Src/syscalls.o
 .group         0x0000000000000000        0xc ./Src/syscalls.o
 .group         0x0000000000000000        0xc ./Src/syscalls.o
 .group         0x0000000000000000        0xc ./Src/syscalls.o
 .group         0x0000000000000000        0xc ./Src/syscalls.o
 .group         0x0000000000000000        0xc ./Src/syscalls.o
 .group         0x0000000000000000        0xc ./Src/syscalls.o
 .group         0x0000000000000000        0xc ./Src/syscalls.o
 .group         0x0000000000000000        0xc ./Src/syscalls.o
 .group         0x0000000000000000        0xc ./Src/syscalls.o
 .group         0x0000000000000000        0xc ./Src/syscalls.o
 .group         0x0000000000000000        0xc ./Src/syscalls.o
 .group         0x0000000000000000        0xc ./Src/syscalls.o
 .group         0x0000000000000000        0xc ./Src/syscalls.o
 .group         0x0000000000000000        0xc ./Src/syscalls.o
 .group         0x0000000000000000        0xc ./Src/syscalls.o
 .group         0x0000000000000000        0xc ./Src/syscalls.o
 .group         0x0000000000000000        0xc ./Src/syscalls.o
 .group         0x0000000000000000        0xc ./Src/syscalls.o
 .group         0x0000000000000000        0xc ./Src/syscalls.o
 .group         0x0000000000000000        0xc ./Src/syscalls.o
 .group         0x0000000000000000        0xc ./Src/syscalls.o
 .group         0x0000000000000000        0xc ./Src/syscalls.o
 .text          0x0000000000000000        0x0 ./Src/syscalls.o
 .data          0x0000000000000000        0x0 ./Src/syscalls.o
 .bss           0x0000000000000000        0x0 ./Src/syscalls.o
 .bss.__env     0x0000000000000000        0x4 ./Src/syscalls.o
 .data.environ  0x0000000000000000        0x4 ./Src/syscalls.o
 .text.initialise_monitor_handles
                0x0000000000000000        0xe ./Src/syscalls.o
 .text._getpid  0x0000000000000000       0x10 ./Src/syscalls.o
 .text._kill    0x0000000000000000       0x20 ./Src/syscalls.o
 .text._exit    0x0000000000000000       0x14 ./Src/syscalls.o
 .text._read    0x0000000000000000       0x3a ./Src/syscalls.o
 .text._write   0x0000000000000000       0x38 ./Src/syscalls.o
 .text._close   0x0000000000000000       0x18 ./Src/syscalls.o
 .text._fstat   0x0000000000000000       0x20 ./Src/syscalls.o
 .text._isatty  0x0000000000000000       0x16 ./Src/syscalls.o
 .text._lseek   0x0000000000000000       0x1a ./Src/syscalls.o
 .text._open    0x0000000000000000       0x1c ./Src/syscalls.o
 .text._wait    0x0000000000000000       0x1e ./Src/syscalls.o
 .text._unlink  0x0000000000000000       0x1e ./Src/syscalls.o
 .text._times   0x0000000000000000       0x18 ./Src/syscalls.o
 .text._stat    0x0000000000000000       0x20 ./Src/syscalls.o
 .text._link    0x0000000000000000       0x20 ./Src/syscalls.o
 .text._fork    0x0000000000000000       0x16 ./Src/syscalls.o
 .text._execve  0x0000000000000000       0x22 ./Src/syscalls.o
 .debug_info    0x0000000000000000      0xfa8 ./Src/syscalls.o
 .debug_abbrev  0x0000000000000000      0x286 ./Src/syscalls.o
 .debug_aranges
                0x0000000000000000       0xa8 ./Src/syscalls.o
 .debug_ranges  0x0000000000000000       0x98 ./Src/syscalls.o
 .debug_macro   0x0000000000000000      0x24c ./Src/syscalls.o
 .debug_macro   0x0000000000000000      0xad2 ./Src/syscalls.o
 .debug_macro   0x0000000000000000       0x22 ./Src/syscalls.o
 .debug_macro   0x0000000000000000       0x4c ./Src/syscalls.o
 .debug_macro   0x0000000000000000       0x17 ./Src/syscalls.o
 .debug_macro   0x0000000000000000       0x94 ./Src/syscalls.o
 .debug_macro   0x0000000000000000       0x3c ./Src/syscalls.o
 .debug_macro   0x0000000000000000       0x34 ./Src/syscalls.o
 .debug_macro   0x0000000000000000       0x57 ./Src/syscalls.o
 .debug_macro   0x0000000000000000      0x174 ./Src/syscalls.o
 .debug_macro   0x0000000000000000      0x339 ./Src/syscalls.o
 .debug_macro   0x0000000000000000       0x16 ./Src/syscalls.o
 .debug_macro   0x0000000000000000       0x43 ./Src/syscalls.o
 .debug_macro   0x0000000000000000       0x34 ./Src/syscalls.o
 .debug_macro   0x0000000000000000       0x10 ./Src/syscalls.o
 .debug_macro   0x0000000000000000       0x58 ./Src/syscalls.o
 .debug_macro   0x0000000000000000       0x71 ./Src/syscalls.o
 .debug_macro   0x0000000000000000       0x1c ./Src/syscalls.o
 .debug_macro   0x0000000000000000      0x12a ./Src/syscalls.o
 .debug_macro   0x0000000000000000       0x10 ./Src/syscalls.o
 .debug_macro   0x0000000000000000       0x35 ./Src/syscalls.o
 .debug_macro   0x0000000000000000       0x10 ./Src/syscalls.o
 .debug_macro   0x0000000000000000       0x10 ./Src/syscalls.o
 .debug_macro   0x0000000000000000       0x10 ./Src/syscalls.o
 .debug_macro   0x0000000000000000       0x6a ./Src/syscalls.o
 .debug_macro   0x0000000000000000       0x1c ./Src/syscalls.o
 .debug_macro   0x0000000000000000       0x52 ./Src/syscalls.o
 .debug_macro   0x0000000000000000       0x22 ./Src/syscalls.o
 .debug_macro   0x0000000000000000       0x10 ./Src/syscalls.o
 .debug_macro   0x0000000000000000       0x40 ./Src/syscalls.o
 .debug_macro   0x0000000000000000       0xd5 ./Src/syscalls.o
 .debug_macro   0x0000000000000000       0x1c ./Src/syscalls.o
 .debug_macro   0x0000000000000000       0x3d ./Src/syscalls.o
 .debug_macro   0x0000000000000000       0x35 ./Src/syscalls.o
 .debug_macro   0x0000000000000000      0x12c ./Src/syscalls.o
 .debug_macro   0x0000000000000000       0x16 ./Src/syscalls.o
 .debug_macro   0x0000000000000000       0x16 ./Src/syscalls.o
 .debug_macro   0x0000000000000000       0x29 ./Src/syscalls.o
 .debug_macro   0x0000000000000000       0x10 ./Src/syscalls.o
 .debug_macro   0x0000000000000000      0x241 ./Src/syscalls.o
 .debug_macro   0x0000000000000000       0x1c ./Src/syscalls.o
 .debug_macro   0x0000000000000000       0x10 ./Src/syscalls.o
 .debug_macro   0x0000000000000000       0x10 ./Src/syscalls.o
 .debug_macro   0x0000000000000000       0x16 ./Src/syscalls.o
 .debug_macro   0x0000000000000000      0x145 ./Src/syscalls.o
 .debug_macro   0x0000000000000000      0x189 ./Src/syscalls.o
 .debug_macro   0x0000000000000000       0x16 ./Src/syscalls.o
 .debug_macro   0x0000000000000000       0xce ./Src/syscalls.o
 .debug_line    0x0000000000000000      0x7fd ./Src/syscalls.o
 .debug_str     0x0000000000000000     0x8f26 ./Src/syscalls.o
 .comment       0x0000000000000000       0x54 ./Src/syscalls.o
 .debug_frame   0x0000000000000000      0x2ac ./Src/syscalls.o
 .ARM.attributes
                0x0000000000000000       0x32 ./Src/syscalls.o
 .group         0x0000000000000000        0xc ./Src/sysmem.o
 .group         0x0000000000000000        0xc ./Src/sysmem.o
 .group         0x0000000000000000        0xc ./Src/sysmem.o
 .group         0x0000000000000000        0xc ./Src/sysmem.o
 .group         0x0000000000000000        0xc ./Src/sysmem.o
 .group         0x0000000000000000        0xc ./Src/sysmem.o
 .group         0x0000000000000000        0xc ./Src/sysmem.o
 .group         0x0000000000000000        0xc ./Src/sysmem.o
 .group         0x0000000000000000        0xc ./Src/sysmem.o
 .group         0x0000000000000000        0xc ./Src/sysmem.o
 .group         0x0000000000000000        0xc ./Src/sysmem.o
 .group         0x0000000000000000        0xc ./Src/sysmem.o
 .group         0x0000000000000000        0xc ./Src/sysmem.o
 .group         0x0000000000000000        0xc ./Src/sysmem.o
 .group         0x0000000000000000        0xc ./Src/sysmem.o
 .group         0x0000000000000000        0xc ./Src/sysmem.o
 .group         0x0000000000000000        0xc ./Src/sysmem.o
 .group         0x0000000000000000        0xc ./Src/sysmem.o
 .group         0x0000000000000000        0xc ./Src/sysmem.o
 .group         0x0000000000000000        0xc ./Src/sysmem.o
 .group         0x0000000000000000        0xc ./Src/sysmem.o
 .group         0x0000000000000000        0xc ./Src/sysmem.o
 .text          0x0000000000000000        0x0 ./Src/sysmem.o
 .data          0x0000000000000000        0x0 ./Src/sysmem.o
 .bss           0x0000000000000000        0x0 ./Src/sysmem.o
 .bss.__sbrk_heap_end
                0x0000000000000000        0x4 ./Src/sysmem.o
 .text._sbrk    0x0000000000000000       0x6c ./Src/sysmem.o
 .debug_info    0x0000000000000000      0xa25 ./Src/sysmem.o
 .debug_abbrev  0x0000000000000000      0x1bf ./Src/sysmem.o
 .debug_aranges
                0x0000000000000000       0x20 ./Src/sysmem.o
 .debug_ranges  0x0000000000000000       0x10 ./Src/sysmem.o
 .debug_macro   0x0000000000000000       0xff ./Src/sysmem.o
 .debug_macro   0x0000000000000000      0xad2 ./Src/sysmem.o
 .debug_macro   0x0000000000000000       0x10 ./Src/sysmem.o
 .debug_macro   0x0000000000000000       0x22 ./Src/sysmem.o
 .debug_macro   0x0000000000000000       0x4c ./Src/sysmem.o
 .debug_macro   0x0000000000000000       0x17 ./Src/sysmem.o
 .debug_macro   0x0000000000000000       0x94 ./Src/sysmem.o
 .debug_macro   0x0000000000000000       0x3c ./Src/sysmem.o
 .debug_macro   0x0000000000000000       0x34 ./Src/sysmem.o
 .debug_macro   0x0000000000000000      0x174 ./Src/sysmem.o
 .debug_macro   0x0000000000000000       0x16 ./Src/sysmem.o
 .debug_macro   0x0000000000000000       0x43 ./Src/sysmem.o
 .debug_macro   0x0000000000000000       0x57 ./Src/sysmem.o
 .debug_macro   0x0000000000000000       0x34 ./Src/sysmem.o
 .debug_macro   0x0000000000000000       0x10 ./Src/sysmem.o
 .debug_macro   0x0000000000000000       0x58 ./Src/sysmem.o
 .debug_macro   0x0000000000000000       0x71 ./Src/sysmem.o
 .debug_macro   0x0000000000000000       0x1c ./Src/sysmem.o
 .debug_macro   0x0000000000000000      0x12a ./Src/sysmem.o
 .debug_macro   0x0000000000000000      0x23b ./Src/sysmem.o
 .debug_macro   0x0000000000000000      0x103 ./Src/sysmem.o
 .debug_macro   0x0000000000000000       0x6a ./Src/sysmem.o
 .debug_macro   0x0000000000000000      0x1df ./Src/sysmem.o
 .debug_line    0x0000000000000000      0x4f3 ./Src/sysmem.o
 .debug_str     0x0000000000000000     0x62f9 ./Src/sysmem.o
 .comment       0x0000000000000000       0x54 ./Src/sysmem.o
 .debug_frame   0x0000000000000000       0x34 ./Src/sysmem.o
 .ARM.attributes
                0x0000000000000000       0x32 ./Src/sysmem.o
 .text          0x0000000000000000       0x14 ./Startup/startup_stm32h745zitx.o
 .data          0x0000000000000000        0x0 ./Startup/startup_stm32h745zitx.o
 .bss           0x0000000000000000        0x0 ./Startup/startup_stm32h745zitx.o
 .text          0x0000000000000000        0x0 e:/st/stm32cubeide_1.7.0/stm32cubeide/plugins/com.st.stm32cube.ide.mcu.externaltools.gnu-tools-for-stm32.9-2020-q2-update.win32_2.0.0.202105311346/tools/bin/../lib/gcc/arm-none-eabi/9.3.1/../../../../arm-none-eabi/lib/thumb/v7e-m+dp/hard\libc_nano.a(lib_a-errno.o)
 .data          0x0000000000000000        0x0 e:/st/stm32cubeide_1.7.0/stm32cubeide/plugins/com.st.stm32cube.ide.mcu.externaltools.gnu-tools-for-stm32.9-2020-q2-update.win32_2.0.0.202105311346/tools/bin/../lib/gcc/arm-none-eabi/9.3.1/../../../../arm-none-eabi/lib/thumb/v7e-m+dp/hard\libc_nano.a(lib_a-errno.o)
 .bss           0x0000000000000000        0x0 e:/st/stm32cubeide_1.7.0/stm32cubeide/plugins/com.st.stm32cube.ide.mcu.externaltools.gnu-tools-for-stm32.9-2020-q2-update.win32_2.0.0.202105311346/tools/bin/../lib/gcc/arm-none-eabi/9.3.1/../../../../arm-none-eabi/lib/thumb/v7e-m+dp/hard\libc_nano.a(lib_a-errno.o)
 .text.__errno  0x0000000000000000        0xc e:/st/stm32cubeide_1.7.0/stm32cubeide/plugins/com.st.stm32cube.ide.mcu.externaltools.gnu-tools-for-stm32.9-2020-q2-update.win32_2.0.0.202105311346/tools/bin/../lib/gcc/arm-none-eabi/9.3.1/../../../../arm-none-eabi/lib/thumb/v7e-m+dp/hard\libc_nano.a(lib_a-errno.o)
 .debug_frame   0x0000000000000000       0x20 e:/st/stm32cubeide_1.7.0/stm32cubeide/plugins/com.st.stm32cube.ide.mcu.externaltools.gnu-tools-for-stm32.9-2020-q2-update.win32_2.0.0.202105311346/tools/bin/../lib/gcc/arm-none-eabi/9.3.1/../../../../arm-none-eabi/lib/thumb/v7e-m+dp/hard\libc_nano.a(lib_a-errno.o)
 .ARM.attributes
                0x0000000000000000       0x32 e:/st/stm32cubeide_1.7.0/stm32cubeide/plugins/com.st.stm32cube.ide.mcu.externaltools.gnu-tools-for-stm32.9-2020-q2-update.win32_2.0.0.202105311346/tools/bin/../lib/gcc/arm-none-eabi/9.3.1/../../../../arm-none-eabi/lib/thumb/v7e-m+dp/hard\libc_nano.a(lib_a-errno.o)
 .text          0x0000000000000000        0x0 e:/st/stm32cubeide_1.7.0/stm32cubeide/plugins/com.st.stm32cube.ide.mcu.externaltools.gnu-tools-for-stm32.9-2020-q2-update.win32_2.0.0.202105311346/tools/bin/../lib/gcc/arm-none-eabi/9.3.1/../../../../arm-none-eabi/lib/thumb/v7e-m+dp/hard\libc_nano.a(lib_a-exit.o)
 .data          0x0000000000000000        0x0 e:/st/stm32cubeide_1.7.0/stm32cubeide/plugins/com.st.stm32cube.ide.mcu.externaltools.gnu-tools-for-stm32.9-2020-q2-update.win32_2.0.0.202105311346/tools/bin/../lib/gcc/arm-none-eabi/9.3.1/../../../../arm-none-eabi/lib/thumb/v7e-m+dp/hard\libc_nano.a(lib_a-exit.o)
 .bss           0x0000000000000000        0x0 e:/st/stm32cubeide_1.7.0/stm32cubeide/plugins/com.st.stm32cube.ide.mcu.externaltools.gnu-tools-for-stm32.9-2020-q2-update.win32_2.0.0.202105311346/tools/bin/../lib/gcc/arm-none-eabi/9.3.1/../../../../arm-none-eabi/lib/thumb/v7e-m+dp/hard\libc_nano.a(lib_a-exit.o)
 .text.exit     0x0000000000000000       0x28 e:/st/stm32cubeide_1.7.0/stm32cubeide/plugins/com.st.stm32cube.ide.mcu.externaltools.gnu-tools-for-stm32.9-2020-q2-update.win32_2.0.0.202105311346/tools/bin/../lib/gcc/arm-none-eabi/9.3.1/../../../../arm-none-eabi/lib/thumb/v7e-m+dp/hard\libc_nano.a(lib_a-exit.o)
 .debug_frame   0x0000000000000000       0x28 e:/st/stm32cubeide_1.7.0/stm32cubeide/plugins/com.st.stm32cube.ide.mcu.externaltools.gnu-tools-for-stm32.9-2020-q2-update.win32_2.0.0.202105311346/tools/bin/../lib/gcc/arm-none-eabi/9.3.1/../../../../arm-none-eabi/lib/thumb/v7e-m+dp/hard\libc_nano.a(lib_a-exit.o)
 .ARM.attributes
                0x0000000000000000       0x32 e:/st/stm32cubeide_1.7.0/stm32cubeide/plugins/com.st.stm32cube.ide.mcu.externaltools.gnu-tools-for-stm32.9-2020-q2-update.win32_2.0.0.202105311346/tools/bin/../lib/gcc/arm-none-eabi/9.3.1/../../../../arm-none-eabi/lib/thumb/v7e-m+dp/hard\libc_nano.a(lib_a-exit.o)
 .text          0x0000000000000000        0x0 e:/st/stm32cubeide_1.7.0/stm32cubeide/plugins/com.st.stm32cube.ide.mcu.externaltools.gnu-tools-for-stm32.9-2020-q2-update.win32_2.0.0.202105311346/tools/bin/../lib/gcc/arm-none-eabi/9.3.1/../../../../arm-none-eabi/lib/thumb/v7e-m+dp/hard\libc_nano.a(lib_a-impure.o)
 .data          0x0000000000000000        0x0 e:/st/stm32cubeide_1.7.0/stm32cubeide/plugins/com.st.stm32cube.ide.mcu.externaltools.gnu-tools-for-stm32.9-2020-q2-update.win32_2.0.0.202105311346/tools/bin/../lib/gcc/arm-none-eabi/9.3.1/../../../../arm-none-eabi/lib/thumb/v7e-m+dp/hard\libc_nano.a(lib_a-impure.o)
 .bss           0x0000000000000000        0x0 e:/st/stm32cubeide_1.7.0/stm32cubeide/plugins/com.st.stm32cube.ide.mcu.externaltools.gnu-tools-for-stm32.9-2020-q2-update.win32_2.0.0.202105311346/tools/bin/../lib/gcc/arm-none-eabi/9.3.1/../../../../arm-none-eabi/lib/thumb/v7e-m+dp/hard\libc_nano.a(lib_a-impure.o)
 .data._impure_ptr
                0x0000000000000000        0x4 e:/st/stm32cubeide_1.7.0/stm32cubeide/plugins/com.st.stm32cube.ide.mcu.externaltools.gnu-tools-for-stm32.9-2020-q2-update.win32_2.0.0.202105311346/tools/bin/../lib/gcc/arm-none-eabi/9.3.1/../../../../arm-none-eabi/lib/thumb/v7e-m+dp/hard\libc_nano.a(lib_a-impure.o)
 .data.impure_data
                0x0000000000000000       0x60 e:/st/stm32cubeide_1.7.0/stm32cubeide/plugins/com.st.stm32cube.ide.mcu.externaltools.gnu-tools-for-stm32.9-2020-q2-update.win32_2.0.0.202105311346/tools/bin/../lib/gcc/arm-none-eabi/9.3.1/../../../../arm-none-eabi/lib/thumb/v7e-m+dp/hard\libc_nano.a(lib_a-impure.o)
 .rodata._global_impure_ptr
                0x0000000000000000        0x4 e:/st/stm32cubeide_1.7.0/stm32cubeide/plugins/com.st.stm32cube.ide.mcu.externaltools.gnu-tools-for-stm32.9-2020-q2-update.win32_2.0.0.202105311346/tools/bin/../lib/gcc/arm-none-eabi/9.3.1/../../../../arm-none-eabi/lib/thumb/v7e-m+dp/hard\libc_nano.a(lib_a-impure.o)
 .ARM.attributes
                0x0000000000000000       0x30 e:/st/stm32cubeide_1.7.0/stm32cubeide/plugins/com.st.stm32cube.ide.mcu.externaltools.gnu-tools-for-stm32.9-2020-q2-update.win32_2.0.0.202105311346/tools/bin/../lib/gcc/arm-none-eabi/9.3.1/../../../../arm-none-eabi/lib/thumb/v7e-m+dp/hard\libc_nano.a(lib_a-impure.o)
 .text          0x0000000000000000        0x0 e:/st/stm32cubeide_1.7.0/stm32cubeide/plugins/com.st.stm32cube.ide.mcu.externaltools.gnu-tools-for-stm32.9-2020-q2-update.win32_2.0.0.202105311346/tools/bin/../lib/gcc/arm-none-eabi/9.3.1/../../../../arm-none-eabi/lib/thumb/v7e-m+dp/hard\libc_nano.a(lib_a-init.o)
 .data          0x0000000000000000        0x0 e:/st/stm32cubeide_1.7.0/stm32cubeide/plugins/com.st.stm32cube.ide.mcu.externaltools.gnu-tools-for-stm32.9-2020-q2-update.win32_2.0.0.202105311346/tools/bin/../lib/gcc/arm-none-eabi/9.3.1/../../../../arm-none-eabi/lib/thumb/v7e-m+dp/hard\libc_nano.a(lib_a-init.o)
 .bss           0x0000000000000000        0x0 e:/st/stm32cubeide_1.7.0/stm32cubeide/plugins/com.st.stm32cube.ide.mcu.externaltools.gnu-tools-for-stm32.9-2020-q2-update.win32_2.0.0.202105311346/tools/bin/../lib/gcc/arm-none-eabi/9.3.1/../../../../arm-none-eabi/lib/thumb/v7e-m+dp/hard\libc_nano.a(lib_a-init.o)
 .text          0x0000000000000000        0x0 e:/st/stm32cubeide_1.7.0/stm32cubeide/plugins/com.st.stm32cube.ide.mcu.externaltools.gnu-tools-for-stm32.9-2020-q2-update.win32_2.0.0.202105311346/tools/bin/../lib/gcc/arm-none-eabi/9.3.1/../../../../arm-none-eabi/lib/thumb/v7e-m+dp/hard\libc_nano.a(lib_a-memset.o)
 .data          0x0000000000000000        0x0 e:/st/stm32cubeide_1.7.0/stm32cubeide/plugins/com.st.stm32cube.ide.mcu.externaltools.gnu-tools-for-stm32.9-2020-q2-update.win32_2.0.0.202105311346/tools/bin/../lib/gcc/arm-none-eabi/9.3.1/../../../../arm-none-eabi/lib/thumb/v7e-m+dp/hard\libc_nano.a(lib_a-memset.o)
 .bss           0x0000000000000000        0x0 e:/st/stm32cubeide_1.7.0/stm32cubeide/plugins/com.st.stm32cube.ide.mcu.externaltools.gnu-tools-for-stm32.9-2020-q2-update.win32_2.0.0.202105311346/tools/bin/../lib/gcc/arm-none-eabi/9.3.1/../../../../arm-none-eabi/lib/thumb/v7e-m+dp/hard\libc_nano.a(lib_a-memset.o)
 .text.memset   0x0000000000000000       0x10 e:/st/stm32cubeide_1.7.0/stm32cubeide/plugins/com.st.stm32cube.ide.mcu.externaltools.gnu-tools-for-stm32.9-2020-q2-update.win32_2.0.0.202105311346/tools/bin/../lib/gcc/arm-none-eabi/9.3.1/../../../../arm-none-eabi/lib/thumb/v7e-m+dp/hard\libc_nano.a(lib_a-memset.o)
 .debug_frame   0x0000000000000000       0x20 e:/st/stm32cubeide_1.7.0/stm32cubeide/plugins/com.st.stm32cube.ide.mcu.externaltools.gnu-tools-for-stm32.9-2020-q2-update.win32_2.0.0.202105311346/tools/bin/../lib/gcc/arm-none-eabi/9.3.1/../../../../arm-none-eabi/lib/thumb/v7e-m+dp/hard\libc_nano.a(lib_a-memset.o)
 .ARM.attributes
                0x0000000000000000       0x32 e:/st/stm32cubeide_1.7.0/stm32cubeide/plugins/com.st.stm32cube.ide.mcu.externaltools.gnu-tools-for-stm32.9-2020-q2-update.win32_2.0.0.202105311346/tools/bin/../lib/gcc/arm-none-eabi/9.3.1/../../../../arm-none-eabi/lib/thumb/v7e-m+dp/hard\libc_nano.a(lib_a-memset.o)
 .text          0x0000000000000000        0x0 e:/st/stm32cubeide_1.7.0/stm32cubeide/plugins/com.st.stm32cube.ide.mcu.externaltools.gnu-tools-for-stm32.9-2020-q2-update.win32_2.0.0.202105311346/tools/bin/../lib/gcc/arm-none-eabi/9.3.1/thumb/v7e-m+dp/hard/crtend.o
 .data          0x0000000000000000        0x0 e:/st/stm32cubeide_1.7.0/stm32cubeide/plugins/com.st.stm32cube.ide.mcu.externaltools.gnu-tools-for-stm32.9-2020-q2-update.win32_2.0.0.202105311346/tools/bin/../lib/gcc/arm-none-eabi/9.3.1/thumb/v7e-m+dp/hard/crtend.o
 .bss           0x0000000000000000        0x0 e:/st/stm32cubeide_1.7.0/stm32cubeide/plugins/com.st.stm32cube.ide.mcu.externaltools.gnu-tools-for-stm32.9-2020-q2-update.win32_2.0.0.202105311346/tools/bin/../lib/gcc/arm-none-eabi/9.3.1/thumb/v7e-m+dp/hard/crtend.o
 .eh_frame      0x0000000000000000        0x4 e:/st/stm32cubeide_1.7.0/stm32cubeide/plugins/com.st.stm32cube.ide.mcu.externaltools.gnu-tools-for-stm32.9-2020-q2-update.win32_2.0.0.202105311346/tools/bin/../lib/gcc/arm-none-eabi/9.3.1/thumb/v7e-m+dp/hard/crtend.o
 .ARM.attributes
                0x0000000000000000       0x30 e:/st/stm32cubeide_1.7.0/stm32cubeide/plugins/com.st.stm32cube.ide.mcu.externaltools.gnu-tools-for-stm32.9-2020-q2-update.win32_2.0.0.202105311346/tools/bin/../lib/gcc/arm-none-eabi/9.3.1/thumb/v7e-m+dp/hard/crtend.o
 .text          0x0000000000000000        0x0 e:/st/stm32cubeide_1.7.0/stm32cubeide/plugins/com.st.stm32cube.ide.mcu.externaltools.gnu-tools-for-stm32.9-2020-q2-update.win32_2.0.0.202105311346/tools/bin/../lib/gcc/arm-none-eabi/9.3.1/thumb/v7e-m+dp/hard/crtn.o
 .data          0x0000000000000000        0x0 e:/st/stm32cubeide_1.7.0/stm32cubeide/plugins/com.st.stm32cube.ide.mcu.externaltools.gnu-tools-for-stm32.9-2020-q2-update.win32_2.0.0.202105311346/tools/bin/../lib/gcc/arm-none-eabi/9.3.1/thumb/v7e-m+dp/hard/crtn.o
 .bss           0x0000000000000000        0x0 e:/st/stm32cubeide_1.7.0/stm32cubeide/plugins/com.st.stm32cube.ide.mcu.externaltools.gnu-tools-for-stm32.9-2020-q2-update.win32_2.0.0.202105311346/tools/bin/../lib/gcc/arm-none-eabi/9.3.1/thumb/v7e-m+dp/hard/crtn.o

Memory Configuration

Name             Origin             Length             Attributes
RAM_D1           0x0000000024000000 0x0000000000080000 xrw
FLASH            0x0000000008000000 0x0000000000100000 xr
DTCMRAM          0x0000000020000000 0x0000000000020000 xrw
RAM_D2           0x0000000030000000 0x0000000000048000 xrw
RAM_D3           0x0000000038000000 0x0000000000010000 xrw
ITCMRAM          0x0000000000000000 0x0000000000010000 xrw
*default*        0x0000000000000000 0xffffffffffffffff

Linker script and memory map

LOAD e:/st/stm32cubeide_1.7.0/stm32cubeide/plugins/com.st.stm32cube.ide.mcu.externaltools.gnu-tools-for-stm32.9-2020-q2-update.win32_2.0.0.202105311346/tools/bin/../lib/gcc/arm-none-eabi/9.3.1/thumb/v7e-m+dp/hard/crti.o
LOAD e:/st/stm32cubeide_1.7.0/stm32cubeide/plugins/com.st.stm32cube.ide.mcu.externaltools.gnu-tools-for-stm32.9-2020-q2-update.win32_2.0.0.202105311346/tools/bin/../lib/gcc/arm-none-eabi/9.3.1/thumb/v7e-m+dp/hard/crtbegin.o
LOAD e:/st/stm32cubeide_1.7.0/stm32cubeide/plugins/com.st.stm32cube.ide.mcu.externaltools.gnu-tools-for-stm32.9-2020-q2-update.win32_2.0.0.202105311346/tools/bin/../lib/gcc/arm-none-eabi/9.3.1/../../../../arm-none-eabi/lib/thumb/v7e-m+dp/hard/crt0.o
LOAD ./Src/Clock.o
LOAD ./Src/Control.o
LOAD ./Src/Gpio.o
LOAD ./Src/Systick.o
LOAD ./Src/Uart.o
LOAD ./Src/User_led.o
LOAD ./Src/main.o
LOAD ./Src/syscalls.o
LOAD ./Src/sysmem.o
LOAD ./Startup/startup_stm32h745zitx.o
START GROUP
LOAD e:/st/stm32cubeide_1.7.0/stm32cubeide/plugins/com.st.stm32cube.ide.mcu.externaltools.gnu-tools-for-stm32.9-2020-q2-update.win32_2.0.0.202105311346/tools/bin/../lib/gcc/arm-none-eabi/9.3.1/../../../../arm-none-eabi/lib/thumb/v7e-m+dp/hard\libc_nano.a
LOAD e:/st/stm32cubeide_1.7.0/stm32cubeide/plugins/com.st.stm32cube.ide.mcu.externaltools.gnu-tools-for-stm32.9-2020-q2-update.win32_2.0.0.202105311346/tools/bin/../lib/gcc/arm-none-eabi/9.3.1/../../../../arm-none-eabi/lib/thumb/v7e-m+dp/hard\libm.a
END GROUP
START GROUP
LOAD e:/st/stm32cubeide_1.7.0/stm32cubeide/plugins/com.st.stm32cube.ide.mcu.externaltools.gnu-tools-for-stm32.9-2020-q2-update.win32_2.0.0.202105311346/tools/bin/../lib/gcc/arm-none-eabi/9.3.1/thumb/v7e-m+dp/hard\libgcc.a
LOAD e:/st/stm32cubeide_1.7.0/stm32cubeide/plugins/com.st.stm32cube.ide.mcu.externaltools.gnu-tools-for-stm32.9-2020-q2-update.win32_2.0.0.202105311346/tools/bin/../lib/gcc/arm-none-eabi/9.3.1/../../../../arm-none-eabi/lib/thumb/v7e-m+dp/hard\libc_nano.a
END GROUP
START GROUP
LOAD e:/st/stm32cubeide_1.7.0/stm32cubeide/plugins/com.st.stm32cube.ide.mcu.externaltools.gnu-tools-for-stm32.9-2020-q2-update.win32_2.0.0.202105311346/tools/bin/../lib/gcc/arm-none-eabi/9.3.1/thumb/v7e-m+dp/hard\libgcc.a
LOAD e:/st/stm32cubeide_1.7.0/stm32cubeide/plugins/com.st.stm32cube.ide.mcu.externaltools.gnu-tools-for-stm32.9-2020-q2-update.win32_2.0.0.202105311346/tools/bin/../lib/gcc/arm-none-eabi/9.3.1/../../../../arm-none-eabi/lib/thumb/v7e-m+dp/hard\libc_nano.a
LOAD e:/st/stm32cubeide_1.7.0/stm32cubeide/plugins/com.st.stm32cube.ide.mcu.externaltools.gnu-tools-for-stm32.9-2020-q2-update.win32_2.0.0.202105311346/tools/bin/../lib/gcc/arm-none-eabi/9.3.1/../../../../arm-none-eabi/lib/thumb/v7e-m+dp/hard\libnosys.a
END GROUP
START GROUP
LOAD e:/st/stm32cubeide_1.7.0/stm32cubeide/plugins/com.st.stm32cube.ide.mcu.externaltools.gnu-tools-for-stm32.9-2020-q2-update.win32_2.0.0.202105311346/tools/bin/../lib/gcc/arm-none-eabi/9.3.1/thumb/v7e-m+dp/hard\libgcc.a
LOAD e:/st/stm32cubeide_1.7.0/stm32cubeide/plugins/com.st.stm32cube.ide.mcu.externaltools.gnu-tools-for-stm32.9-2020-q2-update.win32_2.0.0.202105311346/tools/bin/../lib/gcc/arm-none-eabi/9.3.1/../../../../arm-none-eabi/lib/thumb/v7e-m+dp/hard\libc_nano.a
LOAD e:/st/stm32cubeide_1.7.0/stm32cubeide/plugins/com.st.stm32cube.ide.mcu.externaltools.gnu-tools-for-stm32.9-2020-q2-update.win32_2.0.0.202105311346/tools/bin/../lib/gcc/arm-none-eabi/9.3.1/../../../../arm-none-eabi/lib/thumb/v7e-m+dp/hard\libnosys.a
END GROUP
LOAD e:/st/stm32cubeide_1.7.0/stm32cubeide/plugins/com.st.stm32cube.ide.mcu.externaltools.gnu-tools-for-stm32.9-2020-q2-update.win32_2.0.0.202105311346/tools/bin/../lib/gcc/arm-none-eabi/9.3.1/thumb/v7e-m+dp/hard/crtend.o
LOAD e:/st/stm32cubeide_1.7.0/stm32cubeide/plugins/com.st.stm32cube.ide.mcu.externaltools.gnu-tools-for-stm32.9-2020-q2-update.win32_2.0.0.202105311346/tools/bin/../lib/gcc/arm-none-eabi/9.3.1/thumb/v7e-m+dp/hard/crtn.o
                0x0000000024080000                _estack = (ORIGIN (RAM_D1) + LENGTH (RAM_D1))
                0x0000000000000200                _Min_Heap_Size = 0x200
                0x0000000000000400                _Min_Stack_Size = 0x400

.isr_vector     0x0000000008000000      0x298
                0x0000000008000000                . = ALIGN (0x4)
 *(.isr_vector)
 .isr_vector    0x0000000008000000      0x298 ./Startup/startup_stm32h745zitx.o
                0x0000000008000000                g_pfnVectors
                0x0000000008000298                . = ALIGN (0x4)

.text           0x0000000008000298     0x13c8
                0x0000000008000298                . = ALIGN (0x4)
 *(.text)
 .text          0x0000000008000298       0x40 e:/st/stm32cubeide_1.7.0/stm32cubeide/plugins/com.st.stm32cube.ide.mcu.externaltools.gnu-tools-for-stm32.9-2020-q2-update.win32_2.0.0.202105311346/tools/bin/../lib/gcc/arm-none-eabi/9.3.1/thumb/v7e-m+dp/hard/crtbegin.o
 *(.text*)
 .text.decimalToBinary
                0x00000000080002d8       0x5a ./Src/Clock.o
                0x00000000080002d8                decimalToBinary
 *fill*         0x0000000008000332        0x2 
 .text.PLLSRC_Select
                0x0000000008000334       0x98 ./Src/Clock.o
                0x0000000008000334                PLLSRC_Select
 .text.DIVM1    0x00000000080003cc       0x98 ./Src/Clock.o
                0x00000000080003cc                DIVM1
 .text.SystemClockStatus
                0x0000000008000464      0x100 ./Src/Clock.o
                0x0000000008000464                SystemClockStatus
 .text.PLL1DIVR
                0x0000000008000564      0x1a4 ./Src/Clock.o
                0x0000000008000564                PLL1DIVR
 .text.input_frequency_range
                0x0000000008000708       0xb8 ./Src/Clock.o
                0x0000000008000708                input_frequency_range
 .text.PLL1VCOSEL
                0x00000000080007c0       0x3c ./Src/Clock.o
                0x00000000080007c0                PLL1VCOSEL
 .text.enable_PLL1_OutputDividers
                0x00000000080007fc       0x38 ./Src/Clock.o
                0x00000000080007fc                enable_PLL1_OutputDividers
 .text.enable_PLL1_FractionalDivider
                0x0000000008000834       0x20 ./Src/Clock.o
                0x0000000008000834                enable_PLL1_FractionalDivider
 .text.StartPLL1
                0x0000000008000854       0x30 ./Src/Clock.o
                0x0000000008000854                StartPLL1
 .text.D1CFGR_D1CPRE
                0x0000000008000884      0x244 ./Src/Clock.o
                0x0000000008000884                D1CFGR_D1CPRE
 .text.D1CFGR_HPRE
                0x0000000008000ac8      0x244 ./Src/Clock.o
                0x0000000008000ac8                D1CFGR_HPRE
 .text.D1PPRE   0x0000000008000d0c      0x118 ./Src/Clock.o
                0x0000000008000d0c                D1PPRE
 .text.D2PPRE1  0x0000000008000e24      0x118 ./Src/Clock.o
                0x0000000008000e24                D2PPRE1
 .text.D3PPRE   0x0000000008000f3c      0x118 ./Src/Clock.o
                0x0000000008000f3c                D3PPRE
 .text.SysClockConfig
                0x0000000008001054       0x80 ./Src/Clock.o
                0x0000000008001054                SysClockConfig
 .text.get_SYSCLK
                0x00000000080010d4       0x14 ./Src/Clock.o
                0x00000000080010d4                get_SYSCLK
 .text.enablePORT
                0x00000000080010e8      0x210 ./Src/Gpio.o
                0x00000000080010e8                enablePORT
 .text.Set_GPIO_MODER
                0x00000000080012f8       0xdc ./Src/Gpio.o
                0x00000000080012f8                Set_GPIO_MODER
 .text.Set_GPIO_BSRR
                0x00000000080013d4       0x4e ./Src/Gpio.o
                0x00000000080013d4                Set_GPIO_BSRR
 *fill*         0x0000000008001422        0x2 
 .text.systickDelayMs
                0x0000000008001424       0x64 ./Src/Systick.o
                0x0000000008001424                systickDelayMs
 .text.ld1_init
                0x0000000008001488       0x1c ./Src/User_led.o
                0x0000000008001488                ld1_init
 .text.ld2_init
                0x00000000080014a4       0x1c ./Src/User_led.o
                0x00000000080014a4                ld2_init
 .text.ld3_init
                0x00000000080014c0       0x1c ./Src/User_led.o
                0x00000000080014c0                ld3_init
 .text.ld1_on   0x00000000080014dc       0x18 ./Src/User_led.o
                0x00000000080014dc                ld1_on
 .text.ld2_on   0x00000000080014f4       0x18 ./Src/User_led.o
                0x00000000080014f4                ld2_on
 .text.ld3_on   0x000000000800150c       0x18 ./Src/User_led.o
                0x000000000800150c                ld3_on
 .text.ld1_off  0x0000000008001524       0x18 ./Src/User_led.o
                0x0000000008001524                ld1_off
 .text.ld2_off  0x000000000800153c       0x18 ./Src/User_led.o
                0x000000000800153c                ld2_off
 .text.ld3_off  0x0000000008001554       0x18 ./Src/User_led.o
                0x0000000008001554                ld3_off
 .text.main     0x000000000800156c       0x40 ./Src/main.o
                0x000000000800156c                main
 .text.Reset_Handler
                0x00000000080015ac       0x50 ./Startup/startup_stm32h745zitx.o
                0x00000000080015ac                Reset_Handler
 .text.Default_Handler
                0x00000000080015fc        0x2 ./Startup/startup_stm32h745zitx.o
                0x00000000080015fc                EXTI2_IRQHandler
                0x00000000080015fc                TIM8_CC_IRQHandler
                0x00000000080015fc                DMA_STR2_IRQHandler
                0x00000000080015fc                DebugMon_Handler
                0x00000000080015fc                UART8_IRQHandler
                0x00000000080015fc                SPI4_IRQHandler
                0x00000000080015fc                HRTIM1_MST_IRQHandler
                0x00000000080015fc                HardFault_Handler
                0x00000000080015fc                DMA_STR5_IRQHandler
                0x00000000080015fc                HRTIM1_FLT_IRQHandler
                0x00000000080015fc                JPEG_IRQHandler
                0x00000000080015fc                SysTick_Handler
                0x00000000080015fc                DMA2_STR1_IRQHandler
                0x00000000080015fc                DMA2_STR5_IRQHandler
                0x00000000080015fc                HRTIM1_TIMD_IRQHandler
                0x00000000080015fc                PendSV_Handler
                0x00000000080015fc                NMI_Handler
                0x00000000080015fc                EXTI3_IRQHandler
                0x00000000080015fc                LPTIM4_IRQHandler
                0x00000000080015fc                TIM8_TRG_COM_TIM14_IRQHandler
                0x00000000080015fc                LPTIM2_IRQHandler
                0x00000000080015fc                DFSDM1_FLT1_IRQHandler
                0x00000000080015fc                DMAMUX2_OVR_IRQHandler
                0x00000000080015fc                TIM8_UP_TIM13_IRQHandler
                0x00000000080015fc                I2C3_ER_IRQHandler
                0x00000000080015fc                DFSDM1_FLT2_IRQHandler
                0x00000000080015fc                MDMA_IRQHandler
                0x00000000080015fc                LPTIM3_IRQHandler
                0x00000000080015fc                EXTI0_IRQHandler
                0x00000000080015fc                I2C2_EV_IRQHandler
                0x00000000080015fc                FPU_IRQHandler
                0x00000000080015fc                DMA_STR1_IRQHandler
                0x00000000080015fc                OTG_HS_WKUP_IRQHandler
                0x00000000080015fc                FDCAN1_IT1_IRQHandler
                0x00000000080015fc                UsageFault_Handler
                0x00000000080015fc                LTDC_ER_IRQHandler
                0x00000000080015fc                ADC1_2_IRQHandler
                0x00000000080015fc                SPI1_IRQHandler
                0x00000000080015fc                BDMA_CH2_IRQHandler
                0x00000000080015fc                TIM6_DAC_IRQHandler
                0x00000000080015fc                DCMI_IRQHandler
                0x00000000080015fc                HRTIM1_TIMC_IRQHandler
                0x00000000080015fc                SDMMC_IRQHandler
                0x00000000080015fc                RTC_ALARM_IRQHandler
                0x00000000080015fc                DMA_STR0_IRQHandler
                0x00000000080015fc                SAI2_IRQHandler
                0x00000000080015fc                DMA2_STR3_IRQHandler
                0x00000000080015fc                DFSDM1_FLT3_IRQHandler
                0x00000000080015fc                USART6_IRQHandler
                0x00000000080015fc                BDMA_CH5_IRQHandler
                0x00000000080015fc                TIM17_IRQHandler
                0x00000000080015fc                BDMA_CH6_IRQHandler
                0x00000000080015fc                USART3_IRQHandler
                0x00000000080015fc                WKUP_IRQHandler
                0x00000000080015fc                BDMA_CH3_IRQHandler
                0x00000000080015fc                LPTIM5_IRQHandler
                0x00000000080015fc                LPUART_IRQHandler
                0x00000000080015fc                UART5_IRQHandler
                0x00000000080015fc                ADC3_IRQHandler
                0x00000000080015fc                DMA_STR6_IRQHandler
                0x00000000080015fc                TIM4_IRQHandler
                0x00000000080015fc                QUADSPI_IRQHandler
                0x00000000080015fc                I2C1_EV_IRQHandler
                0x00000000080015fc                DMA1_STR7_IRQHandler
                0x00000000080015fc                TIM16_IRQHandler
                0x00000000080015fc                UART4_IRQHandler
                0x00000000080015fc                TIM3_IRQHandler
                0x00000000080015fc                RCC_IRQHandler
                0x00000000080015fc                TIM8_BRK_TIM12_IRQHandler
                0x00000000080015fc                TIM1_TRG_COM_IRQHandler
                0x00000000080015fc                Default_Handler
                0x00000000080015fc                HRTIM_TIMB_IRQHandler
                0x00000000080015fc                CEC_IRQHandler
                0x00000000080015fc                EXTI15_10_IRQHandler
                0x00000000080015fc                BDMA_CH4_IRQHandler
                0x00000000080015fc                DMA_STR3_IRQHandler
                0x00000000080015fc                HRTIM_TIME_IRQHandler
                0x00000000080015fc                HRTIM1_TIMA_IRQHandler
                0x00000000080015fc                SPI5_IRQHandler
                0x00000000080015fc                TIM7_IRQHandler
                0x00000000080015fc                SDMMC1_IRQHandler
                0x00000000080015fc                TIM5_IRQHandler
                0x00000000080015fc                SPDIF_IRQHandler
                0x00000000080015fc                TIM15_IRQHandler
                0x00000000080015fc                I2C3_EV_IRQHandler
                0x00000000080015fc                EXTI9_5_IRQHandler
                0x00000000080015fc                DMA2_STR4_IRQHandler
                0x00000000080015fc                RTC_WKUP_IRQHandler
                0x00000000080015fc                DMA2_STR6_IRQHandler
                0x00000000080015fc                LTDC_IRQHandler
                0x00000000080015fc                SAI3_IRQHandler
                0x00000000080015fc                ETH_WKUP_IRQHandler
                0x00000000080015fc                PVD_PVM_IRQHandler
                0x00000000080015fc                SPI2_IRQHandler
                0x00000000080015fc                OTG_HS_EP1_IN_IRQHandler
                0x00000000080015fc                MemManage_Handler
                0x00000000080015fc                DMA2_STR0_IRQHandler
                0x00000000080015fc                SVC_Handler
                0x00000000080015fc                CRS_IRQHandler
                0x00000000080015fc                EXTI4_IRQHandler
                0x00000000080015fc                DMAMUX1_OV_IRQHandler
                0x00000000080015fc                FDCAN2_IT1_IRQHandler
                0x00000000080015fc                DMA_STR4_IRQHandler
                0x00000000080015fc                COMP_IRQHandler
                0x00000000080015fc                DMA2_STR2_IRQHandler
                0x00000000080015fc                ETH_IRQHandler
                0x00000000080015fc                TIM1_UP_IRQHandler
                0x00000000080015fc                DMA2_STR7_IRQHandler
                0x00000000080015fc                OTG_HS_EP1_OUT_IRQHandler
                0x00000000080015fc                SPI6_IRQHandler
                0x00000000080015fc                MDIOS_IRQHandler
                0x00000000080015fc                I2C4_EV_IRQHandler
                0x00000000080015fc                FDCAN2_IT0_IRQHandler
                0x00000000080015fc                BDMA_CH7_IRQHandler
                0x00000000080015fc                FDCAN1_IT0_IRQHandler
                0x00000000080015fc                TIM2_IRQHandler
                0x00000000080015fc                HSEM0_IRQHandler
                0x00000000080015fc                OTG_FS_WKUP_IRQHandler
                0x00000000080015fc                OTG_HS_IRQHandler
                0x00000000080015fc                DMA2D_IRQHandler
                0x00000000080015fc                TIM1_BRK_IRQHandler
                0x00000000080015fc                EXTI1_IRQHandler
                0x00000000080015fc                WWDG2_RST_IRQHandler
                0x00000000080015fc                OTG_FS_EP1_OUT_IRQHandler
                0x00000000080015fc                HOLD_CORE_IRQHandler
                0x00000000080015fc                UART7_IRQHandler
                0x00000000080015fc                MDIOS_WKUP_IRQHandler
                0x00000000080015fc                USART2_IRQHandler
                0x00000000080015fc                DFSDM1_FLT0_IRQHandler
                0x00000000080015fc                SAI4_IRQHandler
                0x00000000080015fc                I2C2_ER_IRQHandler
                0x00000000080015fc                FLASH_IRQHandler
                0x00000000080015fc                WWDG1_IRQHandler
                0x00000000080015fc                BusFault_Handler
                0x00000000080015fc                USART1_IRQHandler
                0x00000000080015fc                OTG_FS_IRQHandler
                0x00000000080015fc                SPI3_IRQHandler
                0x00000000080015fc                OTG_FS_EP1_IN_IRQHandler
                0x00000000080015fc                I2C1_ER_IRQHandler
                0x00000000080015fc                FMC_IRQHandler
                0x00000000080015fc                BDMA_CH1_IRQHandler
                0x00000000080015fc                FDCAN_CAL_IRQHandler
                0x00000000080015fc                SWPMI1_IRQHandler
                0x00000000080015fc                LPTIM1_IRQHandler
                0x00000000080015fc                BDMA_CH8_IRQHandler
                0x00000000080015fc                cm4_sev_it_IRQHandler
                0x00000000080015fc                TIM_CC_IRQHandler
                0x00000000080015fc                I2C4_ER_IRQHandler
                0x00000000080015fc                SAI1_IRQHandler
                0x00000000080015fc                RTC_TAMP_STAMP_CSS_LSE_IRQHandler
 *fill*         0x00000000080015fe        0x2 
 .text.__libc_init_array
                0x0000000008001600       0x48 e:/st/stm32cubeide_1.7.0/stm32cubeide/plugins/com.st.stm32cube.ide.mcu.externaltools.gnu-tools-for-stm32.9-2020-q2-update.win32_2.0.0.202105311346/tools/bin/../lib/gcc/arm-none-eabi/9.3.1/../../../../arm-none-eabi/lib/thumb/v7e-m+dp/hard\libc_nano.a(lib_a-init.o)
                0x0000000008001600                __libc_init_array
 *(.glue_7)
 .glue_7        0x0000000008001648        0x0 linker stubs
 *(.glue_7t)
 .glue_7t       0x0000000008001648        0x0 linker stubs
 *(.eh_frame)
 .eh_frame      0x0000000008001648        0x0 e:/st/stm32cubeide_1.7.0/stm32cubeide/plugins/com.st.stm32cube.ide.mcu.externaltools.gnu-tools-for-stm32.9-2020-q2-update.win32_2.0.0.202105311346/tools/bin/../lib/gcc/arm-none-eabi/9.3.1/thumb/v7e-m+dp/hard/crtbegin.o
 *(.init)
 .init          0x0000000008001648        0x4 e:/st/stm32cubeide_1.7.0/stm32cubeide/plugins/com.st.stm32cube.ide.mcu.externaltools.gnu-tools-for-stm32.9-2020-q2-update.win32_2.0.0.202105311346/tools/bin/../lib/gcc/arm-none-eabi/9.3.1/thumb/v7e-m+dp/hard/crti.o
                0x0000000008001648                _init
 .init          0x000000000800164c        0x8 e:/st/stm32cubeide_1.7.0/stm32cubeide/plugins/com.st.stm32cube.ide.mcu.externaltools.gnu-tools-for-stm32.9-2020-q2-update.win32_2.0.0.202105311346/tools/bin/../lib/gcc/arm-none-eabi/9.3.1/thumb/v7e-m+dp/hard/crtn.o
 *(.fini)
 .fini          0x0000000008001654        0x4 e:/st/stm32cubeide_1.7.0/stm32cubeide/plugins/com.st.stm32cube.ide.mcu.externaltools.gnu-tools-for-stm32.9-2020-q2-update.win32_2.0.0.202105311346/tools/bin/../lib/gcc/arm-none-eabi/9.3.1/thumb/v7e-m+dp/hard/crti.o
                0x0000000008001654                _fini
 .fini          0x0000000008001658        0x8 e:/st/stm32cubeide_1.7.0/stm32cubeide/plugins/com.st.stm32cube.ide.mcu.externaltools.gnu-tools-for-stm32.9-2020-q2-update.win32_2.0.0.202105311346/tools/bin/../lib/gcc/arm-none-eabi/9.3.1/thumb/v7e-m+dp/hard/crtn.o
                0x0000000008001660                . = ALIGN (0x4)
                0x0000000008001660                _etext = .

.vfp11_veneer   0x0000000008001660        0x0
 .vfp11_veneer  0x0000000008001660        0x0 linker stubs

.v4_bx          0x0000000008001660        0x0
 .v4_bx         0x0000000008001660        0x0 linker stubs

.iplt           0x0000000008001660        0x0
 .iplt          0x0000000008001660        0x0 e:/st/stm32cubeide_1.7.0/stm32cubeide/plugins/com.st.stm32cube.ide.mcu.externaltools.gnu-tools-for-stm32.9-2020-q2-update.win32_2.0.0.202105311346/tools/bin/../lib/gcc/arm-none-eabi/9.3.1/thumb/v7e-m+dp/hard/crtbegin.o

.rel.dyn        0x0000000008001660        0x0
 .rel.iplt      0x0000000008001660        0x0 e:/st/stm32cubeide_1.7.0/stm32cubeide/plugins/com.st.stm32cube.ide.mcu.externaltools.gnu-tools-for-stm32.9-2020-q2-update.win32_2.0.0.202105311346/tools/bin/../lib/gcc/arm-none-eabi/9.3.1/thumb/v7e-m+dp/hard/crtbegin.o

.rodata         0x0000000008001660        0x0
                0x0000000008001660                . = ALIGN (0x4)
 *(.rodata)
 *(.rodata*)
                0x0000000008001660                . = ALIGN (0x4)

.ARM.extab      0x0000000008001660        0x0
                0x0000000008001660                . = ALIGN (0x4)
 *(.ARM.extab* .gnu.linkonce.armextab.*)
                0x0000000008001660                . = ALIGN (0x4)

.ARM            0x0000000008001660        0x0
                0x0000000008001660                . = ALIGN (0x4)
                0x0000000008001660                __exidx_start = .
 *(.ARM.exidx*)
                0x0000000008001660                __exidx_end = .
                0x0000000008001660                . = ALIGN (0x4)

.preinit_array  0x0000000008001660        0x0
                0x0000000008001660                . = ALIGN (0x4)
                0x0000000008001660                PROVIDE (__preinit_array_start = .)
 *(.preinit_array*)
                0x0000000008001660                PROVIDE (__preinit_array_end = .)
                0x0000000008001660                . = ALIGN (0x4)

.init_array     0x0000000008001660        0x4
                0x0000000008001660                . = ALIGN (0x4)
                0x0000000008001660                PROVIDE (__init_array_start = .)
 *(SORT_BY_NAME(.init_array.*))
 *(.init_array*)
 .init_array    0x0000000008001660        0x4 e:/st/stm32cubeide_1.7.0/stm32cubeide/plugins/com.st.stm32cube.ide.mcu.externaltools.gnu-tools-for-stm32.9-2020-q2-update.win32_2.0.0.202105311346/tools/bin/../lib/gcc/arm-none-eabi/9.3.1/thumb/v7e-m+dp/hard/crtbegin.o
                0x0000000008001664                PROVIDE (__init_array_end = .)
                0x0000000008001664                . = ALIGN (0x4)

.fini_array     0x0000000008001664        0x4
                0x0000000008001664                . = ALIGN (0x4)
                [!provide]                        PROVIDE (__fini_array_start = .)
 *(SORT_BY_NAME(.fini_array.*))
 *(.fini_array*)
 .fini_array    0x0000000008001664        0x4 e:/st/stm32cubeide_1.7.0/stm32cubeide/plugins/com.st.stm32cube.ide.mcu.externaltools.gnu-tools-for-stm32.9-2020-q2-update.win32_2.0.0.202105311346/tools/bin/../lib/gcc/arm-none-eabi/9.3.1/thumb/v7e-m+dp/hard/crtbegin.o
                [!provide]                        PROVIDE (__fini_array_end = .)
                0x0000000008001668                . = ALIGN (0x4)
                0x0000000008001668                _sidata = LOADADDR (.data)

.data           0x0000000024000000        0x0 load address 0x0000000008001668
                0x0000000024000000                . = ALIGN (0x4)
                0x0000000024000000                _sdata = .
 *(.data)
 *(.data*)
 *(.RamFunc)
 *(.RamFunc*)
                0x0000000024000000                . = ALIGN (0x4)
                0x0000000024000000                _edata = .

.igot.plt       0x0000000024000000        0x0 load address 0x0000000008001668
 .igot.plt      0x0000000024000000        0x0 e:/st/stm32cubeide_1.7.0/stm32cubeide/plugins/com.st.stm32cube.ide.mcu.externaltools.gnu-tools-for-stm32.9-2020-q2-update.win32_2.0.0.202105311346/tools/bin/../lib/gcc/arm-none-eabi/9.3.1/thumb/v7e-m+dp/hard/crtbegin.o
                0x0000000024000000                . = ALIGN (0x4)

.bss            0x0000000024000000       0x1c load address 0x0000000008001668
                0x0000000024000000                _sbss = .
                0x0000000024000000                __bss_start__ = _sbss
 *(.bss)
 .bss           0x0000000024000000       0x1c e:/st/stm32cubeide_1.7.0/stm32cubeide/plugins/com.st.stm32cube.ide.mcu.externaltools.gnu-tools-for-stm32.9-2020-q2-update.win32_2.0.0.202105311346/tools/bin/../lib/gcc/arm-none-eabi/9.3.1/thumb/v7e-m+dp/hard/crtbegin.o
 *(.bss*)
 *(COMMON)
                0x000000002400001c                . = ALIGN (0x4)
                0x000000002400001c                _ebss = .
                0x000000002400001c                __bss_end__ = _ebss

._user_heap_stack
                0x000000002400001c      0x604 load address 0x0000000008001668
                0x0000000024000020                . = ALIGN (0x8)
 *fill*         0x000000002400001c        0x4 
                [!provide]                        PROVIDE (end = .)
                0x0000000024000020                PROVIDE (_end = .)
                0x0000000024000220                . = (. + _Min_Heap_Size)
 *fill*         0x0000000024000020      0x200 
                0x0000000024000620                . = (. + _Min_Stack_Size)
 *fill*         0x0000000024000220      0x400 
                0x0000000024000620                . = ALIGN (0x8)

/DISCARD/
 libc.a(*)
 libm.a(*)
 libgcc.a(*)

.ARM.attributes
                0x0000000000000000       0x2e
 *(.ARM.attributes)
 .ARM.attributes
                0x0000000000000000       0x1e e:/st/stm32cubeide_1.7.0/stm32cubeide/plugins/com.st.stm32cube.ide.mcu.externaltools.gnu-tools-for-stm32.9-2020-q2-update.win32_2.0.0.202105311346/tools/bin/../lib/gcc/arm-none-eabi/9.3.1/thumb/v7e-m+dp/hard/crti.o
 .ARM.attributes
                0x000000000000001e       0x32 e:/st/stm32cubeide_1.7.0/stm32cubeide/plugins/com.st.stm32cube.ide.mcu.externaltools.gnu-tools-for-stm32.9-2020-q2-update.win32_2.0.0.202105311346/tools/bin/../lib/gcc/arm-none-eabi/9.3.1/thumb/v7e-m+dp/hard/crtbegin.o
 .ARM.attributes
                0x0000000000000050       0x32 ./Src/Clock.o
 .ARM.attributes
                0x0000000000000082       0x32 ./Src/Gpio.o
 .ARM.attributes
                0x00000000000000b4       0x32 ./Src/Systick.o
 .ARM.attributes
                0x00000000000000e6       0x32 ./Src/User_led.o
 .ARM.attributes
                0x0000000000000118       0x32 ./Src/main.o
 .ARM.attributes
                0x000000000000014a       0x21 ./Startup/startup_stm32h745zitx.o
 .ARM.attributes
                0x000000000000016b       0x32 e:/st/stm32cubeide_1.7.0/stm32cubeide/plugins/com.st.stm32cube.ide.mcu.externaltools.gnu-tools-for-stm32.9-2020-q2-update.win32_2.0.0.202105311346/tools/bin/../lib/gcc/arm-none-eabi/9.3.1/../../../../arm-none-eabi/lib/thumb/v7e-m+dp/hard\libc_nano.a(lib_a-init.o)
 .ARM.attributes
                0x000000000000019d       0x1e e:/st/stm32cubeide_1.7.0/stm32cubeide/plugins/com.st.stm32cube.ide.mcu.externaltools.gnu-tools-for-stm32.9-2020-q2-update.win32_2.0.0.202105311346/tools/bin/../lib/gcc/arm-none-eabi/9.3.1/thumb/v7e-m+dp/hard/crtn.o
OUTPUT(driver_CM7.elf elf32-littlearm)
LOAD linker stubs
LOAD e:/st/stm32cubeide_1.7.0/stm32cubeide/plugins/com.st.stm32cube.ide.mcu.externaltools.gnu-tools-for-stm32.9-2020-q2-update.win32_2.0.0.202105311346/tools/bin/../lib/gcc/arm-none-eabi/9.3.1/../../../../arm-none-eabi/lib/thumb/v7e-m+dp/hard\libc.a
LOAD e:/st/stm32cubeide_1.7.0/stm32cubeide/plugins/com.st.stm32cube.ide.mcu.externaltools.gnu-tools-for-stm32.9-2020-q2-update.win32_2.0.0.202105311346/tools/bin/../lib/gcc/arm-none-eabi/9.3.1/../../../../arm-none-eabi/lib/thumb/v7e-m+dp/hard\libm.a
LOAD e:/st/stm32cubeide_1.7.0/stm32cubeide/plugins/com.st.stm32cube.ide.mcu.externaltools.gnu-tools-for-stm32.9-2020-q2-update.win32_2.0.0.202105311346/tools/bin/../lib/gcc/arm-none-eabi/9.3.1/thumb/v7e-m+dp/hard\libgcc.a

.debug_info     0x0000000000000000     0x1901
 .debug_info    0x0000000000000000      0x99d ./Src/Clock.o
 .debug_info    0x000000000000099d      0xa1d ./Src/Gpio.o
 .debug_info    0x00000000000013ba      0x1ad ./Src/Systick.o
 .debug_info    0x0000000000001567      0x25a ./Src/User_led.o
 .debug_info    0x00000000000017c1      0x11e ./Src/main.o
 .debug_info    0x00000000000018df       0x22 ./Startup/startup_stm32h745zitx.o

.debug_abbrev   0x0000000000000000      0x6c4
 .debug_abbrev  0x0000000000000000      0x238 ./Src/Clock.o
 .debug_abbrev  0x0000000000000238      0x1df ./Src/Gpio.o
 .debug_abbrev  0x0000000000000417      0x121 ./Src/Systick.o
 .debug_abbrev  0x0000000000000538       0xdc ./Src/User_led.o
 .debug_abbrev  0x0000000000000614       0x9e ./Src/main.o
 .debug_abbrev  0x00000000000006b2       0x12 ./Startup/startup_stm32h745zitx.o

.debug_aranges  0x0000000000000000      0x210
 .debug_aranges
                0x0000000000000000       0xc0 ./Src/Clock.o
 .debug_aranges
                0x00000000000000c0       0x88 ./Src/Gpio.o
 .debug_aranges
                0x0000000000000148       0x20 ./Src/Systick.o
 .debug_aranges
                0x0000000000000168       0x60 ./Src/User_led.o
 .debug_aranges
                0x00000000000001c8       0x20 ./Src/main.o
 .debug_aranges
                0x00000000000001e8       0x28 ./Startup/startup_stm32h745zitx.o

.debug_ranges   0x0000000000000000      0x1b8
 .debug_ranges  0x0000000000000000       0xb0 ./Src/Clock.o
 .debug_ranges  0x00000000000000b0       0x78 ./Src/Gpio.o
 .debug_ranges  0x0000000000000128       0x10 ./Src/Systick.o
 .debug_ranges  0x0000000000000138       0x50 ./Src/User_led.o
 .debug_ranges  0x0000000000000188       0x10 ./Src/main.o
 .debug_ranges  0x0000000000000198       0x20 ./Startup/startup_stm32h745zitx.o

.debug_macro    0x0000000000000000    0x2923f
 .debug_macro   0x0000000000000000       0xd8 ./Src/Clock.o
 .debug_macro   0x00000000000000d8      0xad2 ./Src/Clock.o
 .debug_macro   0x0000000000000baa       0x49 ./Src/Clock.o
 .debug_macro   0x0000000000000bf3       0x22 ./Src/Clock.o
 .debug_macro   0x0000000000000c15       0x8e ./Src/Clock.o
 .debug_macro   0x0000000000000ca3       0x51 ./Src/Clock.o
 .debug_macro   0x0000000000000cf4      0x103 ./Src/Clock.o
 .debug_macro   0x0000000000000df7       0x6a ./Src/Clock.o
 .debug_macro   0x0000000000000e61      0x1df ./Src/Clock.o
 .debug_macro   0x0000000000001040       0x1c ./Src/Clock.o
 .debug_macro   0x000000000000105c       0x22 ./Src/Clock.o
 .debug_macro   0x000000000000107e      0x101 ./Src/Clock.o
 .debug_macro   0x000000000000117f     0x1305 ./Src/Clock.o
 .debug_macro   0x0000000000002484      0x11f ./Src/Clock.o
 .debug_macro   0x00000000000025a3       0x27 ./Src/Clock.o
 .debug_macro   0x00000000000025ca    0x26895 ./Src/Clock.o
 .debug_macro   0x0000000000028e5f       0x22 ./Src/Clock.o
 .debug_macro   0x0000000000028e81      0x118 ./Src/Gpio.o
 .debug_macro   0x0000000000028f99       0xe5 ./Src/Systick.o
 .debug_macro   0x000000000002907e       0xe0 ./Src/User_led.o
 .debug_macro   0x000000000002915e       0xe1 ./Src/main.o

.debug_line     0x0000000000000000     0x2860
 .debug_line    0x0000000000000000      0xbcf ./Src/Clock.o
 .debug_line    0x0000000000000bcf      0xbcc ./Src/Gpio.o
 .debug_line    0x000000000000179b      0x539 ./Src/Systick.o
 .debug_line    0x0000000000001cd4      0x5c9 ./Src/User_led.o
 .debug_line    0x000000000000229d      0x53f ./Src/main.o
 .debug_line    0x00000000000027dc       0x84 ./Startup/startup_stm32h745zitx.o

.debug_str      0x0000000000000000    0xeb975
 .debug_str     0x0000000000000000    0xeb634 ./Src/Clock.o
                                      0xeb85f (size before relaxing)
 .debug_str     0x00000000000eb634      0x1d9 ./Src/Gpio.o
                                      0xeb8b3 (size before relaxing)
 .debug_str     0x00000000000eb80d       0xb4 ./Src/Systick.o
                                      0xeb508 (size before relaxing)
 .debug_str     0x00000000000eb8c1       0x66 ./Src/User_led.o
                                      0xeb531 (size before relaxing)
 .debug_str     0x00000000000eb927       0x1d ./Src/main.o
                                      0xeb47e (size before relaxing)
 .debug_str     0x00000000000eb944       0x31 ./Startup/startup_stm32h745zitx.o
                                         0x5e (size before relaxing)

.comment        0x0000000000000000       0x53
 .comment       0x0000000000000000       0x53 ./Src/Clock.o
                                         0x54 (size before relaxing)
 .comment       0x0000000000000053       0x54 ./Src/Gpio.o
 .comment       0x0000000000000053       0x54 ./Src/Systick.o
 .comment       0x0000000000000053       0x54 ./Src/User_led.o
 .comment       0x0000000000000053       0x54 ./Src/main.o

.debug_frame    0x0000000000000000      0x6f8
 .debug_frame   0x0000000000000000      0x320 ./Src/Clock.o
 .debug_frame   0x0000000000000320      0x240 ./Src/Gpio.o
 .debug_frame   0x0000000000000560       0x34 ./Src/Systick.o
 .debug_frame   0x0000000000000594      0x10c ./Src/User_led.o
 .debug_frame   0x00000000000006a0       0x2c ./Src/main.o
 .debug_frame   0x00000000000006cc       0x2c e:/st/stm32cubeide_1.7.0/stm32cubeide/plugins/com.st.stm32cube.ide.mcu.externaltools.gnu-tools-for-stm32.9-2020-q2-update.win32_2.0.0.202105311346/tools/bin/../lib/gcc/arm-none-eabi/9.3.1/../../../../arm-none-eabi/lib/thumb/v7e-m+dp/hard\libc_nano.a(lib_a-init.o)
