Archive member included to satisfy reference by file (symbol)

e:/st/stm32cubeide_1.7.0/stm32cubeide/plugins/com.st.stm32cube.ide.mcu.externaltools.gnu-tools-for-stm32.9-2020-q2-update.win32_2.0.0.202105311346/tools/bin/../lib/gcc/arm-none-eabi/9.3.1/../../../../arm-none-eabi/lib/thumb/v7e-m+dp/hard\libc_nano.a(lib_a-errno.o)
                              ./Src/syscalls.o (__errno)
e:/st/stm32cubeide_1.7.0/stm32cubeide/plugins/com.st.stm32cube.ide.mcu.externaltools.gnu-tools-for-stm32.9-2020-q2-update.win32_2.0.0.202105311346/tools/bin/../lib/gcc/arm-none-eabi/9.3.1/../../../../arm-none-eabi/lib/thumb/v7e-m+dp/hard\libc_nano.a(lib_a-exit.o)
                              e:/st/stm32cubeide_1.7.0/stm32cubeide/plugins/com.st.stm32cube.ide.mcu.externaltools.gnu-tools-for-stm32.9-2020-q2-update.win32_2.0.0.202105311346/tools/bin/../lib/gcc/arm-none-eabi/9.3.1/../../../../arm-none-eabi/lib/thumb/v7e-m+dp/hard/crt0.o (exit)
e:/st/stm32cubeide_1.7.0/stm32cubeide/plugins/com.st.stm32cube.ide.mcu.externaltools.gnu-tools-for-stm32.9-2020-q2-update.win32_2.0.0.202105311346/tools/bin/../lib/gcc/arm-none-eabi/9.3.1/../../../../arm-none-eabi/lib/thumb/v7e-m+dp/hard\libc_nano.a(lib_a-impure.o)
                              e:/st/stm32cubeide_1.7.0/stm32cubeide/plugins/com.st.stm32cube.ide.mcu.externaltools.gnu-tools-for-stm32.9-2020-q2-update.win32_2.0.0.202105311346/tools/bin/../lib/gcc/arm-none-eabi/9.3.1/../../../../arm-none-eabi/lib/thumb/v7e-m+dp/hard\libc_nano.a(lib_a-exit.o) (_global_impure_ptr)
e:/st/stm32cubeide_1.7.0/stm32cubeide/plugins/com.st.stm32cube.ide.mcu.externaltools.gnu-tools-for-stm32.9-2020-q2-update.win32_2.0.0.202105311346/tools/bin/../lib/gcc/arm-none-eabi/9.3.1/../../../../arm-none-eabi/lib/thumb/v7e-m+dp/hard\libc_nano.a(lib_a-init.o)
                              e:/st/stm32cubeide_1.7.0/stm32cubeide/plugins/com.st.stm32cube.ide.mcu.externaltools.gnu-tools-for-stm32.9-2020-q2-update.win32_2.0.0.202105311346/tools/bin/../lib/gcc/arm-none-eabi/9.3.1/../../../../arm-none-eabi/lib/thumb/v7e-m+dp/hard/crt0.o (__libc_init_array)
e:/st/stm32cubeide_1.7.0/stm32cubeide/plugins/com.st.stm32cube.ide.mcu.externaltools.gnu-tools-for-stm32.9-2020-q2-update.win32_2.0.0.202105311346/tools/bin/../lib/gcc/arm-none-eabi/9.3.1/../../../../arm-none-eabi/lib/thumb/v7e-m+dp/hard\libc_nano.a(lib_a-memset.o)
                              e:/st/stm32cubeide_1.7.0/stm32cubeide/plugins/com.st.stm32cube.ide.mcu.externaltools.gnu-tools-for-stm32.9-2020-q2-update.win32_2.0.0.202105311346/tools/bin/../lib/gcc/arm-none-eabi/9.3.1/../../../../arm-none-eabi/lib/thumb/v7e-m+dp/hard/crt0.o (memset)

Discarded input sections

 .text          0x0000000000000000        0x0 e:/st/stm32cubeide_1.7.0/stm32cubeide/plugins/com.st.stm32cube.ide.mcu.externaltools.gnu-tools-for-stm32.9-2020-q2-update.win32_2.0.0.202105311346/tools/bin/../lib/gcc/arm-none-eabi/9.3.1/thumb/v7e-m+dp/hard/crti.o
 .data          0x0000000000000000        0x0 e:/st/stm32cubeide_1.7.0/stm32cubeide/plugins/com.st.stm32cube.ide.mcu.externaltools.gnu-tools-for-stm32.9-2020-q2-update.win32_2.0.0.202105311346/tools/bin/../lib/gcc/arm-none-eabi/9.3.1/thumb/v7e-m+dp/hard/crti.o
 .bss           0x0000000000000000        0x0 e:/st/stm32cubeide_1.7.0/stm32cubeide/plugins/com.st.stm32cube.ide.mcu.externaltools.gnu-tools-for-stm32.9-2020-q2-update.win32_2.0.0.202105311346/tools/bin/../lib/gcc/arm-none-eabi/9.3.1/thumb/v7e-m+dp/hard/crti.o
 .data          0x0000000000000000        0x4 e:/st/stm32cubeide_1.7.0/stm32cubeide/plugins/com.st.stm32cube.ide.mcu.externaltools.gnu-tools-for-stm32.9-2020-q2-update.win32_2.0.0.202105311346/tools/bin/../lib/gcc/arm-none-eabi/9.3.1/thumb/v7e-m+dp/hard/crtbegin.o
 .text          0x0000000000000000       0x7c e:/st/stm32cubeide_1.7.0/stm32cubeide/plugins/com.st.stm32cube.ide.mcu.externaltools.gnu-tools-for-stm32.9-2020-q2-update.win32_2.0.0.202105311346/tools/bin/../lib/gcc/arm-none-eabi/9.3.1/../../../../arm-none-eabi/lib/thumb/v7e-m+dp/hard/crt0.o
 .data          0x0000000000000000        0x0 e:/st/stm32cubeide_1.7.0/stm32cubeide/plugins/com.st.stm32cube.ide.mcu.externaltools.gnu-tools-for-stm32.9-2020-q2-update.win32_2.0.0.202105311346/tools/bin/../lib/gcc/arm-none-eabi/9.3.1/../../../../arm-none-eabi/lib/thumb/v7e-m+dp/hard/crt0.o
 .bss           0x0000000000000000        0x0 e:/st/stm32cubeide_1.7.0/stm32cubeide/plugins/com.st.stm32cube.ide.mcu.externaltools.gnu-tools-for-stm32.9-2020-q2-update.win32_2.0.0.202105311346/tools/bin/../lib/gcc/arm-none-eabi/9.3.1/../../../../arm-none-eabi/lib/thumb/v7e-m+dp/hard/crt0.o
 .ARM.extab     0x0000000000000000        0x0 e:/st/stm32cubeide_1.7.0/stm32cubeide/plugins/com.st.stm32cube.ide.mcu.externaltools.gnu-tools-for-stm32.9-2020-q2-update.win32_2.0.0.202105311346/tools/bin/../lib/gcc/arm-none-eabi/9.3.1/../../../../arm-none-eabi/lib/thumb/v7e-m+dp/hard/crt0.o
 .ARM.exidx     0x0000000000000000       0x10 e:/st/stm32cubeide_1.7.0/stm32cubeide/plugins/com.st.stm32cube.ide.mcu.externaltools.gnu-tools-for-stm32.9-2020-q2-update.win32_2.0.0.202105311346/tools/bin/../lib/gcc/arm-none-eabi/9.3.1/../../../../arm-none-eabi/lib/thumb/v7e-m+dp/hard/crt0.o
 .ARM.attributes
                0x0000000000000000       0x1c e:/st/stm32cubeide_1.7.0/stm32cubeide/plugins/com.st.stm32cube.ide.mcu.externaltools.gnu-tools-for-stm32.9-2020-q2-update.win32_2.0.0.202105311346/tools/bin/../lib/gcc/arm-none-eabi/9.3.1/../../../../arm-none-eabi/lib/thumb/v7e-m+dp/hard/crt0.o
 .group         0x0000000000000000        0xc ./Src/Control.o
 .group         0x0000000000000000        0xc ./Src/Control.o
 .text          0x0000000000000000        0x0 ./Src/Control.o
 .data          0x0000000000000000        0x0 ./Src/Control.o
 .bss           0x0000000000000000        0x0 ./Src/Control.o
 .text.checkbool
                0x0000000000000000       0x58 ./Src/Control.o
 .debug_info    0x0000000000000000       0x90 ./Src/Control.o
 .debug_abbrev  0x0000000000000000       0x7f ./Src/Control.o
 .debug_aranges
                0x0000000000000000       0x20 ./Src/Control.o
 .debug_ranges  0x0000000000000000       0x10 ./Src/Control.o
 .debug_macro   0x0000000000000000       0x2e ./Src/Control.o
 .debug_macro   0x0000000000000000      0xad2 ./Src/Control.o
 .debug_macro   0x0000000000000000       0x22 ./Src/Control.o
 .debug_line    0x0000000000000000      0x167 ./Src/Control.o
 .debug_str     0x0000000000000000     0x2e84 ./Src/Control.o
 .comment       0x0000000000000000       0x54 ./Src/Control.o
 .debug_frame   0x0000000000000000       0x34 ./Src/Control.o
 .ARM.attributes
                0x0000000000000000       0x32 ./Src/Control.o
 .group         0x0000000000000000        0xc ./Src/Gpio.o
 .group         0x0000000000000000        0xc ./Src/Gpio.o
 .group         0x0000000000000000        0xc ./Src/Gpio.o
 .group         0x0000000000000000        0xc ./Src/Gpio.o
 .group         0x0000000000000000        0xc ./Src/Gpio.o
 .group         0x0000000000000000        0xc ./Src/Gpio.o
 .group         0x0000000000000000        0xc ./Src/Gpio.o
 .group         0x0000000000000000        0xc ./Src/Gpio.o
 .group         0x0000000000000000        0xc ./Src/Gpio.o
 .group         0x0000000000000000        0xc ./Src/Gpio.o
 .group         0x0000000000000000        0xc ./Src/Gpio.o
 .group         0x0000000000000000        0xc ./Src/Gpio.o
 .group         0x0000000000000000        0xc ./Src/Gpio.o
 .group         0x0000000000000000        0xc ./Src/Gpio.o
 .group         0x0000000000000000        0xc ./Src/Gpio.o
 .group         0x0000000000000000        0xc ./Src/Gpio.o
 .text          0x0000000000000000        0x0 ./Src/Gpio.o
 .data          0x0000000000000000        0x0 ./Src/Gpio.o
 .bss           0x0000000000000000        0x0 ./Src/Gpio.o
 .text.Get_GPIO_MODER
                0x0000000000000000       0x7a ./Src/Gpio.o
 .text.Set_GPIO_OTYPER
                0x0000000000000000       0x4e ./Src/Gpio.o
 .text.Get_GPIO_OTYPER
                0x0000000000000000       0x42 ./Src/Gpio.o
 .text.Set_GPIO_OSPEEDR
                0x0000000000000000       0xdc ./Src/Gpio.o
 .text.Get_GPIO_OSPEEDR
                0x0000000000000000       0x7a ./Src/Gpio.o
 .text.Set_GPIO_PUPDR
                0x0000000000000000       0xdc ./Src/Gpio.o
 .text.Get_GPIO_PUPDR
                0x0000000000000000       0x7e ./Src/Gpio.o
 .text.Get_GPIO_IDR
                0x0000000000000000       0x2c ./Src/Gpio.o
 .text.Set_GPIO_ODR
                0x0000000000000000       0x4e ./Src/Gpio.o
 .text.Get_GPIO_ODR
                0x0000000000000000       0x32 ./Src/Gpio.o
 .text.Set_GPIO_AFR
                0x0000000000000000      0x39c ./Src/Gpio.o
 .debug_macro   0x0000000000000000      0xad2 ./Src/Gpio.o
 .debug_macro   0x0000000000000000       0x22 ./Src/Gpio.o
 .group         0x0000000000000000        0xc ./Src/Systick.o
 .group         0x0000000000000000        0xc ./Src/Systick.o
 .group         0x0000000000000000        0xc ./Src/Systick.o
 .group         0x0000000000000000        0xc ./Src/Systick.o
 .group         0x0000000000000000        0xc ./Src/Systick.o
 .group         0x0000000000000000        0xc ./Src/Systick.o
 .group         0x0000000000000000        0xc ./Src/Systick.o
 .group         0x0000000000000000        0xc ./Src/Systick.o
 .group         0x0000000000000000        0xc ./Src/Systick.o
 .group         0x0000000000000000        0xc ./Src/Systick.o
 .group         0x0000000000000000        0xc ./Src/Systick.o
 .group         0x0000000000000000        0xc ./Src/Systick.o
 .group         0x0000000000000000        0xc ./Src/Systick.o
 .group         0x0000000000000000        0xc ./Src/Systick.o
 .group         0x0000000000000000        0xc ./Src/Systick.o
 .text          0x0000000000000000        0x0 ./Src/Systick.o
 .data          0x0000000000000000        0x0 ./Src/Systick.o
 .bss           0x0000000000000000        0x0 ./Src/Systick.o
 .debug_macro   0x0000000000000000      0xad2 ./Src/Systick.o
 .debug_macro   0x0000000000000000       0x49 ./Src/Systick.o
 .debug_macro   0x0000000000000000       0x22 ./Src/Systick.o
 .debug_macro   0x0000000000000000       0x8e ./Src/Systick.o
 .debug_macro   0x0000000000000000       0x51 ./Src/Systick.o
 .debug_macro   0x0000000000000000      0x103 ./Src/Systick.o
 .debug_macro   0x0000000000000000       0x6a ./Src/Systick.o
 .debug_macro   0x0000000000000000      0x1df ./Src/Systick.o
 .debug_macro   0x0000000000000000       0x1c ./Src/Systick.o
 .debug_macro   0x0000000000000000       0x22 ./Src/Systick.o
 .debug_macro   0x0000000000000000      0x101 ./Src/Systick.o
 .debug_macro   0x0000000000000000     0x1305 ./Src/Systick.o
 .debug_macro   0x0000000000000000      0x11f ./Src/Systick.o
 .debug_macro   0x0000000000000000       0x27 ./Src/Systick.o
 .debug_macro   0x0000000000000000    0x26895 ./Src/Systick.o
 .group         0x0000000000000000        0xc ./Src/User_led.o
 .group         0x0000000000000000        0xc ./Src/User_led.o
 .group         0x0000000000000000        0xc ./Src/User_led.o
 .group         0x0000000000000000        0xc ./Src/User_led.o
 .group         0x0000000000000000        0xc ./Src/User_led.o
 .group         0x0000000000000000        0xc ./Src/User_led.o
 .group         0x0000000000000000        0xc ./Src/User_led.o
 .group         0x0000000000000000        0xc ./Src/User_led.o
 .group         0x0000000000000000        0xc ./Src/User_led.o
 .group         0x0000000000000000        0xc ./Src/User_led.o
 .group         0x0000000000000000        0xc ./Src/User_led.o
 .group         0x0000000000000000        0xc ./Src/User_led.o
 .group         0x0000000000000000        0xc ./Src/User_led.o
 .group         0x0000000000000000        0xc ./Src/User_led.o
 .group         0x0000000000000000        0xc ./Src/User_led.o
 .group         0x0000000000000000        0xc ./Src/User_led.o
 .text          0x0000000000000000        0x0 ./Src/User_led.o
 .data          0x0000000000000000        0x0 ./Src/User_led.o
 .bss           0x0000000000000000        0x0 ./Src/User_led.o
 .debug_macro   0x0000000000000000      0xad2 ./Src/User_led.o
 .debug_macro   0x0000000000000000       0x22 ./Src/User_led.o
 .debug_macro   0x0000000000000000       0x49 ./Src/User_led.o
 .debug_macro   0x0000000000000000       0x22 ./Src/User_led.o
 .debug_macro   0x0000000000000000       0x8e ./Src/User_led.o
 .debug_macro   0x0000000000000000       0x51 ./Src/User_led.o
 .debug_macro   0x0000000000000000      0x103 ./Src/User_led.o
 .debug_macro   0x0000000000000000       0x6a ./Src/User_led.o
 .debug_macro   0x0000000000000000      0x1df ./Src/User_led.o
 .debug_macro   0x0000000000000000       0x1c ./Src/User_led.o
 .debug_macro   0x0000000000000000       0x22 ./Src/User_led.o
 .debug_macro   0x0000000000000000      0x101 ./Src/User_led.o
 .debug_macro   0x0000000000000000     0x1305 ./Src/User_led.o
 .debug_macro   0x0000000000000000      0x11f ./Src/User_led.o
 .debug_macro   0x0000000000000000       0x27 ./Src/User_led.o
 .debug_macro   0x0000000000000000    0x26895 ./Src/User_led.o
 .group         0x0000000000000000        0xc ./Src/main.o
 .group         0x0000000000000000        0xc ./Src/main.o
 .group         0x0000000000000000        0xc ./Src/main.o
 .group         0x0000000000000000        0xc ./Src/main.o
 .group         0x0000000000000000        0xc ./Src/main.o
 .group         0x0000000000000000        0xc ./Src/main.o
 .group         0x0000000000000000        0xc ./Src/main.o
 .group         0x0000000000000000        0xc ./Src/main.o
 .group         0x0000000000000000        0xc ./Src/main.o
 .group         0x0000000000000000        0xc ./Src/main.o
 .group         0x0000000000000000        0xc ./Src/main.o
 .group         0x0000000000000000        0xc ./Src/main.o
 .group         0x0000000000000000        0xc ./Src/main.o
 .group         0x0000000000000000        0xc ./Src/main.o
 .group         0x0000000000000000        0xc ./Src/main.o
 .text          0x0000000000000000        0x0 ./Src/main.o
 .data          0x0000000000000000        0x0 ./Src/main.o
 .bss           0x0000000000000000        0x0 ./Src/main.o
 .debug_macro   0x0000000000000000      0xad2 ./Src/main.o
 .debug_macro   0x0000000000000000       0x49 ./Src/main.o
 .debug_macro   0x0000000000000000       0x22 ./Src/main.o
 .debug_macro   0x0000000000000000       0x8e ./Src/main.o
 .debug_macro   0x0000000000000000       0x51 ./Src/main.o
 .debug_macro   0x0000000000000000      0x103 ./Src/main.o
 .debug_macro   0x0000000000000000       0x6a ./Src/main.o
 .debug_macro   0x0000000000000000      0x1df ./Src/main.o
 .debug_macro   0x0000000000000000       0x1c ./Src/main.o
 .debug_macro   0x0000000000000000       0x22 ./Src/main.o
 .debug_macro   0x0000000000000000      0x101 ./Src/main.o
 .debug_macro   0x0000000000000000     0x1305 ./Src/main.o
 .debug_macro   0x0000000000000000      0x11f ./Src/main.o
 .debug_macro   0x0000000000000000       0x27 ./Src/main.o
 .debug_macro   0x0000000000000000    0x26895 ./Src/main.o
 .group         0x0000000000000000        0xc ./Src/syscalls.o
 .group         0x0000000000000000        0xc ./Src/syscalls.o
 .group         0x0000000000000000        0xc ./Src/syscalls.o
 .group         0x0000000000000000        0xc ./Src/syscalls.o
 .group         0x0000000000000000        0xc ./Src/syscalls.o
 .group         0x0000000000000000        0xc ./Src/syscalls.o
 .group         0x0000000000000000        0xc ./Src/syscalls.o
 .group         0x0000000000000000        0xc ./Src/syscalls.o
 .group         0x0000000000000000        0xc ./Src/syscalls.o
 .group         0x0000000000000000        0xc ./Src/syscalls.o
 .group         0x0000000000000000        0xc ./Src/syscalls.o
 .group         0x0000000000000000        0xc ./Src/syscalls.o
 .group         0x0000000000000000        0xc ./Src/syscalls.o
 .group         0x0000000000000000        0xc ./Src/syscalls.o
 .group         0x0000000000000000        0xc ./Src/syscalls.o
 .group         0x0000000000000000        0xc ./Src/syscalls.o
 .group         0x0000000000000000        0xc ./Src/syscalls.o
 .group         0x0000000000000000        0xc ./Src/syscalls.o
 .group         0x0000000000000000        0xc ./Src/syscalls.o
 .group         0x0000000000000000        0xc ./Src/syscalls.o
 .group         0x0000000000000000        0xc ./Src/syscalls.o
 .group         0x0000000000000000        0xc ./Src/syscalls.o
 .group         0x0000000000000000        0xc ./Src/syscalls.o
 .group         0x0000000000000000        0xc ./Src/syscalls.o
 .group         0x0000000000000000        0xc ./Src/syscalls.o
 .group         0x0000000000000000        0xc ./Src/syscalls.o
 .group         0x0000000000000000        0xc ./Src/syscalls.o
 .group         0x0000000000000000        0xc ./Src/syscalls.o
 .group         0x0000000000000000        0xc ./Src/syscalls.o
 .group         0x0000000000000000        0xc ./Src/syscalls.o
 .group         0x0000000000000000        0xc ./Src/syscalls.o
 .group         0x0000000000000000        0xc ./Src/syscalls.o
 .group         0x0000000000000000        0xc ./Src/syscalls.o
 .group         0x0000000000000000        0xc ./Src/syscalls.o
 .group         0x0000000000000000        0xc ./Src/syscalls.o
 .group         0x0000000000000000        0xc ./Src/syscalls.o
 .group         0x0000000000000000        0xc ./Src/syscalls.o
 .group         0x0000000000000000        0xc ./Src/syscalls.o
 .group         0x0000000000000000        0xc ./Src/syscalls.o
 .group         0x0000000000000000        0xc ./Src/syscalls.o
 .group         0x0000000000000000        0xc ./Src/syscalls.o
 .group         0x0000000000000000        0xc ./Src/syscalls.o
 .group         0x0000000000000000        0xc ./Src/syscalls.o
 .group         0x0000000000000000        0xc ./Src/syscalls.o
 .group         0x0000000000000000        0xc ./Src/syscalls.o
 .group         0x0000000000000000        0xc ./Src/syscalls.o
 .group         0x0000000000000000        0xc ./Src/syscalls.o
 .text          0x0000000000000000        0x0 ./Src/syscalls.o
 .data          0x0000000000000000        0x0 ./Src/syscalls.o
 .bss           0x0000000000000000        0x0 ./Src/syscalls.o
 .bss.__env     0x0000000000000000        0x4 ./Src/syscalls.o
 .data.environ  0x0000000000000000        0x4 ./Src/syscalls.o
 .text.initialise_monitor_handles
                0x0000000000000000        0xe ./Src/syscalls.o
 .text._getpid  0x0000000000000000       0x10 ./Src/syscalls.o
 .text._kill    0x0000000000000000       0x20 ./Src/syscalls.o
 .text._exit    0x0000000000000000       0x14 ./Src/syscalls.o
 .text._read    0x0000000000000000       0x3a ./Src/syscalls.o
 .text._write   0x0000000000000000       0x38 ./Src/syscalls.o
 .text._close   0x0000000000000000       0x18 ./Src/syscalls.o
 .text._fstat   0x0000000000000000       0x20 ./Src/syscalls.o
 .text._isatty  0x0000000000000000       0x16 ./Src/syscalls.o
 .text._lseek   0x0000000000000000       0x1a ./Src/syscalls.o
 .text._open    0x0000000000000000       0x1c ./Src/syscalls.o
 .text._wait    0x0000000000000000       0x1e ./Src/syscalls.o
 .text._unlink  0x0000000000000000       0x1e ./Src/syscalls.o
 .text._times   0x0000000000000000       0x18 ./Src/syscalls.o
 .text._stat    0x0000000000000000       0x20 ./Src/syscalls.o
 .text._link    0x0000000000000000       0x20 ./Src/syscalls.o
 .text._fork    0x0000000000000000       0x16 ./Src/syscalls.o
 .text._execve  0x0000000000000000       0x22 ./Src/syscalls.o
 .debug_info    0x0000000000000000      0xfa8 ./Src/syscalls.o
 .debug_abbrev  0x0000000000000000      0x286 ./Src/syscalls.o
 .debug_aranges
                0x0000000000000000       0xa8 ./Src/syscalls.o
 .debug_ranges  0x0000000000000000       0x98 ./Src/syscalls.o
 .debug_macro   0x0000000000000000      0x24c ./Src/syscalls.o
 .debug_macro   0x0000000000000000      0xad2 ./Src/syscalls.o
 .debug_macro   0x0000000000000000       0x22 ./Src/syscalls.o
 .debug_macro   0x0000000000000000       0x4c ./Src/syscalls.o
 .debug_macro   0x0000000000000000       0x17 ./Src/syscalls.o
 .debug_macro   0x0000000000000000       0x94 ./Src/syscalls.o
 .debug_macro   0x0000000000000000       0x3c ./Src/syscalls.o
 .debug_macro   0x0000000000000000       0x34 ./Src/syscalls.o
 .debug_macro   0x0000000000000000       0x57 ./Src/syscalls.o
 .debug_macro   0x0000000000000000      0x174 ./Src/syscalls.o
 .debug_macro   0x0000000000000000      0x339 ./Src/syscalls.o
 .debug_macro   0x0000000000000000       0x16 ./Src/syscalls.o
 .debug_macro   0x0000000000000000       0x43 ./Src/syscalls.o
 .debug_macro   0x0000000000000000       0x34 ./Src/syscalls.o
 .debug_macro   0x0000000000000000       0x10 ./Src/syscalls.o
 .debug_macro   0x0000000000000000       0x58 ./Src/syscalls.o
 .debug_macro   0x0000000000000000       0x71 ./Src/syscalls.o
 .debug_macro   0x0000000000000000       0x1c ./Src/syscalls.o
 .debug_macro   0x0000000000000000      0x12a ./Src/syscalls.o
 .debug_macro   0x0000000000000000       0x10 ./Src/syscalls.o
 .debug_macro   0x0000000000000000       0x35 ./Src/syscalls.o
 .debug_macro   0x0000000000000000       0x10 ./Src/syscalls.o
 .debug_macro   0x0000000000000000       0x10 ./Src/syscalls.o
 .debug_macro   0x0000000000000000       0x10 ./Src/syscalls.o
 .debug_macro   0x0000000000000000       0x6a ./Src/syscalls.o
 .debug_macro   0x0000000000000000       0x1c ./Src/syscalls.o
 .debug_macro   0x0000000000000000       0x52 ./Src/syscalls.o
 .debug_macro   0x0000000000000000       0x22 ./Src/syscalls.o
 .debug_macro   0x0000000000000000       0x10 ./Src/syscalls.o
 .debug_macro   0x0000000000000000       0x40 ./Src/syscalls.o
 .debug_macro   0x0000000000000000       0xd5 ./Src/syscalls.o
 .debug_macro   0x0000000000000000       0x1c ./Src/syscalls.o
 .debug_macro   0x0000000000000000       0x3d ./Src/syscalls.o
 .debug_macro   0x0000000000000000       0x35 ./Src/syscalls.o
 .debug_macro   0x0000000000000000      0x12c ./Src/syscalls.o
 .debug_macro   0x0000000000000000       0x16 ./Src/syscalls.o
 .debug_macro   0x0000000000000000       0x16 ./Src/syscalls.o
 .debug_macro   0x0000000000000000       0x29 ./Src/syscalls.o
 .debug_macro   0x0000000000000000       0x10 ./Src/syscalls.o
 .debug_macro   0x0000000000000000      0x241 ./Src/syscalls.o
 .debug_macro   0x0000000000000000       0x1c ./Src/syscalls.o
 .debug_macro   0x0000000000000000       0x10 ./Src/syscalls.o
 .debug_macro   0x0000000000000000       0x10 ./Src/syscalls.o
 .debug_macro   0x0000000000000000       0x16 ./Src/syscalls.o
 .debug_macro   0x0000000000000000      0x145 ./Src/syscalls.o
 .debug_macro   0x0000000000000000      0x189 ./Src/syscalls.o
 .debug_macro   0x0000000000000000       0x16 ./Src/syscalls.o
 .debug_macro   0x0000000000000000       0xce ./Src/syscalls.o
 .debug_line    0x0000000000000000      0x7fd ./Src/syscalls.o
 .debug_str     0x0000000000000000     0x8f26 ./Src/syscalls.o
 .comment       0x0000000000000000       0x54 ./Src/syscalls.o
 .debug_frame   0x0000000000000000      0x2ac ./Src/syscalls.o
 .ARM.attributes
                0x0000000000000000       0x32 ./Src/syscalls.o
 .group         0x0000000000000000        0xc ./Src/sysmem.o
 .group         0x0000000000000000        0xc ./Src/sysmem.o
 .group         0x0000000000000000        0xc ./Src/sysmem.o
 .group         0x0000000000000000        0xc ./Src/sysmem.o
 .group         0x0000000000000000        0xc ./Src/sysmem.o
 .group         0x0000000000000000        0xc ./Src/sysmem.o
 .group         0x0000000000000000        0xc ./Src/sysmem.o
 .group         0x0000000000000000        0xc ./Src/sysmem.o
 .group         0x0000000000000000        0xc ./Src/sysmem.o
 .group         0x0000000000000000        0xc ./Src/sysmem.o
 .group         0x0000000000000000        0xc ./Src/sysmem.o
 .group         0x0000000000000000        0xc ./Src/sysmem.o
 .group         0x0000000000000000        0xc ./Src/sysmem.o
 .group         0x0000000000000000        0xc ./Src/sysmem.o
 .group         0x0000000000000000        0xc ./Src/sysmem.o
 .group         0x0000000000000000        0xc ./Src/sysmem.o
 .group         0x0000000000000000        0xc ./Src/sysmem.o
 .group         0x0000000000000000        0xc ./Src/sysmem.o
 .group         0x0000000000000000        0xc ./Src/sysmem.o
 .group         0x0000000000000000        0xc ./Src/sysmem.o
 .group         0x0000000000000000        0xc ./Src/sysmem.o
 .group         0x0000000000000000        0xc ./Src/sysmem.o
 .text          0x0000000000000000        0x0 ./Src/sysmem.o
 .data          0x0000000000000000        0x0 ./Src/sysmem.o
 .bss           0x0000000000000000        0x0 ./Src/sysmem.o
 .bss.__sbrk_heap_end
                0x0000000000000000        0x4 ./Src/sysmem.o
 .text._sbrk    0x0000000000000000       0x6c ./Src/sysmem.o
 .debug_info    0x0000000000000000      0xa25 ./Src/sysmem.o
 .debug_abbrev  0x0000000000000000      0x1bf ./Src/sysmem.o
 .debug_aranges
                0x0000000000000000       0x20 ./Src/sysmem.o
 .debug_ranges  0x0000000000000000       0x10 ./Src/sysmem.o
 .debug_macro   0x0000000000000000       0xff ./Src/sysmem.o
 .debug_macro   0x0000000000000000      0xad2 ./Src/sysmem.o
 .debug_macro   0x0000000000000000       0x10 ./Src/sysmem.o
 .debug_macro   0x0000000000000000       0x22 ./Src/sysmem.o
 .debug_macro   0x0000000000000000       0x4c ./Src/sysmem.o
 .debug_macro   0x0000000000000000       0x17 ./Src/sysmem.o
 .debug_macro   0x0000000000000000       0x94 ./Src/sysmem.o
 .debug_macro   0x0000000000000000       0x3c ./Src/sysmem.o
 .debug_macro   0x0000000000000000       0x34 ./Src/sysmem.o
 .debug_macro   0x0000000000000000      0x174 ./Src/sysmem.o
 .debug_macro   0x0000000000000000       0x16 ./Src/sysmem.o
 .debug_macro   0x0000000000000000       0x43 ./Src/sysmem.o
 .debug_macro   0x0000000000000000       0x57 ./Src/sysmem.o
 .debug_macro   0x0000000000000000       0x34 ./Src/sysmem.o
 .debug_macro   0x0000000000000000       0x10 ./Src/sysmem.o
 .debug_macro   0x0000000000000000       0x58 ./Src/sysmem.o
 .debug_macro   0x0000000000000000       0x71 ./Src/sysmem.o
 .debug_macro   0x0000000000000000       0x1c ./Src/sysmem.o
 .debug_macro   0x0000000000000000      0x12a ./Src/sysmem.o
 .debug_macro   0x0000000000000000      0x23b ./Src/sysmem.o
 .debug_macro   0x0000000000000000      0x103 ./Src/sysmem.o
 .debug_macro   0x0000000000000000       0x6a ./Src/sysmem.o
 .debug_macro   0x0000000000000000      0x1df ./Src/sysmem.o
 .debug_line    0x0000000000000000      0x4f3 ./Src/sysmem.o
 .debug_str     0x0000000000000000     0x62f9 ./Src/sysmem.o
 .comment       0x0000000000000000       0x54 ./Src/sysmem.o
 .debug_frame   0x0000000000000000       0x34 ./Src/sysmem.o
 .ARM.attributes
                0x0000000000000000       0x32 ./Src/sysmem.o
 .text          0x0000000000000000       0x14 ./Startup/startup_stm32h745zitx.o
 .data          0x0000000000000000        0x0 ./Startup/startup_stm32h745zitx.o
 .bss           0x0000000000000000        0x0 ./Startup/startup_stm32h745zitx.o
 .text          0x0000000000000000        0x0 e:/st/stm32cubeide_1.7.0/stm32cubeide/plugins/com.st.stm32cube.ide.mcu.externaltools.gnu-tools-for-stm32.9-2020-q2-update.win32_2.0.0.202105311346/tools/bin/../lib/gcc/arm-none-eabi/9.3.1/../../../../arm-none-eabi/lib/thumb/v7e-m+dp/hard\libc_nano.a(lib_a-errno.o)
 .data          0x0000000000000000        0x0 e:/st/stm32cubeide_1.7.0/stm32cubeide/plugins/com.st.stm32cube.ide.mcu.externaltools.gnu-tools-for-stm32.9-2020-q2-update.win32_2.0.0.202105311346/tools/bin/../lib/gcc/arm-none-eabi/9.3.1/../../../../arm-none-eabi/lib/thumb/v7e-m+dp/hard\libc_nano.a(lib_a-errno.o)
 .bss           0x0000000000000000        0x0 e:/st/stm32cubeide_1.7.0/stm32cubeide/plugins/com.st.stm32cube.ide.mcu.externaltools.gnu-tools-for-stm32.9-2020-q2-update.win32_2.0.0.202105311346/tools/bin/../lib/gcc/arm-none-eabi/9.3.1/../../../../arm-none-eabi/lib/thumb/v7e-m+dp/hard\libc_nano.a(lib_a-errno.o)
 .text.__errno  0x0000000000000000        0xc e:/st/stm32cubeide_1.7.0/stm32cubeide/plugins/com.st.stm32cube.ide.mcu.externaltools.gnu-tools-for-stm32.9-2020-q2-update.win32_2.0.0.202105311346/tools/bin/../lib/gcc/arm-none-eabi/9.3.1/../../../../arm-none-eabi/lib/thumb/v7e-m+dp/hard\libc_nano.a(lib_a-errno.o)
 .debug_frame   0x0000000000000000       0x20 e:/st/stm32cubeide_1.7.0/stm32cubeide/plugins/com.st.stm32cube.ide.mcu.externaltools.gnu-tools-for-stm32.9-2020-q2-update.win32_2.0.0.202105311346/tools/bin/../lib/gcc/arm-none-eabi/9.3.1/../../../../arm-none-eabi/lib/thumb/v7e-m+dp/hard\libc_nano.a(lib_a-errno.o)
 .ARM.attributes
                0x0000000000000000       0x32 e:/st/stm32cubeide_1.7.0/stm32cubeide/plugins/com.st.stm32cube.ide.mcu.externaltools.gnu-tools-for-stm32.9-2020-q2-update.win32_2.0.0.202105311346/tools/bin/../lib/gcc/arm-none-eabi/9.3.1/../../../../arm-none-eabi/lib/thumb/v7e-m+dp/hard\libc_nano.a(lib_a-errno.o)
 .text          0x0000000000000000        0x0 e:/st/stm32cubeide_1.7.0/stm32cubeide/plugins/com.st.stm32cube.ide.mcu.externaltools.gnu-tools-for-stm32.9-2020-q2-update.win32_2.0.0.202105311346/tools/bin/../lib/gcc/arm-none-eabi/9.3.1/../../../../arm-none-eabi/lib/thumb/v7e-m+dp/hard\libc_nano.a(lib_a-exit.o)
 .data          0x0000000000000000        0x0 e:/st/stm32cubeide_1.7.0/stm32cubeide/plugins/com.st.stm32cube.ide.mcu.externaltools.gnu-tools-for-stm32.9-2020-q2-update.win32_2.0.0.202105311346/tools/bin/../lib/gcc/arm-none-eabi/9.3.1/../../../../arm-none-eabi/lib/thumb/v7e-m+dp/hard\libc_nano.a(lib_a-exit.o)
 .bss           0x0000000000000000        0x0 e:/st/stm32cubeide_1.7.0/stm32cubeide/plugins/com.st.stm32cube.ide.mcu.externaltools.gnu-tools-for-stm32.9-2020-q2-update.win32_2.0.0.202105311346/tools/bin/../lib/gcc/arm-none-eabi/9.3.1/../../../../arm-none-eabi/lib/thumb/v7e-m+dp/hard\libc_nano.a(lib_a-exit.o)
 .text.exit     0x0000000000000000       0x28 e:/st/stm32cubeide_1.7.0/stm32cubeide/plugins/com.st.stm32cube.ide.mcu.externaltools.gnu-tools-for-stm32.9-2020-q2-update.win32_2.0.0.202105311346/tools/bin/../lib/gcc/arm-none-eabi/9.3.1/../../../../arm-none-eabi/lib/thumb/v7e-m+dp/hard\libc_nano.a(lib_a-exit.o)
 .debug_frame   0x0000000000000000       0x28 e:/st/stm32cubeide_1.7.0/stm32cubeide/plugins/com.st.stm32cube.ide.mcu.externaltools.gnu-tools-for-stm32.9-2020-q2-update.win32_2.0.0.202105311346/tools/bin/../lib/gcc/arm-none-eabi/9.3.1/../../../../arm-none-eabi/lib/thumb/v7e-m+dp/hard\libc_nano.a(lib_a-exit.o)
 .ARM.attributes
                0x0000000000000000       0x32 e:/st/stm32cubeide_1.7.0/stm32cubeide/plugins/com.st.stm32cube.ide.mcu.externaltools.gnu-tools-for-stm32.9-2020-q2-update.win32_2.0.0.202105311346/tools/bin/../lib/gcc/arm-none-eabi/9.3.1/../../../../arm-none-eabi/lib/thumb/v7e-m+dp/hard\libc_nano.a(lib_a-exit.o)
 .text          0x0000000000000000        0x0 e:/st/stm32cubeide_1.7.0/stm32cubeide/plugins/com.st.stm32cube.ide.mcu.externaltools.gnu-tools-for-stm32.9-2020-q2-update.win32_2.0.0.202105311346/tools/bin/../lib/gcc/arm-none-eabi/9.3.1/../../../../arm-none-eabi/lib/thumb/v7e-m+dp/hard\libc_nano.a(lib_a-impure.o)
 .data          0x0000000000000000        0x0 e:/st/stm32cubeide_1.7.0/stm32cubeide/plugins/com.st.stm32cube.ide.mcu.externaltools.gnu-tools-for-stm32.9-2020-q2-update.win32_2.0.0.202105311346/tools/bin/../lib/gcc/arm-none-eabi/9.3.1/../../../../arm-none-eabi/lib/thumb/v7e-m+dp/hard\libc_nano.a(lib_a-impure.o)
 .bss           0x0000000000000000        0x0 e:/st/stm32cubeide_1.7.0/stm32cubeide/plugins/com.st.stm32cube.ide.mcu.externaltools.gnu-tools-for-stm32.9-2020-q2-update.win32_2.0.0.202105311346/tools/bin/../lib/gcc/arm-none-eabi/9.3.1/../../../../arm-none-eabi/lib/thumb/v7e-m+dp/hard\libc_nano.a(lib_a-impure.o)
 .data._impure_ptr
                0x0000000000000000        0x4 e:/st/stm32cubeide_1.7.0/stm32cubeide/plugins/com.st.stm32cube.ide.mcu.externaltools.gnu-tools-for-stm32.9-2020-q2-update.win32_2.0.0.202105311346/tools/bin/../lib/gcc/arm-none-eabi/9.3.1/../../../../arm-none-eabi/lib/thumb/v7e-m+dp/hard\libc_nano.a(lib_a-impure.o)
 .data.impure_data
                0x0000000000000000       0x60 e:/st/stm32cubeide_1.7.0/stm32cubeide/plugins/com.st.stm32cube.ide.mcu.externaltools.gnu-tools-for-stm32.9-2020-q2-update.win32_2.0.0.202105311346/tools/bin/../lib/gcc/arm-none-eabi/9.3.1/../../../../arm-none-eabi/lib/thumb/v7e-m+dp/hard\libc_nano.a(lib_a-impure.o)
 .rodata._global_impure_ptr
                0x0000000000000000        0x4 e:/st/stm32cubeide_1.7.0/stm32cubeide/plugins/com.st.stm32cube.ide.mcu.externaltools.gnu-tools-for-stm32.9-2020-q2-update.win32_2.0.0.202105311346/tools/bin/../lib/gcc/arm-none-eabi/9.3.1/../../../../arm-none-eabi/lib/thumb/v7e-m+dp/hard\libc_nano.a(lib_a-impure.o)
 .ARM.attributes
                0x0000000000000000       0x30 e:/st/stm32cubeide_1.7.0/stm32cubeide/plugins/com.st.stm32cube.ide.mcu.externaltools.gnu-tools-for-stm32.9-2020-q2-update.win32_2.0.0.202105311346/tools/bin/../lib/gcc/arm-none-eabi/9.3.1/../../../../arm-none-eabi/lib/thumb/v7e-m+dp/hard\libc_nano.a(lib_a-impure.o)
 .text          0x0000000000000000        0x0 e:/st/stm32cubeide_1.7.0/stm32cubeide/plugins/com.st.stm32cube.ide.mcu.externaltools.gnu-tools-for-stm32.9-2020-q2-update.win32_2.0.0.202105311346/tools/bin/../lib/gcc/arm-none-eabi/9.3.1/../../../../arm-none-eabi/lib/thumb/v7e-m+dp/hard\libc_nano.a(lib_a-init.o)
 .data          0x0000000000000000        0x0 e:/st/stm32cubeide_1.7.0/stm32cubeide/plugins/com.st.stm32cube.ide.mcu.externaltools.gnu-tools-for-stm32.9-2020-q2-update.win32_2.0.0.202105311346/tools/bin/../lib/gcc/arm-none-eabi/9.3.1/../../../../arm-none-eabi/lib/thumb/v7e-m+dp/hard\libc_nano.a(lib_a-init.o)
 .bss           0x0000000000000000        0x0 e:/st/stm32cubeide_1.7.0/stm32cubeide/plugins/com.st.stm32cube.ide.mcu.externaltools.gnu-tools-for-stm32.9-2020-q2-update.win32_2.0.0.202105311346/tools/bin/../lib/gcc/arm-none-eabi/9.3.1/../../../../arm-none-eabi/lib/thumb/v7e-m+dp/hard\libc_nano.a(lib_a-init.o)
 .text          0x0000000000000000        0x0 e:/st/stm32cubeide_1.7.0/stm32cubeide/plugins/com.st.stm32cube.ide.mcu.externaltools.gnu-tools-for-stm32.9-2020-q2-update.win32_2.0.0.202105311346/tools/bin/../lib/gcc/arm-none-eabi/9.3.1/../../../../arm-none-eabi/lib/thumb/v7e-m+dp/hard\libc_nano.a(lib_a-memset.o)
 .data          0x0000000000000000        0x0 e:/st/stm32cubeide_1.7.0/stm32cubeide/plugins/com.st.stm32cube.ide.mcu.externaltools.gnu-tools-for-stm32.9-2020-q2-update.win32_2.0.0.202105311346/tools/bin/../lib/gcc/arm-none-eabi/9.3.1/../../../../arm-none-eabi/lib/thumb/v7e-m+dp/hard\libc_nano.a(lib_a-memset.o)
 .bss           0x0000000000000000        0x0 e:/st/stm32cubeide_1.7.0/stm32cubeide/plugins/com.st.stm32cube.ide.mcu.externaltools.gnu-tools-for-stm32.9-2020-q2-update.win32_2.0.0.202105311346/tools/bin/../lib/gcc/arm-none-eabi/9.3.1/../../../../arm-none-eabi/lib/thumb/v7e-m+dp/hard\libc_nano.a(lib_a-memset.o)
 .text.memset   0x0000000000000000       0x10 e:/st/stm32cubeide_1.7.0/stm32cubeide/plugins/com.st.stm32cube.ide.mcu.externaltools.gnu-tools-for-stm32.9-2020-q2-update.win32_2.0.0.202105311346/tools/bin/../lib/gcc/arm-none-eabi/9.3.1/../../../../arm-none-eabi/lib/thumb/v7e-m+dp/hard\libc_nano.a(lib_a-memset.o)
 .debug_frame   0x0000000000000000       0x20 e:/st/stm32cubeide_1.7.0/stm32cubeide/plugins/com.st.stm32cube.ide.mcu.externaltools.gnu-tools-for-stm32.9-2020-q2-update.win32_2.0.0.202105311346/tools/bin/../lib/gcc/arm-none-eabi/9.3.1/../../../../arm-none-eabi/lib/thumb/v7e-m+dp/hard\libc_nano.a(lib_a-memset.o)
 .ARM.attributes
                0x0000000000000000       0x32 e:/st/stm32cubeide_1.7.0/stm32cubeide/plugins/com.st.stm32cube.ide.mcu.externaltools.gnu-tools-for-stm32.9-2020-q2-update.win32_2.0.0.202105311346/tools/bin/../lib/gcc/arm-none-eabi/9.3.1/../../../../arm-none-eabi/lib/thumb/v7e-m+dp/hard\libc_nano.a(lib_a-memset.o)
 .text          0x0000000000000000        0x0 e:/st/stm32cubeide_1.7.0/stm32cubeide/plugins/com.st.stm32cube.ide.mcu.externaltools.gnu-tools-for-stm32.9-2020-q2-update.win32_2.0.0.202105311346/tools/bin/../lib/gcc/arm-none-eabi/9.3.1/thumb/v7e-m+dp/hard/crtend.o
 .data          0x0000000000000000        0x0 e:/st/stm32cubeide_1.7.0/stm32cubeide/plugins/com.st.stm32cube.ide.mcu.externaltools.gnu-tools-for-stm32.9-2020-q2-update.win32_2.0.0.202105311346/tools/bin/../lib/gcc/arm-none-eabi/9.3.1/thumb/v7e-m+dp/hard/crtend.o
 .bss           0x0000000000000000        0x0 e:/st/stm32cubeide_1.7.0/stm32cubeide/plugins/com.st.stm32cube.ide.mcu.externaltools.gnu-tools-for-stm32.9-2020-q2-update.win32_2.0.0.202105311346/tools/bin/../lib/gcc/arm-none-eabi/9.3.1/thumb/v7e-m+dp/hard/crtend.o
 .eh_frame      0x0000000000000000        0x4 e:/st/stm32cubeide_1.7.0/stm32cubeide/plugins/com.st.stm32cube.ide.mcu.externaltools.gnu-tools-for-stm32.9-2020-q2-update.win32_2.0.0.202105311346/tools/bin/../lib/gcc/arm-none-eabi/9.3.1/thumb/v7e-m+dp/hard/crtend.o
 .ARM.attributes
                0x0000000000000000       0x30 e:/st/stm32cubeide_1.7.0/stm32cubeide/plugins/com.st.stm32cube.ide.mcu.externaltools.gnu-tools-for-stm32.9-2020-q2-update.win32_2.0.0.202105311346/tools/bin/../lib/gcc/arm-none-eabi/9.3.1/thumb/v7e-m+dp/hard/crtend.o
 .text          0x0000000000000000        0x0 e:/st/stm32cubeide_1.7.0/stm32cubeide/plugins/com.st.stm32cube.ide.mcu.externaltools.gnu-tools-for-stm32.9-2020-q2-update.win32_2.0.0.202105311346/tools/bin/../lib/gcc/arm-none-eabi/9.3.1/thumb/v7e-m+dp/hard/crtn.o
 .data          0x0000000000000000        0x0 e:/st/stm32cubeide_1.7.0/stm32cubeide/plugins/com.st.stm32cube.ide.mcu.externaltools.gnu-tools-for-stm32.9-2020-q2-update.win32_2.0.0.202105311346/tools/bin/../lib/gcc/arm-none-eabi/9.3.1/thumb/v7e-m+dp/hard/crtn.o
 .bss           0x0000000000000000        0x0 e:/st/stm32cubeide_1.7.0/stm32cubeide/plugins/com.st.stm32cube.ide.mcu.externaltools.gnu-tools-for-stm32.9-2020-q2-update.win32_2.0.0.202105311346/tools/bin/../lib/gcc/arm-none-eabi/9.3.1/thumb/v7e-m+dp/hard/crtn.o

Memory Configuration

Name             Origin             Length             Attributes
RAM_D1           0x0000000024000000 0x0000000000080000 xrw
FLASH            0x0000000008000000 0x0000000000100000 xr
DTCMRAM          0x0000000020000000 0x0000000000020000 xrw
RAM_D2           0x0000000030000000 0x0000000000048000 xrw
RAM_D3           0x0000000038000000 0x0000000000010000 xrw
ITCMRAM          0x0000000000000000 0x0000000000010000 xrw
*default*        0x0000000000000000 0xffffffffffffffff

Linker script and memory map

LOAD e:/st/stm32cubeide_1.7.0/stm32cubeide/plugins/com.st.stm32cube.ide.mcu.externaltools.gnu-tools-for-stm32.9-2020-q2-update.win32_2.0.0.202105311346/tools/bin/../lib/gcc/arm-none-eabi/9.3.1/thumb/v7e-m+dp/hard/crti.o
LOAD e:/st/stm32cubeide_1.7.0/stm32cubeide/plugins/com.st.stm32cube.ide.mcu.externaltools.gnu-tools-for-stm32.9-2020-q2-update.win32_2.0.0.202105311346/tools/bin/../lib/gcc/arm-none-eabi/9.3.1/thumb/v7e-m+dp/hard/crtbegin.o
LOAD e:/st/stm32cubeide_1.7.0/stm32cubeide/plugins/com.st.stm32cube.ide.mcu.externaltools.gnu-tools-for-stm32.9-2020-q2-update.win32_2.0.0.202105311346/tools/bin/../lib/gcc/arm-none-eabi/9.3.1/../../../../arm-none-eabi/lib/thumb/v7e-m+dp/hard/crt0.o
LOAD ./Src/Control.o
LOAD ./Src/Gpio.o
LOAD ./Src/Systick.o
LOAD ./Src/User_led.o
LOAD ./Src/main.o
LOAD ./Src/syscalls.o
LOAD ./Src/sysmem.o
LOAD ./Startup/startup_stm32h745zitx.o
START GROUP
LOAD e:/st/stm32cubeide_1.7.0/stm32cubeide/plugins/com.st.stm32cube.ide.mcu.externaltools.gnu-tools-for-stm32.9-2020-q2-update.win32_2.0.0.202105311346/tools/bin/../lib/gcc/arm-none-eabi/9.3.1/../../../../arm-none-eabi/lib/thumb/v7e-m+dp/hard\libc_nano.a
LOAD e:/st/stm32cubeide_1.7.0/stm32cubeide/plugins/com.st.stm32cube.ide.mcu.externaltools.gnu-tools-for-stm32.9-2020-q2-update.win32_2.0.0.202105311346/tools/bin/../lib/gcc/arm-none-eabi/9.3.1/../../../../arm-none-eabi/lib/thumb/v7e-m+dp/hard\libm.a
END GROUP
START GROUP
LOAD e:/st/stm32cubeide_1.7.0/stm32cubeide/plugins/com.st.stm32cube.ide.mcu.externaltools.gnu-tools-for-stm32.9-2020-q2-update.win32_2.0.0.202105311346/tools/bin/../lib/gcc/arm-none-eabi/9.3.1/thumb/v7e-m+dp/hard\libgcc.a
LOAD e:/st/stm32cubeide_1.7.0/stm32cubeide/plugins/com.st.stm32cube.ide.mcu.externaltools.gnu-tools-for-stm32.9-2020-q2-update.win32_2.0.0.202105311346/tools/bin/../lib/gcc/arm-none-eabi/9.3.1/../../../../arm-none-eabi/lib/thumb/v7e-m+dp/hard\libc_nano.a
END GROUP
START GROUP
LOAD e:/st/stm32cubeide_1.7.0/stm32cubeide/plugins/com.st.stm32cube.ide.mcu.externaltools.gnu-tools-for-stm32.9-2020-q2-update.win32_2.0.0.202105311346/tools/bin/../lib/gcc/arm-none-eabi/9.3.1/thumb/v7e-m+dp/hard\libgcc.a
LOAD e:/st/stm32cubeide_1.7.0/stm32cubeide/plugins/com.st.stm32cube.ide.mcu.externaltools.gnu-tools-for-stm32.9-2020-q2-update.win32_2.0.0.202105311346/tools/bin/../lib/gcc/arm-none-eabi/9.3.1/../../../../arm-none-eabi/lib/thumb/v7e-m+dp/hard\libc_nano.a
LOAD e:/st/stm32cubeide_1.7.0/stm32cubeide/plugins/com.st.stm32cube.ide.mcu.externaltools.gnu-tools-for-stm32.9-2020-q2-update.win32_2.0.0.202105311346/tools/bin/../lib/gcc/arm-none-eabi/9.3.1/../../../../arm-none-eabi/lib/thumb/v7e-m+dp/hard\libnosys.a
END GROUP
START GROUP
LOAD e:/st/stm32cubeide_1.7.0/stm32cubeide/plugins/com.st.stm32cube.ide.mcu.externaltools.gnu-tools-for-stm32.9-2020-q2-update.win32_2.0.0.202105311346/tools/bin/../lib/gcc/arm-none-eabi/9.3.1/thumb/v7e-m+dp/hard\libgcc.a
LOAD e:/st/stm32cubeide_1.7.0/stm32cubeide/plugins/com.st.stm32cube.ide.mcu.externaltools.gnu-tools-for-stm32.9-2020-q2-update.win32_2.0.0.202105311346/tools/bin/../lib/gcc/arm-none-eabi/9.3.1/../../../../arm-none-eabi/lib/thumb/v7e-m+dp/hard\libc_nano.a
LOAD e:/st/stm32cubeide_1.7.0/stm32cubeide/plugins/com.st.stm32cube.ide.mcu.externaltools.gnu-tools-for-stm32.9-2020-q2-update.win32_2.0.0.202105311346/tools/bin/../lib/gcc/arm-none-eabi/9.3.1/../../../../arm-none-eabi/lib/thumb/v7e-m+dp/hard\libnosys.a
END GROUP
LOAD e:/st/stm32cubeide_1.7.0/stm32cubeide/plugins/com.st.stm32cube.ide.mcu.externaltools.gnu-tools-for-stm32.9-2020-q2-update.win32_2.0.0.202105311346/tools/bin/../lib/gcc/arm-none-eabi/9.3.1/thumb/v7e-m+dp/hard/crtend.o
LOAD e:/st/stm32cubeide_1.7.0/stm32cubeide/plugins/com.st.stm32cube.ide.mcu.externaltools.gnu-tools-for-stm32.9-2020-q2-update.win32_2.0.0.202105311346/tools/bin/../lib/gcc/arm-none-eabi/9.3.1/thumb/v7e-m+dp/hard/crtn.o
                0x0000000024080000                _estack = (ORIGIN (RAM_D1) + LENGTH (RAM_D1))
                0x0000000000000200                _Min_Heap_Size = 0x200
                0x0000000000000400                _Min_Stack_Size = 0x400

.isr_vector     0x0000000008000000      0x298
                0x0000000008000000                . = ALIGN (0x4)
 *(.isr_vector)
 .isr_vector    0x0000000008000000      0x298 ./Startup/startup_stm32h745zitx.o
                0x0000000008000000                g_pfnVectors
                0x0000000008000298                . = ALIGN (0x4)

.text           0x0000000008000298      0x5a8
                0x0000000008000298                . = ALIGN (0x4)
 *(.text)
 .text          0x0000000008000298       0x40 e:/st/stm32cubeide_1.7.0/stm32cubeide/plugins/com.st.stm32cube.ide.mcu.externaltools.gnu-tools-for-stm32.9-2020-q2-update.win32_2.0.0.202105311346/tools/bin/../lib/gcc/arm-none-eabi/9.3.1/thumb/v7e-m+dp/hard/crtbegin.o
 *(.text*)
 .text.enanblePORT
                0x00000000080002d8      0x210 ./Src/Gpio.o
                0x00000000080002d8                enanblePORT
 .text.Set_GPIO_MODER
                0x00000000080004e8       0xdc ./Src/Gpio.o
                0x00000000080004e8                Set_GPIO_MODER
 .text.Set_GPIO_BSRR
                0x00000000080005c4       0x4e ./Src/Gpio.o
                0x00000000080005c4                Set_GPIO_BSRR
 *fill*         0x0000000008000612        0x2 
 .text.systickDelayMs
                0x0000000008000614       0x58 ./Src/Systick.o
                0x0000000008000614                systickDelayMs
 .text.ld1_init
                0x000000000800066c       0x1c ./Src/User_led.o
                0x000000000800066c                ld1_init
 .text.ld2_init
                0x0000000008000688       0x1c ./Src/User_led.o
                0x0000000008000688                ld2_init
 .text.ld3_init
                0x00000000080006a4       0x1c ./Src/User_led.o
                0x00000000080006a4                ld3_init
 .text.ld1_on   0x00000000080006c0       0x18 ./Src/User_led.o
                0x00000000080006c0                ld1_on
 .text.ld2_on   0x00000000080006d8       0x18 ./Src/User_led.o
                0x00000000080006d8                ld2_on
 .text.ld3_on   0x00000000080006f0       0x18 ./Src/User_led.o
                0x00000000080006f0                ld3_on
 .text.ld1_off  0x0000000008000708       0x18 ./Src/User_led.o
                0x0000000008000708                ld1_off
 .text.ld2_off  0x0000000008000720       0x18 ./Src/User_led.o
                0x0000000008000720                ld2_off
 .text.ld3_off  0x0000000008000738       0x18 ./Src/User_led.o
                0x0000000008000738                ld3_off
 .text.main     0x0000000008000750       0x3c ./Src/main.o
                0x0000000008000750                main
 .text.Reset_Handler
                0x000000000800078c       0x50 ./Startup/startup_stm32h745zitx.o
                0x000000000800078c                Reset_Handler
 .text.Default_Handler
                0x00000000080007dc        0x2 ./Startup/startup_stm32h745zitx.o
                0x00000000080007dc                EXTI2_IRQHandler
                0x00000000080007dc                TIM8_CC_IRQHandler
                0x00000000080007dc                DMA_STR2_IRQHandler
                0x00000000080007dc                DebugMon_Handler
                0x00000000080007dc                UART8_IRQHandler
                0x00000000080007dc                SPI4_IRQHandler
                0x00000000080007dc                HRTIM1_MST_IRQHandler
                0x00000000080007dc                HardFault_Handler
                0x00000000080007dc                DMA_STR5_IRQHandler
                0x00000000080007dc                HRTIM1_FLT_IRQHandler
                0x00000000080007dc                JPEG_IRQHandler
                0x00000000080007dc                SysTick_Handler
                0x00000000080007dc                DMA2_STR1_IRQHandler
                0x00000000080007dc                DMA2_STR5_IRQHandler
                0x00000000080007dc                HRTIM1_TIMD_IRQHandler
                0x00000000080007dc                PendSV_Handler
                0x00000000080007dc                NMI_Handler
                0x00000000080007dc                EXTI3_IRQHandler
                0x00000000080007dc                LPTIM4_IRQHandler
                0x00000000080007dc                TIM8_TRG_COM_TIM14_IRQHandler
                0x00000000080007dc                LPTIM2_IRQHandler
                0x00000000080007dc                DFSDM1_FLT1_IRQHandler
                0x00000000080007dc                DMAMUX2_OVR_IRQHandler
                0x00000000080007dc                TIM8_UP_TIM13_IRQHandler
                0x00000000080007dc                I2C3_ER_IRQHandler
                0x00000000080007dc                DFSDM1_FLT2_IRQHandler
                0x00000000080007dc                MDMA_IRQHandler
                0x00000000080007dc                LPTIM3_IRQHandler
                0x00000000080007dc                EXTI0_IRQHandler
                0x00000000080007dc                I2C2_EV_IRQHandler
                0x00000000080007dc                FPU_IRQHandler
                0x00000000080007dc                DMA_STR1_IRQHandler
                0x00000000080007dc                OTG_HS_WKUP_IRQHandler
                0x00000000080007dc                FDCAN1_IT1_IRQHandler
                0x00000000080007dc                UsageFault_Handler
                0x00000000080007dc                LTDC_ER_IRQHandler
                0x00000000080007dc                ADC1_2_IRQHandler
                0x00000000080007dc                SPI1_IRQHandler
                0x00000000080007dc                BDMA_CH2_IRQHandler
                0x00000000080007dc                TIM6_DAC_IRQHandler
                0x00000000080007dc                DCMI_IRQHandler
                0x00000000080007dc                HRTIM1_TIMC_IRQHandler
                0x00000000080007dc                SDMMC_IRQHandler
                0x00000000080007dc                RTC_ALARM_IRQHandler
                0x00000000080007dc                DMA_STR0_IRQHandler
                0x00000000080007dc                SAI2_IRQHandler
                0x00000000080007dc                DMA2_STR3_IRQHandler
                0x00000000080007dc                DFSDM1_FLT3_IRQHandler
                0x00000000080007dc                USART6_IRQHandler
                0x00000000080007dc                BDMA_CH5_IRQHandler
                0x00000000080007dc                TIM17_IRQHandler
                0x00000000080007dc                BDMA_CH6_IRQHandler
                0x00000000080007dc                USART3_IRQHandler
                0x00000000080007dc                WKUP_IRQHandler
                0x00000000080007dc                BDMA_CH3_IRQHandler
                0x00000000080007dc                LPTIM5_IRQHandler
                0x00000000080007dc                LPUART_IRQHandler
                0x00000000080007dc                UART5_IRQHandler
                0x00000000080007dc                ADC3_IRQHandler
                0x00000000080007dc                DMA_STR6_IRQHandler
                0x00000000080007dc                TIM4_IRQHandler
                0x00000000080007dc                QUADSPI_IRQHandler
                0x00000000080007dc                I2C1_EV_IRQHandler
                0x00000000080007dc                DMA1_STR7_IRQHandler
                0x00000000080007dc                TIM16_IRQHandler
                0x00000000080007dc                UART4_IRQHandler
                0x00000000080007dc                TIM3_IRQHandler
                0x00000000080007dc                RCC_IRQHandler
                0x00000000080007dc                TIM8_BRK_TIM12_IRQHandler
                0x00000000080007dc                TIM1_TRG_COM_IRQHandler
                0x00000000080007dc                Default_Handler
                0x00000000080007dc                HRTIM_TIMB_IRQHandler
                0x00000000080007dc                CEC_IRQHandler
                0x00000000080007dc                EXTI15_10_IRQHandler
                0x00000000080007dc                BDMA_CH4_IRQHandler
                0x00000000080007dc                DMA_STR3_IRQHandler
                0x00000000080007dc                HRTIM_TIME_IRQHandler
                0x00000000080007dc                HRTIM1_TIMA_IRQHandler
                0x00000000080007dc                SPI5_IRQHandler
                0x00000000080007dc                TIM7_IRQHandler
                0x00000000080007dc                SDMMC1_IRQHandler
                0x00000000080007dc                TIM5_IRQHandler
                0x00000000080007dc                SPDIF_IRQHandler
                0x00000000080007dc                TIM15_IRQHandler
                0x00000000080007dc                I2C3_EV_IRQHandler
                0x00000000080007dc                EXTI9_5_IRQHandler
                0x00000000080007dc                DMA2_STR4_IRQHandler
                0x00000000080007dc                RTC_WKUP_IRQHandler
                0x00000000080007dc                DMA2_STR6_IRQHandler
                0x00000000080007dc                LTDC_IRQHandler
                0x00000000080007dc                SAI3_IRQHandler
                0x00000000080007dc                ETH_WKUP_IRQHandler
                0x00000000080007dc                PVD_PVM_IRQHandler
                0x00000000080007dc                SPI2_IRQHandler
                0x00000000080007dc                OTG_HS_EP1_IN_IRQHandler
                0x00000000080007dc                MemManage_Handler
                0x00000000080007dc                DMA2_STR0_IRQHandler
                0x00000000080007dc                SVC_Handler
                0x00000000080007dc                CRS_IRQHandler
                0x00000000080007dc                EXTI4_IRQHandler
                0x00000000080007dc                DMAMUX1_OV_IRQHandler
                0x00000000080007dc                FDCAN2_IT1_IRQHandler
                0x00000000080007dc                DMA_STR4_IRQHandler
                0x00000000080007dc                COMP_IRQHandler
                0x00000000080007dc                DMA2_STR2_IRQHandler
                0x00000000080007dc                ETH_IRQHandler
                0x00000000080007dc                TIM1_UP_IRQHandler
                0x00000000080007dc                DMA2_STR7_IRQHandler
                0x00000000080007dc                OTG_HS_EP1_OUT_IRQHandler
                0x00000000080007dc                SPI6_IRQHandler
                0x00000000080007dc                MDIOS_IRQHandler
                0x00000000080007dc                I2C4_EV_IRQHandler
                0x00000000080007dc                FDCAN2_IT0_IRQHandler
                0x00000000080007dc                BDMA_CH7_IRQHandler
                0x00000000080007dc                FDCAN1_IT0_IRQHandler
                0x00000000080007dc                TIM2_IRQHandler
                0x00000000080007dc                HSEM0_IRQHandler
                0x00000000080007dc                OTG_FS_WKUP_IRQHandler
                0x00000000080007dc                OTG_HS_IRQHandler
                0x00000000080007dc                DMA2D_IRQHandler
                0x00000000080007dc                TIM1_BRK_IRQHandler
                0x00000000080007dc                EXTI1_IRQHandler
                0x00000000080007dc                WWDG2_RST_IRQHandler
                0x00000000080007dc                OTG_FS_EP1_OUT_IRQHandler
                0x00000000080007dc                HOLD_CORE_IRQHandler
                0x00000000080007dc                UART7_IRQHandler
                0x00000000080007dc                MDIOS_WKUP_IRQHandler
                0x00000000080007dc                USART2_IRQHandler
                0x00000000080007dc                DFSDM1_FLT0_IRQHandler
                0x00000000080007dc                SAI4_IRQHandler
                0x00000000080007dc                I2C2_ER_IRQHandler
                0x00000000080007dc                FLASH_IRQHandler
                0x00000000080007dc                WWDG1_IRQHandler
                0x00000000080007dc                BusFault_Handler
                0x00000000080007dc                USART1_IRQHandler
                0x00000000080007dc                OTG_FS_IRQHandler
                0x00000000080007dc                SPI3_IRQHandler
                0x00000000080007dc                OTG_FS_EP1_IN_IRQHandler
                0x00000000080007dc                I2C1_ER_IRQHandler
                0x00000000080007dc                FMC_IRQHandler
                0x00000000080007dc                BDMA_CH1_IRQHandler
                0x00000000080007dc                FDCAN_CAL_IRQHandler
                0x00000000080007dc                SWPMI1_IRQHandler
                0x00000000080007dc                LPTIM1_IRQHandler
                0x00000000080007dc                BDMA_CH8_IRQHandler
                0x00000000080007dc                cm4_sev_it_IRQHandler
                0x00000000080007dc                TIM_CC_IRQHandler
                0x00000000080007dc                I2C4_ER_IRQHandler
                0x00000000080007dc                SAI1_IRQHandler
                0x00000000080007dc                RTC_TAMP_STAMP_CSS_LSE_IRQHandler
 *fill*         0x00000000080007de        0x2 
 .text.__libc_init_array
                0x00000000080007e0       0x48 e:/st/stm32cubeide_1.7.0/stm32cubeide/plugins/com.st.stm32cube.ide.mcu.externaltools.gnu-tools-for-stm32.9-2020-q2-update.win32_2.0.0.202105311346/tools/bin/../lib/gcc/arm-none-eabi/9.3.1/../../../../arm-none-eabi/lib/thumb/v7e-m+dp/hard\libc_nano.a(lib_a-init.o)
                0x00000000080007e0                __libc_init_array
 *(.glue_7)
 .glue_7        0x0000000008000828        0x0 linker stubs
 *(.glue_7t)
 .glue_7t       0x0000000008000828        0x0 linker stubs
 *(.eh_frame)
 .eh_frame      0x0000000008000828        0x0 e:/st/stm32cubeide_1.7.0/stm32cubeide/plugins/com.st.stm32cube.ide.mcu.externaltools.gnu-tools-for-stm32.9-2020-q2-update.win32_2.0.0.202105311346/tools/bin/../lib/gcc/arm-none-eabi/9.3.1/thumb/v7e-m+dp/hard/crtbegin.o
 *(.init)
 .init          0x0000000008000828        0x4 e:/st/stm32cubeide_1.7.0/stm32cubeide/plugins/com.st.stm32cube.ide.mcu.externaltools.gnu-tools-for-stm32.9-2020-q2-update.win32_2.0.0.202105311346/tools/bin/../lib/gcc/arm-none-eabi/9.3.1/thumb/v7e-m+dp/hard/crti.o
                0x0000000008000828                _init
 .init          0x000000000800082c        0x8 e:/st/stm32cubeide_1.7.0/stm32cubeide/plugins/com.st.stm32cube.ide.mcu.externaltools.gnu-tools-for-stm32.9-2020-q2-update.win32_2.0.0.202105311346/tools/bin/../lib/gcc/arm-none-eabi/9.3.1/thumb/v7e-m+dp/hard/crtn.o
 *(.fini)
 .fini          0x0000000008000834        0x4 e:/st/stm32cubeide_1.7.0/stm32cubeide/plugins/com.st.stm32cube.ide.mcu.externaltools.gnu-tools-for-stm32.9-2020-q2-update.win32_2.0.0.202105311346/tools/bin/../lib/gcc/arm-none-eabi/9.3.1/thumb/v7e-m+dp/hard/crti.o
                0x0000000008000834                _fini
 .fini          0x0000000008000838        0x8 e:/st/stm32cubeide_1.7.0/stm32cubeide/plugins/com.st.stm32cube.ide.mcu.externaltools.gnu-tools-for-stm32.9-2020-q2-update.win32_2.0.0.202105311346/tools/bin/../lib/gcc/arm-none-eabi/9.3.1/thumb/v7e-m+dp/hard/crtn.o
                0x0000000008000840                . = ALIGN (0x4)
                0x0000000008000840                _etext = .

.vfp11_veneer   0x0000000008000840        0x0
 .vfp11_veneer  0x0000000008000840        0x0 linker stubs

.v4_bx          0x0000000008000840        0x0
 .v4_bx         0x0000000008000840        0x0 linker stubs

.iplt           0x0000000008000840        0x0
 .iplt          0x0000000008000840        0x0 e:/st/stm32cubeide_1.7.0/stm32cubeide/plugins/com.st.stm32cube.ide.mcu.externaltools.gnu-tools-for-stm32.9-2020-q2-update.win32_2.0.0.202105311346/tools/bin/../lib/gcc/arm-none-eabi/9.3.1/thumb/v7e-m+dp/hard/crtbegin.o

.rel.dyn        0x0000000008000840        0x0
 .rel.iplt      0x0000000008000840        0x0 e:/st/stm32cubeide_1.7.0/stm32cubeide/plugins/com.st.stm32cube.ide.mcu.externaltools.gnu-tools-for-stm32.9-2020-q2-update.win32_2.0.0.202105311346/tools/bin/../lib/gcc/arm-none-eabi/9.3.1/thumb/v7e-m+dp/hard/crtbegin.o

.rodata         0x0000000008000840        0x0
                0x0000000008000840                . = ALIGN (0x4)
 *(.rodata)
 *(.rodata*)
                0x0000000008000840                . = ALIGN (0x4)

.ARM.extab      0x0000000008000840        0x0
                0x0000000008000840                . = ALIGN (0x4)
 *(.ARM.extab* .gnu.linkonce.armextab.*)
                0x0000000008000840                . = ALIGN (0x4)

.ARM            0x0000000008000840        0x0
                0x0000000008000840                . = ALIGN (0x4)
                0x0000000008000840                __exidx_start = .
 *(.ARM.exidx*)
                0x0000000008000840                __exidx_end = .
                0x0000000008000840                . = ALIGN (0x4)

.preinit_array  0x0000000008000840        0x0
                0x0000000008000840                . = ALIGN (0x4)
                0x0000000008000840                PROVIDE (__preinit_array_start = .)
 *(.preinit_array*)
                0x0000000008000840                PROVIDE (__preinit_array_end = .)
                0x0000000008000840                . = ALIGN (0x4)

.init_array     0x0000000008000840        0x4
                0x0000000008000840                . = ALIGN (0x4)
                0x0000000008000840                PROVIDE (__init_array_start = .)
 *(SORT_BY_NAME(.init_array.*))
 *(.init_array*)
 .init_array    0x0000000008000840        0x4 e:/st/stm32cubeide_1.7.0/stm32cubeide/plugins/com.st.stm32cube.ide.mcu.externaltools.gnu-tools-for-stm32.9-2020-q2-update.win32_2.0.0.202105311346/tools/bin/../lib/gcc/arm-none-eabi/9.3.1/thumb/v7e-m+dp/hard/crtbegin.o
                0x0000000008000844                PROVIDE (__init_array_end = .)
                0x0000000008000844                . = ALIGN (0x4)

.fini_array     0x0000000008000844        0x4
                0x0000000008000844                . = ALIGN (0x4)
                [!provide]                        PROVIDE (__fini_array_start = .)
 *(SORT_BY_NAME(.fini_array.*))
 *(.fini_array*)
 .fini_array    0x0000000008000844        0x4 e:/st/stm32cubeide_1.7.0/stm32cubeide/plugins/com.st.stm32cube.ide.mcu.externaltools.gnu-tools-for-stm32.9-2020-q2-update.win32_2.0.0.202105311346/tools/bin/../lib/gcc/arm-none-eabi/9.3.1/thumb/v7e-m+dp/hard/crtbegin.o
                [!provide]                        PROVIDE (__fini_array_end = .)
                0x0000000008000848                . = ALIGN (0x4)
                0x0000000008000848                _sidata = LOADADDR (.data)

.data           0x0000000024000000        0x0 load address 0x0000000008000848
                0x0000000024000000                . = ALIGN (0x4)
                0x0000000024000000                _sdata = .
 *(.data)
 *(.data*)
 *(.RamFunc)
 *(.RamFunc*)
                0x0000000024000000                . = ALIGN (0x4)
                0x0000000024000000                _edata = .

.igot.plt       0x0000000024000000        0x0 load address 0x0000000008000848
 .igot.plt      0x0000000024000000        0x0 e:/st/stm32cubeide_1.7.0/stm32cubeide/plugins/com.st.stm32cube.ide.mcu.externaltools.gnu-tools-for-stm32.9-2020-q2-update.win32_2.0.0.202105311346/tools/bin/../lib/gcc/arm-none-eabi/9.3.1/thumb/v7e-m+dp/hard/crtbegin.o
                0x0000000024000000                . = ALIGN (0x4)

.bss            0x0000000024000000       0x1c load address 0x0000000008000848
                0x0000000024000000                _sbss = .
                0x0000000024000000                __bss_start__ = _sbss
 *(.bss)
 .bss           0x0000000024000000       0x1c e:/st/stm32cubeide_1.7.0/stm32cubeide/plugins/com.st.stm32cube.ide.mcu.externaltools.gnu-tools-for-stm32.9-2020-q2-update.win32_2.0.0.202105311346/tools/bin/../lib/gcc/arm-none-eabi/9.3.1/thumb/v7e-m+dp/hard/crtbegin.o
 *(.bss*)
 *(COMMON)
                0x000000002400001c                . = ALIGN (0x4)
                0x000000002400001c                _ebss = .
                0x000000002400001c                __bss_end__ = _ebss

._user_heap_stack
                0x000000002400001c      0x604 load address 0x0000000008000848
                0x0000000024000020                . = ALIGN (0x8)
 *fill*         0x000000002400001c        0x4 
                [!provide]                        PROVIDE (end = .)
                0x0000000024000020                PROVIDE (_end = .)
                0x0000000024000220                . = (. + _Min_Heap_Size)
 *fill*         0x0000000024000020      0x200 
                0x0000000024000620                . = (. + _Min_Stack_Size)
 *fill*         0x0000000024000220      0x400 
                0x0000000024000620                . = ALIGN (0x8)

/DISCARD/
 libc.a(*)
 libm.a(*)
 libgcc.a(*)

.ARM.attributes
                0x0000000000000000       0x2e
 *(.ARM.attributes)
 .ARM.attributes
                0x0000000000000000       0x1e e:/st/stm32cubeide_1.7.0/stm32cubeide/plugins/com.st.stm32cube.ide.mcu.externaltools.gnu-tools-for-stm32.9-2020-q2-update.win32_2.0.0.202105311346/tools/bin/../lib/gcc/arm-none-eabi/9.3.1/thumb/v7e-m+dp/hard/crti.o
 .ARM.attributes
                0x000000000000001e       0x32 e:/st/stm32cubeide_1.7.0/stm32cubeide/plugins/com.st.stm32cube.ide.mcu.externaltools.gnu-tools-for-stm32.9-2020-q2-update.win32_2.0.0.202105311346/tools/bin/../lib/gcc/arm-none-eabi/9.3.1/thumb/v7e-m+dp/hard/crtbegin.o
 .ARM.attributes
                0x0000000000000050       0x32 ./Src/Gpio.o
 .ARM.attributes
                0x0000000000000082       0x32 ./Src/Systick.o
 .ARM.attributes
                0x00000000000000b4       0x32 ./Src/User_led.o
 .ARM.attributes
                0x00000000000000e6       0x32 ./Src/main.o
 .ARM.attributes
                0x0000000000000118       0x21 ./Startup/startup_stm32h745zitx.o
 .ARM.attributes
                0x0000000000000139       0x32 e:/st/stm32cubeide_1.7.0/stm32cubeide/plugins/com.st.stm32cube.ide.mcu.externaltools.gnu-tools-for-stm32.9-2020-q2-update.win32_2.0.0.202105311346/tools/bin/../lib/gcc/arm-none-eabi/9.3.1/../../../../arm-none-eabi/lib/thumb/v7e-m+dp/hard\libc_nano.a(lib_a-init.o)
 .ARM.attributes
                0x000000000000016b       0x1e e:/st/stm32cubeide_1.7.0/stm32cubeide/plugins/com.st.stm32cube.ide.mcu.externaltools.gnu-tools-for-stm32.9-2020-q2-update.win32_2.0.0.202105311346/tools/bin/../lib/gcc/arm-none-eabi/9.3.1/thumb/v7e-m+dp/hard/crtn.o
OUTPUT(driver_CM7.elf elf32-littlearm)
LOAD linker stubs
LOAD e:/st/stm32cubeide_1.7.0/stm32cubeide/plugins/com.st.stm32cube.ide.mcu.externaltools.gnu-tools-for-stm32.9-2020-q2-update.win32_2.0.0.202105311346/tools/bin/../lib/gcc/arm-none-eabi/9.3.1/../../../../arm-none-eabi/lib/thumb/v7e-m+dp/hard\libc.a
LOAD e:/st/stm32cubeide_1.7.0/stm32cubeide/plugins/com.st.stm32cube.ide.mcu.externaltools.gnu-tools-for-stm32.9-2020-q2-update.win32_2.0.0.202105311346/tools/bin/../lib/gcc/arm-none-eabi/9.3.1/../../../../arm-none-eabi/lib/thumb/v7e-m+dp/hard\libm.a
LOAD e:/st/stm32cubeide_1.7.0/stm32cubeide/plugins/com.st.stm32cube.ide.mcu.externaltools.gnu-tools-for-stm32.9-2020-q2-update.win32_2.0.0.202105311346/tools/bin/../lib/gcc/arm-none-eabi/9.3.1/thumb/v7e-m+dp/hard\libgcc.a

.debug_info     0x0000000000000000      0xf52
 .debug_info    0x0000000000000000      0xa1d ./Src/Gpio.o
 .debug_info    0x0000000000000a1d      0x19b ./Src/Systick.o
 .debug_info    0x0000000000000bb8      0x25a ./Src/User_led.o
 .debug_info    0x0000000000000e12      0x11e ./Src/main.o
 .debug_info    0x0000000000000f30       0x22 ./Startup/startup_stm32h745zitx.o

.debug_abbrev   0x0000000000000000      0x472
 .debug_abbrev  0x0000000000000000      0x1df ./Src/Gpio.o
 .debug_abbrev  0x00000000000001df      0x107 ./Src/Systick.o
 .debug_abbrev  0x00000000000002e6       0xdc ./Src/User_led.o
 .debug_abbrev  0x00000000000003c2       0x9e ./Src/main.o
 .debug_abbrev  0x0000000000000460       0x12 ./Startup/startup_stm32h745zitx.o

.debug_aranges  0x0000000000000000      0x150
 .debug_aranges
                0x0000000000000000       0x88 ./Src/Gpio.o
 .debug_aranges
                0x0000000000000088       0x20 ./Src/Systick.o
 .debug_aranges
                0x00000000000000a8       0x60 ./Src/User_led.o
 .debug_aranges
                0x0000000000000108       0x20 ./Src/main.o
 .debug_aranges
                0x0000000000000128       0x28 ./Startup/startup_stm32h745zitx.o

.debug_ranges   0x0000000000000000      0x108
 .debug_ranges  0x0000000000000000       0x78 ./Src/Gpio.o
 .debug_ranges  0x0000000000000078       0x10 ./Src/Systick.o
 .debug_ranges  0x0000000000000088       0x50 ./Src/User_led.o
 .debug_ranges  0x00000000000000d8       0x10 ./Src/main.o
 .debug_ranges  0x00000000000000e8       0x20 ./Startup/startup_stm32h745zitx.o

.debug_macro    0x0000000000000000    0x28669
 .debug_macro   0x0000000000000000      0x118 ./Src/Gpio.o
 .debug_macro   0x0000000000000118       0x49 ./Src/Gpio.o
 .debug_macro   0x0000000000000161       0x22 ./Src/Gpio.o
 .debug_macro   0x0000000000000183       0x8e ./Src/Gpio.o
 .debug_macro   0x0000000000000211       0x51 ./Src/Gpio.o
 .debug_macro   0x0000000000000262      0x103 ./Src/Gpio.o
 .debug_macro   0x0000000000000365       0x6a ./Src/Gpio.o
 .debug_macro   0x00000000000003cf      0x1df ./Src/Gpio.o
 .debug_macro   0x00000000000005ae       0x1c ./Src/Gpio.o
 .debug_macro   0x00000000000005ca       0x22 ./Src/Gpio.o
 .debug_macro   0x00000000000005ec      0x101 ./Src/Gpio.o
 .debug_macro   0x00000000000006ed     0x1305 ./Src/Gpio.o
 .debug_macro   0x00000000000019f2      0x11f ./Src/Gpio.o
 .debug_macro   0x0000000000001b11       0x27 ./Src/Gpio.o
 .debug_macro   0x0000000000001b38    0x26895 ./Src/Gpio.o
 .debug_macro   0x00000000000283cd       0xe5 ./Src/Systick.o
 .debug_macro   0x00000000000284b2       0xe0 ./Src/User_led.o
 .debug_macro   0x0000000000028592       0xd7 ./Src/main.o

.debug_line     0x0000000000000000     0x1c82
 .debug_line    0x0000000000000000      0xbcc ./Src/Gpio.o
 .debug_line    0x0000000000000bcc      0x536 ./Src/Systick.o
 .debug_line    0x0000000000001102      0x5c9 ./Src/User_led.o
 .debug_line    0x00000000000016cb      0x533 ./Src/main.o
 .debug_line    0x0000000000001bfe       0x84 ./Startup/startup_stm32h745zitx.o

.debug_str      0x0000000000000000    0xeb7d8
 .debug_str     0x0000000000000000    0xeb675 ./Src/Gpio.o
                                      0xeb8b4 (size before relaxing)
 .debug_str     0x00000000000eb675       0xb9 ./Src/Systick.o
                                      0xeb4f8 (size before relaxing)
 .debug_str     0x00000000000eb72e       0x66 ./Src/User_led.o
                                      0xeb531 (size before relaxing)
 .debug_str     0x00000000000eb794       0x13 ./Src/main.o
                                      0xeb474 (size before relaxing)
 .debug_str     0x00000000000eb7a7       0x31 ./Startup/startup_stm32h745zitx.o
                                         0x5e (size before relaxing)

.comment        0x0000000000000000       0x53
 .comment       0x0000000000000000       0x53 ./Src/Gpio.o
                                         0x54 (size before relaxing)
 .comment       0x0000000000000053       0x54 ./Src/Systick.o
 .comment       0x0000000000000053       0x54 ./Src/User_led.o
 .comment       0x0000000000000053       0x54 ./Src/main.o

.debug_frame    0x0000000000000000      0x3dc
 .debug_frame   0x0000000000000000      0x240 ./Src/Gpio.o
 .debug_frame   0x0000000000000240       0x38 ./Src/Systick.o
 .debug_frame   0x0000000000000278      0x10c ./Src/User_led.o
 .debug_frame   0x0000000000000384       0x2c ./Src/main.o
 .debug_frame   0x00000000000003b0       0x2c e:/st/stm32cubeide_1.7.0/stm32cubeide/plugins/com.st.stm32cube.ide.mcu.externaltools.gnu-tools-for-stm32.9-2020-q2-update.win32_2.0.0.202105311346/tools/bin/../lib/gcc/arm-none-eabi/9.3.1/../../../../arm-none-eabi/lib/thumb/v7e-m+dp/hard\libc_nano.a(lib_a-init.o)
