Clock.c:14:6:decimalToBinary	32	static
Clock.c:40:6:PLLSRC_Select	16	static
Clock.c:73:6:DIVM1	32	static
Clock.c:104:6:DIVM2	32	static
Clock.c:136:6:DIVM3	32	static
Clock.c:190:6:PLL1DIVR	48	static
Clock.c:250:6:input_frequency_range	16	static
Clock.c:282:6:PLL1VCOSEL	16	static
Clock.c:292:6:enable_PLL1_OutputDividers	4	static
Clock.c:298:6:enable_PLL1_FractionalDivider	4	static
Clock.c:302:6:StartPLL1	4	static
Clock.c:325:6:D1CFGR_D1CPRE	16	static
Clock.c:412:6:D1CFGR_HPRE	16	static
Clock.c:493:6:System_Clock_MUX	16	static
Clock.c:551:6:D1PPRE	16	static
Clock.c:595:6:D2PPRE1	16	static
Clock.c:639:6:D2PPRE2	16	static
Clock.c:683:6:D3PPRE	16	static
Clock.c:747:6:SysClockConfig	8	static
Clock.c:775:16:get_SYSCLK	4	static
