Clock.c:14:6:decimalToBinary	32	static
Clock.c:40:6:PLLSRC_Select	16	static
Clock.c:73:6:DIVM1	32	static
Clock.c:104:6:DIVM2	32	static
Clock.c:147:7:SystemClockStatus	24	static
Clock.c:203:6:DIVM3	32	static
Clock.c:257:6:PLL1DIVR	48	static
Clock.c:317:6:input_frequency_range	16	static
Clock.c:349:6:PLL1VCOSEL	16	static
Clock.c:359:6:enable_PLL1_OutputDividers	4	static
Clock.c:365:6:enable_PLL1_FractionalDivider	4	static
Clock.c:369:6:StartPLL1	4	static
Clock.c:392:6:D1CFGR_D1CPRE	16	static
Clock.c:479:6:D1CFGR_HPRE	16	static
Clock.c:560:6:System_Clock_MUX	16	static
Clock.c:618:6:D1PPRE	16	static
Clock.c:662:6:D2PPRE1	16	static
Clock.c:706:6:D2PPRE2	16	static
Clock.c:750:6:D3PPRE	16	static
Clock.c:814:6:SysClockConfig	8	static
Clock.c:836:16:get_SYSCLK	4	static
