Clock.c:31:6:decimalToBinary	32	static
Clock.c:46:8:pow	40	static
Clock.c:66:6:PLLSRC_Select	16	static
Clock.c:99:6:DIVM1	32	static
Clock.c:130:6:DIVM2	32	static
Clock.c:173:7:SystemClockStatus	24	static
Clock.c:246:6:DIVM3	32	static
Clock.c:300:6:PLL1DIVR	48	static
Clock.c:360:6:input_frequency_range	16	static
Clock.c:392:6:PLL1VCOSEL	16	static
Clock.c:402:6:enable_PLL1_OutputDividers	4	static
Clock.c:408:6:enable_PLL1_FractionalDivider	4	static
Clock.c:412:6:StartPLL1	4	static
Clock.c:435:6:D1CFGR_D1CPRE	16	static
Clock.c:522:6:D1CFGR_HPRE	16	static
Clock.c:603:6:System_Clock_MUX	16	static
Clock.c:661:6:D1PPRE	16	static
Clock.c:705:6:D2PPRE1	16	static
Clock.c:749:6:D2PPRE2	16	static
Clock.c:793:6:D3PPRE	16	static
Clock.c:857:6:SysClockConfig	8	static
Clock.c:879:16:get_SYSCLK	16	static
Clock.c:887:15:SysClockAfter_D1Prescaler	24	static
Clock.c:895:16:get_CPU1_Clock	16	static
Clock.c:900:16:get_CPU1_Systick_Clock	16	static
Clock.c:905:15:get_SysClock_AfterHPRE_Prescaler	24	static
Clock.c:913:16:get_CPU2_Clock	16	static
Clock.c:918:16:get_CPU2_Systick_Clock	16	static
Clock.c:923:15:get_AXI_Preipheral_Clock	8	static
Clock.c:927:15:get_HCLK3_Preipheral_Clock	8	static
Clock.c:931:15:get_APB3_Preipheral_Clock	24	static
Clock.c:938:15:get_AHB1_2_Preipheral_Clock	16	static
Clock.c:943:15:get_APB1_Preipheral_Clock	24	static
Clock.c:950:15:get_APB1_Timer_Clock	24	static
Clock.c:959:15:get_APB2_Preipheral_Clock	24	static
Clock.c:966:15:get_APB2_Timer_Clock	16	static
Clock.c:972:15:get_APB4_Preiphreal	8	static
Clock.c:977:15:get_APB4_Preiphreal_Clock	24	static
