Clock.c:31:6:decimalToBinary	32	static
Clock.c:57:6:PLLSRC_Select	16	static
Clock.c:90:6:DIVM1	32	static
Clock.c:121:6:DIVM2	32	static
Clock.c:164:7:SystemClockStatus	24	static
Clock.c:237:6:DIVM3	32	static
Clock.c:291:6:PLL1DIVR	48	static
Clock.c:351:6:input_frequency_range	16	static
Clock.c:383:6:PLL1VCOSEL	16	static
Clock.c:393:6:enable_PLL1_OutputDividers	4	static
Clock.c:399:6:enable_PLL1_FractionalDivider	4	static
Clock.c:403:6:StartPLL1	4	static
Clock.c:426:6:D1CFGR_D1CPRE	16	static
Clock.c:513:6:D1CFGR_HPRE	16	static
Clock.c:594:6:System_Clock_MUX	16	static
Clock.c:652:6:D1PPRE	16	static
Clock.c:696:6:D2PPRE1	16	static
Clock.c:740:6:D2PPRE2	16	static
Clock.c:784:6:D3PPRE	16	static
Clock.c:848:6:SysClockConfig	8	static
Clock.c:870:16:get_SYSCLK	16	static
Clock.c:878:15:SysClockAfter_D1Prescaler	16	static
Clock.c:884:16:get_CPU1_Clock	16	static
Clock.c:889:16:get_CPU1_Systick_Clock	16	static
Clock.c:894:15:get_SysClock_AfterHPRE_Prescaler	16	static
Clock.c:900:16:get_CPU2_Clock	16	static
Clock.c:905:16:get_CPU2_Systick_Clock	16	static
Clock.c:910:15:get_AXI_Preipheral_Clock	8	static
Clock.c:914:15:get_HCLK3_Preipheral_Clock	8	static
Clock.c:918:15:get_APB3_Preipheral_Clock	16	static
Clock.c:924:15:get_AHB1_2_Preipheral_Clock	16	static
Clock.c:929:15:get_APB1_Preipheral_Clock	16	static
Clock.c:935:15:get_APB1_Timer_Clock	16	static
Clock.c:942:15:get_APB2_Preipheral_Clock	16	static
Clock.c:948:15:get_APB2_Timer_Clock	16	static
Clock.c:955:15:get_APB4_Preiphreal	8	static
Clock.c:960:15:get_APB4_Preiphreal_Clock	16	static
