Clock.c:14:6:decimalToBinary	32	static
Clock.c:40:6:PLLSRC_Select	16	static
Clock.c:73:6:DIVM1	32	static
Clock.c:104:6:DIVM2	32	static
Clock.c:147:7:SystemClockStatus	24	static
Clock.c:220:6:DIVM3	32	static
Clock.c:274:6:PLL1DIVR	48	static
Clock.c:334:6:input_frequency_range	16	static
Clock.c:366:6:PLL1VCOSEL	16	static
Clock.c:376:6:enable_PLL1_OutputDividers	4	static
Clock.c:382:6:enable_PLL1_FractionalDivider	4	static
Clock.c:386:6:StartPLL1	4	static
Clock.c:409:6:D1CFGR_D1CPRE	16	static
Clock.c:496:6:D1CFGR_HPRE	16	static
Clock.c:577:6:System_Clock_MUX	16	static
Clock.c:635:6:D1PPRE	16	static
Clock.c:679:6:D2PPRE1	16	static
Clock.c:723:6:D2PPRE2	16	static
Clock.c:767:6:D3PPRE	16	static
Clock.c:831:6:SysClockConfig	8	static
Clock.c:853:16:get_SYSCLK	4	static
