Uart.c:42:15:get_PerihCLK	16	static
Uart.c:53:14:sampling_mode_and_FIFO	16	static
Uart.c:75:14:enable_USART1	4	static
Uart.c:79:14:enable_USART2	4	static
Uart.c:83:14:enable_USART3	4	static
Uart.c:87:14:enable_USART4	4	static
Uart.c:91:14:enable_USART5	4	static
Uart.c:95:14:enable_USART6	4	static
Uart.c:99:14:enable_USART7	4	static
Uart.c:103:14:enable_USART8	4	static
Uart.c:110:14:selectedUART	16	static
Uart.c:145:14:do_bitConfiguration	16	static
Uart.c:152:14:enable_UART	24	static
Uart.c:172:14:enable_UART_differentPins	24	static
Uart.c:201:13:enable_UART1	32	static
Uart.c:211:13:enable_UART2	32	static
Uart.c:222:13:enable_UART3	32	static
Uart.c:237:13:enable_UART4	32	static
Uart.c:248:13:enable_UART5	32	static
Uart.c:258:13:enable_UART5_Different_Pins	40	static
Uart.c:268:13:enable_UART6	32	static
Uart.c:280:13:enable_UART7	32	static
Uart.c:290:13:enable_UART8	32	static
Uart.c:296:6:uart_read	16	static
Uart.c:303:6:uart_write	16	static
Uart.c:313:13:uart_set_baudrate	24	static
Uart.c:329:17:compute_uart_bd	16	static
